--------- beginning of main
08-17 13:02:58.250 W/ReactNativeJS(28130): Require cycle: src/features/navigation/sectionRegistry.ts -> src/features/i18n/featureUiCatalog.ts -> src/features/i18n/uiI18n.ts -> src/features/i18n/uiStringCatalog.ts -> src/features/navigation/sectionRegistry.ts
08-17 13:02:58.250 W/ReactNativeJS(28130): 
08-17 13:02:58.250 W/ReactNativeJS(28130): Require cycles are allowed, but can result in uninitialized values. Consider refactoring to remove the need for a cycle.
08-17 13:02:59.638 I/ReactNativeJS(28130): '[VoIP] WebRTC module loaded', { module: 'react-native-webrtc',
08-17 13:02:59.638 I/ReactNativeJS(28130):   hasPeerConnection: true,
08-17 13:02:59.638 I/ReactNativeJS(28130):   hasMediaDevices: true }
08-17 13:03:00.397 W/ReactNativeJS(28130): This method is deprecated (as well as all React Native Firebase namespaced API) and will be removed in the next major release as part of move to match Firebase Web modular SDK API. Please see migration guide for more details: https://rnfirebase.io/migrating-to-v22 Please use `getApps()` instead.
08-17 13:03:00.418 W/ReactNativeJS(28130): This method is deprecated (as well as all React Native Firebase namespaced API) and will be removed in the next major release as part of move to match Firebase Web modular SDK API. Please see migration guide for more details: https://rnfirebase.io/migrating-to-v22 Please use `initializeApp()` instead.
08-17 13:03:00.432 W/ReactNativeJS(28130): This method is deprecated (as well as all React Native Firebase namespaced API) and will be removed in the next major release as part of move to match Firebase Web modular SDK API. Please see migration guide for more details: https://rnfirebase.io/migrating-to-v22 Please use `getApps()` instead.
08-17 13:03:00.444 W/ReactNativeJS(28130): This method is deprecated (as well as all React Native Firebase namespaced API) and will be removed in the next major release as part of move to match Firebase Web modular SDK API. Please see migration guide for more details: https://rnfirebase.io/migrating-to-v22 Please use `getApp()` instead.
08-17 13:03:00.633 I/ReactNativeJS(28130): Running "main" with {"rootTag":1,"initialProps":{},"fabric":true}
08-17 13:03:05.970 I/ReactNativeJS(28130): '[UI_PRESS_PROBE]', '{"event":"NETWORK_TRANSPORT_CHANGED","timestamp":"2026-08-17T04:03:05.967Z","token_ready":false,"user_ready":false,"show_login":false,"show_voip_tester":false,"selected_call_mode":"pstn_assist","transport":"unknown","cellular_generation":null,"label":"알 수 없음","is_connected":false,"is_internet_reachable":null,"carrier":null,"ssid":null,"is_accurate_voip_test_ready":false,"previous_label":null}'
08-17 13:03:06.081 I/ReactNativeJS(28130): '[WORLDLINGCO_API] base_url', 'https://metanova1004.com'
08-17 13:03:06.210 I/ReactNativeJS(28130): [VoIPToneService] AudioContext not available (React Native environment)
08-17 13:03:06.414 I/ReactNativeJS(28130): '[UI_PRESS_PROBE]', '{"event":"SORISAE_FAB_VISIBLE_EVAL","timestamp":"2026-08-17T04:03:06.412Z","token_ready":false,"user_ready":false,"show_login":false,"show_voip_tester":false,"selected_call_mode":"pstn_assist","visible":false,"platform":"android","sorisae_fab_setting":true,"pending_incoming_voip":false,"voip_call_active":false,"sorisae_window_open":false}'
08-17 13:03:06.461 I/ReactNativeJS(28130): '[FACE_CONVERSATION]', '{"event":"silero_probe","supported":false}'
08-17 13:03:07.509 I/ReactNativeJS(28130): '[WORLDLINGCO_TUNING]', '{"event":"remote_loaded","updated_at":"2026-08-14T06:06:31Z","version":6}'
08-17 13:03:22.514 I/ReactNativeJS(28130): '[UI_PRESS_PROBE]', '{"event":"LOGIN_BUTTON_PRESS","timestamp":"2026-08-17T04:03:22.510Z","token_ready":false,"user_ready":false,"show_login":false,"show_voip_tester":false,"selected_call_mode":"pstn_assist","source":"header_account_row"}'
08-17 13:03:30.023 I/ReactNativeJS(28130): '[AUTH_INPUT_PROBE]', '{"event":"EMAIL_FOCUS","timestamp":"2026-08-17T04:03:30.020Z","show_login":true,"focus_field":"NONE","email_length":0,"password_length":0}'
08-17 13:03:41.212 I/ReactNativeJS(28130): '[AUTH_INPUT_PROBE]', '{"event":"EMAIL_CHANGE","timestamp":"2026-08-17T04:03:41.211Z","show_login":true,"focus_field":"EMAIL","email_length":0,"password_length":0,"next_length":1}'
08-17 13:03:41.692 I/ReactNativeJS(28130): '[AUTH_INPUT_PROBE]', '{"event":"EMAIL_CHANGE","timestamp":"2026-08-17T04:03:41.690Z","show_login":true,"focus_field":"EMAIL","email_length":1,"password_length":0,"next_length":2}'
08-17 13:03:41.696 I/ReactNativeJS(28130): '[AUTH_INPUT_PROBE]', '{"event":"EMAIL_CHANGE","timestamp":"2026-08-17T04:03:41.694Z","show_login":true,"focus_field":"EMAIL","email_length":1,"password_length":0,"next_length":3}'
08-17 13:03:41.698 I/ReactNativeJS(28130): '[AUTH_INPUT_PROBE]', '{"event":"EMAIL_CHANGE","timestamp":"2026-08-17T04:03:41.696Z","show_login":true,"focus_field":"EMAIL","email_length":1,"password_length":0,"next_length":4}'
08-17 13:03:41.701 I/ReactNativeJS(28130): '[AUTH_INPUT_PROBE]', '{"event":"EMAIL_CHANGE","timestamp":"2026-08-17T04:03:41.699Z","show_login":true,"focus_field":"EMAIL","email_length":1,"password_length":0,"next_length":5}'
08-17 13:03:41.703 I/ReactNativeJS(28130): '[AUTH_INPUT_PROBE]', '{"event":"EMAIL_CHANGE","timestamp":"2026-08-17T04:03:41.702Z","show_login":true,"focus_field":"EMAIL","email_length":1,"password_length":0,"next_length":6}'
08-17 13:03:41.706 I/ReactNativeJS(28130): '[AUTH_INPUT_PROBE]', '{"event":"EMAIL_CHANGE","timestamp":"2026-08-17T04:03:41.704Z","show_login":true,"focus_field":"EMAIL","email_length":1,"password_length":0,"next_length":7}'
08-17 13:03:41.708 I/ReactNativeJS(28130): '[AUTH_INPUT_PROBE]', '{"event":"EMAIL_CHANGE","timestamp":"2026-08-17T04:03:41.707Z","show_login":true,"focus_field":"EMAIL","email_length":1,"password_length":0,"next_length":8}'
08-17 13:03:41.710 I/ReactNativeJS(28130): '[AUTH_INPUT_PROBE]', '{"event":"EMAIL_CHANGE","timestamp":"2026-08-17T04:03:41.709Z","show_login":true,"focus_field":"EMAIL","email_length":1,"password_length":0,"next_length":9}'
08-17 13:03:41.713 I/ReactNativeJS(28130): '[AUTH_INPUT_PROBE]', '{"event":"EMAIL_CHANGE","timestamp":"2026-08-17T04:03:41.712Z","show_login":true,"focus_field":"EMAIL","email_length":1,"password_length":0,"next_length":10}'
08-17 13:03:42.201 I/ReactNativeJS(28130): '[AUTH_INPUT_PROBE]', '{"event":"EMAIL_CHANGE","timestamp":"2026-08-17T04:03:42.200Z","show_login":true,"focus_field":"EMAIL","email_length":10,"password_length":0,"next_length":11}'
08-17 13:03:42.204 I/ReactNativeJS(28130): '[AUTH_INPUT_PROBE]', '{"event":"EMAIL_CHANGE","timestamp":"2026-08-17T04:03:42.202Z","show_login":true,"focus_field":"EMAIL","email_length":10,"password_length":0,"next_length":12}'
08-17 13:03:42.206 I/ReactNativeJS(28130): '[AUTH_INPUT_PROBE]', '{"event":"EMAIL_CHANGE","timestamp":"2026-08-17T04:03:42.205Z","show_login":true,"focus_field":"EMAIL","email_length":10,"password_length":0,"next_length":13}'
08-17 13:03:42.209 I/ReactNativeJS(28130): '[AUTH_INPUT_PROBE]', '{"event":"EMAIL_CHANGE","timestamp":"2026-08-17T04:03:42.207Z","show_login":true,"focus_field":"EMAIL","email_length":10,"password_length":0,"next_length":14}'
08-17 13:03:42.211 I/ReactNativeJS(28130): '[AUTH_INPUT_PROBE]', '{"event":"EMAIL_CHANGE","timestamp":"2026-08-17T04:03:42.210Z","show_login":true,"focus_field":"EMAIL","email_length":10,"password_length":0,"next_length":15}'
08-17 13:03:42.214 I/ReactNativeJS(28130): '[AUTH_INPUT_PROBE]', '{"event":"EMAIL_CHANGE","timestamp":"2026-08-17T04:03:42.212Z","show_login":true,"focus_field":"EMAIL","email_length":10,"password_length":0,"next_length":16}'
08-17 13:03:42.216 I/ReactNativeJS(28130): '[AUTH_INPUT_PROBE]', '{"event":"EMAIL_CHANGE","timestamp":"2026-08-17T04:03:42.215Z","show_login":true,"focus_field":"EMAIL","email_length":10,"password_length":0,"next_length":17}'
08-17 13:03:45.718 I/ReactNativeJS(28130): '[AUTH_INPUT_PROBE]', '{"event":"EMAIL_BLUR","timestamp":"2026-08-17T04:03:45.717Z","show_login":true,"focus_field":"EMAIL","email_length":17,"password_length":0}'
08-17 13:03:45.722 I/ReactNativeJS(28130): '[AUTH_INPUT_PROBE]', '{"event":"PASSWORD_FOCUS","timestamp":"2026-08-17T04:03:45.720Z","show_login":true,"focus_field":"EMAIL","email_length":17,"password_length":0}'
08-17 13:03:57.012 I/ReactNativeJS(28130): '[AUTH_INPUT_PROBE]', '{"event":"PASSWORD_CHANGE","timestamp":"2026-08-17T04:03:57.010Z","show_login":true,"focus_field":"PASSWORD","email_length":17,"password_length":0,"next_length":1}'
08-17 13:03:57.541 I/ReactNativeJS(28130): '[AUTH_INPUT_PROBE]', '{"event":"PASSWORD_CHANGE","timestamp":"2026-08-17T04:03:57.540Z","show_login":true,"focus_field":"PASSWORD","email_length":17,"password_length":1,"next_length":2}'
08-17 13:03:57.546 I/ReactNativeJS(28130): '[AUTH_INPUT_PROBE]', '{"event":"PASSWORD_CHANGE","timestamp":"2026-08-17T04:03:57.543Z","show_login":true,"focus_field":"PASSWORD","email_length":17,"password_length":1,"next_length":3}'
08-17 13:03:57.549 I/ReactNativeJS(28130): '[AUTH_INPUT_PROBE]', '{"event":"PASSWORD_CHANGE","timestamp":"2026-08-17T04:03:57.547Z","show_login":true,"focus_field":"PASSWORD","email_length":17,"password_length":1,"next_length":4}'
08-17 13:03:57.552 I/ReactNativeJS(28130): '[AUTH_INPUT_PROBE]', '{"event":"PASSWORD_CHANGE","timestamp":"2026-08-17T04:03:57.550Z","show_login":true,"focus_field":"PASSWORD","email_length":17,"password_length":1,"next_length":5}'
08-17 13:03:57.555 I/ReactNativeJS(28130): '[AUTH_INPUT_PROBE]', '{"event":"PASSWORD_CHANGE","timestamp":"2026-08-17T04:03:57.553Z","show_login":true,"focus_field":"PASSWORD","email_length":17,"password_length":1,"next_length":6}'
08-17 13:03:57.558 I/ReactNativeJS(28130): '[AUTH_INPUT_PROBE]', '{"event":"PASSWORD_CHANGE","timestamp":"2026-08-17T04:03:57.556Z","show_login":true,"focus_field":"PASSWORD","email_length":17,"password_length":1,"next_length":7}'
08-17 13:03:57.561 I/ReactNativeJS(28130): '[AUTH_INPUT_PROBE]', '{"event":"PASSWORD_CHANGE","timestamp":"2026-08-17T04:03:57.559Z","show_login":true,"focus_field":"PASSWORD","email_length":17,"password_length":1,"next_length":8}'
08-17 13:03:58.121 I/ReactNativeJS(28130): '[AUTH_INPUT_PROBE]', '{"event":"PASSWORD_CHANGE","timestamp":"2026-08-17T04:03:58.119Z","show_login":true,"focus_field":"PASSWORD","email_length":17,"password_length":8,"next_length":9}'
08-17 13:03:58.123 I/ReactNativeJS(28130): '[AUTH_INPUT_PROBE]', '{"event":"PASSWORD_CHANGE","timestamp":"2026-08-17T04:03:58.122Z","show_login":true,"focus_field":"PASSWORD","email_length":17,"password_length":8,"next_length":10}'
08-17 13:03:58.126 I/ReactNativeJS(28130): '[AUTH_INPUT_PROBE]', '{"event":"PASSWORD_CHANGE","timestamp":"2026-08-17T04:03:58.124Z","show_login":true,"focus_field":"PASSWORD","email_length":17,"password_length":8,"next_length":11}'
08-17 13:03:58.128 I/ReactNativeJS(28130): '[AUTH_INPUT_PROBE]', '{"event":"PASSWORD_CHANGE","timestamp":"2026-08-17T04:03:58.127Z","show_login":true,"focus_field":"PASSWORD","email_length":17,"password_length":8,"next_length":12}'
08-17 13:03:58.130 I/ReactNativeJS(28130): '[AUTH_INPUT_PROBE]', '{"event":"PASSWORD_CHANGE","timestamp":"2026-08-17T04:03:58.129Z","show_login":true,"focus_field":"PASSWORD","email_length":17,"password_length":8,"next_length":13}'
08-17 13:03:58.877 I/ReactNativeJS(28130): '[WORLDLINGCO_TUNING]', '{"event":"remote_loaded","updated_at":"2026-08-14T06:06:31Z","version":6}'
08-17 13:04:03.476 I/ReactNativeJS(28130): '[WORLDLINGCO_TUNING]', '{"event":"remote_loaded","updated_at":"2026-08-14T06:06:31Z","version":6}'
08-17 13:04:11.952 I/ReactNativeJS(28130): '[WORLDLINGCO_TUNING]', '{"event":"remote_loaded","updated_at":"2026-08-14T06:06:31Z","version":6}'
08-17 13:04:16.163 I/ReactNativeJS(28130): '[WORLDLINGCO_TUNING]', '{"event":"remote_loaded","updated_at":"2026-08-14T06:06:31Z","version":6}'
08-17 13:04:28.262 I/ReactNativeJS(28130): '[WORLDLINGCO_TUNING]', '{"event":"remote_loaded","updated_at":"2026-08-14T06:06:31Z","version":6}'
08-17 13:04:40.406 I/ReactNativeJS(28130): '[WORLDLINGCO_TUNING]', '{"event":"remote_loaded","updated_at":"2026-08-14T06:06:31Z","version":6}'
08-17 13:04:52.660 I/ReactNativeJS(28130): '[WORLDLINGCO_TUNING]', '{"event":"remote_loaded","updated_at":"2026-08-14T06:06:31Z","version":6}'
08-17 13:04:57.257 I/ReactNativeJS(28130): '[WORLDLINGCO_TUNING]', '{"event":"remote_loaded","updated_at":"2026-08-14T06:06:31Z","version":6}'
08-17 13:05:01.909 I/ReactNativeJS(28130): '[WORLDLINGCO_TUNING]', '{"event":"remote_loaded","updated_at":"2026-08-14T06:06:31Z","version":6}'
