05-24 01:12:06.648 D/SemNscXgbL2Rt( 1005): L2 RT 1 sample inference time: 4.062115 msecs
05-24 01:12:06.650 D/SemNscXgbL2Nrt( 1005): L2 NRT 1 sample inference time: 1.898039 msecs
05-24 01:12:06.885 D/WifiConnectivityMonitor.NetworkStatsAnalyzer( 1005): Backhaul result - RSSI:-127, CE:8, PE:8, TI:46, PTI:46, TW:1, PTW:1, Tx:73, Rx:180, TxS:63, RxS:56, RESULT:true, IC:0, ICT:2, WC:0, WCT:2, R:0, RC:0, IE:0, EC:0
05-24 01:12:07.152 D/SemNscXgbMsL1( 1005): Probability - Cloud gaming: [0.014270621]
05-24 01:12:07.153 D/SemNscXgbMsL1( 1005): Probability - Real time: [0.87957776]
05-24 01:12:07.153 D/SemNscXgbMsL1( 1005): Probability - Non real time: [0.17590564]
05-24 01:12:07.153 D/SemNscXgbMsL1( 1005): 1 sample inference time: 1.294384 msecs
05-24 01:12:07.156 D/SemNscXgbL2Rt( 1005): L2 RT 1 sample inference time: 2.514846 msecs
05-24 01:12:07.158 D/SemNscXgbL2Nrt( 1005): L2 NRT 1 sample inference time: 1.944077 msecs
05-24 01:12:07.423 D/io_stats(  457): !@   8,0 r 2459969 96151664 w 2029894 53841008 d 0 0 f 0 0 iot 1482972 0 th 0 0 0 pt 0 inp 0 0 193093.820
05-24 01:12:07.507 E/Tethering( 1005): [api31.BpfCoordinatorShimImpl] ERROR Fail to fetch tethering stats from BPF map: : getNextMapKey failed: EBADF (Bad file descriptor)
05-24 01:12:07.507 E/Tethering( 1005): android.system.ErrnoException: getNextMapKey failed: EBADF (Bad file descriptor)
05-24 01:12:07.507 E/Tethering( 1005): 	at com.android.networkstack.tethering.BpfMap.getNextMapKey(Native Method)
05-24 01:12:07.507 E/Tethering( 1005): 	at com.android.networkstack.tethering.BpfMap.getNextRawKey(BpfMap.java:199)
05-24 01:12:07.507 E/Tethering( 1005): 	at com.android.networkstack.tethering.BpfMap.getNextKeyInternal(BpfMap.java:177)
05-24 01:12:07.507 E/Tethering( 1005): 	at com.android.networkstack.tethering.BpfMap.getFirstKey(BpfMap.java:206)
05-24 01:12:07.507 E/Tethering( 1005): 	at com.android.networkstack.tethering.BpfMap.forEach(BpfMap.java:243)
05-24 01:12:07.507 E/Tethering( 1005): 	at com.android.networkstack.tethering.apishim.api31.BpfCoordinatorShimImpl.tetherOffloadGetStats(BpfCoordinatorShimImpl.java:241)
05-24 01:12:07.507 E/Tethering( 1005): 	at com.android.networkstack.tethering.BpfCoordinator.updateForwardedStats(BpfCoordinator.java:1844)
05-24 01:12:07.507 E/Tethering( 1005): 	at com.android.networkstack.tethering.BpfCoordinator.lambda$new$0(BpfCoordinator.java:249)
05-24 01:12:07.507 E/Tethering( 1005): 	at com.android.networkstack.tethering.BpfCoordinator.$r8$lambda$11zi2so53-tPlRpKnlSkWOpxReo(Unknown Source:0)
05-24 01:12:07.507 E/Tethering( 1005): 	at com.android.networkstack.tethering.BpfCoordinator$$ExternalSyntheticLambda0.run(Unknown Source:2)
05-24 01:12:07.507 E/Tethering( 1005): 	at android.os.Handler.handleCallback(Handler.java:938)
05-24 01:12:07.507 E/Tethering( 1005): 	at android.os.Handler.dispatchMessage(Handler.java:99)
05-24 01:12:07.507 E/Tethering( 1005): 	at android.os.Looper.loopOnce(Looper.java:226)
05-24 01:12:07.507 E/Tethering( 1005): 	at android.os.Looper.loop(Looper.java:313)
05-24 01:12:07.507 E/Tethering( 1005): 	at android.os.HandlerThread.run(HandlerThread.java:67)
05-24 01:12:07.507 E/Tethering( 1005): [BpfCoordinator] ERROR Problem fetching tethering stats
05-24 01:12:07.663 D/SemNscXgbMsL1( 1005): Probability - Cloud gaming: [0.011332988]
05-24 01:12:07.664 D/SemNscXgbMsL1( 1005): Probability - Real time: [0.9324479]
05-24 01:12:07.665 D/SemNscXgbMsL1( 1005): Probability - Non real time: [0.036956172]
05-24 01:12:07.665 D/SemNscXgbMsL1( 1005): 1 sample inference time: 2.012039 msecs
05-24 01:12:07.668 D/SemNscXgbL2Rt( 1005): L2 RT 1 sample inference time: 2.620577 msecs
05-24 01:12:07.671 D/SemNscXgbL2Nrt( 1005): L2 NRT 1 sample inference time: 2.5155 msecs
05-24 01:12:08.175 D/SemNscXgbMsL1( 1005): Probability - Cloud gaming: [0.017015375]
05-24 01:12:08.176 D/SemNscXgbMsL1( 1005): Probability - Real time: [0.85968]
05-24 01:12:08.176 D/SemNscXgbMsL1( 1005): Probability - Non real time: [0.17694326]
05-24 01:12:08.176 D/SemNscXgbMsL1( 1005): 1 sample inference time: 1.535731 msecs
05-24 01:12:08.179 D/SemNscXgbL2Rt( 1005): L2 RT 1 sample inference time: 2.156346 msecs
05-24 01:12:08.181 D/SemNscXgbL2Nrt( 1005): L2 NRT 1 sample inference time: 1.997923 msecs
05-24 01:12:08.684 D/SemNscXgbMsL1( 1005): Probability - Cloud gaming: [0.026340581]
05-24 01:12:08.685 D/SemNscXgbMsL1( 1005): Probability - Real time: [0.56742]
05-24 01:12:08.685 D/SemNscXgbMsL1( 1005): Probability - Non real time: [0.24193019]
05-24 01:12:08.685 D/SemNscXgbMsL1( 1005): 1 sample inference time: 1.488731 msecs
05-24 01:12:08.688 D/SemNscXgbL2Rt( 1005): L2 RT 1 sample inference time: 2.357923 msecs
05-24 01:12:08.690 D/SemNscXgbL2Nrt( 1005): L2 NRT 1 sample inference time: 2.000346 msecs
05-24 01:12:09.193 D/SemNscXgbMsL1( 1005): Probability - Cloud gaming: [0.012264782]
05-24 01:12:09.194 D/SemNscXgbMsL1( 1005): Probability - Real time: [0.95775497]
05-24 01:12:09.195 D/SemNscXgbMsL1( 1005): Probability - Non real time: [0.19888343]
05-24 01:12:09.195 D/SemNscXgbMsL1( 1005): 1 sample inference time: 2.079384 msecs
05-24 01:12:09.198 D/SemNscXgbL2Rt( 1005): L2 RT 1 sample inference time: 2.741538 msecs
05-24 01:12:09.201 D/SemNscXgbL2Nrt( 1005): L2 NRT 1 sample inference time: 2.652154 msecs
05-24 01:12:09.705 D/SemNscXgbMsL1( 1005): Probability - Cloud gaming: [0.0076098545]
05-24 01:12:09.706 D/SemNscXgbMsL1( 1005): Probability - Real time: [0.9884631]
05-24 01:12:09.706 D/SemNscXgbMsL1( 1005): Probability - Non real time: [0.056627136]
05-24 01:12:09.706 D/SemNscXgbMsL1( 1005): 1 sample inference time: 1.636 msecs
05-24 01:12:09.708 D/SemNscXgbL2Rt( 1005): L2 RT 1 sample inference time: 2.128346 msecs
05-24 01:12:09.710 D/SemNscXgbL2Nrt( 1005): L2 NRT 1 sample inference time: 1.699461 msecs
05-24 01:12:10.214 D/SemNscXgbMsL1( 1005): Probability - Cloud gaming: [0.009836695]
05-24 01:12:10.215 D/SemNscXgbMsL1( 1005): Probability - Real time: [0.9127938]
05-24 01:12:10.215 D/SemNscXgbMsL1( 1005): Probability - Non real time: [0.48745874]
05-24 01:12:10.215 D/SemNscXgbMsL1( 1005): 1 sample inference time: 1.825115 msecs
05-24 01:12:10.217 D/SemNscXgbL2Rt( 1005): L2 RT 1 sample inference time: 2.082462 msecs
05-24 01:12:10.220 D/SemNscXgbL2Nrt( 1005): L2 NRT 1 sample inference time: 2.005616 msecs
05-24 01:12:10.222 D/vendor.samsung.hardware.thermal@1.0-service(  574): timer callback!
05-24 01:12:10.724 D/SemNscXgbMsL1( 1005): Probability - Cloud gaming: [0.009634085]
05-24 01:12:10.725 D/SemNscXgbMsL1( 1005): Probability - Real time: [0.502726]
05-24 01:12:10.726 D/SemNscXgbMsL1( 1005): Probability - Non real time: [0.4367476]
05-24 01:12:10.726 D/SemNscXgbMsL1( 1005): 1 sample inference time: 2.5195 msecs
05-24 01:12:10.729 D/SemNscXgbL2Rt( 1005): L2 RT 1 sample inference time: 2.955 msecs
05-24 01:12:10.732 D/SemNscXgbL2Nrt( 1005): L2 NRT 1 sample inference time: 2.364615 msecs
05-24 01:12:11.019 D/SemCellularStateManager( 1005): onSignalStrengthsChanged: mCellularSignalLevel=3
05-24 01:12:11.020 D/MobileStatusTracker(0/1)( 1415): onSignalStrengthsChanged signalStrength=SignalStrength:{mCdma=Invalid,mGsm=Invalid,mWcdma=CellSignalStrengthWcdma: ss=-81 ber=99 rscp=-81 ecno=0 level=3,mTdscdma=Invalid,mLte=Invalid,mNr=Invalid,SignalBarInfo{ wcdmaLevel=4 },rat=3,primary=CellSignalStrengthWcdma} level=4
05-24 01:12:11.023 D/NetworkController( 1415): SignalStrength from intent slotId=0
05-24 01:12:11.236 D/SemNscXgbMsL1( 1005): Probability - Cloud gaming: [0.016488314]
05-24 01:12:11.236 D/SemNscXgbMsL1( 1005): Probability - Real time: [0.66394573]
05-24 01:12:11.237 D/SemNscXgbMsL1( 1005): Probability - Non real time: [0.7361787]
05-24 01:12:11.237 D/SemNscXgbMsL1( 1005): 1 sample inference time: 1.3985 msecs
05-24 01:12:11.240 D/SemNscXgbL2Rt( 1005): L2 RT 1 sample inference time: 2.440385 msecs
05-24 01:12:11.242 D/SemNscXgbL2Nrt( 1005): L2 NRT 1 sample inference time: 1.969923 msecs
05-24 01:12:11.746 D/SemNscXgbMsL1( 1005): Probability - Cloud gaming: [0.014331526]
05-24 01:12:11.747 D/SemNscXgbMsL1( 1005): Probability - Real time: [0.65650016]
05-24 01:12:11.747 D/SemNscXgbMsL1( 1005): Probability - Non real time: [0.6899704]
05-24 01:12:11.748 D/SemNscXgbMsL1( 1005): 1 sample inference time: 1.658192 msecs
05-24 01:12:11.750 D/SemNscXgbL2Rt( 1005): L2 RT 1 sample inference time: 2.168539 msecs
05-24 01:12:11.752 D/SemNscXgbL2Nrt( 1005): L2 NRT 1 sample inference time: 1.957807 msecs
05-24 01:12:11.986 E/Watchdog( 1005): !@Sync: 6434 heap: 105 / 116 [2026-05-24 01:12:11.985] sdogWay: softdog FD: 1018
05-24 01:12:12.255 D/SemNscXgbMsL1( 1005): Probability - Cloud gaming: [0.018231556]
05-24 01:12:12.256 D/SemNscXgbMsL1( 1005): Probability - Real time: [0.43319392]
05-24 01:12:12.257 D/SemNscXgbMsL1( 1005): Probability - Non real time: [0.27757555]
05-24 01:12:12.257 D/SemNscXgbMsL1( 1005): 1 sample inference time: 1.348692 msecs
05-24 01:12:12.259 D/SemNscXgbL2Rt( 1005): L2 RT 1 sample inference time: 2.200115 msecs
05-24 01:12:12.261 D/SemNscXgbL2Nrt( 1005): L2 NRT 1 sample inference time: 1.945885 msecs
05-24 01:12:12.302 D/SemCellularStateManager( 1005): onSignalStrengthsChanged: mCellularSignalLevel=3
05-24 01:12:12.306 D/MobileStatusTracker(0/1)( 1415): onSignalStrengthsChanged signalStrength=SignalStrength:{mCdma=Invalid,mGsm=Invalid,mWcdma=CellSignalStrengthWcdma: ss=-79 ber=99 rscp=-78 ecno=0 level=3,mTdscdma=Invalid,mLte=Invalid,mNr=Invalid,SignalBarInfo{ wcdmaLevel=4 },rat=3,primary=CellSignalStrengthWcdma} level=4
05-24 01:12:12.309 D/NetworkController( 1415): SignalStrength from intent slotId=0
05-24 01:12:12.510 E/Tethering( 1005): [api31.BpfCoordinatorShimImpl] ERROR Fail to fetch tethering stats from BPF map: : getNextMapKey failed: EBADF (Bad file descriptor)
05-24 01:12:12.510 E/Tethering( 1005): android.system.ErrnoException: getNextMapKey failed: EBADF (Bad file descriptor)
05-24 01:12:12.510 E/Tethering( 1005): 	at com.android.networkstack.tethering.BpfMap.getNextMapKey(Native Method)
05-24 01:12:12.510 E/Tethering( 1005): 	at com.android.networkstack.tethering.BpfMap.getNextRawKey(BpfMap.java:199)
05-24 01:12:12.510 E/Tethering( 1005): 	at com.android.networkstack.tethering.BpfMap.getNextKeyInternal(BpfMap.java:177)
05-24 01:12:12.510 E/Tethering( 1005): 	at com.android.networkstack.tethering.BpfMap.getFirstKey(BpfMap.java:206)
05-24 01:12:12.510 E/Tethering( 1005): 	at com.android.networkstack.tethering.BpfMap.forEach(BpfMap.java:243)
05-24 01:12:12.510 E/Tethering( 1005): 	at com.android.networkstack.tethering.apishim.api31.BpfCoordinatorShimImpl.tetherOffloadGetStats(BpfCoordinatorShimImpl.java:241)
05-24 01:12:12.510 E/Tethering( 1005): 	at com.android.networkstack.tethering.BpfCoordinator.updateForwardedStats(BpfCoordinator.java:1844)
05-24 01:12:12.510 E/Tethering( 1005): 	at com.android.networkstack.tethering.BpfCoordinator.lambda$new$0(BpfCoordinator.java:249)
05-24 01:12:12.510 E/Tethering( 1005): 	at com.android.networkstack.tethering.BpfCoordinator.$r8$lambda$11zi2so53-tPlRpKnlSkWOpxReo(Unknown Source:0)
05-24 01:12:12.510 E/Tethering( 1005): 	at com.android.networkstack.tethering.BpfCoordinator$$ExternalSyntheticLambda0.run(Unknown Source:2)
05-24 01:12:12.510 E/Tethering( 1005): 	at android.os.Handler.handleCallback(Handler.java:938)
05-24 01:12:12.510 E/Tethering( 1005): 	at android.os.Handler.dispatchMessage(Handler.java:99)
05-24 01:12:12.510 E/Tethering( 1005): 	at android.os.Looper.loopOnce(Looper.java:226)
05-24 01:12:12.510 E/Tethering( 1005): 	at android.os.Looper.loop(Looper.java:313)
05-24 01:12:12.510 E/Tethering( 1005): 	at android.os.HandlerThread.run(HandlerThread.java:67)
05-24 01:12:12.510 E/Tethering( 1005): [BpfCoordinator] ERROR Problem fetching tethering stats
05-24 01:12:12.765 D/SemNscXgbMsL1( 1005): Probability - Cloud gaming: [0.037450373]
05-24 01:12:12.766 D/SemNscXgbMsL1( 1005): Probability - Real time: [0.24620959]
05-24 01:12:12.767 D/SemNscXgbMsL1( 1005): Probability - Non real time: [0.8051897]
05-24 01:12:12.767 D/SemNscXgbMsL1( 1005): 1 sample inference time: 2.077692 msecs
05-24 01:12:12.769 D/SemNscXgbL2Rt( 1005): L2 RT 1 sample inference time: 2.080115 msecs
05-24 01:12:12.771 D/SemNscXgbL2Nrt( 1005): L2 NRT 1 sample inference time: 1.833539 msecs
05-24 01:12:13.275 D/SemNscXgbMsL1( 1005): Probability - Cloud gaming: [0.013179011]
05-24 01:12:13.275 D/SemNscXgbMsL1( 1005): Probability - Real time: [0.07129668]
05-24 01:12:13.276 D/SemNscXgbMsL1( 1005): Probability - Non real time: [0.17948641]
05-24 01:12:13.276 D/SemNscXgbMsL1( 1005): 1 sample inference time: 1.508654 msecs
05-24 01:12:13.278 D/SemNscXgbL2Rt( 1005): L2 RT 1 sample inference time: 1.840308 msecs
05-24 01:12:13.280 D/SemNscXgbL2Nrt( 1005): L2 NRT 1 sample inference time: 1.716231 msecs
05-24 01:12:13.423 D/ProcessState(24513): Binder ioctl to enable oneway spam detection failed: Invalid argument
05-24 01:12:13.428 D/io_stats(  457): !@   8,0 r 2459969 96151664 w 2029911 53841300 d 0 0 f 0 0 iot 1482980 0 th 0 0 0 pt 0 inp 0 0 193099.825
05-24 01:12:13.431 D/InputDispatcher( 1005): Inject motion (24513): action=0x0, time=193099828000000, f=0x0, d=0
05-24 01:12:13.432 I/InputDispatcher( 1005): Delivering touch to (1415): action: 0x4, f=0x0, d=0, 'd79db0e', t=1 
05-24 01:12:13.432 I/InputDispatcher( 1005): Delivering touch to (21020): action: 0x0, f=0x0, d=0, '8eff482', t=1 
05-24 01:12:13.434 I/GestureDetector( 1005): obtain mCurrentDownEvent. id: -1059733226 caller: com.android.server.wm.SystemGesturesPointerEventListener.onPointerEvent:179 com.android.server.wm.PointerEventDispatcher.onInputEvent:71 android.view.InputEventReceiver.dispatchInputEvent:259 
05-24 01:12:13.434 I/ViewRootImpl@dd1510f[MainActivity](21020): ViewPostIme pointer 0
05-24 01:12:13.434 D/PowerManagerService( 1005): UserActivityStateListenerState: 1
05-24 01:12:13.434 I/GestureDetector( 1005): obtain mCurrentDownEvent. id: -1059733226 caller: com.android.server.wm.SystemPerformancePointerEventListener.onPointerEvent:89 com.android.server.wm.PointerEventDispatcher.onInputEvent:71 android.view.InputEventReceiver.dispatchInputEvent:259 
05-24 01:12:13.438 I/SemDvfsHyPerManager( 3236): acquire hyper - BaseTABoost/3236@22, type = 1090523139
05-24 01:12:13.438 I/SemDvfsHyPerManager( 3236): acquire hyper - BaseTAToouchBoost/3236@24, type = 1090523139
05-24 01:12:13.439 D/InputDispatcher( 1005): Inject motion (24513): action=0x1, time=193099828000000, f=0x0, d=0
05-24 01:12:13.439 I/HYPER-HAL(  562): [RequestManager.cpp]acquire(): Acquired ID : 5308933  [3236 / 22]    HINT :      list : [TABoost / 5] 
05-24 01:12:13.439 I/HYPER-HAL(  562): [RequestManager.cpp]acquire(): Acquired ID : 5315454  [3236 / 24]    HINT :      list : [TABoost / 20] [TIMEOUT / 1500] 
05-24 01:12:13.441 I/InputDispatcher( 1005): Delivering touch to (21020): action: 0x1, f=0x0, d=0, '8eff482', t=1 
05-24 01:12:13.441 I/ViewRootImpl@dd1510f[MainActivity](21020): ViewPostIme pointer 1
05-24 01:12:13.442 I/GestureDetector( 1005): obtain mCurrentMotionEventRaw. action: 1 id: -1042792684
05-24 01:12:13.442 I/GestureDetector( 1005): obtain mCurrentMotionEventRaw. action: 1 id: -1042792684
05-24 01:12:13.543 I/wpa_supplicant( 1392): Heartbeat 19305
05-24 01:12:13.547 D/ProcessState(24521): Binder ioctl to enable oneway spam detection failed: Invalid argument
05-24 01:12:13.554 D/InputDispatcher( 1005): Inject motion (24521): action=0x0, time=193099950000000, f=0x0, d=0
05-24 01:12:13.554 I/InputDispatcher( 1005): Delivering touch to (1415): action: 0x4, f=0x0, d=0, 'd79db0e', t=1 
05-24 01:12:13.554 I/InputDispatcher( 1005): Delivering touch to (21020): action: 0x0, f=0x0, d=0, '8eff482', t=1 
05-24 01:12:13.555 I/ViewRootImpl@dd1510f[MainActivity](21020): ViewPostIme pointer 0
05-24 01:12:13.555 I/GestureDetector( 1005): obtain mCurrentDownEvent. id: -453323214 caller: com.android.server.wm.SystemGesturesPointerEventListener.onPointerEvent:179 com.android.server.wm.PointerEventDispatcher.onInputEvent:71 android.view.InputEventReceiver.dispatchInputEvent:259 
05-24 01:12:13.555 I/GestureDetector( 1005): obtain mCurrentDownEvent. id: -453323214 caller: com.android.server.wm.SystemPerformancePointerEventListener.onPointerEvent:89 com.android.server.wm.PointerEventDispatcher.onInputEvent:71 android.view.InputEventReceiver.dispatchInputEvent:259 
05-24 01:12:13.557 I/SemDvfsHyPerManager( 3236): acquire hyper - BaseTABoost/3236@22, type = 1090523139
05-24 01:12:13.557 I/SemDvfsHyPerManager( 3236): acquire hyper - BaseTAToouchBoost/3236@24, type = 1090523139
05-24 01:12:13.557 I/HYPER-HAL(  562): [RequestManager.cpp]acquire(): Acquired ID : 5308933  [3236 / 22]    HINT :      list : [TABoost / 5] 
05-24 01:12:13.557 I/HYPER-HAL(  562): [RequestManager.cpp]acquire(): Acquired ID : 5315454  [3236 / 24]    HINT :      list : [TABoost / 20] [TIMEOUT / 1500] 
05-24 01:12:13.560 D/InputDispatcher( 1005): Inject motion (24521): action=0x1, time=193099950000000, f=0x0, d=0
05-24 01:12:13.560 I/InputDispatcher( 1005): Delivering touch to (21020): action: 0x1, f=0x0, d=0, '8eff482', t=1 
05-24 01:12:13.561 I/GestureDetector( 1005): obtain mCurrentMotionEventRaw. action: 1 id: -679707331
05-24 01:12:13.561 I/ViewRootImpl@dd1510f[MainActivity](21020): ViewPostIme pointer 1
05-24 01:12:13.561 I/GestureDetector( 1005): obtain mCurrentMotionEventRaw. action: 1 id: -679707331
05-24 01:12:13.583 D/SemCellularStateManager( 1005): onSignalStrengthsChanged: mCellularSignalLevel=3
05-24 01:12:13.585 D/MobileStatusTracker(0/1)( 1415): onSignalStrengthsChanged signalStrength=SignalStrength:{mCdma=Invalid,mGsm=Invalid,mWcdma=CellSignalStrengthWcdma: ss=-81 ber=99 rscp=-81 ecno=0 level=3,mTdscdma=Invalid,mLte=Invalid,mNr=Invalid,SignalBarInfo{ wcdmaLevel=4 },rat=3,primary=CellSignalStrengthWcdma} level=4
05-24 01:12:13.587 D/NetworkController( 1415): SignalStrength from intent slotId=0
05-24 01:12:13.675 D/ProcessState(24528): Binder ioctl to enable oneway spam detection failed: Invalid argument
05-24 01:12:13.688 D/InputDispatcher( 1005): Inject motion (24528): action=0x0, time=193100085000000, f=0x0, d=0
05-24 01:12:13.688 I/InputDispatcher( 1005): Delivering touch to (1415): action: 0x4, f=0x0, d=0, 'd79db0e', t=1 
05-24 01:12:13.688 I/InputDispatcher( 1005): Delivering touch to (21020): action: 0x0, f=0x0, d=0, '8eff482', t=1 
05-24 01:12:13.688 I/ViewRootImpl@dd1510f[MainActivity](21020): ViewPostIme pointer 0
05-24 01:12:13.689 I/GestureDetector( 1005): obtain mCurrentDownEvent. id: -238300633 caller: com.android.server.wm.SystemGesturesPointerEventListener.onPointerEvent:179 com.android.server.wm.PointerEventDispatcher.onInputEvent:71 android.view.InputEventReceiver.dispatchInputEvent:259 
05-24 01:12:13.689 I/GestureDetector( 1005): obtain mCurrentDownEvent. id: -238300633 caller: com.android.server.wm.SystemPerformancePointerEventListener.onPointerEvent:89 com.android.server.wm.PointerEventDispatcher.onInputEvent:71 android.view.InputEventReceiver.dispatchInputEvent:259 
05-24 01:12:13.690 I/SemDvfsHyPerManager( 3236): acquire hyper - BaseTABoost/3236@22, type = 1090523139
05-24 01:12:13.690 I/SemDvfsHyPerManager( 3236): acquire hyper - BaseTAToouchBoost/3236@24, type = 1090523139
05-24 01:12:13.690 D/InputDispatcher( 1005): Inject motion (24528): action=0x1, time=193100085000000, f=0x0, d=0
05-24 01:12:13.690 I/InputDispatcher( 1005): Delivering touch to (21020): action: 0x1, f=0x0, d=0, '8eff482', t=1 
05-24 01:12:13.690 I/ViewRootImpl@dd1510f[MainActivity](21020): ViewPostIme pointer 1
05-24 01:12:13.690 I/HYPER-HAL(  562): [RequestManager.cpp]acquire(): Acquired ID : 5308933  [3236 / 22]    HINT :      list : [TABoost / 5] 
05-24 01:12:13.690 I/HYPER-HAL(  562): [RequestManager.cpp]acquire(): Acquired ID : 5315454  [3236 / 24]    HINT :      list : [TABoost / 20] [TIMEOUT / 1500] 
05-24 01:12:13.691 I/GestureDetector( 1005): obtain mCurrentMotionEventRaw. action: 1 id: -773441532
05-24 01:12:13.691 I/GestureDetector( 1005): obtain mCurrentMotionEventRaw. action: 1 id: -773441532
05-24 01:12:13.784 D/SemNscXgbMsL1( 1005): Probability - Cloud gaming: [0.02158074]
05-24 01:12:13.784 D/SemNscXgbMsL1( 1005): Probability - Real time: [0.7068778]
05-24 01:12:13.785 D/SemNscXgbMsL1( 1005): Probability - Non real time: [0.20920946]
05-24 01:12:13.785 D/SemNscXgbMsL1( 1005): 1 sample inference time: 1.245769 msecs
05-24 01:12:13.787 D/SemNscXgbL2Rt( 1005): L2 RT 1 sample inference time: 1.940807 msecs
05-24 01:12:13.789 D/SemNscXgbL2Nrt( 1005): L2 NRT 1 sample inference time: 1.719039 msecs
05-24 01:12:13.989 I/GestureDetector( 1005): handleMessage TAP
05-24 01:12:13.990 I/GestureDetector( 1005): handleMessage TAP
05-24 01:12:14.292 D/SemNscXgbMsL1( 1005): Probability - Cloud gaming: [0.033287887]
05-24 01:12:14.292 D/SemNscXgbMsL1( 1005): Probability - Real time: [0.62436014]
05-24 01:12:14.293 D/SemNscXgbMsL1( 1005): Probability - Non real time: [0.28320125]
05-24 01:12:14.293 D/SemNscXgbMsL1( 1005): 1 sample inference time: 1.284807 msecs
05-24 01:12:14.295 D/SemNscXgbL2Rt( 1005): L2 RT 1 sample inference time: 2.0965 msecs
05-24 01:12:14.297 D/SemNscXgbL2Nrt( 1005): L2 NRT 1 sample inference time: 1.812731 msecs
05-24 01:12:14.799 D/SemNscXgbMsL1( 1005): Probability - Cloud gaming: [0.09259727]
05-24 01:12:14.800 D/SemNscXgbMsL1( 1005): Probability - Real time: [0.78035843]
05-24 01:12:14.800 D/SemNscXgbMsL1( 1005): Probability - Non real time: [0.34395015]
05-24 01:12:14.800 D/SemNscXgbMsL1( 1005): 1 sample inference time: 1.305538 msecs
05-24 01:12:14.803 D/SemNscXgbL2Rt( 1005): L2 RT 1 sample inference time: 2.567846 msecs
05-24 01:12:14.805 D/SemNscXgbL2Nrt( 1005): L2 NRT 1 sample inference time: 2.504038 msecs
05-24 01:12:15.191 I/HYPER-HAL(  562): [RequestManager.cpp]releaseLocked(): Released ID : 5315454
05-24 01:12:15.309 D/SemNscXgbMsL1( 1005): Probability - Cloud gaming: [0.08071849]
05-24 01:12:15.310 D/SemNscXgbMsL1( 1005): Probability - Real time: [0.87670296]
05-24 01:12:15.311 D/SemNscXgbMsL1( 1005): Probability - Non real time: [0.5888209]
05-24 01:12:15.311 D/SemNscXgbMsL1( 1005): 1 sample inference time: 1.597462 msecs
05-24 01:12:15.313 D/SemNscXgbL2Rt( 1005): L2 RT 1 sample inference time: 2.055923 msecs
05-24 01:12:15.315 D/SemNscXgbL2Nrt( 1005): L2 NRT 1 sample inference time: 2.106885 msecs
05-24 01:12:15.818 D/SemNscXgbMsL1( 1005): Probability - Cloud gaming: [0.020694667]
05-24 01:12:15.821 D/SemNscXgbMsL1( 1005): Probability - Real time: [0.7751443]
05-24 01:12:15.821 D/SemNscXgbMsL1( 1005): Probability - Non real time: [0.2494466]
05-24 01:12:15.821 D/SemNscXgbMsL1( 1005): 1 sample inference time: 3.613692 msecs
05-24 01:12:15.823 D/SemNscXgbL2Rt( 1005): L2 RT 1 sample inference time: 2.290539 msecs
05-24 01:12:15.825 D/SemNscXgbL2Nrt( 1005): L2 NRT 1 sample inference time: 1.738423 msecs
05-24 01:12:16.095 I/NearbyMediums(15725): No BLE Fast/GATT advertisements found in the latest cycle.
05-24 01:12:16.096 I/NearbyMediums(15725): Current Tracked Scanning Clients are : {NearbyConnections.EnvironmentMonitor, NearbySharing, NearbyConnections.TxAdvertisement}
05-24 01:12:16.329 D/SemNscXgbMsL1( 1005): Probability - Cloud gaming: [0.034602795]
05-24 01:12:16.330 D/SemNscXgbMsL1( 1005): Probability - Real time: [0.75831044]
05-24 01:12:16.331 D/SemNscXgbMsL1( 1005): Probability - Non real time: [0.18581088]
05-24 01:12:16.331 D/SemNscXgbMsL1( 1005): 1 sample inference time: 1.694307 msecs
05-24 01:12:16.334 D/SemNscXgbL2Rt( 1005): L2 RT 1 sample inference time: 2.525808 msecs
05-24 01:12:16.336 D/SemNscXgbL2Nrt( 1005): L2 NRT 1 sample inference time: 2.196346 msecs
05-24 01:12:16.690 D/PowerManagerService( 1005): UserActivityStateListenerState: 0
05-24 01:12:16.838 D/SemNscXgbMsL1( 1005): Probability - Cloud gaming: [0.12352872]
05-24 01:12:16.839 D/SemNscXgbMsL1( 1005): Probability - Real time: [0.77134824]
05-24 01:12:16.839 D/SemNscXgbMsL1( 1005): Probability - Non real time: [0.79902047]
05-24 01:12:16.839 D/SemNscXgbMsL1( 1005): 1 sample inference time: 1.319307 msecs
05-24 01:12:16.841 D/SemNscXgbL2Rt( 1005): L2 RT 1 sample inference time: 2.099192 msecs
05-24 01:12:16.844 D/SemNscXgbL2Nrt( 1005): L2 NRT 1 sample inference time: 1.999269 msecs
05-24 01:12:16.895 D/WifiConnectivityMonitor.NetworkStatsAnalyzer( 1005): Backhaul result - RSSI:-127, CE:8, PE:8, TI:46, PTI:46, TW:1, PTW:1, Tx:65, Rx:159, TxS:57, RxS:52, RESULT:true, IC:0, ICT:2, WC:0, WCT:2, R:0, RC:0, IE:0, EC:0
05-24 01:12:17.347 D/SemNscXgbMsL1( 1005): Probability - Cloud gaming: [0.04346667]
05-24 01:12:17.348 D/SemNscXgbMsL1( 1005): Probability - Real time: [0.74629104]
05-24 01:12:17.349 D/SemNscXgbMsL1( 1005): Probability - Non real time: [0.77983993]
05-24 01:12:17.349 D/SemNscXgbMsL1( 1005): 1 sample inference time: 1.614885 msecs
05-24 01:12:17.351 D/SemNscXgbL2Rt( 1005): L2 RT 1 sample inference time: 2.380192 msecs
05-24 01:12:17.353 D/SemNscXgbL2Nrt( 1005): L2 NRT 1 sample inference time: 1.995769 msecs
05-24 01:12:17.432 D/io_stats(  457): !@   8,0 r 2459969 96151664 w 2029922 53841348 d 0 0 f 0 0 iot 1482984 0 th 0 0 0 pt 0 inp 0 0 193103.828
05-24 01:12:17.514 E/Tethering( 1005): [api31.BpfCoordinatorShimImpl] ERROR Fail to fetch tethering stats from BPF map: : getNextMapKey failed: EBADF (Bad file descriptor)
05-24 01:12:17.514 E/Tethering( 1005): android.system.ErrnoException: getNextMapKey failed: EBADF (Bad file descriptor)
05-24 01:12:17.514 E/Tethering( 1005): 	at com.android.networkstack.tethering.BpfMap.getNextMapKey(Native Method)
05-24 01:12:17.514 E/Tethering( 1005): 	at com.android.networkstack.tethering.BpfMap.getNextRawKey(BpfMap.java:199)
05-24 01:12:17.514 E/Tethering( 1005): 	at com.android.networkstack.tethering.BpfMap.getNextKeyInternal(BpfMap.java:177)
05-24 01:12:17.514 E/Tethering( 1005): 	at com.android.networkstack.tethering.BpfMap.getFirstKey(BpfMap.java:206)
05-24 01:12:17.514 E/Tethering( 1005): 	at com.android.networkstack.tethering.BpfMap.forEach(BpfMap.java:243)
05-24 01:12:17.514 E/Tethering( 1005): 	at com.android.networkstack.tethering.apishim.api31.BpfCoordinatorShimImpl.tetherOffloadGetStats(BpfCoordinatorShimImpl.java:241)
05-24 01:12:17.514 E/Tethering( 1005): 	at com.android.networkstack.tethering.BpfCoordinator.updateForwardedStats(BpfCoordinator.java:1844)
05-24 01:12:17.514 E/Tethering( 1005): 	at com.android.networkstack.tethering.BpfCoordinator.lambda$new$0(BpfCoordinator.java:249)
05-24 01:12:17.514 E/Tethering( 1005): 	at com.android.networkstack.tethering.BpfCoordinator.$r8$lambda$11zi2so53-tPlRpKnlSkWOpxReo(Unknown Source:0)
05-24 01:12:17.514 E/Tethering( 1005): 	at com.android.networkstack.tethering.BpfCoordinator$$ExternalSyntheticLambda0.run(Unknown Source:2)
05-24 01:12:17.514 E/Tethering( 1005): 	at android.os.Handler.handleCallback(Handler.java:938)
05-24 01:12:17.514 E/Tethering( 1005): 	at android.os.Handler.dispatchMessage(Handler.java:99)
05-24 01:12:17.514 E/Tethering( 1005): 	at android.os.Looper.loopOnce(Looper.java:226)
05-24 01:12:17.514 E/Tethering( 1005): 	at android.os.Looper.loop(Looper.java:313)
05-24 01:12:17.514 E/Tethering( 1005): 	at android.os.HandlerThread.run(HandlerThread.java:67)
05-24 01:12:17.514 E/Tethering( 1005): [BpfCoordina