05-24 01:12:01.179 I/FusedLocation(24302): (REDACTED) location delivery to %s blocked - too close
05-24 01:12:01.181 I/FusedLocation(24302): (REDACTED) location delivery to %s blocked - too close
05-24 01:12:01.182 I/FusedLocation(24302): (REDACTED) location delivery to %s blocked - too fast
05-24 01:12:01.185 I/Rubin   (29590): [202] m7.a.onLocationChanged(Unknown Source) : polygon changedLocation process
05-24 01:12:01.185 D/ActivityManager( 2765): Received BROADCAST intent 0x17e98f5 Key{broadcastIntent pkg=com.samsung.android.mcfds intent=act=com.samsung.android.ce.sensor.location.PASSIVE_INTENT xflg=0x4 pkg=com.samsung.android.mcfds flags=0x2000000 u=0} requestCode=20247613 sent=0 from uid 1000
05-24 01:12:01.186 I/Rubin   (29590): [428] b7.a.a(Unknown Source) : changedLocation geohash : wydzx
05-24 01:12:01.187 E/JobScheduler.Background( 2765): Couldn't determine stopped state for unknown package: com.samsung.android.sm.policy
05-24 01:12:01.188 E/JobScheduler.Background( 2765): Couldn't determine stopped state for unknown package: com.samsung.android.sm.policy
05-24 01:12:01.188 E/JobScheduler.Background( 2765): Couldn't determine stopped state for unknown package: com.facebook.appmanager
05-24 01:12:01.188 E/JobScheduler.Background( 2765): Couldn't determine stopped state for unknown package: com.facebook.appmanager
05-24 01:12:01.188 E/JobScheduler.Background( 2765): Couldn't determine stopped state for unknown package: com.facebook.appmanager
05-24 01:12:01.188 E/JobScheduler.Background( 2765): Couldn't determine stopped state for unknown package: com.facebook.appmanager
05-24 01:12:01.188 E/JobScheduler.Background( 2765): Couldn't determine stopped state for unknown package: com.facebook.appmanager
05-24 01:12:01.189 D/SLocation( 2765): PositionManager - Passive handleLocationChanged [F, A : 100.00, T : 1779552721175, ET : 350245743, h : 27/24]
05-24 01:12:01.190 I/[CE]_ContextEngineReceiver(16387): onReceive - action: com.samsung.android.ce.sensor.location.PASSIVE_INTENT
05-24 01:12:01.190 D/LocationTracker( 8337): Got a location update from Play Services
05-24 01:12:01.190 D/SLocation( 2765): PositionManager - receive fused location
05-24 01:12:01.190 W/SLocation( 2765): GeopointGeofenceManger - refresh wifi to receive loc
05-24 01:12:01.191 D/SLocation( 2765): GeopointGeofenceManger - Location reported : fix method = 14 / 100.0
05-24 01:12:01.191 I/GmsPassiveListener_FLP( 4527): onGmsLocationChanged, provider=fused / speed=0.0 / time=1779552721175 / elapsed=350245743288372
05-24 01:12:01.191 D/SLocation( 2765): LocationBuffer - receivedLocation - op[interval(min 60000, max 300000), waitTime 36000000, numOfUpdates 20, minDistance 200.0]dist : 0.0 diffTime : 60002 accept time condition
05-24 01:12:01.191 D/SLocation( 2765): LocationBuffer - input buffer, size : 7
05-24 01:12:01.191 D/SLocation( 2765): BatchManager - received batch location buffered = true
05-24 01:12:01.191 D/SLocation( 2765): LastLocations - update latest location [F, A : 100.00, T : 1779552721175, ET : 350245743, h : 27/24]
05-24 01:12:01.191 D/SLocation( 2765): ARDistanceLibManager - request distance diff to AR Distance Library
05-24 01:12:01.191 D/SLocation( 2765): SLocationCoreSem - send to coreSem, packet length : 1 / [34]
05-24 01:12:01.191 D/SemContextLocationCoreAttribute( 2765): setAttribute() mode : 0 action : 23
05-24 01:12:01.191 D/SemContextService( 2765): lock : changeParameters
05-24 01:12:01.191 D/SemContext.CaeProvider.LocationCoreImpl( 2765): setAttribute() mode : 0 action : 23
05-24 01:12:01.191 W/CAE     ( 2765): setCAProperty(ContextAwareService.java:509) - [setProperty 01] Mutex is locked for SLOCATION_RUNNER
05-24 01:12:01.191 I/CAE     ( 2765): setPropertyValue(SLocationRunner.java:116) - SLocationRunner setProperty header : 34, len : 1
05-24 01:12:01.192 D/SensorService( 2765): setSContextDataLocked ints length 2 , byte length 4
05-24 01:12:01.192 D/SensorService( 2765): setSContextDataLocked 223717c1
05-24 01:12:01.192 I/sensors-hal( 1942): inject_sensor_data:555, handle 1501 send inject
05-24 01:12:01.192 I/sensors-hal( 1942): sendContextData:285, sensor hal 4, (0xc1, 0x17, 0x37, 0x22)
05-24 01:12:01.192 E/sensors-hal( 1942): sendContextData:131, slocationcore h 193 m 23 s 55
05-24 01:12:01.192 I/sensors-hal( 1942): sendUserData:117, slocationcore sendUserData
05-24 01:12:01.192 E/sensors-hal( 1942): create_send_context_data:62, slocationcore create_send_context_data
05-24 01:12:01.192 I/sensors-hal( 1942): send_context_data:618, slocationcore, 4986366670857974562, 1320970896291267344, msgid:700
05-24 01:12:01.193 D/[CE]_ContextEngineController(16387): isContextEngineEnabled - isEnabled: true, state: 3
05-24 01:12:01.193 W/CAE     ( 2765): setCAProperty(ContextAwareService.java:515) - [setProperty 02] Mutex is unlocked for SLOCATION_RUNNER
05-24 01:12:01.193 D/SemContextService( 2765): unlock : changeParameters
05-24 01:12:01.193 D/SemContextManager( 2765):   .changeParameters : listener = Z.i@daece44, service=SLocation Core
05-24 01:12:01.193 D/SLocation( 2765): SLocationCoreSem - send to coreSem, packet length : 23 / [2, 22, 152, 92, 249, 76, 64, 254, 253, 0, 0, 0, 100, 2, 0, 0, 1, 158, 85, 155, 153, 23, 0]
05-24 01:12:01.193 D/SemContextLocationCoreAttribute( 2765): setAttribute() mode : 0 action : 23
05-24 01:12:01.193 D/SemContextService( 2765): lock : changeParameters
05-24 01:12:01.193 D/SemContext.CaeProvider.LocationCoreImpl( 2765): setAttribute() mode : 0 action : 23
05-24 01:12:01.193 W/CAE     ( 2765): setCAProperty(ContextAwareService.java:509) - [setProperty 01] Mutex is locked for SLOCATION_RUNNER
05-24 01:12:01.193 I/CAE     ( 2765): setPropertyValue(SLocationRunner.java:116) - SLocationRunner setProperty header : 2, len : 23
05-24 01:12:01.193 D/[CE]_IntentBroker(16387): publish - [action] com.samsung.android.ce.sensor.location.PASSIVE_INTENT, [size] 2, [intent] Intent { act=com.samsung.android.ce.sensor.location.PASSIVE_INTENT flg=0x10 xflg=0x4 pkg=com.samsung.android.mcfds cmp=com.samsung.android.mcfds/com.samsung.android.ce.ContextEngineReceiver (has extras) }
05-24 01:12:01.193 I/[CE]_SLocationManager(16387): onReceive - [Passive Location] 20247613
05-24 01:12:01.194 D/SensorService( 2765): setSContextDataLocked ints length 8 , byte length 26
05-24 01:12:01.194 D/SensorService( 2765): setSContextDataLocked 23717c1
05-24 01:12:01.194 I/sensors-hal( 1942): inject_sensor_data:555, handle 1501 send inject
05-24 01:12:01.194 I/sensors-hal( 1942): sendContextData:285, sensor hal 26, (0xc1, 0x17, 0x37, 0x2)
05-24 01:12:01.194 E/sensors-hal( 1942): sendContextData:131, slocationcore h 193 m 23 s 55
05-24 01:12:01.194 I/sensors-hal( 1942): sendUserData:117, slocationcore sendUserData
05-24 01:12:01.194 D/[CE]_SLocationManager(16387): writeToLogger - hit!
05-24 01:12:01.194 E/sensors-hal( 1942): create_send_context_data:62, slocationcore create_send_context_data
05-24 01:12:01.194 I/sensors-hal( 1942): send_context_data:618, slocationcore, 4986366670857974562, 1320970896291267344, msgid:700
05-24 01:12:01.194 I/sensors-hal( 1942): ssc_conn_resp_cb:833, resp_value = 0
05-24 01:12:01.194 E/sensors-hal( 1942): handle_sns_client_event:76, slocationcore_event: msgid:1025
05-24 01:12:01.195 E/sensors-hal( 1942): handle_sns_client_event:76, slocationcore_event: msgid:1025
05-24 01:12:01.196 E/sensors-hal( 1942): handle_sns_client_event:76, slocationcore_event: msgid:1025
05-24 01:12:01.196 I/sensors-hal( 1942): ssc_conn_resp_cb:833, resp_value = 0
05-24 01:12:01.196 E/sensors-hal( 1942): handle_sns_client_event:76, slocationcore_event: msgid:1025
05-24 01:12:01.198 D/CAE     ( 2765): onGetSensorHubData(SensorHubParserProvider.java:92) - onGetSensorHubData Event [event buffer len :56], AP_WAKEUP
05-24 01:12:01.198 I/CAE     ( 2765): parse(SensorHubParserProvider.java:188) - buffer size = 56
05-24 01:12:01.198 I/CAE     ( 2765): parse(SensorHubParserProvider.java:199) - 1, 1, 55, 0, 51, 5, 7, 2, 0, 0, 0, 0, 3, 120, -6, 32, 15, 5, 0, 0, 0, -56, 3, 120, -6, 32, 5, 1, 0, 0, 0, 100, 3, 120, -6, 32, 15, 5, 0, 0, 0, -56, 3, 120, -6, 32, 7, 2, 0, 0, 0, 10, 3, 121, 33, 48,
05-24 01:12:01.198 I/CAE     ( 2765): parse(SLocationRunner.java:88) - SLocationRunner parse start : 3
05-24 01:12:01.198 D/CAE     ( 2765): display(ContextProvider.java:375) - ================= SLOCATION_RUNNER =================
05-24 01:12:01.198 I/CAE     ( 2765): display(ContextProvider.java:391) - ExtraDataArray=[1, 1, 55, 0, 51, 5, 7, 2, 0, 0, 0, 0, 3, 120, -6, 32, 15, 5, 0, 0, 0, -56, 3, 120, -6, 32, 5, 1, 0, 0, 0, 100, 3, 120, -6, 32, 15, 5, 0, 0, 0, -56, 3, 120, -6, 32, 7, 2, 0, 0, 0, 10, 3, 121, 33, 48]
05-24 01:12:01.199 I/Rubin   (29590): [202] B5.e.onLocationChanged(Unknown Source) : Passive location updated
05-24 01:12:01.199 I/CAE     ( 2765): parse(SLocationRunner.java:96) - SLocationRunner parse end:56
05-24 01:12:01.199 D/CAE     ( 2765): onGetSensorHubData(SensorHubParserProvider.java:92) - onGetSensorHubData Event [event buffer len :38], AP_WAKEUP
05-24 01:12:01.199 I/CAE     ( 2765): parse(SensorHubParserProvider.java:188) - buffer size = 38
05-24 01:12:01.199 I/CAE     ( 2765): parse(SensorHubParserProvider.java:199) - 1, 1, 55, 0, 33, 33, 0, 0, 0, 0, 0, 0, 1, -98, 84, -124, -43, 32, 22, -104, 95, -96, 76, 65, 2, 0, 0, 0, 0, 6, 3, 120, -6, 32, 0, 0, 0, 6,
05-24 01:12:01.199 I/CAE     ( 2765): parse(SLocationRunner.java:88) - SLocationRunner parse start : 3
05-24 01:12:01.199 W/CAE     ( 2765): setCAProperty(ContextAwareService.java:515) - [setProperty 02] Mutex is unlocked for SLOCATION_RUNNER
05-24 01:12:01.199 D/SemContextService( 2765): unlock : changeParameters
05-24 01:12:01.199 D/SemContextManager( 2765):   .changeParameters : listener = Z.i@daece44, service=SLocation Core
05-24 01:12:01.199 D/CAE     ( 2765): display(ContextProvider.java:375) - ================= SLOCATION_RUNNER =================
05-24 01:12:01.199 I/CAE     ( 2765): display(ContextProvider.java:391) - ExtraDataArray=[1, 1, 55, 0, 33, 33, 0, 0, 0, 0, 0, 0, 1, -98, 84, -124, -43, 32, 22, -104, 95, -96, 76, 65, 2, 0, 0, 0, 0, 6, 3, 120, -6, 32, 0, 0, 0, 6]
05-24 01:12:01.199 I/CAE     ( 2765): parse(SLocationRunner.java:96) - SLocationRunner parse end:38
05-24 01:12:01.199 D/SLocation( 2765): ReceiverPair - ignore direction of location due to wifi, id = 20, reason = 400
05-24 01:12:01.199 D/CAE     ( 2765): onGetSensorHubData(SensorHubParserProvider.java:92) - onGetSensorHubData Event [event buffer len :10], AP_WAKEUP
05-24 01:12:01.199 D/SemContextService( 2765): Service.updateContext() : service = SLocation Core
05-24 01:12:01.199 I/CAE     ( 2765): parse(SensorHubParserProvider.java:188) - buffer size = 10
05-24 01:12:01.199 I/CAE     ( 2765): parse(SensorHubParserProvider.java:199) - 1, 1, 55, 0, 5, 2, 34, 0, 0, 0,
05-24 01:12:01.199 I/CAE     ( 2765): parse(SLocationRunner.java:88) - SLocationRunner parse start : 3
05-24 01:12:01.199 D/SemContextService( 2765): Service.updateContext() : service = SLocation Core
05-24 01:12:01.199 D/CAE     ( 2765): display(ContextProvider.java:375) - ================= SLOCATION_RUNNER =================
05-24 01:12:01.199 I/CAE     ( 2765): display(ContextProvider.java:391) - ExtraDataArray=[1, 1, 55, 0, 5, 2, 34, 0, 0, 0]
05-24 01:12:01.199 I/[CE]_PrimaryLocationManager(16387): checkInStayDurationNow - In CSD now? Y / In ASD now? Y
05-24 01:12:01.199 I/CAE     ( 2765): parse(SLocationRunner.java:96) - SLocationRunner parse end:10
05-24 01:12:01.199 D/CAE     ( 2765): onGetSensorHubData(SensorHubParserProvider.java:92) - onGetSensorHubData Event [event buffer len :10], AP_WAKEUP
05-24 01:12:01.199 I/CAE     ( 2765): parse(SensorHubParserProvider.java:188) - buffer size = 10
05-24 01:12:01.199 I/CAE     ( 2765): parse(SensorHubParserProvider.java:199) - 1, 1, 55, 0, 5, 2, 2, 0, 0, 0,
05-24 01:12:01.199 I/CAE     ( 2765): parse(SLocationRunner.java:88) - SLocationRunner parse start : 3
05-24 01:12:01.200 D/CAE     ( 2765): display(ContextProvider.java:375) - ================= SLOCATION_RUNNER =================
05-24 01:12:01.200 I/CAE     ( 2765): display(ContextProvider.java:391) - ExtraDataArray=[1, 1, 55, 0, 5, 2, 2, 0, 0, 0]
05-24 01:12:01.200 I/CAE     ( 2765): parse(SLocationRunner.java:96) - SLocationRunner parse end:10
05-24 01:12:01.200 I/Rubin   (29590): [204] com.samsung.android.rubin.inferenceengine.contextanalytics.engine.loggers.LocationLogger.flush(Unknown Source) : flush
05-24 01:12:01.200 D/SLocation( 2765): ReceiverPairWithAdaptive - id : 123, dir : 1
05-24 01:12:01.200 I/[CE]_PrimaryLocationManager(16387): onNewLocation - State: 7 / 7
05-24 01:12:01.200 I/[CE]_PrimaryAreaManager(16387): onNewlocation - State: 8 / 8
05-24 01:12:01.200 D/SLocation( 2765): AlarmManagerWrapper - next alarm time : 353845759 (WK)
05-24 01:12:01.201 D/SLocation( 2765): GeopointLastLocation - last location still available 25 / 9223372036854775807
05-24 01:12:01.201 D/SLocation( 2765): GeopointGeofenceObserver - location : [F, A : 100.00, T : 1779552721175, ET : 350245743, h : 27/24], radius : 24320
05-24 01:12:01.201 D/SLocation( 2765): LocationProviderStatus - try to update provider status (GPS/NLP)
05-24 01:12:01.201 D/SLocation( 2765): LocationProviderStatus - set isGpsOn : true, isNlpOn : true
05-24 01:12:01.201 D/SLocation( 2765): LocationProviderStatus - gps & nlp status not changed
05-24 01:12:01.201 D/SLocation( 2765): GeofenceCoreManager - geofence core command pending size : 2
05-24 01:12:01.201 D/SLocation( 2765): GeofenceCoreRecovery - removeGeofenceInfo id = 15000
05-24 01:12:01.201 D/SLocation( 2765): SLocationCoreSem - send to coreSem, packet length : 3 / [17, 58, 152]
05-24 01:12:01.201 D/SemContextLocationCoreAttribute( 2765): setAttribute() mode : 0 action : 23
05-24 01:12:01.201 D/SemContextService( 2765): lock : changeParameters
05-24 01:12:01.201 D/SemContext.CaeProvider.LocationCoreImpl( 2765): setAttribute() mode : 0 action : 23
05-24 01:12:01.201 W/CAE     ( 2765): setCAProperty(ContextAwareService.java:509) - [setProperty 01] Mutex is locked for SLOCATION_RUNNER
05-24 01:12:01.201 I/CAE     ( 2765): setPropertyValue(SLocationRunner.java:116) - SLocationRunner setProperty header : 17, len : 3
05-24 01:12:01.201 D/[CE]_LocationPatternManager(16387): loadPvpState - State : 0 / 1779552661173
05-24 01:12:01.202 D/SensorService( 2765): setSContextDataLocked ints length 3 , byte length 6
05-24 01:12:01.202 D/[CE]_LocationPatternManager(16387): savePvpState - State : 0 / 1779552721175
05-24 01:12:01.202 D/SensorService( 2765): setSContextDataLocked 113717c1
05-24 01:12:01.202 D/[CE]_LocationPatternManager(16387): onNewLocation - isInFA/time : true / 1779552721175
05-24 01:12:01.202 D/SemContextService( 2765): Service.updateContext() : service = SLocation Core
05-24 01:12:01.203 D/SemContextService( 2765): Service.updateContext() : service = SLocation Core
05-24 01:12:01.202 I/sensors-hal( 1942): inject_sensor_data:555, handle 1501 send inject
05-24 01:12:01.203 I/sensors-hal( 1942): sendContextData:285, sensor hal 6, (0xc1, 0x17, 0x37, 0x11)
05-24 01:12:01.203 E/sensors-hal( 1942): sendContextData:131, slocationcore h 193 m 23 s 55
05-24 01:12:01.203 I/sensors-hal( 1942): sendUserData:117, slocationcore sendUserData
05-24 01:12:01.203 E/sensors-hal( 1942): create_send_context_data:62, slocationcore create_send_context_data
05-24 01:12:01.203 I/sensors-hal( 1942): send_context_data:618, slocationcore, 4986366670857974562, 1320970896291267344, msgid:700
05-24 01:12:01.203 W/CAE     ( 2765): setCAProperty(ContextAwareService.java:515) - [setProperty 02] Mutex is unlocked for SLOCATION_RUNNER
05-24 01:12:01.203 D/SemContextService( 2765): unlock : changeParameters
05-24 01:12:01.203 D/SemContextManager( 2765):   .changeParameters : listener = Z.i@daece44, service=SLocation Core
05-24 01:12:01.203 D/SLocation( 2765): GeofenceCoreManager - geofence core command pending size : 1
05-24 01:12:01.203 D/SLocation( 2765): GeofenceCoreRecovery - storeGeofenceInfo 1 id = 15000, radius = 24320
05-24 01:12:01.203 D/SLocation( 2765): SLocationCoreSem - send to coreSem, packet length : 16 / [16, 58, 152, 22, 152, 92, 249, 76, 64, 254, 253, 0, 0, 95, 0, 1]
05-24 01:12:01.203 D/SemContextLocationCoreAttribute( 2765): setAttribute() mode : 0 action : 23
05-24 01:12:01.203 D/SemContextService( 2765): lock : changeParameters
05-24 01:12:01.203 D/SemContext.CaeProvider.LocationCoreImpl( 2765): setAttribute() mode : 0 action : 23
05-24 01:12:01.203 W/CAE     ( 2765): setCAProperty(ContextAwareService.java:509) - [setProperty 01] Mutex is locked for SLOCATION_RUNNER
05-24 01:12:01.203 I/CAE     ( 2765): setPropertyValue(SLocationRunner.java:116) - SLocationRunner setProperty header : 16, len : 16
05-24 01:12:01.203 D/SensorService( 2765): setSContextDataLocked ints length 6 , byte length 19
05-24 01:12:01.203 D/SensorService( 2765): setSContextDataLocked 103717c1
05-24 01:12:01.204 I/sensors-hal( 1942): inject_sensor_data:555, handle 1501 send inject
05-24 01:12:01.204 I/sensors-hal( 1942): sendContextData:285, sensor hal 19, (0xc1, 0x17, 0x37, 0x10)
05-24 01:12:01.204 E/sensors-hal( 1942): sendContextData:131, slocationcore h 193 m 23 s 55
05-24 01:12:01.204 I/sensors-hal( 1942): sendUserData:117, slocationcore sendUserData
05-24 01:12:01.205 E/sensors-hal( 1942): create_send_context_data:62, slocationcore create_send_context_data
05-24 01:12:01.205 I/sensors-hal( 1942): send_context_data:618, slocationcore, 4986366670857974562, 1320970896291267344, msgid:700
05-24 01:12:01.205 I/sensors-hal( 1942): ssc_conn_resp_cb:833, resp_value = 0
05-24 01:12:01.205 W/CAE     ( 2765): setCAProperty(ContextAwareService.java:515) - [setProperty 02] Mutex is unlocked for SLOCATION_RUNNER
05-24 01:12:01.205 D/SemContextService( 2765): unlock : changeParameters
05-24 01:12:01.205 D/SemContextManager( 2765):   .changeParameters : listener = Z.i@daece44, service=SLocation Core
05-24 01:12:01.205 E/sensors-hal( 1942): handle_sns_client_event:76, slocationcore_event: msgid:1025
05-24 01:12:01.205 D/ActivityManager( 2765): Received SERVICE intent 0x3dae944 Key{startService pkg=com.google.android.gms/current_semantic_location intent=act=com.google.android.gms.semanticlocation.ACTION_LOCATION xflg=0x4 cmp=com.google.android.gms/.semanticlocation.service.SemanticLocationService flags=0x2000000 u=0} requestCode=0 from uid 10245
05-24 01:12:01.206 I/sensors-hal( 1942): ssc_conn_resp_cb:833, resp_value = 0
05-24 01:12:01.206 D/CAE     ( 2765): onGetSensorHubData(SensorHubParserProvider.java:92) - onGetSensorHubData Event [event buffer len :10], AP_WAKEUP
05-24 01:12:01.206 I/CAE     ( 2765): parse(SensorHubParserProvider.java:188) - buffer size = 10
05-24 01:12:01.206 E/sensors-hal( 1942): handle_sns_client_event:76, slocationcore_event: msgid:1025
05-24 01:12:01.206 I/CAE     ( 2765): parse(SensorHubParserProvider.java:199) - 1, 1, 55, 0, 5, 2, 17, 0, 58, -104,
05-24 01:12:01.206 I/CAE     ( 2765): parse(SLocationRunner.java:88) - SLocationRunner parse start : 3
05-24 01:12:01.206 D/CAE     ( 2765): display(ContextProvider.java:375) - ================= SLOCATION_RUNNER =================
05-24 01:12:01.206 I/CAE     ( 2765): display(ContextProvider.java:391) - ExtraDataArray=[1, 1, 55, 0, 5, 2, 17, 0, 58, -104]
05-24 01:12:01.206 I/CAE     ( 2765): parse(SLocationRunner.java:96) - SLocationRunner parse end:10
05-24 01:12:01.206 D/SemContextService( 2765): Service.updateContext() : service = SLocation Core
05-24 01:12:01.207 D/CAE     ( 2765): onGetSensorHubData(SensorHubParserProvider.java:92) - onGetSensorHubData Event [event buffer len :10], AP_WAKEUP
05-24 01:12:01.207 I/CAE     ( 2765): parse(SensorHubParserProvider.java:188) - buffer size = 10
05-24 01:12:01.207 I/CAE     ( 2765): parse(SensorHubParserProvider.java:199) - 1, 1, 55, 0, 5, 2, 16, 0, 58, -104,
05-24 01:12:01.207 I/CAE     ( 2765): parse(SLocationRunner.java:88) - SLocationRunner parse start : 3
05-24 01:12:01.207 D/CAE     ( 2765): display(ContextProvider.java:375) - ================= SLOCATION_RUNNER =================
05-24 01:12:01.207 I/CAE     ( 2765): display(ContextProvider.java:391) - ExtraDataArray=[1, 1, 55, 0, 5, 2, 16, 0, 58, -104]
05-24 01:12:01.207 D/SemContextService( 2765): Service.updateContext() : service = SLocation Core
05-24 01:12:01.207 I/CAE     ( 2765): parse(SLocationRunner.java:96) - SLocationRunner parse end:10
05-24 01:12:01.207 I/[CE]_ActivityDataManagerImpl(16387): loadState - StayInfo loaded
05-24 01:12:01.207 D/SemContextManager( 2765): onSemContextChanged() : event = SLocation Core
05-24 01:12:01.208 D/SLocation( 2765): SensorHubWrapper - SemContextChanged type = 47, packet received
05-24 01:12:01.208 D/SemContextManager( 2765): onSemContextChanged() : event = SLocation Core
05-24 01:12:01.208 D/SLocation( 2765): SensorHubWrapper - SemContextChanged type = 47, packet received
05-24 01:12:01.208 D/SemContextManager( 2765): onSemContextChanged() : event = SLocation Core
05-24 01:12:01.208 D/SLocation( 2765): SensorHubWrapper - SemContextChanged type = 47, packet received
05-24 01:12:01.208 D/SemContextManager( 2765): onSemContextChanged() : event = SLocation Core
05-24 01:12:01.208 D/SLocation( 2765): SensorHubWrapper - SemContextChanged type = 47, packet received
05-24 01:12:01.208 D/SemContextManager( 2765): onSemContextChanged() : event = SLocation Core
05-24 01:12:01.208 D/SLocation( 2765): SensorHubWrapper - SemContextChanged type = 47, packet received
05-24 01:12:01.208 D/SemContextManager( 2765): onSemContextChanged() : event = SLocation Core
05-24 01:12:01.208 D/SLocation( 2765): SensorHubWrapper - SemContextChanged type = 47, packet received
05-24 01:12:01.208 D/SLocation( 2765): GeofenceCoreManager - received Extra Data from core, len : 51
05-24 01:12:01.208 D/SLocation( 2765): CommonCoreManager - received Extra Data from core, len : 51
05-24 01:12:01.208 D/SLocation( 2765): GeofenceCoreManager - received Extra Data from core, len : 33
05-24 01:12:01.208 D/SLocation( 2765): ARDistanceGetARDistance - convertSensorHubTimeToElapsedTime 331976568
05-24 01:12:01.208 D/SLocation( 2765): CommonCoreManager - received Extra Data from core, len : 33
05-24 01:12:01.208 D/SLocation( 2765): GeofenceCoreManager - received Extra Data from core, len : 5
05-24 01:12:01.208 D/SLocation( 2765): GeofenceCoreManager - handleCommandCallback - UNKNOWN_CALLBACK 34 SUCCESS
05-24 01:12:01.208 D/SLocation( 2765): ARDistanceLibManager - command callback received - CURRENT_LOCATION_REQUEST_DISTANCE ERROR CODE : ERROR_NONE
05-24 01:12:01.208 D/SLocation( 2765): CommonCoreManager - received Extra Data from core, len : 5
05-24 01:12:01.208 D/SLocation( 2765): GeofenceCoreManager - received Extra Data from core, len : 5
05-24 01:12:01.208 D/SLocation( 2765): GeofenceCoreManager - handleCommandCallback - UNKNOWN_CALLBACK 2 SUCCESS
05-24 01:12:01.208 D/SLocation( 2765): CommonCoreManager - received Extra Data from core, len : 5
05-24 01:12:01.208 D/SLocation( 2765): CommonCoreManager - handleCommandCallback - FUNC_TYPE : SET_LOCATION  ERROR_CODE : ERROR_NONE
05-24 01:12:01.208 W/Settings( 2765): Setting airplane_mode_on has moved from android.provider.Settings.System to android.provider.Settings.Global, returning read-only value.
05-24 01:12:01.210 D/[CE]_CellInfoUtils(16387): checkCellInfoCondition - Current connected CellInfo is LTE
05-24 01:12:01.210 D/[CE]_CellInfoUtils(16387): checkCellInfoCondition - Current connected CellInfo is LTE
05-24 01:12:01.210 D/[CE]_ActivityDataManagerImpl(16387): isInStayCondition - currentMoveType: stationary, Cellular condition: true
05-24 01:12:01.210 I/[CE]_ActivityDataManagerImpl(16387): Scan receiver - Stay detected - start time : 1779532931696, end time : 1779552721208, timestamp : 1779552721208
05-24 01:12:01.211 V/[CE]_Utils(16387): saveAsYaml - hit!
05-24 01:12:01.212 W/Settings( 2765): Setting airplane_mode_on has moved from android.provider.Settings.System to android.provider.Settings.Global, returning read-only value.
05-24 01:12:01.212 D/BoundBrokerSvc(24302): onRebind: Intent { act=com.google.android.gms.auth.aang.events.services.START dat=chimera-action:/... xflg=0x4 cmp=com.google.android.gms/.chimera.PersistentApiService }
05-24 01:12:01.212 D/SLocation( 2765): FilteredLastLocation - notify all last locations, loc : 1
05-24 01:12:01.212 D/SLocation( 2765): GeofenceCoreManager - received Extra Data from core, len : 5
05-24 01:12:01.212 D/SLocation( 2765): GeofenceCoreManager - handleCommandCallback - GEOFENCE_REMOVE SUCCESS
05-24 01:12:01.212 I/SLocation( 2765): SHardwareManager - handleRemoveCallback : GEOFENCE_SUCCESS, id = 15000
05-24 01:12:01.212 D/SLocation( 2765): CommonCoreManager - received Extra Data from core, len : 5
05-24 01:12:01.213 D/SLocation( 2765): GeofenceCoreManager - received Extra Data from core, len : 5
05-24 01:12:01.213 D/SLocation( 2765): GeofenceCoreManager - handleCommandCallback - GEOFENCE_ADD SUCCESS
05-24 01:12:01.213 I/SLocation( 2765): SHardwareManager - handleAddCallback : GEOFENCE_SUCCESS id = 15000
05-24 01:12:01.213 D/SLocation( 2765): CommonCoreManager - received Extra Data from core, len : 5
05-24 01:12:01.213 D/[CE]_Utils(16387): saveAsYaml - updated!
05-24 01:12:01.213 D/[CE]_ActivityDataManagerImpl(16387): onReceive - onReceive(ActivityDataManager)onReceive: Activity=stationary, Timestamp=1779552721208, PCI=0, pciSet=142,143
05-24 01:12:01.213 I/[CE]_RealtimeMovingContextProvider(16387): onReceive - Not started
05-24 01:12:01.222 I/TFLite-in-PlayServices(24302): Created interpreter.
05-24 01:12:01.229 I/TFLite-in-PlayServices(24302): Created interpreter.
05-24 01:12:01.235 I/SemanticLocation(24302): (REDACTED) [Inferrer] %s%s
05-24 01:12:01.297 I/TFLite-in-PlayServices(24302): Created interpreter.
05-24 01:12:01.302 I/TFLite-in-PlayServices(24302): Created interpreter.
05-24 01:12:01.308 I/SemanticLocation(24302): (REDACTED) [Inferrer] %s%s
05-24 01:12:01.693 D/SLocation( 2765): WifiBssidMonitor - requestRefresh
05-24 01:12:01.693 W/SLocation( 2765): WifiBssidMonitor - connected wifi : (16:e6:6b:**:**:82/759)
05-24 01:12:02.007 D/WifiStaIfaceHidlImpl( 2765): getCachedScanData is not implemented by HIDL
05-24 01:12:02.027 E/HeatmapThread( 2062): ECT Thread time in milliseconds: 1779552722
05-24 01:12:02.027 D/HeatmapThread( 2062): !@ batteryplugType : 0
05-24 01:12:02.027 D/HeatmapThread( 2062): !@ batteryLevel : 0  batteryTemperature : 0 
05-24 01:12:02.027 D/HeatmapThread( 2062): !@ Heatmap currtime: 29659212
05-24 01:12:02.027 D/HeatmapThread( 2062): !@ Heatmap prevtime: 29659196
05-24 01:12:02.027 D/HeatmapThread( 2062): !@ Heatmap plugstarttime: 35791394
05-24 01:12:02.027 D/HeatmapThread( 2062): !@ Heatmap prevv_dsoh_update_time: 29653376
05-24 01:12:02.027 E/HeatmapThread( 2062): !@Could not open '/efs/FactoryApp/bsoh', errno = 13
05-24 01:12:02.027 E/HeatmapThread( 2062): !@ CAM Could not access BSOH EFS
05-24 01:12:02.027 E/HeatmapThread( 2062): !@ CAM New BSOH: 0
05-24 01:12:02.033 D/SemWifiUsabilityStatsMonitor( 2765): onWifiUsabilityStats - seqNum 96876, isSameBssidAndFreq true
05-24 01:12:02.034 I/SemWifiLinkQualityMonitor( 2765): Link stat: 734 / 48 / 1.00 (7) / 1200 / -29.0 || 100.0 : 1200.00 / 0.5 : 1.00 / 0.55 : 0.07 / G (G) || 6b020a812412: 0.084 / 95.574 / N || N N / 0 0 / N 2.0 / N X 0 / 340445118 0 || 2026-05-24 01:12:01  / 0: 0 0 0 0 0 0 / 0: 0 0 0 0 0 0 / 0: 0 0 0 0 0 0
05-24 01:12:02.216 D/BoundBrokerSvc(24302): onRebind: Intent { act=com.google.android.gms.libs.gmscorelogger.service.START dat=chimera-action:/... xflg=0x4 cmp=com.google.android.gms/.chimera.PersistentDirectBootAwareApiService }
05-24 01:12:02.456 D/SatelliteController( 3655): isInCarrierRoamingNbIotNtn: satellite is disabled
05-24 01:12:02.538 I/sensors-hal( 1942): handle_sns_client_event:185, auto_rotation_debug_2 mode,255, type,1,0 acc,0.086,-0.117,9.897, ar,0, ver,14, pedo,1,e,1,i,3
05-24 01:12:02.767 I/sensors-hal( 1942): handle_sns_client_event:550, [0][1974638] accel_sample [ 0.093, -0.105,  9.896] 350247326641878
05-24 01:12:03.009 I/AfterimageCompensationService( 2765): AfcThread mLuminance : 487 , AfpcPeriodCount : 1958 , rotation : 0 , AOD : false
05-24 01:12:03.010 I/SurfaceComposerClient( 2765): captureDisplay:Display-4630947232161729154
05-24 01:12:03.012 I/SurfaceFlinger( 2066): Capture layer list: 	 com.parkcheolhong.worldlinco/com.parkcheolhong.worldlinco.MainActivity$_20825#40977(seamlessTransition:0)
05-24 01:12:03.013 I/SurfaceFlinger( 2066): Capture layer list: 	 StatusBar$_3697#118(seamlessTransition:0)
05-24 01:12:03.013 I/SurfaceFlinger( 2066): Capture layer list: 	 com.sec.android.app.launcher/com.samsung.app.honeyspace.edge.edgepanel.app.CocktailBarService$_4253#40986(seamlessTransition:0)
05-24 01:12:03.013 I/SurfaceFlinger( 2066): Capture layer list: 	 NavigationBar0$_3697#114(seamlessTransition:0)
05-24 01:12:03.013 I/CompositionEngine( 2066): [setDisplaySize] size=(1440, 3088)
05-24 01:12:03.013 E/HWComposer( 2066): getLuts: getLuts failed for display 4630947232161729154: UNSUPPORTED (8)
05-24 01:12:03.016 D/RenderEngine( 2066): [SEC_SF_EFFECTS] drawLayersInternal,1483, Rendering layer ScreenCaptureFillLayer at index 0
05-24 01:12:03.016 D/RenderEngine( 2066): [SEC_SF_EFFECTS] drawLayersInternal,1483, Rendering layer com.parkcheolhong.worldlinco/com.parkcheolhong.worldlinco.MainActivity$_20825#40977 at index 1
05-24 01:12:03.016 D/RenderEngine( 2066): [SEC_SF_EFFECTS] drawLayersInternal,1483, Rendering layer StatusBar$_3697#118 at index 2
05-24 01:12:03.016 D/RenderEngine( 2066): [SEC_SF_EFFECTS] drawLayersInternal,1483, Rendering layer com.sec.android.app.launcher/com.samsung.app.honeyspace.edge.edgepanel.app.CocktailBarService$_4253#40986 at index 3
05-24 01:12:03.017 D/RenderEngine( 2066): [SEC_SF_EFFECTS] drawLayersInternal,1483, Rendering layer NavigationBar0$_3697#114 at index 4
05-24 01:12:03.020 I/ContactsProvider( 5396): [P] onTrimMemory-success
05-24 01:12:03.025 D/system_server( 2765): mAFPC_Read - w = 1440, h = 3088, s = 32, f = 4, s_size = 18182144, luminance = 487, count = 1958, captureOrientation = 0
05-24 01:12:03.027 E/HeatmapThread( 2062): ECT Thread time in milliseconds: 1779552723
05-24 01:12:03.027 D/HeatmapThread( 2062): !@ batteryplugType : 0
05-24 01:12:03.027 D/HeatmapThread( 2062): !@ batteryLevel : 0  batteryTemperature : 0 
05-24 01:12:03.027 D/HeatmapThread( 2062): !@ Heatmap currtime: 29659212
05-24 01:12:03.027 D/HeatmapThread( 2062): !@ Heatmap prevtime: 29659196
05-24 01:12:03.027 D/HeatmapThread( 2062): !@ Heatmap plugstarttime: 35791394
05-24 01:12:03.027 D/HeatmapThread( 2062): !@ Heatmap prevv_dsoh_update_time: 29653376
05-24 01:12:03.027 E/HeatmapThread( 2062): !@Could not open '/efs/FactoryApp/bsoh', errno = 13
05-24 01:12:03.027 E/HeatmapThread( 2062): !@ CAM Could not access BSOH EFS
05-24 01:12:03.027 E/HeatmapThread( 2062): !@ CAM New BSOH: 0
05-24 01:12:03.099 D/io_stats( 1146): !@   8,0 r 27164614 581658232 w 10339130 147869392 d 3394976 167764408 f 0 802217 iot 12908240 0 th 0 0 0 pt 0 inp 0 0 340446.184
05-24 01:12:03.223 D/SatelliteController( 3655): isInCarrierRoamingNbIotNtn: satellite is disabled
05-24 01:12:03.526 I/SemWifiServiceDetector( 2765): Service det. suspended: T / T / 27646
05-24 01:12:03.798 D/NetdEventListenerService( 2765): CSC Feature value: true
05-24 01:12:03.798 D/NetdEventListenerService( 2765): CSC Feature value: true
05-24 01:12:03.799 D/NetdEventListenerService( 2765): CSC Feature value: true
05-24 01:12:03.800 D/NetdEventListenerService( 2765): DNS Requested by 213, 10512(com.microsoft.copilot), 4(FAIL), isBlocked=true, 0ms
05-24 01:12:04.027 E/HeatmapThread( 2062): ECT Thread time in milliseconds: 1779552724
05-24 01:12:04.027 D/HeatmapThread( 2062): !@ batteryplugType : 0
05-24 01:12:04.027 D/HeatmapThread( 2062): !@ batteryLevel : 0  batteryTemperature : 0 
05-24 01:12:04.027 D/HeatmapThread( 2062): !@ Heatmap currtime: 29659212
05-24 01:12:04.027 D/HeatmapThread( 2062): !@ Heatmap prevtime: 29659196
05-24 01:12:04.027 D/HeatmapThread( 2062): !@ Heatmap plugstarttime: 35791394
05-24 01:12:04.027 D/HeatmapThread( 2062): !@ Heatmap prevv_dsoh_update_time: 29653376
05-24 01:12:04.028 E/HeatmapThread( 2062): !@Could not open '/efs/FactoryApp/bsoh', errno = 13
05-24 01:12:04.028 E/HeatmapThread( 2062): !@ CAM Could not access BSOH EFS
05-24 01:12:04.028 E/HeatmapThread( 2062): !@ CAM New BSOH: 0
05-24 01:12:04.669 D/NetdEventListenerService( 2765): DNS Requested by 213, 10125(com.instagram.android), 4(FAIL), isBlocked=true, 0ms
05-24 01:12:04.669 E/msys    (21704): E[N mns:DGWClient]_LogError(289)=>Failed to resolve using system DNS resolver, getaddrinfo(): No address associated with hostname
05-24 01:12:04.674 E/msys    (21704): E[N mns:DGWClient]_LogError(289)=>Failed to resolve using system DNS resolver, getaddrinfo(): No address associated with hostname
05-24 01:12:04.674 D/NetdEventListenerService( 2765): DNS Requested by 213, 10125(com.instagram.android), 4(FAIL), isBlocked=true, 0ms
05-24 01:12:04.715 D/SemCellularStateManager( 2765): onSignalStrengthsChanged: mCellularSignalLevel=4
05-24 01:12:04.715 D/SatelliteController( 3655): isInCarrierRoamingNbIotNtn: satellite is disabled
05-24 01:12:04.794 I/sensors-hal( 1942): handle_sns_client_event:550, [0][1974847] accel_sample [ 0.086, -0.112,  9.879] 350249332838961
05-24 01:12:04.904 D/NetdEventListenerService( 2765): DNS Requested by 213, 10410(com.ss.android.ugc.trill), 4(FAIL), isBlocked=true, 0ms
05-24 01:12:05.027 E/HeatmapThread( 2062): ECT Thread time in milliseconds: 1779552725
05-24 01:12:05.027 D/HeatmapThread( 2062): !@ batteryplugType : 0
05-24 01:12:05.027 D/HeatmapThread( 2062): !@ batteryLevel : 0  batteryTemperature : 0 
05-24 01:12:05.027 D/HeatmapThread( 2062): !@ Heatmap currtime: 29659212
05-24 01:12:05.027 D/HeatmapThread( 2062): !@ Heatmap prevtime: 29659196
05-24 01:12:05.027 D/HeatmapThread( 2062): !@ Heatmap plugstarttime: 35791394
05-24 01:12:05.027 D/HeatmapThread( 2062): !@ Heatmap prevv_dsoh_update_time: 29653376
05-24 01:12:05.027 E/HeatmapThread( 2062): !@Could not open '/efs/FactoryApp/bsoh', errno = 13
05-24 01:12:05.027 E/HeatmapThread( 2062): !@ CAM Could not access BSOH EFS
05-24 01:12:05.027 E/HeatmapThread( 2062): !@ CAM New BSOH: 0
05-24 01:12:05.084 D/WifiStaIfaceHidlImpl( 2765): getCachedScanData is not implemented by HIDL
05-24 01:12:05.100 D/io_stats( 1146): !@   8,0 r 27164739 581673076 w 10339211 147870512 d 3394976 167764408 f 0 802219 iot 12908468 0 th 0 0 0 pt 0 inp 0 0 340448.184
05-24 01:12:05.100 D/io_stats( 1146): !@ Read_top(KB): rosoft.skydrive(23292) 14840 rs.media.module(6601) 4 sung.android.ce(16387) 4
05-24 01:12:05.100 D/io_stats( 1146): !@ Write_top(KB): kworker/u16:2(14291) 768 droid.ugc.trill(25279) 328 droid.rubin.app(29590) 68
05-24 01:12:05.113 D/SemWifiUsabilityStatsMonitor( 2765): onWifiUsabilityStats - seqNum 96877, isSameBssidAndFreq true
05-24 01:12:05.114 I/sensors-hal( 1942): handle_sns_std_sensor_event:311, [SSC_LIGHT] P: 44(44),m:7,c:1,b:250,c0:2496,l:44,f(r):82,u(bl):101,j:37
05-24 01:12:05.116 I/SemWifiLinkQualityMonitor( 2765): Link stat: 527 / 49 / 1.00 (3) / 1200 / -29.0 || 100.0 : 1200.00 / 0.5 : 1.00 / 0.55 : 0.09 / G (G) || 6b020a812412: 0.086 / 92.972 / N || N N / 0 0 / N 2.0 / N X 0 / 340448198 0 || 2026-05-24 01:12:05  / 0: 0 0 0 0 0 0 / 0: 0 0 0 0 0 0 / 0: 0 0 0 0 0 0
05-24 01:12:05.537 I/wpa_supplicant(10796): Heartbeat 33567
05-24 01:12:05.684 D/NetdEventListenerService( 2765): DNS Requested by 213, 10125(com.instagram.android), 4(FAIL), isBlocked=true, 0ms
05-24 01:12:05.686 E/msys    (21704): E[N mns:DGWClient]_LogError(289)=>Failed to resolve using system DNS resolver, getaddrinfo(): No address associated with hostname
05-24 01:12:05.779 D/WifiConnectivityMonitor.NetworkStatsAnalyzer( 2765): Backhaul result - RSSI:-29, CE:13, PE:13, TI:36, PTI:36, TW:0, PTW:0, Tx:36, Rx:81, TxS:13, RxS:5, RESULT:true, IC:3, ICT:5, WC:2, WCT:5, R:0, RC:0, IE:0, EC:0
05-24 01:12:06.027 E/HeatmapThread( 2062): ECT Thread time in milliseconds: 1779552726
05-24 01:12:06.027 D/HeatmapThread( 2062): !@ batteryplugType : 0
05-24 01:12:06.027 D/HeatmapThread( 2062): !@ batteryLevel : 0  batteryTemperature : 0 
05-24 01:12:06.027 D/HeatmapThread( 2062): !@ Heatmap currtime: 29659212
05-24 01:12:06.027 D/HeatmapThread( 2062): !@ Heatmap prevtime: 29659196
05-24 01:12:06.027 D/HeatmapThread( 2062): !@ Heatmap plugstarttime: 35791394
05-24 01:12:06.027 D/HeatmapThread( 2062): !@ Heatmap prevv_dsoh_update_time: 29653376
05-24 01:12:06.027 E/HeatmapThread( 2062): !@Could not open '/efs/FactoryApp/bsoh', errno = 13
05-24 01:12:06.027 E/HeatmapThread( 2062): !@ CAM Could not access BSOH EFS
05-24 01:12:06.027 E/HeatmapThread( 2062): !@ CAM New BSOH: 0
05-24 01:12:06.223 I/NSLocationMonitor( 2765): getGPSUsingApps() called
05-24 01:12:06.224 I/NSLocationManager_FLP( 4527): getGPSUsingApps, No change
05-24 01:12:06.230 W/Binder  ( 2765): Outgoing transactions from this process must be FLAG_ONEWAY
05-24 01:12:06.230 W/Binder  ( 2765): java.lang.Throwable
05-24 01:12:06.230 W/Binder  ( 2765): 	at android.os.BinderProxy.transact(BinderProxy.java:566)
05-24 01:12:06.230 W/Binder  ( 2765): 	at android.bluetooth.IBluetoothGatt$Stub$Proxy.getAdvertisingSetUids(IBluetoothGatt.java:1678)
05-24 01:12:06.230 W/Binder  ( 2765): 	at android.bluetooth.BluetoothAdapter.getAdvertisingSetUids(BluetoothAdapter.java:8476)
05-24 01:12:06.230 W/Binder  ( 2765): 	at android.bluetooth.BluetoothAdapter.getHWUsingApps(BluetoothAdapter.java:1342)
05-24 01:12:06.230 W/Binder  ( 2765): 	at com.android.server.am.mars.filter.filter.BlueToothConnectedFilter.updateBTUsingPackages(qb/106571952 c4c4375f2809767d35c3924eb0560cb9c53861c2af8e84225184923cb2856e18:22)
05-24 01:12:06.230 W/Binder  ( 2765): 	at com.android.server.am.FreecessController.freeze(qb/106571952 c4c4375f2809767d35c3924eb0560cb9c53861c2af8e84225184923cb2856e18:117)
05-24 01:12:06.230 W/Binder  ( 2765): 	at com.android.server.am.FreecessHandler$MainHandler.handleLcdOnFreeze(qb/106571952 c4c4375f2809767d35c3924eb0560cb9c53861c2af8e84225184923cb2856e18:55)
05-24 01:12:06.230 W/Binder  ( 2765): 	at com.android.server.am.FreecessHandler$MainHandler.handleMessage(qb/106571952 c4c4375f2809767d35c3924eb0560cb9c53861c2af8e84225184923cb2856e18:793)
05-24 01:12:06.230 W/Binder  ( 2765): 	at android.os.Handler.dispatchMessage(Handler.java:110)
05-24 01:12:06.230 W/Binder  ( 2765): 	at android.os.Looper.loopOnce(Looper.java:273)
05-24 01:12:06.230 W/Binder  ( 2765): 	at android.os.Looper.loop(Looper.java:363)
05-24 01:12:06.230 W/Binder  ( 2765): 	at android.os.HandlerThread.run(HandlerThread.java:85)
05-24 01:12:06.238 D/FreecessController( 2765): FZ : com.openai.chatgpt(10670) [28558] reason: Bg [cached:X
05-24 01:12:06.238 D/FreecessHandler( 2765): freeze com.openai.chatgpt(10670) result : 0
05-24 01:12:06.239 W/LocationManagerService( 2765): onFreezeStateChanged, uid[10670]=true
05-24 01:12:06.239 I/PowerManagerService( 2765): [PWL] SetWakeLockEnableDisable uid = 10670 , disable= true
05-24 01:12:06.239 I/PowerManagerService( 2765): [PWL] can not change uid =  10670
05-24 01:12:06.314 I/SDHMS:LOAD( 6703): type: LoadsFreqs, value: 2:0:0:932351:2995200:806400:673536:2496000:633600:285:285:285
05-24 01:12:06.530 I/SemWifiServiceDetector( 2765): Service det. resumed: T / T / 27646
05-24 01:12:06.711 D/SatelliteController( 3655): isInCarrierRoamingNbIotNtn: satellite is disabled
05-24 01:12:06.790 I/sensors-hal( 1942): handle_sns_client_event:550, [0][1975056] accel_sample [ 0.091, -0.122,  9.892] 350251339037086
05-24 01:12:07.027 E/HeatmapThread( 2062): ECT Thread time in milliseconds: 1779552727
05-24 01:12:07.027 D/HeatmapThread( 2062): !@ batteryplugType : 0
05-24 01:12:07.027 D/HeatmapThread( 2062): !@ batteryLevel : 0  batteryTemperature : 0 
05-24 01:12:07.027 D/HeatmapThread( 2062): !@ Heatmap currtime: 29659212
05-24 01:12:07.027 D/HeatmapThread( 2062): !@ Heatmap prevtime: 29659196
05-24 01:12:07.027 D/HeatmapThread( 2062): !@ Heatmap plugstarttime: 35791394
05-24 01:12:07.027 D/HeatmapThread( 2062): !@ Heatmap prevv_dsoh_update_time: 29653376
05-24 01:12:07.027 E/HeatmapThread( 2062): !@Could not open '/efs/FactoryApp/bsoh', errno = 13
05-24 01:12:07.027 E/HeatmapThread( 2062): !@ CAM Could not access BSOH EFS
05-24 01:12:07.027 E/HeatmapThread( 2062): !@ CAM New BSOH: 0
05-24 01:12:07.102 D/io_stats( 1146): !@   8,0 r 27165981 581825096 w 10339219 147870536 d 3394976 167764408 f 0 802221 iot 12910172 0 th 0 0 0 pt 0 inp 0 1 340450.186
05-24 01:12:07.102 D/io_stats( 1146): !@ MemInfo(KB): total 11473780 free 245104 avail 4592364 actv(f) 1844472 inactv(f) 1682960 dirty 220 wb 0 anonpg 2595264 slab 791004
05-24 01:12:08.027 E/HeatmapThread( 2062): ECT Thread time in milliseconds: 1779552728
05-24 01:12:08.027 D/HeatmapThread( 2062): !@ batteryplugType : 0
05-24 01:12:08.027 D/HeatmapThread( 2062): !@ batteryLevel : 0  batteryTemperature : 0 
05-24 01:12:08.027 D/HeatmapThread( 2062): !@ Heatmap currtime: 29659212
05-24 01:12:08.027 D/HeatmapThread( 2062): !@ Heatmap prevtime: 29659196
05-24 01:12:08.027 D/HeatmapThread( 2062): !@ Heatmap plugstarttime: 35791394
05-24 01:12:08.027 D/HeatmapThread( 2062): !@ Heatmap prevv_dsoh_update_time: 29653376
05-24 01:12:08.027 E/HeatmapThread( 2062): !@Could not open '/efs/FactoryApp/bsoh', errno = 13
05-24 01:12:08.027 E/HeatmapThread( 2062): !@ CAM Could not access BSOH EFS
05-24 01:12:08.027 E/HeatmapThread( 2062): !@ CAM New BSOH: 0
05-24 01:12:08.161 D/WifiStaIfaceHidlImpl( 2765): getCachedScanData is not implemented by HIDL
05-24 01:12:08.192 D/SemWifiUsabilityStatsMonitor( 2765): onWifiUsabilityStats - seqNum 96878, isSameBssidAndFreq true
05-24 01:12:08.194 I/SemWifiLinkQualityMonitor( 2765): Link stat: 627 / 55 / 1.00 (5) / 1200 / -29.0 || 100.0 : 1200.00 / 0.5 : 1.00 / 0.55 : 0.09 / G (G) || 6b020a812412: 0.086 / 93.469 / N || N N / 0 0 / N 2.0 / N X 0 / 340451277 0 || 2026-05-24 01:12:08  / 0: 0 0 0 0 0 0 / 0: 0 0 0 0 0 0 / 0: 0 0 0 0 0 0
05-24 01:12:08.787 I/sensors-hal( 1942): handle_sns_client_event:550, [0][1975265] accel_sample [ 0.087, -0.109,  9.891] 350253345236253
05-24 01:12:09.027 E/HeatmapThread( 2062): ECT Thread time in milliseconds: 1779552729
05-24 01:12:09.027 D/HeatmapThread( 2062): !@ batteryplugType : 0
05-24 01:12:09.027 D/HeatmapThread( 2062): !@ batteryLevel : 0  batteryTemperature : 0 
05-24 01:12:09.028 D/HeatmapThread( 2062): !@ Heatmap currtime: 29659212
05-24 01:12:09.028 D/HeatmapThread( 2062): !@ Heatmap prevtime: 29659196
05-24 01:12:09.028 D/HeatmapThread( 2062): !@ Heatmap plugstarttime: 35791394
05-24 01:12:09.028 D/HeatmapThread( 2062): !@ Heatmap prevv_dsoh_update_time: 29653376
05-24 01:12:09.028 E/HeatmapThread( 2062): !@Could not open '/efs/FactoryApp/bsoh', errno = 13
05-24 01:12:09.028 E/HeatmapThread( 2062): !@ CAM Could not access BSOH EFS
05-24 01:12:09.028 E/HeatmapThread( 2062): !@ CAM New BSOH: 0
05-24 01:12:09.104 D/io_stats( 1146): !@   8,0 r 27166904 581936320 w 10339230 147870620 d 3394976 167764408 f 0 802221 iot 12911432 0 th 0 0 0 pt 0 inp 0 0 340452.189
05-24 01:12:09.104 D/io_stats( 1146): !@ Read_top(KB): rosoft.skydrive(23292) 263244
05-24 01:12:09.105 D/io_stats( 1146): !@ Write_top(KB): kworker/u16:2(14291) 76 soft.appmanager(18483) 16 id.gms.unstable(25852) 8
05-24 01:12:09.280 I/HYPER-HAL( 1949): [RequestManager.cpp]releaseLocked(): Released ID : 3885100
05-24 01:12:09.294 D/NetdEventListenerService( 2765): DNS Requested by 213, 10481(com.hanaskcard.paycla), 4(FAIL), isBlocked=true, 0ms
05-24 01:12:09.434 I/sensors-hal( 1942): handle_sns_std_sensor_event:311, [SSC_LIGHT] P: 44(44),m:7,c:1,b:250,c0:2496,l:44,f(r):82,u(bl):101,j:39
05-24 01:12:09.818 E/Watchdog( 2765): !@Sync: 11340 heap(MB): 191 / 226 native(MB): 107 FD: 1450 WaitTime: 0 ms GCcnt: 0 FullGC: 0 [2026-05-24 01:12:09.747]
05-24 01:12:10.027 E/HeatmapThread( 2062): ECT Thread time in milliseconds: 1779552730
05-24 01:12:10.027 D/HeatmapThread( 2062): !@ batteryplugType : 0
05-24 01:12:10.027 D/HeatmapThread( 2062): !@ batteryLevel : 0  batteryTemperature : 0 
05-24 01:12:10.027 D/HeatmapThread( 2062): !@ Heatmap currtime: 29659212
05-24 01:12:10.027 D/HeatmapThread( 2062): !@ Heatmap prevtime: 29659196
05-24 01:12:10.027 D/HeatmapThread( 2062): !@ Heatmap plugstarttime: 35791394
05-24 01:12:10.027 D/HeatmapThread( 2062): !@ Heatmap prevv_dsoh_update_time: 29653376
05-24 01:12:10.027 E/HeatmapThread( 2062): !@Could not open '/efs/FactoryApp/bsoh', errno = 13
05-24 01:12:10.027 E/HeatmapThread( 2062): !@ CAM Could not access BSOH EFS
05-24 01:12:10.027 E/HeatmapThread( 2062): !@ CAM New BSOH: 0
05-24 01:12:10.087 D/vendor.samsung.hardware.thermal@1.0-service( 2012): timer callback!
05-24 01:12:10.114 D/vendor.samsung.hardware.thermal@1.0-service( 2012): frontset.size = 0
05-24 01:12:10.793 I/sensors-hal( 1942): handle_sns_client_event:550, [0][1975474] accel_sample [ 0.090, -0.118,  9.890] 350255351436669
05-24 01:12:10.806 V/CpEventLog(u0)( 5396): [P] cp_state: [                 contacts = {contacts=1120, raw_contacts=2247, data=17289, account={secphone(1)=0, google(2)=1115, sim(3)=500, agg(4)=0, samsung(5)=326, duo(11)=0, com.one.onestore.android(12)=0, google(16)=0, duo(56)=306, mobileservice(80)=0, com.nhn.android.addressbookbackup(125)=0, com.dropbox.android.account(126)=0, com.microsoft.skydrive(127)=0, com.microsoft.workaccount(129)=0, com.microsoft.workaccount(130)=0, com.microsoft.workaccount(131)=0, com.samsung.android.email(133)=0, com.nhn.android.naveraccount(153)=0, com.microsoft.appmanager(164)=0, com.starmakerinteractive.thevoice.ashes(165)=0, www.instagram.com(171)=0, com.github.android(174)=0, com.github.android(175)=0, com.adobe.creativesdk.foundation.auth.adobeID.DC(176)=0, com.kakao.sdk.kakaotalk.sso.account(177)=0, com.microsoft.office(182)=0}, trash=0, trash_acc={}, trash_sync=0, database=contacts2.db} ]
05-24 01:12:10.806 V/CpEventLog(u0)( 5396): [P] cp_state: [               aggregated = {[2,2,2,3,56]=1, [2,2,3,56]=20, [2,2,3]=52, [2,2,5,5,2,2,2,3]=1, [2,2]=3, [2,3,56]=77, [2,3]=191, [2,5,2,2,3]=1, [2,5,2,3,56]=6, [2,5,2,3]=9, [2,5,3,56]=15, [2,5,3]=24, [2,5,5,2,2,3,56]=1, [2,5,5,2,3,56]=2, [2,5,5,3]=1, [2,5,56]=14, [2,56]=108, [2,5]=40, [2]=317, [3,56]=1, [3]=35, [5,2,2,3,56]=2, [5,2,2,3]=11, [5,2,3,56]=17, [5,2,3]=27, [5,2,56]=12, [5,2]=37, [5,5,2,2,3,56]=4, [5,5,2,2,3]=1, [5,5,2,3,56]=1, [5,56]=25, [5]=64} ]
05-24 01:12:10.806 V/CpEventLog(u0)( 5396): [P] cp_state: [                  request = {ALL(0)={avg=10, cnt=3, dur=31, ops={query=3}}, calendar(14884)={avg=13, cnt=2, dur=26, ops={query=2}}, contacts(9565)={avg=5, cnt=1, dur=5, ops={query=1}}} ]
05-24 01:12:10.806 V/CpEventLog(u0)( 5396): [P] cp_state: [                    calls = {types={[100]=175, [200]=189, [300]=64, [500]=4, [1000]=1540, [1250]=135, [1300]=8}, database=calllog.db} ]
05-24 01:12:10.806 V/CpEventLog(u0)( 5396): [P] cp_state: [                  profile = {contacts=1, raw_contacts=1, data=7, account={secphone(1)=1, google(2)=0, sim(3)=0, agg(4)=0, samsung(5)=0, duo(11)=0, com.one.onestore.android(12)=0, google(16)=0, duo(56)=0, mobileservice(80)=0, com.nhn.android.addressbookbackup(125)=0, com.dropbox.android.account(126)=0, com.microsoft.skydrive(127)=0, com.microsoft.workaccount(129)=0, com.microsoft.workaccount(130)=0, com.microsoft.workaccount(131)=0, com.samsung.android.email(133)=0, com.nhn.android.naveraccount(153)=0, com.microsoft.appmanager(164)=0, com.starmakerinteractive.thevoice.ashes(165)=0, www.instagram.com(171)=0, com.github.android(174)=0, com.github.android(175)=0, com.adobe.creativesdk.foundation.auth.adobeID.DC(176)=0, com.kakao.sdk.kakaotalk.sso.account(177)=0, com.microsoft.office(182)=0}, trash=0, trash_acc={}, trash_sync=0, database=profile.db} ]
05-24 01:12:10.806 V/CpEventLog(u0)( 5396): [P] cp_state: [               sa_profile = {contacts=1, raw_contacts=1, data=8, account={secphone(1)=1, google(2)=0, sim(3)=0, agg(4)=0, samsung(5)=0, duo(11)=0, com.one.onestore.android(12)=0, google(16)=0, duo(56)=0, mobileservice(80)=0, com.nhn.android.addressbookbackup(125)=0, com.dropbox.android.account(126)=0, com.microsoft.skydrive(127)=0, com.microsoft.workaccount(129)=0, com.microsoft.workaccount(130)=0, com.microsoft.workaccount(131)=0, com.samsung.android.email(133)=0, com.nhn.android.naveraccount(153)=0, com.microsoft.appmanager(164)=0, com.starmakerinteractive.thevoice.ashes(165)=0, www.instagram.com(171)=0, com.github.android(174)=0, com.github.android(175)=0, com.adobe.creativesdk.foundation.auth.adobeID.DC(176)=0, com.kakao.sdk.kakaotalk.sso.account(177)=0, com.microsoft.office(182)=0}, trash=0, trash_acc={}, trash_sync=0, database=profile_sa.db} ]
05-24 01:12:10.806 V/CpEventLog(u0)( 5396): [P] cp_state: [                      etc = {binders=0, country_iso=KR, version=15.6.28, db_version=2000, db_size=10, db_wal_size=4, csc=SKT/SKT, sec_enabled=false, is_roaming=false} ]
05-24 01:12:10.806 V/CpEventLog(u0)( 5396): [P] cp_state: ------------------------------------------------------------------------------
05-24 01:12:11.027 E/HeatmapThread( 2062): ECT Thread time in milliseconds: 1779552731
05-24 01:12:11.027 D/HeatmapThread( 2062): !@ batteryplugType : 0
05-24 01:12:11.027 D/HeatmapThread( 2062): !@ batteryLevel : 0  batteryTemperature : 0 
05-24 01:12:11.027 D/HeatmapThread( 2062): !@ Heatmap currtime: 29659212
05-24 01:12:11.027 D/HeatmapThread( 2062): !@ Heatmap prevtime: 29659196
05-24 01:12:11.027 D/HeatmapThread( 2062): !@ Heatmap plugstarttime: 35791394
05-24 01:12:11.027 D/HeatmapThread( 2062): !@ Heatmap prevv_dsoh_update_time: 29653376
05-24 01:12:11.027 E/HeatmapThread( 2062): !@Could not open '/efs/FactoryApp/bsoh', errno = 13
05-24 01:12:11.028 E/HeatmapThread( 2062): !@ CAM Could not access BSOH EFS
05-24 01:12:11.028 E/HeatmapThread( 2062): !@ CAM New BSOH: 0
05-24 01:12:11.105 D/io_stats( 1146): !@   8,0 r 27166904 581936320 w 10339366 147871128 d 3395063 167766096 f 0 802229 iot 12911452 0 th 0 0 0 pt 0 inp 0 0 340454.190
