--------- beginning of main
05-24 01:11:51.399 D/NetdEventListenerService( 2765): DNS Requested by 213, 10512(com.microsoft.copilot), 4(FAIL), isBlocked=true, 0ms
05-24 01:11:51.777 D/NetdEventListenerService( 2765): DNS Requested by 213, 10125(com.instagram.android), 4(FAIL), isBlocked=true, 0ms
05-24 01:11:51.778 E/msys    (21704): E[N mns:DGWClient]_LogError(289)=>Failed to resolve using system DNS resolver, getaddrinfo(): No address associated with hostname
05-24 01:11:52.027 E/HeatmapThread( 2062): ECT Thread time in milliseconds: 1779552712
05-24 01:11:52.027 D/HeatmapThread( 2062): !@ batteryplugType : 0
05-24 01:11:52.027 D/HeatmapThread( 2062): !@ batteryLevel : 0  batteryTemperature : 0 
05-24 01:11:52.027 D/HeatmapThread( 2062): !@ Heatmap currtime: 29659211
05-24 01:11:52.027 D/HeatmapThread( 2062): !@ Heatmap prevtime: 29659196
05-24 01:11:52.027 D/HeatmapThread( 2062): !@ Heatmap plugstarttime: 35791394
05-24 01:11:52.027 D/HeatmapThread( 2062): !@ Heatmap prevv_dsoh_update_time: 29653376
05-24 01:11:52.028 E/HeatmapThread( 2062): !@Could not open '/efs/FactoryApp/bsoh', errno = 13
05-24 01:11:52.028 E/HeatmapThread( 2062): !@ CAM Could not access BSOH EFS
05-24 01:11:52.028 E/HeatmapThread( 2062): !@ CAM New BSOH: 0
05-24 01:11:52.125 D/AndroidRuntime(15008): >>>>>> START com.android.internal.os.RuntimeInit uid 2000 <<<<<<
05-24 01:11:52.128 I/app_process(15008): MMAP_TRYLOCK is supported in uffd errno:2 addr:0x794a286000 size:4096
05-24 01:11:52.129 I/AndroidRuntime(15008): Using default boot image
05-24 01:11:52.129 I/AndroidRuntime(15008): Leaving lock profiling enabled
05-24 01:11:52.131 I/app_process(15008): Using CollectorTypeCMC GC.
05-24 01:11:52.153 I/sensors-hal( 1942): handle_sns_std_sensor_event:311, [SSC_LIGHT] P: 44(44),m:7,c:1,b:250,c0:2496,l:44,f(r):82,u(bl):101,j:37
05-24 01:11:52.183 D/nativeloader(15008): InitDefaultPublicLibraries for_preload=1: libandroid.so:libaaudio.so:libamidi.so:libbinder_ndk.so:libc.so:libcamera2ndk.so:libdl.so:libEGL.so:libGLESv1_CM.so:libGLESv2.so:libGLESv3.so:libicu.so:libicui18n.so:libicuuc.so:libjnigraphics.so:liblog.so:libmediandk.so:libm.so:libnativehelper.so:libnativewindow.so:libOpenMAXAL.so:libOpenSLES.so:libRS.so:libstdc++.so:libsync.so:libvulkan.so:libwebviewchromium_plat_support.so:libz.so
05-24 01:11:52.191 D/nativeloader(15008): Load libicu_jni.so using APEX ns com_android_art for caller /apex/com.android.art/javalib/core-oj.jar: ok
05-24 01:11:52.191 D/app_process(15008): u_setTimeZoneFilesDirectory("/apex/com.android.tzdata/etc/tz/versioned/9/icu") succeeded. 
05-24 01:11:52.191 D/app_process(15008): I18n APEX ICU file found: /apex/com.android.i18n/etc/icu/icudt76l.dat
05-24 01:11:52.193 D/nativeloader(15008): Load libjavacore.so using APEX ns com_android_art for caller /apex/com.android.art/javalib/core-oj.jar: ok
05-24 01:11:52.194 D/nativeloader(15008): Load libopenjdk.so using APEX ns com_android_art for caller /apex/com.android.art/javalib/core-oj.jar: ok
05-24 01:11:52.195 I/app_process(15008): Priority-to-niceness mapping: 19, 16, 13, 10, 0, -2, -4, -5, -6, -8
05-24 01:11:52.208 E/SemDvfsManager_JNI(15008): SemDvfsManager: registerfunction enter
05-24 01:11:52.208 E/SemAffinityControl(15008): SemAffinityControl: registerfunction enter
05-24 01:11:52.220 D/nativeloader(15008): Load libframework-connectivity-tiramisu-jni.so using APEX ns com_android_tethering for caller /apex/com.android.tethering/javalib/framework-connectivity-t.jar: ok
05-24 01:11:52.220 D/AndroidRuntime(15008): Calling main entry com.android.commands.monkey.Monkey
05-24 01:11:52.221 D/nativeloader(15008): Load /system/lib64/libmonkey_jni.so using ns default for caller /system/framework/monkey.jar in same partition (is_bridged=0): ok
05-24 01:11:52.222 W/Monkey  (15008): args: [-p, com.parkcheolhong.worldlinco, -c, android.intent.category.LAUNCHER, 1]
05-24 01:11:52.224 W/PlatformAconfigPackage(15008): android.os.flagging.AconfigStorageReadException: ERROR_CANNOT_READ_STORAGE_FILE: Fail to mmap storage
05-24 01:11:52.224 I/AconfigPackage(15008): com.android.appsearch.flags is mapped to com.android.appsearch
05-24 01:11:52.224 I/AconfigPackage(15008): com.android.media.extractor.flags is mapped to com.android.media
05-24 01:11:52.224 I/AconfigPackage(15008): com.android.media.mainline.flags is mapped to com.android.media
05-24 01:11:52.224 I/AconfigPackage(15008): com.android.cellbroadcastreceiver.flags is mapped to com.android.cellbroadcast
05-24 01:11:52.224 I/AconfigPackage(15008): com.android.icu is mapped to com.android.i18n
05-24 01:11:52.224 I/AconfigPackage(15008): android.os.profiling is mapped to com.android.profiling
05-24 01:11:52.224 I/AconfigPackage(15008): com.android.system.virtualmachine.flags is mapped to com.android.virt
05-24 01:11:52.225 I/AconfigPackage(15008): com.android.healthfitness.flags is mapped to com.android.healthfitness
05-24 01:11:52.225 I/AconfigPackage(15008): android.provider.flags is mapped to com.android.configinfrastructure
05-24 01:11:52.225 I/AconfigPackage(15008): com.android.server.deviceconfig is mapped to com.android.configinfrastructure
05-24 01:11:52.225 I/AconfigPackage(15008): com.android.adbd.flags is mapped to com.android.adbd
05-24 01:11:52.225 I/AconfigPackage(15008): com.android.tethering.mainline.beta is mapped to com.android.tethering
05-24 01:11:52.225 I/AconfigPackage(15008): android.net.http is mapped to com.android.tethering
05-24 01:11:52.225 I/AconfigPackage(15008): com.android.tethering.readonly.flags is mapped to com.android.tethering
05-24 01:11:52.225 I/AconfigPackage(15008): android.net.vcn is mapped to com.android.tethering
05-24 01:11:52.225 I/AconfigPackage(15008): com.android.net.flags is mapped to com.android.tethering
05-24 01:11:52.225 I/AconfigPackage(15008): com.android.tethering.flags is mapped to com.android.tethering
05-24 01:11:52.225 I/AconfigPackage(15008): com.android.tethering.beta.test is mapped to com.android.tethering
05-24 01:11:52.225 I/AconfigPackage(15008): com.android.nearby.flags is mapped to com.android.tethering
05-24 01:11:52.225 I/AconfigPackage(15008): com.android.net.thread.flags is mapped to com.android.tethering
05-24 01:11:52.225 I/AconfigPackage(15008): com.android.net.ct.flags is mapped to com.android.tethering
05-24 01:11:52.225 I/AconfigPackage(15008): com.android.os.statsd.flags is mapped to com.android.os.statsd
05-24 01:11:52.225 I/AconfigPackage(15008): android.uprobestats.mainline.flags is mapped to com.android.uprobestats
05-24 01:11:52.225 I/AconfigPackage(15008): com.android.permission.flags is mapped to com.android.permission
05-24 01:11:52.225 I/AconfigPackage(15008): com.android.permissioncontroller.flags is mapped to com.android.permission
05-24 01:11:52.225 I/AconfigPackage(15008): com.android.org.conscrypt.flags is mapped to com.android.conscrypt
05-24 01:11:52.225 I/AconfigPackage(15008): com.android.org.conscrypt.net.flags is mapped to com.android.conscrypt
05-24 01:11:52.225 I/AconfigPackage(15008): com.android.adservices.flags is mapped to com.android.adservices
05-24 01:11:52.225 I/AconfigPackage(15008): com.android.sdksandbox.flags is mapped to com.android.adservices
05-24 01:11:52.225 I/AconfigPackage(15008): android.media.swcodec.flags is mapped to com.android.media.swcodec
05-24 01:11:52.225 I/AconfigPackage(15008): com.android.art.flags is mapped to com.android.art
05-24 01:11:52.225 I/AconfigPackage(15008): com.android.art.rw.flags is mapped to com.android.art
05-24 01:11:52.225 I/AconfigPackage(15008): com.android.libcore is mapped to com.android.art
05-24 01:11:52.226 I/AconfigPackage(15008): com.android.ipsec.flags is mapped to com.android.ipsec
05-24 01:11:52.226 I/AconfigPackage(15008): com.android.wifi.flags is mapped to com.android.wifi
05-24 01:11:52.226 I/AconfigPackage(15008): com.android.devicelock.flags is mapped to com.android.devicelock
05-24 01:11:52.226 I/AconfigPackage(15008): android.graphics.pdf.flags is mapped to com.android.mediaprovider
05-24 01:11:52.226 I/AconfigPackage(15008): com.android.providers.media.flags is mapped to com.android.mediaprovider
05-24 01:11:52.226 I/AconfigPackage(15008): android.graphics.pdf.flags.readonly is mapped to com.android.mediaprovider
05-24 01:11:52.226 I/AconfigPackage(15008): com.android.uwb.flags is mapped to com.android.uwb
05-24 01:11:52.226 I/AconfigPackage(15008): com.android.ranging.flags is mapped to com.android.uwb
05-24 01:11:52.226 I/AconfigPackage(15008): com.android.adservices.ondevicepersonalization.flags is mapped to com.android.ondevicepersonalization
05-24 01:11:52.226 I/AconfigPackage(15008): com.android.rkpd.flags is mapped to com.android.rkpd
05-24 01:11:52.226 I/AconfigPackage(15008): com.android.bluetooth.flags is mapped to com.android.bt
05-24 01:11:52.226 E/FeatureFlagsImplExport(15008): android.os.flagging.AconfigStorageReadException: ERROR_PACKAGE_NOT_FOUND: package android.xr cannot be found on the device
05-24 01:11:52.229 D/SemCscFeature(15008): Encoded
05-24 01:11:52.233 W/Monkey  (15008):  arg: "-p"
05-24 01:11:52.233 W/Monkey  (15008):  arg: "com.parkcheolhong.worldlinco"
05-24 01:11:52.233 W/Monkey  (15008):  arg: "-c"
05-24 01:11:52.233 W/Monkey  (15008):  arg: "android.intent.category.LAUNCHER"
05-24 01:11:52.233 W/Monkey  (15008):  arg: "1"
05-24 01:11:52.233 W/Monkey  (15008): data="com.parkcheolhong.worldlinco"
05-24 01:11:52.233 W/Monkey  (15008): data="android.intent.category.LAUNCHER"
05-24 01:11:52.234 D/EventHub( 2765): No input device configuration file found for device 'Monkey touch'.
05-24 01:11:52.241 I/EventHub( 2765): usingClockIoctl=true
05-24 01:11:52.241 I/EventHub( 2765): New device: id=185, fd=1277, path='/dev/input/event15', name='Monkey touch', classes=TOUCH | TOUCH_MT, bus=6, vid:pid=18d1:0001, configuration='', keyLayout='', keyCharacterMap='', builtinKeyboard=false, 
05-24 01:11:52.243 I/InputReader( 2765): Device reconfigured: id=179, name='Monkey touch', size 1440x3088, orientation Rotation0, mode DIRECT, display id 0
05-24 01:11:52.243 I/InputReader( 2765): Device added: id=179, eventHubId=185, name='Monkey touch', descriptor='e1fe28b90f915c7d1febbd52c1ef84b3c4cbed9f',sources=TOUCHSCREEN
--------- beginning of system
05-24 01:11:52.256 W/ActivityManager( 2765): registerReceiverWithFeature: no app for null
05-24 01:11:52.266 W/ParceledListSlice( 2765): Element #202 is 22600 bytes.
05-24 01:11:52.269 D/ActivityTaskManager( 2765): startActivityAsUser: callingPid=15008, callingUid=2000, caller=com.android.server.am.ActivityManagerService.startActivityAsUserWithFeature:27 android.app.IActivityManager$Stub.onTransact$startActivityAsUserWithFeature$:13109 android.app.IActivityManager$Stub.onTransact:4305 com.android.server.am.ActivityManagerService.onTransact:425 android.os.Binder.execTransactInternal:1457 android.os.Binder.execTransact:1401 <bottom of call stack> 
05-24 01:11:52.269 I/Pageboost( 2765): onAppLaunch : com.parkcheolhong.worldlinco
05-24 01:11:52.270 W/ActivityTaskManager( 2765): callingPackage for (uid=2000, pid=15008) has no WPC
05-24 01:11:52.270 D/ActivityTaskManager( 2765): DesktopModeLaunchParamsModifier: task=null activity=null task null, skipping
05-24 01:11:52.270 D/ActivityTaskManager( 2765): TaskLaunchParamsModifier:task=null activity=null display-area-from-current-params=null display-area-from-default-fallback=DefaultTaskDisplayArea_d0@186984442 display-id=0 task-display-area-windowing-mode=1 suggested-display-area=DefaultTaskDisplayArea_d0@186984442
05-24 01:11:52.270 W/OptProp ( 2765): Cannot read opt property android.window.PROPERTY_COMPAT_ALLOW_ORIENTATION_OVERRIDE
05-24 01:11:52.271 D/WindowManager( 2765): Transition is created, t=TransitionRecord{99fe4e8 id=-1 type=OPEN flags=0x0}, caller=com.android.server.wm.Transition.<init>:182 com.android.server.wm.TransitionController.createAndStartCollecting:106 com.android.server.wm.ActivityStarter.executeRequest:3515 com.android.server.wm.ActivityStarter.execute:1752 com.android.server.wm.ActivityTaskManagerService.startActivityAsUser:95 
05-24 01:11:52.271 D/BLASTSyncEngine( 2765): SyncGroup is created, id=3011, name=Transition-OPEN, caller=com.android.server.wm.BLASTSyncEngine$SyncGroup.<init>:52 com.android.server.wm.TransitionController.moveToCollecting:79 com.android.server.wm.TransitionController.createAndStartCollecting:109 com.android.server.wm.ActivityStarter.executeRequest:3515 com.android.server.wm.ActivityStarter.execute:1752 com.android.server.wm.ActivityTaskManagerService.startActivityAsUser:95 com.android.server.am.ActivityManagerService.startActivityAsUserWithFeature:27 
05-24 01:11:52.271 W/BLASTSyncEngine( 2765): setSyncMethod, id=3011, method=0, caller=com.android.server.wm.TransitionController.moveToCollecting:91 com.android.server.wm.TransitionController.createAndStartCollecting:109 com.android.server.wm.ActivityStarter.executeRequest:3515 
05-24 01:11:52.271 V/WindowManager( 2765): Start collecting in Transition: TransitionRecord{99fe4e8 id=3011 type=OPEN flags=0x0}, caller=com.android.server.wm.TransitionController.createAndStartCollecting:109 com.android.server.wm.ActivityStarter.executeRequest:3515 com.android.server.wm.ActivityStarter.execute:1752 com.android.server.wm.ActivityTaskManagerService.startActivityAsUser:95 com.android.server.am.ActivityManagerService.startActivityAsUserWithFeature:27 
05-24 01:11:52.271 V/WindowManager( 2765): Collecting in transition 3011: ActivityRecord{71522049 u0 com.parkcheolhong.worldlinco/.MainActivity, caller=com.android.server.wm.TransitionController.collect:7 com.android.server.wm.ActivityStarter.startActivityUnchecked:98 com.android.server.wm.ActivityStarter.executeRequest:3559 com.android.server.wm.ActivityStarter.execute:1752 com.android.server.wm.ActivityTaskManagerService.startActivityAsUser:95 
05-24 01:11:52.271 D/ActivityTaskManager( 2765): DesktopModeLaunchParamsModifier: task=null activity=ActivityRecord{71522049 u0 com.parkcheolhong.worldlinco/.MainActivity t-1} task null, skipping
05-24 01:11:52.271 D/ActivityTaskManager( 2765): TaskLaunchParamsModifier:task=null activity=ActivityRecord{71522049 u0 com.parkcheolhong.worldlinco/.MainActivity t-1} display-area-from-current-params=null display-area-for-record=DefaultTaskDisplayArea_d0@186984442 display-id=0 task-display-area-windowing-mode=1 suggested-display-area=DefaultTaskDisplayArea_d0@186984442
05-24 01:11:52.271 D/ActivityTaskManager( 2765): DesktopModeLaunchParamsModifier: task=Task{8467d36 #35200 type=standard A=10533:com.parkcheolhong.worldlinco nonResizable} activity=ActivityRecord{71522049 u0 com.parkcheolhong.worldlinco/.MainActivity t-1} non-desktop, skipping
05-24 01:11:52.271 D/ActivityTaskManager( 2765): TaskLaunchParamsModifier:task=Task{8467d36 #35200 type=standard A=10533:com.parkcheolhong.worldlinco nonResizable} activity=ActivityRecord{71522049 u0 com.parkcheolhong.worldlinco/.MainActivity t-1} display-from-task=0 display-id=0 task-display-area-windowing-mode=1 suggested-display-area=DefaultTaskDisplayArea_d0@186984442 inherit-from-task=fullscreen non-freeform-task-display-area display-area=DefaultTaskDisplayArea_d0@186984442 activity-requested-portrait freeform-size-mismatch=Rect(108, 726 - 1332, 2270)
05-24 01:11:52.271 I/SemDvfsHyPerManager( 2765): acquire hyper - AMS_ACT_START/2765@19, type = -999
05-24 01:11:52.271 D/ActivityManagerPerformance( 2765): AMP_acquire() ACT_START
05-24 01:11:52.271 D/ActivityTaskManager( 2765): DesktopModeLaunchParamsModifier: task=Task{8467d36 #35200 type=standard A=10533:com.parkcheolhong.worldlinco nonResizable} activity=ActivityRecord{71522049 u0 com.parkcheolhong.worldlinco/.MainActivity t-1} non-desktop, skipping
05-24 01:11:52.271 I/HYPER-HAL( 1949): [RequestManager.cpp]acquire(): Acquired ID : 3876739  [2765 / 19]    HINT : AMS_ACT_START    list : 
05-24 01:11:52.271 D/ActivityTaskManager( 2765): TaskLaunchParamsModifier:task=Task{8467d36 #35200 type=standard A=10533:com.parkcheolhong.worldlinco nonResizable} activity=ActivityRecord{71522049 u0 com.parkcheolhong.worldlinco/.MainActivity t-1} display-from-task=0 display-id=0 task-display-area-windowing-mode=1 suggested-display-area=DefaultTaskDisplayArea_d0@186984442 inherit-from-task=fullscreen non-freeform-task-display-area display-area=DefaultTaskDisplayArea_d0@186984442 activity-requested-portrait freeform-size-mismatch=Rect(108, 726 - 1332, 2270)
05-24 01:11:52.272 D/WindowManager( 2765): Aborting Transition: 3011 in state 0 called from com.android.server.wm.ActivityStarter.handleStartResult:881
05-24 01:11:52.272 V/WindowManager( 2765): SyncGroup 3011: Finished!
05-24 01:11:52.272 D/PhoneWindowManager( 2765): transition/occluded commit occluded=false changed=false
05-24 01:11:52.272 D/PhoneWindowManager( 2765): setKeyguardOccluded occluded=false
05-24 01:11:52.273 I/Pageboost( 2765): stop alp
05-24 01:11:52.273 I/ActivityTaskManager( 2765): START u0 {act=android.intent.action.MAIN cat=[android.intent.category.LAUNCHER] flg=0x10200000 cmp=com.parkcheolhong.worldlinco/.MainActivity} with LAUNCH_SINGLE_TASK from uid 2000 (BAL_ALLOW_PERMISSION) result code=3
05-24 01:11:52.273 I/Monkey  (15008): Events injected: 1
05-24 01:11:52.274 E/WindowManager( 2765): Display reconfigured outside of a transition: Display{#0 state=ON size=1440x3088 ROTATION_0}
05-24 01:11:52.274 E/pageboostd( 4662): Received HALT command code 2
05-24 01:11:52.274 D/TspStateManager( 2765): updateCustomValue customSetting=
05-24 01:11:52.274 I/KeyguardService( 3697): setOccluded isOccluded=false animate=false
05-24 01:11:52.274 D/KeyguardService( 3697): setOccluded(false)
05-24 01:11:52.274 D/KeyguardViewMediator( 3697): handleMessage 9
05-24 01:11:52.274 D/KeyguardViewMediator( 3697): handleSetOccluded(false) seq=336
05-24 01:11:52.274 D/KeyguardViewMediator( 3697): isOccluded=false,mPowerGestureIntercepted=false
05-24 01:11:52.275 D/KeyguardViewMediator( 3697): KeyguardViewMediator queue processing message: SET_OCCLUDED
05-24 01:11:52.275 D/KNOX_MDM_SettingsProvider( 2765): isChangeAllowed() : name = accelerometer_rotation
05-24 01:11:52.275 D/SettingsProvider( 2765): PUT_ret(/system/accelerometer_rotation), callingPackage:android
05-24 01:11:52.275 D/KNOX_MDM_SettingsProvider( 2765): isChangeAllowed() : name = user_rotation
05-24 01:11:52.276 V/WindowManager( 2765): Computed rotation=ROTATION_0 (0) for display id=0 based on lastOrientation=SCREEN_ORIENTATION_PORTRAIT (1) and oldRotation=ROTATION_0 (0), caller=com.android.server.wm.WindowManagerService.updateRotationUnchecked:72 com.android.server.wm.WindowManagerService.freezeDisplayRotation:156 com.android.server.wm.WindowManagerService.freezeRotation:2 android.view.IWindowManager$Stub.onTransact:3004 com.android.server.wm.WindowManagerService.onTransact:1 android.os.Binder.execTransactInternal:1457 
05-24 01:11:52.278 I/MediaFocusControl( 2765): abandonAudioFocus() from uid/pid 10533/20825 clientId=android.media.AudioManager@ddef950expo.modules.av.AVManager@f8171da callingPack=com.parkcheolhong.worldlinco
05-24 01:11:52.278 D/AS.AudioService( 2765): [Android Auto] isConnectedAndroidAuto = false
05-24 01:11:52.278 D/MediaFocusControl( 2765): selectFocusStack, uid = 10533, appDevice = 0, device = 2
05-24 01:11:52.278 I/MediaFocusControl( 2765): removeFocusStackEntry client:android.media.AudioManager@ddef950expo.modules.av.AVManager@f8171da
05-24 01:11:52.278 D/KNOX_MDM_SettingsProvider( 2765): isChangeAllowed() : name = accelerometer_rotation
05-24 01:11:52.279 D/SettingsProvider( 2765): PUT_ret(/system/accelerometer_rotation), callingPackage:android
05-24 01:11:52.279 D/KNOX_MDM_SettingsProvider( 2765): isChangeAllowed() : name = user_rotation
05-24 01:11:52.279 V/WindowManager( 2765): Computed rotation=ROTATION_0 (0) for display id=0 based on lastOrientation=SCREEN_ORIENTATION_PORTRAIT (1) and oldRotation=ROTATION_0 (0), caller=com.android.server.wm.WindowManagerService.updateRotationUnchecked:72 com.android.server.wm.WindowManagerService.thawDisplayRotation:113 com.android.server.wm.WindowManagerService.thawRotation:2 android.view.IWindowManager$Stub.onTransact:3013 com.android.server.wm.WindowManagerService.onTransact:1 android.os.Binder.execTransactInternal:1457 
05-24 01:11:52.279 I/SurfaceControlRegistry( 2765): hide, t=AbortTransition_SyncId<3011> sc=WallpaperWindowToken{6d94cee showWhenLocked=false}, caller=android.view.SurfaceControl$Transaction.hide:3583 android.view.SurfaceControl$Transaction.setVisibility:3525 com.android.server.wm.WallpaperWindowToken.prepareSurfaces:36 com.android.server.wm.WindowContainer.prepareSurfaces:18 com.android.server.wm.WindowContainer.prepareSurfaces:18 com.android.server.wm.WindowContainer.prepareSurfaces:18 
05-24 01:11:52.280 I/SurfaceControlRegistry( 2765): hide, t=AbortTransition_SyncId<3011> sc=WallpaperWindowToken{aa24798 showWhenLocked=false}, caller=android.view.SurfaceControl$Transaction.hide:3583 android.view.SurfaceControl$Transaction.setVisibility:3525 com.android.server.wm.WallpaperWindowToken.prepareSurfaces:36 com.android.server.wm.WindowContainer.prepareSurfaces:18 com.android.server.wm.WindowContainer.prepareSurfaces:18 com.android.server.wm.WindowContainer.prepareSurfaces:18 
05-24 01:11:52.280 I/BLASTBufferQueue_Java(20825): update, w= 1600 h= 3431 mName = VRI[MainActivity]@622cc1c mNativeObject= 0xb400007e09627750 sc.mNativeObject= 0xb400007dd9603c10 format= -1 caller= android.view.ViewRootImpl.updateBlastSurfaceIfNeeded:3574 android.view.ViewRootImpl.relayoutWindow:11685 android.view.ViewRootImpl.performTraversals:4804 android.view.ViewRootImpl.doTraversal:3924 android.view.ViewRootImpl$TraversalRunnable.run:12903 android.view.Choreographer$CallbackRecord.run:1901 
05-24 01:11:52.280 I/VRI[MainActivity]@622cc1c(20825): Relayout returned: old=(0,0,1600,3431) new=(0,0,1600,3431) relayoutAsync=true req=(1600,3431)0 dur=0 res=0x0 s={true 0xb400007d39687010} ch=false seqId=0
05-24 01:11:52.280 I/SurfaceControlRegistry( 2765): apply, t=AbortTransition_SyncId<3011>, caller=android.view.SurfaceControl$Transaction.apply:3459 android.view.SurfaceControl$Transaction.apply:3447 android.view.SurfaceControl$Transaction.apply:3397 com.android.server.wm.WindowAnimator.animate:307 com.android.server.wm.WindowAnimator$$ExternalSyntheticLambda1.doFrame:14 android.view.Choreographer$CallbackRecord.run:1899 
05-24 01:11:52.280 I/VRI[MainActivity]@622cc1c(20825): registerCallbackForPendingTransactions
05-24 01:11:52.281 I/WindowManager( 2765): Relayout Window{92b540a u0 com.parkcheolhong.worldlinco/com.parkcheolhong.worldlinco.MainActivity}: viewVisibility=0 req=1600x3431 ty=1 d0
05-24 01:11:52.282 D/SurfaceComposerClient( 2765): setCornerRadius ## 92b540a com.parkcheolhong.worldlinco/com.parkcheolhong.worldlinco.MainActivity#40683 cornerRadius=0.000000
05-24 01:11:52.283 I/HoneySpace.InputDeviceSourceRepositoryImpl( 4253): onInputDeviceAdded 179
05-24 01:11:52.283 D/SurfaceComposerClient( 2765): setCornerRadius ## 92b540a com.parkcheolhong.worldlinco/com.parkcheolhong.worldlinco.MainActivity#40683 cornerRadius=0.000000
05-24 01:11:52.284 I/VSyncReactor( 2066): Current= 120, Period= 120, Distance= 0
05-24 01:11:52.284 D/WindowManagerShell( 3697): onActivityRestartAttempt: topActivity=ComponentInfo{com.parkcheolhong.worldlinco/com.parkcheolhong.worldlinco.MainActivity}, wasVisible=true
05-24 01:11:52.286 I/VRI[MainActivity]@622cc1c(20825): mWNT: t=0xb400007d79631cd0 mBlastBufferQueue=0xb400007e09627750 fn= 10 HdrRenderState mRenderHdrSdrRatio=1.0 caller= android.view.ViewRootImpl$10.onFrameDraw:6536 android.view.ViewRootImpl$4.onFrameDraw:2489 android.view.ThreadedRenderer$1.onFrameDraw:718 
05-24 01:11:52.287 I/SurfaceFlinger( 2066): SFWD update time=340435372593673
05-24 01:11:52.288 I/HoneySpace.InputDeviceSourceRepositoryImpl( 4253): onInputDeviceAdded 179
05-24 01:11:52.288 I/HoneySpace.TaskListPot[7e8195d]( 4253): navigationButtonVisible observe: 8
05-24 01:11:52.288 I/HoneySpace.TaskListContainerView( 4253): isLastItemOutOfScreen null
05-24 01:11:52.288 I/HoneySpace.TaskListContainerView( 4253): updateNavigationButtonVisible gone
05-24 01:11:52.288 I/Monkey  (15008): ## Network stats: elapsed time=11ms (0ms mobile, 0ms wifi, 11ms not connected)
05-24 01:11:52.290 I/HoneySpace.RecentscreenPot( 4253): createLayoutStyle: PhoneLayoutStyle(ScreenLayoutStyle(insets=Insets{left=0, top=100, right=0, bottom=192}))
05-24 01:11:52.290 I/WindowManager( 2765): Relayout hash=92b540a, pid=0, syncId=-1: mAttrs={(0,0)(fillxfill) sim={state=visible adjust=resize forwardNavigation} layoutInDisplayCutoutMode=always ty=BASE_APPLICATION wanim=0x1030317
05-24 01:11:52.290 I/WindowManager( 2765):   fl=81810900
05-24 01:11:52.290 I/WindowManager( 2765):   pfl=10048040
05-24 01:11:52.290 I/WindowManager( 2765):   bhv=1
05-24 01:11:52.290 I/WindowManager( 2765):   fitSides=0
05-24 01:11:52.290 I/WindowManager( 2765):   frameRateBoostOnTouch=true
05-24 01:11:52.290 I/WindowManager( 2765):   dvrrWindowFrameRateHint=true naviIconColor=0}
05-24 01:11:52.290 I/HoneySpace.RecentscreenPot( 4253): createLayoutStyle: PhoneLayoutStyle(ScreenLayoutStyle(insets=Insets{left=0, top=100, right=0, bottom=192}))
05-24 01:11:52.291 I/HoneySpace.RecentscreenPot( 4253): createLayoutStyle: PhoneLayoutStyle(ScreenLayoutStyle(insets=Insets{left=0, top=100, right=0, bottom=192}))
05-24 01:11:52.292 I/VSyncReactor( 2066): Current= 120, Period= 120, Distance= 120
05-24 01:11:52.293 I/app_process(15008): System.exit called, status: 0
05-24 01:11:52.293 I/AndroidRuntime(15008): VM exiting with result code 0.
05-24 01:11:52.294 D/Navbar.Store( 3697): handleEvent(0) OnRotationLockedChanged(rotationLocked=false) [Module] NavBarStoreImpl
05-24 01:11:52.295 D/SettingsHelper( 3697): onChange() COMPLETED elapsed= 1
05-24 01:11:52.295 D/SRotationLockTile( 3697):  OnChangedCallback : 
05-24 01:11:52.295 D/Navbar.Store( 3697): handleEvent(0) OnRotationLockedChanged(rotationLocked=false) [Module] NavBarStoreImpl
05-24 01:11:52.298 D/SRotationLockTile( 3697):  mRotationLocked: false handleUpdateState: true orientation = true
05-24 01:11:52.299 D/Navbar.Store( 3697): handleEvent(0) OnRotationLockedChanged(rotationLocked=false) [Module] NavBarStoreImpl
05-24 01:11:52.300 D/Navbar.Store( 3697): handleEvent(0) OnRotationLockedChanged(rotationLocked=false) [Module] NavBarStoreImpl
05-24 01:11:52.300 D/SettingsHelper( 3697): onChange() COMPLETED elapsed= 0
05-24 01:11:52.300 D/SRotationLockTile( 3697):  OnChangedCallback : 
05-24 01:11:52.301 D/SRotationLockTile( 3697):  mRotationLocked: false handleUpdateState: true orientation = true
05-24 01:11:52.301 D/PerProcessNandswap$NandswapHandler( 2765): nandswap start for non-activity com.samsung.android.dqagent(pid 14404) action:14 adj:905 type:1
05-24 01:11:52.305 I/EventHub( 2765): Removing device Monkey touch due to epoll hang-up event.
05-24 01:11:52.305 I/EventHub( 2765): Removed device: path=/dev/input/event15 name=Monkey touch id=185 fd=1277 classes=TOUCH | TOUCH_MT
05-24 01:11:52.306 I/InputReader( 2765): Device removed: id=179, eventHubId=185, name='Monkey touch', descriptor='e1fe28b90f915c7d1febbd52c1ef84b3c4cbed9f', sources=TOUCHSCREEN
05-24 01:11:52.318 E/WindowManager( 2765): Display reconfigured outside of a transition: Display{#0 state=ON size=1440x3088 ROTATION_0}
05-24 01:11:52.318 D/TspStateManager( 2765): updateCustomValue customSetting=
05-24 01:11:52.318 I/HoneySpace.InputDeviceSourceRepositoryImpl( 4253): onInputDeviceRemoved 179
05-24 01:11:52.318 I/HoneySpace.InputDeviceSourceRepositoryImpl( 4253): onInputDeviceRemoved 179
05-24 01:11:52.319 I/HoneySpace.TaskListPot[7e8195d]( 4253): navigationButtonVisible observe: 8
05-24 01:11:52.319 I/HoneySpace.TaskListContainerView( 4253): isLastItemOutOfScreen null
05-24 01:11:52.319 I/HoneySpace.TaskListContainerView( 4253): updateNavigationButtonVisible gone
05-24 01:11:52.319 I/EventHub( 2765): Removing device '/dev/input/event15' due to inotify event
05-24 01:11:52.319 I/HoneySpace.RecentscreenPot( 4253): createLayoutStyle: PhoneLayoutStyle(ScreenLayoutStyle(insets=Insets{left=0, top=100, right=0, bottom=192}))
05-24 01:11:52.320 I/HoneySpace.RecentscreenPot( 4253): createLayoutStyle: PhoneLayoutStyle(ScreenLayoutStyle(insets=Insets{left=0, top=100, right=0, bottom=192}))
05-24 01:11:52.320 I/HoneySpace.RecentscreenPot( 4253): createLayoutStyle: PhoneLayoutStyle(ScreenLayoutStyle(insets=Insets{left=0, top=100, right=0, bottom=192}))
05-24 01:11:52.322 D/NetdEventListenerService( 2765): DNS Requested by 213, 10533(com.parkcheolhong.worldlinco), SUCCESS, 25ms
05-24 01:11:52.322 D/PerProcessNandswap$NandswapHandler( 2765): nandswap end for non-activity com.samsung.android.dqagent(pid 14404) ret:18627477504 adj:905
05-24 01:11:52.326 D/PerProcessNandswap$NandswapHandler( 2765): nandswap start for non-activity com.samsung.android.networkdiagnostic(pid 14348) action:14 adj:905 type:1
05-24 01:11:52.346 D/PerProcessNandswap$NandswapHandler( 2765): nandswap end for non-activity com.samsung.android.networkdiagnostic(pid 14348) ret:18852093952 adj:905
05-24 01:11:52.351 D/PerProcessNandswap$NandswapHandler( 2765): nandswap start for non-activity com.samsung.android.networkdiagnostic(pid 14365) action:14 adj:915 type:1
05-24 01:11:52.369 D/PerProcessNandswap$NandswapHandler( 2765): nandswap end for non-activity com.samsung.android.networkdiagnostic(pid 14365) ret:18621640704 adj:915
05-24 01:11:52.373 D/PerProcessNandswap$NandswapHandler( 2765): nandswap start for non-activity android.process.media(pid 14327) action:14 adj:915 type:1
05-24 01:11:52.424 D/PerProcessNandswap$NandswapHandler( 2765): nandswap end for non-activity android.process.media(pid 14327) ret:18617016320 adj:915
05-24 01:11:52.428 D/PerProcessNandswap$NandswapHandler( 2765): nandswap start for non-activity android.process.media(pid 14301) action:14 adj:915 type:1
05-24 01:11:52.480 D/PerProcessNandswap$NandswapHandler( 2765): nandswap end for non-activity android.process.media(pid 14301) ret:18618097664 adj:915
05-24 01:11:52.483 D/PerProcessNandswap$NandswapHandler( 2765): nandswap start for non-activity com.google.android.apps.turbo:ssb(pid 14199) action:14 adj:925 type:1
05-24 01:11:52.540 D/PerProcessNandswap$NandswapHandler( 2765): nandswap end for non-activity com.google.android.apps.turbo:ssb(pid 14199) ret:18676084736 adj:925
05-24 01:11:52.748 I/sensors-hal( 1942): handle_sns_client_event:550, [0][1973593] accel_sample [ 0.087, -0.111,  9.897] 350237295673232
05-24 01:11:52.791 D/WifiStaIfaceHidlImpl( 2765): getCachedScanData is not implemented by HIDL
05-24 01:11:52.817 D/SemWifiUsabilityStatsMonitor( 2765): onWifiUsabilityStats - seqNum 96873, isSameBssidAndFreq true
05-24 01:11:52.818 I/SemWifiLinkQualityMonitor( 2765): Link stat: 804 / 68 / 1.00 (7) / 1200 / -29.0 || 100.0 : 1200.00 / 0.5 : 1.00 / 0.55 : 0.08 / G (G) || 6b020a812412: 0.085 / 93.766 / N || N N / 0 0 / N 2.0 / N X 0 / 340435902 0 || 2026-05-24 01:11:51  / 0: 0 0 0 0 0 0 / 0: 0 0 0 0 0 0 / 0: 0 0 0 0 0 0
05-24 01:11:52.939 I/sensors-hal( 1942): handle_sns_client_event:185, auto_rotation_debug_2 mode,255, type,1,0 acc,0.074,-0.115,9.899, ar,0, ver,14, pedo,1,e,1,i,3
05-24 01:11:53.027 E/HeatmapThread( 2062): ECT Thread time in milliseconds: 1779552713
05-24 01:11:53.027 D/HeatmapThread( 2062): !@ batteryplugType : 0
05-24 01:11:53.027 D/HeatmapThread( 2062): !@ batteryLevel : 0  batteryTemperature : 0 
05-24 01:11:53.027 D/HeatmapThread( 2062): !@ Heatmap currtime: 29659211
05-24 01:11:53.027 D/HeatmapThread( 2062): !@ Heatmap prevtime: 29659196
05-24 01:11:53.027 D/HeatmapThread( 2062): !@ Heatmap plugstarttime: 35791394
05-24 01:11:53.027 D/HeatmapThread( 2062): !@ Heatmap prevv_dsoh_update_time: 29653376
05-24 01:11:53.027 E/HeatmapThread( 2062): !@Could not open '/efs/FactoryApp/bsoh', errno = 13
05-24 01:11:53.027 E/HeatmapThread( 2062): !@ CAM Could not access BSOH EFS
05-24 01:11:53.027 E/HeatmapThread( 2062): !@ CAM New BSOH: 0
05-24 01:11:53.096 D/io_stats( 1146): !@   8,0 r 27164590 581657960 w 10338969 147868540 d 3394916 167763720 f 0 802205 iot 12908148 0 th 0 0 0 pt 0 inp 0 0 340436.180
05-24 01:11:53.096 D/io_stats( 1146): !@ Read_top(KB): loop9(1305) 196 app_process(15008) 164
05-24 01:11:53.096 D/io_stats( 1146): !@ Write_top(KB): system_server(2765) 120 f2fs_ckpt-254:5(4251) 48 init(1) 28
05-24 01:11:54.027 E/HeatmapThread( 2062): ECT Thread time in milliseconds: 1779552714
05-24 01:11:54.027 D/HeatmapThread( 2062): !@ batteryplugType : 0
05-24 01:11:54.027 D/HeatmapThread( 2062): !@ batteryLevel : 0  batteryTemperature : 0 
05-24 01:11:54.027 D/HeatmapThread( 2062): !@ Heatmap currtime: 29659211
05-24 01:11:54.027 D/HeatmapThread( 2062): !@ Heatmap prevtime: 29659196
05-24 01:11:54.027 D/HeatmapThread( 2062): !@ Heatmap plugstarttime: 35791394
05-24 01:11:54.027 D/HeatmapThread( 2062): !@ Heatmap prevv_dsoh_update_time: 29653376
05-24 01:11:54.027 E/HeatmapThread( 2062): !@Could not open '/efs/FactoryApp/bsoh', errno = 13
05-24 01:11:54.027 E/HeatmapThread( 2062): !@ CAM Could not access BSOH EFS
05-24 01:11:54.027 E/HeatmapThread( 2062): !@ CAM New BSOH: 0
05-24 01:11:54.274 I/SemDvfsHyPerManager( 2765): acquire hyper - AMS_RESUME_TAIL/2765@21, type = -999
05-24 01:11:54.274 I/SemDvfsHyPerManager( 2765): acquire hyper - AMS_ACT_LAZY/2765@22, type = -999
05-24 01:11:54.274 D/ActivityManagerPerformance( 2765): AMP_acquire() TAIL
05-24 01:11:54.274 D/ActivityManagerPerformance( 2765): AMP_release() ACT_START
05-24 01:11:54.274 I/HYPER-HAL( 1949): [RequestManager.cpp]acquire(): Acquired ID : 3882312  [2765 / 21]    HINT : AMS_RESUME_TAIL    list : 
05-24 01:11:54.276 I/HYPER-HAL( 1949): [RequestManager.cpp]acquire(): Acquired ID : 3885100  [2765 / 22]    HINT : AMS_ACT_LAZY    list : 
05-24 01:11:54.277 I/HYPER-HAL( 1949): [RequestManager.cpp]releaseLocked(): Released ID : 3876739
05-24 01:11:54.579 I/HYPER-HAL( 1949): [RequestManager.cpp]releaseLocked(): Released ID : 3882312
05-24 01:11:54.744 I/sensors-hal( 1942): handle_sns_client_event:550, [0][1973802] accel_sample [ 0.085, -0.106,  9.891] 350239301865211
05-24 01:11:55.027 E/HeatmapThread( 2062): ECT Thread time in milliseconds: 1779552715
05-24 01:11:55.027 D/HeatmapThread( 2062): !@ batteryplugType : 0
05-24 01:11:55.027 D/HeatmapThread( 2062): !@ batteryLevel : 0  batteryTemperature : 0 
05-24 01:11:55.027 D/HeatmapThread( 2062): !@ Heatmap currtime: 29659211
05-24 01:11:55.027 D/HeatmapThread( 2062): !@ Heatmap prevtime: 29659196
05-24 01:11:55.027 D/HeatmapThread( 2062): !@ Heatmap plugstarttime: 35791394
05-24 01:11:55.027 D/HeatmapThread( 2062): !@ Heatmap prevv_dsoh_update_time: 29653376
05-24 01:11:55.027 E/HeatmapThread( 2062): !@Could not open '/efs/FactoryApp/bsoh', errno = 13
05-24 01:11:55.027 E/HeatmapThread( 2062): !@ CAM Could not access BSOH EFS
05-24 01:11:55.027 E/HeatmapThread( 2062): !@ CAM New BSOH: 0
05-24 01:11:55.097 D/io_stats( 1146): !@   8,0 r 27164590 581657960 w 10338986 147868776 d 3394916 167763720 f 0 802207 iot 12908160 0 th 0 0 0 pt 0 inp 0 0 340438.181
05-24 01:11:55.537 I/wpa_supplicant(10796): Heartbeat 33566
05-24 01:11:55.775 D/WifiConnectivityMonitor.NetworkStatsAnalyzer( 2765): Backhaul result - RSSI:-34, CE:13, PE:13, TI:36, PTI:33, TW:0, PTW:0, Tx:60, Rx:244, TxS:18, RxS:6, RESULT:true, IC:3, ICT:5, WC:1, WCT:5, R:0, RC:0, IE:0, EC:0
05-24 01:11:55.857 D/WifiStaIfaceHidlImpl( 2765): getCachedScanData is not implemented by HIDL
05-24 01:11:55.880 D/SemWifiUsabilityStatsMonitor( 2765): onWifiUsabilityStats - seqNum 96874, isSameBssidAndFreq true
05-24 01:11:55.883 I/SemWifiLinkQualityMonitor( 2765): Link stat: 431 / 43 / 1.00 (4) / 1200 / -29.0 || 100.0 : 1200.00 / 0.5 : 1.00 / 0.55 : 0.10 / G (G) || 6b020a812412: 0.087 / 92.330 / N || N N / 0 0 / N 2.0 / N X 0 / 340438967 0 || 2026-05-24 01:11:54  / 0: 0 0 0 0 0 0 / 0: 0 0 0 0 0 0 / 0: 0 0 0 0 0 0
05-24 01:11:56.027 E/HeatmapThread( 2062): ECT Thread time in milliseconds: 1779552716
05-24 01:11:56.027 D/HeatmapThread( 2062): !@ batteryplugType : 0
05-24 01:11:56.027 D/HeatmapThread( 2062): !@ batteryLevel : 0  batteryTemperature : 0 
05-24 01:11:56.027 D/HeatmapThread( 2062): !@ Heatmap currtime: 29659211
05-24 01:11:56.027 D/HeatmapThread( 2062): !@ Heatmap prevtime: 29659196
05-24 01:11:56.027 D/HeatmapThread( 2062): !@ Heatmap plugstarttime: 35791394
05-24 01:11:56.027 D/HeatmapThread( 2062): !@ Heatmap prevv_dsoh_update_time: 29653376
05-24 01:11:56.027 E/HeatmapThread( 2062): !@Could not open '/efs/FactoryApp/bsoh', errno = 13
05-24 01:11:56.027 E/HeatmapThread( 2062): !@ CAM Could not access BSOH EFS
05-24 01:11:56.027 E/HeatmapThread( 2062): !@ CAM New BSOH: 0
05-24 01:11:56.236 I/SDHMS:LOAD( 6703): type: LoadsFreqs, value: 3:0:0:1083264:2995200:806400:957312:2496000:633600:285:285:285
05-24 01:11:56.473 I/sensors-hal( 1942): handle_sns_std_sensor_event:311, [SSC_LIGHT] P: 44(44),m:7,c:1,b:250,c0:2496,l:44,f(r):82,u(bl):101,j:39
05-24 01:11:56.704 I/system_server( 2765): Background young concurrent mark compact GC freed 45MB AllocSpace bytes, 254(5524KB) LOS objects, 19% free, 182MB/226MB, paused 1.329ms,6.097ms total 138.642ms
05-24 01:11:56.725 W/viders.calendar(14884): userfaultfd: MOVE ioctl seems unsupported: Connection timed out
05-24 01:11:56.761 I/sensors-hal( 1942): handle_sns_client_event:550, [0][1974011] accel_sample [ 0.078, -0.117,  9.882] 350241308057815
05-24 01:11:57.027 E/HeatmapThread( 2062): ECT Thread time in milliseconds: 1779552717
05-24 01:11:57.027 D/HeatmapThread( 2062): !@ batteryplugType : 0
05-24 01:11:57.027 D/HeatmapThread( 2062): !@ batteryLevel : 0  batteryTemperature : 0 
05-24 01:11:57.027 D/HeatmapThread( 2062): !@ Heatmap currtime: 29659211
05-24 01:11:57.027 D/HeatmapThread( 2062): !@ Heatmap prevtime: 29659196
05-24 01:11:57.027 D/HeatmapThread( 2062): !@ Heatmap plugstarttime: 35791394
05-24 01:11:57.027 D/HeatmapThread( 2062): !@ Heatmap prevv_dsoh_update_time: 29653376
05-24 01:11:57.027 E/HeatmapThread( 2062): !@Could not open '/efs/FactoryApp/bsoh', errno = 13
05-24 01:11:57.027 E/HeatmapThread( 2062): !@ CAM Could not access BSOH EFS
05-24 01:11:57.027 E/HeatmapThread( 2062): !@ CAM New BSOH: 0
05-24 01:11:57.057 D/ActivityManager( 2765): Received BROADCAST intent 0xc5efcba Key{broadcastIntent pkg=com.kakao.talk intent=act=com.kakao.talk.core.loco.intent.action.ACTION_PING xflg=0x4 cmp=com.kakao.talk/.core.loco.LocoPingBroadcastReceiver flags=0x4000000 u=0} requestCode=1132982 sent=0 from uid 1000
05-24 01:11:57.062 I/ActivityManager( 2765): Changes in 99440 10 to 10, 0 to 128
05-24 01:11:57.063 I/ActivityManager( 2765): Changes in 10355 10 to 10, 0 to 128
05-24 01:11:57.064 D/BackgroundInstallControlService( 2765): Package event received: 0
05-24 01:11:57.065 I/ekjt    ( 6626): (REDACTED) HDM. appOpsListener %s %s
05-24 01:11:57.066 I/ekjt    ( 6626): (REDACTED) HDM. Ignoring irrelevant audio permission changes for package %s
05-24 01:11:57.067 I/ActivityManager( 2765): Changes in 99440 10 to 10, 128 to 0
05-24 01:11:57.067 I/ActivityManager( 2765): Changes in 10355 10 to 10, 128 to 0
05-24 01:11:57.097 D/io_stats( 1146): !@   8,0 r 27164590 581657960 w 10338994 147868800 d 3394916 167763720 f 0 802209 iot 12908164 0 th 0 0 0 pt 0 inp 0 0 340440.182
05-24 01:11:57.097 D/io_stats( 1146): !@ Write_top(KB): kworker/u16:0(8069) 204 henticator:auth(23399) 24 soft.appmanager(18483) 16
05-24 01:11:57.451 D/NetdEventListenerService( 2765): DNS Requested by 213, 10125(com.instagram.android), 4(FAIL), isBlocked=true, 0ms
05-24 01:11:57.453 E/msys    (21704): E[N mns:DGWClient]_LogError(289)=>Failed to resolve using system DNS resolver, getaddrinfo(): No address associated with hostname
05-24 01:11:57.458 E/msys    (21704): E[N mns:DGWClient]_LogError(289)=>Failed to resolve using system DNS resolver, getaddrinfo(): No address associated with hostname
05-24 01:11:57.458 D/NetdEventListenerService( 2765): DNS Requested by 213, 10125(com.instagram.android), 4(FAIL), isBlocked=true, 0ms
05-24 01:11:57.496 W/DeviceStorageMonitorService( 2765): updateBroadcasts(/data) oldLevel:0, newLevel:0, seq:1
05-24 01:11:57.497 D/DeviceStorageMonitorService( 2765): Available File Node Number is [11987100]
05-24 01:11:57.497 W/DeviceStorageMonitorService( 2765): updateBroadcasts_filenode(/data) fn_oldLevel:0, fn_newLevel:0, seq:1
05-24 01:11:57.862 D/NetdEventListenerService( 2765): DNS Requested by 213, 10512(com.microsoft.copilot), 4(FAIL), isBlocked=true, 0ms
05-24 01:11:58.027 E/HeatmapThread( 2062): ECT Thread time in milliseconds: 1779552718
05-24 01:11:58.027 D/HeatmapThread( 2062): !@ batteryplugType : 0
05-24 01:11:58.027 D/HeatmapThread( 2062): !@ batteryLevel : 0  batteryTemperature : 0 
05-24 01:11:58.027 D/HeatmapThread( 2062): !@ Heatmap currtime: 29659211
05-24 01:11:58.027 D/HeatmapThread( 2062): !@ Heatmap prevtime: 29659196
05-24 01:11:58.027 D/HeatmapThread( 2062): !@ Heatmap plugstarttime: 35791394
05-24 01:11:58.027 D/HeatmapThread( 2062): !@ Heatmap prevv_dsoh_update_time: 29653376
05-24 01:11:58.027 E/HeatmapThread( 2062): !@Could not open '/efs/FactoryApp/bsoh', errno = 13
05-24 01:11:58.028 E/HeatmapThread( 2062): !@ CAM Could not access BSOH EFS
05-24 01:11:58.028 E/HeatmapThread( 2062): !@ CAM New BSOH: 0
05-24 01:11:58.072 I/ekjt    ( 6626): (REDACTED) HDM. appOpsListener %s %s
05-24 01:11:58.072 I/ekjt    ( 6626): (REDACTED) HDM. Ignoring irrelevant audio permission changes for package %s
05-24 01:11:58.766 I/sensors-hal( 1942): handle_sns_client_event:550, [0][1974220] accel_sample [ 0.092, -0.109,  9.902] 350243314251357
05-24 01:11:58.928 D/WifiStaIfaceHidlImpl( 2765): getCachedScanData is not implemented by HIDL
05-24 01:11:58.932 D/NetdEventListenerService( 2765): DNS Requested by 213, 10125(com.instagram.android), 4(FAIL), isBlocked=true, 0ms
05-24 01:11:58.937 E/msys    (21704): E[N mns:DGWClient]_LogError(289)=>Failed to resolve using system DNS resolver, getaddrinfo(): No address associated with hostname
05-24 01:11:58.957 D/SemWifiUsabilityStatsMonitor( 2765): onWifiUsabilityStats - seqNum 96875, isSameBssidAndFreq true
05-24 01:11:58.960 I/SemWifiLinkQualityMonitor( 2765): Link stat: 1233 / 55 / 1.00 (7) / 1200 / -29.0 || 100.0 : 1200.00 / 0.5 : 1.00 / 0.55 : 0.04 / G (G) || 6b020a812412: 0.082 / 97.527 / N || N N / 0 0 / N 2.0 / N X 0 / 340442043 0 || 2026-05-24 01:11:57  / 0: 0 0 0 0 0 0 / 0: 0 0 0 0 0 0 / 0: 0 0 0 0 0 0
05-24 01:11:59.027 E/HeatmapThread( 2062): ECT Thread time in milliseconds: 1779552719
05-24 01:11:59.027 D/HeatmapThread( 2062): !@ batteryplugType : 0
05-24 01:11:59.027 D/HeatmapThread( 2062): !@ batteryLevel : 0  batteryTemperature : 0 
05-24 01:11:59.027 D/HeatmapThread( 2062): !@ Heatmap currtime: 29659211
05-24 01:11:59.027 D/HeatmapThread( 2062): !@ Heatmap prevtime: 29659196
05-24 01:11:59.027 D/HeatmapThread( 2062): !@ Heatmap plugstarttime: 35791394
05-24 01:11:59.027 D/HeatmapThread( 2062): !@ Heatmap prevv_dsoh_update_time: 29653376
05-24 01:11:59.027 E/HeatmapThread( 2062): !@Could not open '/efs/FactoryApp/bsoh', errno = 13
05-24 01:11:59.027 E/HeatmapThread( 2062): !@ CAM Could not access BSOH EFS
05-24 01:11:59.027 E/HeatmapThread( 2062): !@ CAM New BSOH: 0
05-24 01:11:59.098 D/io_stats( 1146): !@   8,0 r 27164590 581657960 w 10339010 147868900 d 3394916 167763720 f 0 802209 iot 12908168 0 th 0 0 0 pt 0 inp 0 0 340442.183
05-24 01:11:59.870 W/System.err(25279): FlagsHookHelper: skip hook flags method getInstanceHook
05-24 01:11:59.888 D/NetdEventListenerService( 2765): DNS Requested by 213, 10410(com.ss.android.ugc.trill), 4(FAIL), isBlocked=true, 0ms
05-24 01:12:00.005 I/EyeComfortSolutionService( 2765): action  :  android.intent.action.TIME_TICK
05-24 01:12:00.005 I/DateTimeView( 3697): updateAll - getTimeFormat
05-24 01:12:00.006 I/EyeComfortSolutionService( 2765): Week : Sun , Hour : 01 , Minute : 12 , TimeValue : 72 , sleep state, defaultWakeupTime : 360 , start wakeup : 180
05-24 01:12:00.006 I/EyeComfortSolutionService( 2765): currentSleepStep : 50
05-24 01:12:00.006 D/ClockFaceEvents( 3697): onTimeTick. callers : com.android.keyguard.ClockEventController$keyguardUpdateMonitorCallback$1.refreshTime:19
05-24 01:12:00.006 D/ClockFaceEvents( 3697): com.android.keyguard.ClockEventController$keyguardUpdateMonitorCallback$1.onTimeChanged:1
05-24 01:12:00.006 D/ClockFaceEvents( 3697): com.android.keyguard.KeyguardUpdateMonitor$16.handleMessage:732
05-24 01:12:00.006 D/ClockFaceEvents( 3697): onTimeTick. callers : com.android.keyguard.ClockEventController$keyguardUpdateMonitorCallback$1.refreshTime:38
05-24 01:12:00.006 D/ClockFaceEvents( 3697): com.android.keyguard.ClockEventController$keyguardUpdateMonitorCallback$1.onTimeChanged:1
05-24 01:12:00.006 D/ClockFaceEvents( 3697): com.android.keyguard.KeyguardUpdateMonitor$16.handleMessage:732
05-24 01:12:00.006 D/FaceWidgetPagesController( 3697): onTimeChanged()
05-24 01:12:00.008 D/QSClockBellTower( 3697): onReceive(android.intent.action.TIME_TICK) mTimeZoneString:Asia/Seoul
05-24 01:12:00.008 D/QSClockBellTower( 3697): He is ready to ring the bell. (((QSClockBellSound - TimeText:01:12, TimeContentDescription:01:12, DateText:5월 24일 일요일, ShortDateText:5월 24일 (일), Demo:false)))
05-24 01:12:00.010 D/QSClock ( 3697): StatusBar clock=01:12 notifyTimeChanged(QSClockBellSound - TimeText:01:12, TimeContentDescription:01:12, DateText:5월 24일 일요일, ShortDateText:5월 24일 (일), Demo:false) clockVisibleByPolicy=true, clockVisibleByUser=true, visible=true, parent=android.widget.LinearLayout{39d0982 V.E...... ......ID 109,0-239,75 #7f0a069b app:id/left_clock_container} caller=com.android.systemui.statusbar.phone.fragment.CollapsedStatusBarFragment.animateShow:52 com.android.systemui.statusbar.phone.fragment.CollapsedStatusBarFragment.updateStatusBarVisibilitiesInner:230 com.android.systemui.statusbar.phone.fragment.CollapsedStatusBarFragment.updateStatusBarVisibilities:65 com.android.systemui.statusbar.phone.fragment.CollapsedStatusBarFragment.disable:71 com.android.systemui.statusbar.CommandQueue$H.handleMessage:2997  
05-24 01:12:00.010 D/QSClockBellTower( 3697): Everyone heard the bell. run(currentTime:1779552720008, getTime():Sun May 24 01:12:00 GMT+09:00 2026, getTimeZone():libcore.util.ZoneInfo[mDstSavings=0,mUseDst=false,mDelegate=[id="Asia/Seoul",mRawOffset=32400000,mEarliestRawOffset=30472000,transitions=29]])
05-24 01:12:00.016 D/{OngoingChipAdapter}( 3697): updateEnableMaxWidth : 352 -:> 347
05-24 01:12:00.019 W/RefactorFlag( 3697): New code path expects SceneContainerFlag to be enabled.
05-24 01:12:00.026 I/VSyncReactor( 2066): Current= 120, Period= 120, Distance= 0
05-24 01:12:00.027 E/HeatmapThread( 2062): ECT Thread time in milliseconds: 1779552720
05-24 01:12:00.027 D/HeatmapThread( 2062): !@ batteryplugType : 0
05-24 01:12:00.027 D/HeatmapThread( 2062): !@ batteryLevel : 0  batteryTemperature : 0 
05-24 01:12:00.027 D/HeatmapThread( 2062): !@ Heatmap currtime: 29659212
05-24 01:12:00.027 D/HeatmapThread( 2062): !@ Heatmap prevtime: 29659196
05-24 01:12:00.027 D/HeatmapThread( 2062): !@ Heatmap plugstarttime: 35791394
05-24 01:12:00.027 D/HeatmapThread( 2062): !@ Heatmap prevv_dsoh_update_time: 29653376
05-24 01:12:00.027 E/HeatmapThread( 2062): !@Could not open '/efs/FactoryApp/bsoh', errno = 13
05-24 01:12:00.027 E/HeatmapThread( 2062): !@ CAM Could not access BSOH EFS
05-24 01:12:00.027 E/HeatmapThread( 2062): !@ CAM New BSOH: 0
05-24 01:12:00.034 I/VSyncReactor( 2066): Current= 120, Period= 120, Distance= 120
05-24 01:12:00.085 D/vendor.samsung.hardware.thermal@1.0-service( 2012): timer callback!
05-24 01:12:00.112 D/vendor.samsung.hardware.thermal@1.0-service( 2012): frontset.size = 0
05-24 01:12:00.118 I/SDHMS:x ( 6703): SIOP:: AP:354 BAT:298 USB:292 CHG:346 PA:344 WIFI:336 CF:321 BLK:0 SUBBAT:0 SKIN:312 SKINF:312 SKINB:308 LRP:312 LRP2:312 LRF2:312 LRB2:308 AP2:312 CHG2:307 WIFI2:311 UANT2:308 RCV2:307 SPK2:291 FCAM:292 UPSPK:319 DNSPK:292 AMB:239 AVGCUR:2 AVGSYS:460 POWER:8
05-24 01:12:00.214 D/ActivityManager( 2765): unpendingScheduleServiceRestart: u=10670, drop=false
05-24 01:12:00.218 D/FreecessController( 2765): UFZ : com.openai.chatgpt(10670) [28558] reason: Binder(1)-android.accessibilityservice.IAccessibili
05-24 01:12:00.218 W/LocationManagerService( 2765): onFreezeStateChanged, uid[10670]=false
05-24 01:12:00.218 I/PowerManagerService( 2765): [PWL] SetWakeLockEnableDisable uid = 10670 , disable= false
05-24 01:12:00.218 I/PowerManagerService( 2765): [PWL] can not change uid =  10670
05-24 01:12:00.761 I/sensors-hal( 1942): handle_sns_client_event:550, [0][1974429] accel_sample [ 0.097, -0.114,  9.888] 350245320446044
05-24 01:12:00.794 I/sensors-hal( 1942): handle_sns_std_sensor_event:311, [SSC_LIGHT] P: 44(44),m:7,c:1,b:250,c0:2512,l:44,f(r):82,u(bl):101,j:37
05-24 01:12:01.027 E/HeatmapThread( 2062): ECT Thread time in milliseconds: 1779552721
05-24 01:12:01.027 D/HeatmapThread( 2062): !@ batteryplugType : 0
05-24 01:12:01.027 D/HeatmapThread( 2062): !@ batteryLevel : 0  batteryTemperature : 0 
05-24 01:12:01.027 D/HeatmapThread( 2062): !@ Heatmap currtime: 29659212
05-24 01:12:01.027 D/HeatmapThread( 2062): !@ Heatmap prevtime: 29659196
05-24 01:12:01.027 D/HeatmapThread( 2062): !@ Heatmap plugstarttime: 35791394
05-24 01:12:01.027 D/HeatmapThread( 2062): !@ Heatmap prevv_dsoh_update_time: 29653376
05-24 01:12:01.027 E/HeatmapThread( 2062): !@Could not open '/efs/FactoryApp/bsoh', errno = 13
05-24 01:12:01.027 E/HeatmapThread( 2062): !@ CAM Could not access BSOH EFS
05-24 01:12:01.027 E/HeatmapThread( 2062): !@ CAM New BSOH: 0
05-24 01:12:01.098 D/io_stats( 1146): !@   8,0 r 27164613 581658228 w 10339105 147869308 d 3394976 167764408 f 0 802213 iot 12908208 0 th 0 0 0 pt 0 inp 0 0 340444.183
05-24 01:12:01.099 D/io_stats( 1146): !@ Read_top(KB): .openai.chatgpt(28558) 256 droid.ugc.trill(25279) 8 f2fs_ckpt-254:5(4251) 4
05-24 01:12:01.099 D/io_stats( 1146): !@ Write_top(KB): kworker/u16:2(14291) 100 f2fs_ckpt-254:5(4251) 92 init(1) 28
05-24 01:12:01.178 I/FusedLocation(24302): (REDACTED) location delivery to %s blocked - too close
