05-24 01:12:11.196 E/JobScheduler.Background( 2765): Couldn't determine stopped state for unknown package: com.samsung.android.sm.policy
05-24 01:12:11.197 E/JobScheduler.Background( 2765): Couldn't determine stopped state for unknown package: com.samsung.android.sm.policy
05-24 01:12:11.198 E/JobScheduler.Background( 2765): Couldn't determine stopped state for unknown package: com.facebook.appmanager
05-24 01:12:11.198 E/JobScheduler.Background( 2765): Couldn't determine stopped state for unknown package: com.facebook.appmanager
05-24 01:12:11.198 E/JobScheduler.Background( 2765): Couldn't determine stopped state for unknown package: com.facebook.appmanager
05-24 01:12:11.198 E/JobScheduler.Background( 2765): Couldn't determine stopped state for unknown package: com.facebook.appmanager
05-24 01:12:11.198 E/JobScheduler.Background( 2765): Couldn't determine stopped state for unknown package: com.facebook.appmanager
05-24 01:12:11.241 D/WifiStaIfaceHidlImpl( 2765): getCachedScanData is not implemented by HIDL
05-24 01:12:11.267 D/SemWifiUsabilityStatsMonitor( 2765): onWifiUsabilityStats - seqNum 96879, isSameBssidAndFreq true
05-24 01:12:11.269 I/SemWifiLinkQualityMonitor( 2765): Link stat: 563 / 47 / 1.00 (3) / 1200 / -32.0 || 100.0 : 1200.00 / 0.5 : 1.00 / 0.55 : 0.08 / G (G) || 6b020a812412: 0.085 / 93.869 / N || N N / 0 0 / N 2.0 / N X 0 / 340454352 0 || 2026-05-24 01:12:11  / 0: 0 0 0 0 0 0 / 0: 0 0 0 0 0 0 / 0: 0 0 0 0 0 0
05-24 01:12:11.798 D/NetdEventListenerService( 2765): DNS Requested by 213, 10512(com.microsoft.copilot), 4(FAIL), isBlocked=true, 0ms
05-24 01:12:11.886 D/NetdEventListenerService( 2765): DNS Requested by 213, 10125(com.instagram.android), 4(FAIL), isBlocked=true, 0ms
05-24 01:12:11.889 E/msys    (21704): E[N mns:DGWClient]_LogError(289)=>Failed to resolve using system DNS resolver, getaddrinfo(): No address associated with hostname
05-24 01:12:11.894 E/msys    (21704): E[N mns:DGWClient]_LogError(289)=>Failed to resolve using system DNS resolver, getaddrinfo(): No address associated with hostname
05-24 01:12:11.895 D/NetdEventListenerService( 2765): DNS Requested by 213, 10125(com.instagram.android), 4(FAIL), isBlocked=true, 0ms
05-24 01:12:11.994 I/sensors-hal( 1942): handle_sns_std_sensor_event:311, [SSC_LIGHT] P: 43(43),m:7,c:1,b:250,c0:2480,l:43,f(r):82,u(bl):101,j:37
05-24 01:12:12.027 E/HeatmapThread( 2062): ECT Thread time in milliseconds: 1779552732
05-24 01:12:12.027 D/HeatmapThread( 2062): !@ batteryplugType : 0
05-24 01:12:12.027 D/HeatmapThread( 2062): !@ batteryLevel : 0  batteryTemperature : 0 
05-24 01:12:12.027 D/HeatmapThread( 2062): !@ Heatmap currtime: 29659212
05-24 01:12:12.027 D/HeatmapThread( 2062): !@ Heatmap prevtime: 29659196
05-24 01:12:12.027 D/HeatmapThread( 2062): !@ Heatmap plugstarttime: 35791394
05-24 01:12:12.027 D/HeatmapThread( 2062): !@ Heatmap prevv_dsoh_update_time: 29653376
05-24 01:12:12.027 E/HeatmapThread( 2062): !@Could not open '/efs/FactoryApp/bsoh', errno = 13
05-24 01:12:12.027 E/HeatmapThread( 2062): !@ CAM Could not access BSOH EFS
05-24 01:12:12.027 E/HeatmapThread( 2062): !@ CAM New BSOH: 0
05-24 01:12:12.137 I/sensors-hal( 1942): handle_sns_client_event:185, auto_rotation_debug_2 mode,255, type,1,0 acc,0.096,-0.120,9.897, ar,0, ver,14, pedo,1,e,1,i,3
05-24 01:12:12.205 D/WM-DelayedWorkTracker(16405): Scheduling work 7495f33e-d1d3-4955-97c0-af48ab7affe3
05-24 01:12:12.207 D/WM-GreedyScheduler(16405): Starting work for 7495f33e-d1d3-4955-97c0-af48ab7affe3
05-24 01:12:12.213 D/WM-Processor(16405): ueo: processing WorkGenerationalId(workSpecId=7495f33e-d1d3-4955-97c0-af48ab7affe3, generation=0)
05-24 01:12:12.221 D/WM-WorkerWrapper(16405): Starting work for com.samsung.android.app.shealth.social.together.service.SocialSyncLoopMonitorWorker
05-24 01:12:12.239 I/WM-WorkerWrapper(16405): Worker result SUCCESS for Work [ id=7495f33e-d1d3-4955-97c0-af48ab7affe3, tags={ com.samsung.android.app.shealth.social.together.service.SocialSyncLoopMonitorWorker } ]
05-24 01:12:12.241 I/SamsungAccount( 6528): [AccountManagerProvider] getSamsungAccountId
05-24 01:12:12.242 I/SamsungAccount( 6528): [AccountManagerProvider] Calling package : app.shealth.
05-24 01:12:12.246 D/WM-Processor(16405): ueo 7495f33e-d1d3-4955-97c0-af48ab7affe3 executed; reschedule = false
05-24 01:12:12.252 I/SamsungAccount( 6528): [SignatureInfoDbHelper] searchOnUser(fromDb) - [10/1y90e][app.shealth.][64/14aaf] => matched
05-24 01:12:12.252 I/SamsungAccount( 6528): [AccountManagerProvider] This is the access of the allowed application
05-24 01:12:12.253 I/SamsungAccount( 6528): [AccountManagerProvider] makeResultBundle - resultCode : 0
05-24 01:12:12.259 D/WM-GreedyScheduler(16405): Cancelling work ID 7495f33e-d1d3-4955-97c0-af48ab7affe3
05-24 01:12:12.264 D/WM-SystemJobScheduler(16405): Scheduling work ID 7495f33e-d1d3-4955-97c0-af48ab7affe3Job ID 29477
05-24 01:12:12.809 I/sensors-hal( 1942): handle_sns_client_event:550, [0][1975683] accel_sample [ 0.081, -0.103,  9.891] 350257357638544
05-24 01:12:13.027 E/HeatmapThread( 2062): ECT Thread time in milliseconds: 1779552733
05-24 01:12:13.027 D/HeatmapThread( 2062): !@ batteryplugType : 0
05-24 01:12:13.027 D/HeatmapThread( 2062): !@ batteryLevel : 0  batteryTemperature : 0 
05-24 01:12:13.027 D/HeatmapThread( 2062): !@ Heatmap currtime: 29659212
05-24 01:12:13.027 D/HeatmapThread( 2062): !@ Heatmap prevtime: 29659196
05-24 01:12:13.027 D/HeatmapThread( 2062): !@ Heatmap plugstarttime: 35791394
05-24 01:12:13.027 D/HeatmapThread( 2062): !@ Heatmap prevv_dsoh_update_time: 29653376
05-24 01:12:13.027 E/HeatmapThread( 2062): !@Could not open '/efs/FactoryApp/bsoh', errno = 13
05-24 01:12:13.027 E/HeatmapThread( 2062): !@ CAM Could not access BSOH EFS
05-24 01:12:13.027 E/HeatmapThread( 2062): !@ CAM New BSOH: 0
05-24 01:12:13.106 D/io_stats( 1146): !@   8,0 r 27166963 581936880 w 10339377 147871224 d 3395063 167766096 f 0 802229 iot 12911508 0 th 0 0 0 pt 0 inp 0 0 340456.190
05-24 01:12:13.106 D/io_stats( 1146): !@ Read_top(KB): oid.app.shealth(16405) 544 .osp.app.signin(6528) 16
05-24 01:12:13.106 D/io_stats( 1146): !@ Write_top(KB): f2fs_ckpt-254:5(4251) 124 oid.app.shealth(16405) 96 init(1) 28
05-24 01:12:13.383 D/NetdEventListenerService( 2765): DNS Requested by 213, 10125(com.instagram.android), 4(FAIL), isBlocked=true, 0ms
05-24 01:12:13.383 E/msys    (21704): E[N mns:DGWClient]_LogError(289)=>Failed to resolve using system DNS resolver, getaddrinfo(): No address associated with hostname
05-24 01:12:13.987 I/android.hardware.health@2.1-service-samsung( 1940): updateLrpSysfs: write: 314
05-24 01:12:13.988 V/[SS]SleepChargingTimeController( 2765): [isActivated]mSleepChargingStatus Confident False => false
05-24 01:12:14.027 E/HeatmapThread( 2062): ECT Thread time in milliseconds: 1779552734
05-24 01:12:14.027 D/HeatmapThread( 2062): !@ batteryplugType : 0
05-24 01:12:14.027 D/HeatmapThread( 2062): !@ batteryLevel : 0  batteryTemperature : 0 
05-24 01:12:14.027 D/HeatmapThread( 2062): !@ Heatmap currtime: 29659212
05-24 01:12:14.027 D/HeatmapThread( 2062): !@ Heatmap prevtime: 29659196
05-24 01:12:14.027 D/HeatmapThread( 2062): !@ Heatmap plugstarttime: 35791394
05-24 01:12:14.027 D/HeatmapThread( 2062): !@ Heatmap prevv_dsoh_update_time: 29653376
05-24 01:12:14.027 E/HeatmapThread( 2062): !@Could not open '/efs/FactoryApp/bsoh', errno = 13
05-24 01:12:14.027 E/HeatmapThread( 2062): !@ CAM Could not access BSOH EFS
05-24 01:12:14.028 E/HeatmapThread( 2062): !@ CAM New BSOH: 0
05-24 01:12:14.103 E/BatteryDump( 1940): !@new_battery_dump : 4246,-17,1666,4490,100,299,292,349,299,0,310,341,0,Full,NO_CHARGING,None,Good,PDIC_APDO,0,Normal,0,0,8700,0x0,0xf0000,0x0,0,0,0000,0000,00000000,0,0,0,0,1769,4246,10000,990,0,
05-24 01:12:14.307 D/WifiStaIfaceHidlImpl( 2765): getCachedScanData is not implemented by HIDL
05-24 01:12:14.331 D/SemWifiUsabilityStatsMonitor( 2765): onWifiUsabilityStats - seqNum 96880, isSameBssidAndFreq true
05-24 01:12:14.334 I/SemWifiLinkQualityMonitor( 2765): Link stat: 734 / 43 / 1.00 (9) / 1200 / -29.0 || 100.0 : 1200.00 / 0.5 : 1.00 / 0.55 : 0.06 / G (G) || 6b020a812412: 0.083 / 96.215 / N || N N / 0 0 / N 2.0 / N X 0 / 340457417 0 || 2026-05-24 01:12:14  / 0: 0 0 0 0 0 0 / 0: 0 0 0 0 0 0 / 0: 0 0 0 0 0 0
05-24 01:12:14.555 I/sensors-hal( 1942): handle_sns_std_sensor_event:311, [SSC_LIGHT] P: 42(42),m:7,c:1,b:250,c0:2384,l:42,f(r):82,u(bl):101,j:37
05-24 01:12:14.715 I/sensors-hal( 1942): handle_sns_client_event:45, light_seamless ts=350259281921565 ns, 37,40,2147483647, M:0,0, S:0,0
05-24 01:12:14.724 D/RefreshRateModeManager( 2765): onBrightnessChanged: brt=250, lux=37.0
05-24 01:12:14.816 I/sensors-hal( 1942): handle_sns_client_event:550, [0][1975892] accel_sample [ 0.089, -0.108,  9.891] 350259363842294
05-24 01:12:14.816 D/InputDispatcher( 2765): Inject motion (15180/2000): action=0x0, time=340457901000000, f=0x0, d=0 dsdx=1.000000 dtdx=0.000000
05-24 01:12:14.817 I/InputDispatcher( 2765): Delivering touch to (3697): action: 0x4, f=0x0, d=0, '21d989a', t=1 
05-24 01:12:14.817 I/InputDispatcher( 2765): Delivering touch to (20825): action: 0x0, f=0x0, d=0, '92b540a', t=1 *(1.11)
05-24 01:12:14.818 D/PowerManagerService( 2765): [api] userActivityFromNative : touch displayId=0 eventTime=340457901
05-24 01:12:14.818 I/VRI[MainActivity]@622cc1c(20825): ViewPostIme pointer 0
05-24 01:12:14.819 D/PowerManagerService( 2765): UserActivityStateListenerState: 1
05-24 01:12:14.821 I/SemDvfsHyPerManager( 6703): acquire hyper - TABoost/6703@23, type = -999
05-24 01:12:14.822 I/HYPER-HAL( 1949): [RequestManager.cpp]acquire(): Acquired ID : 22622924  [6703 / 23]    HINT :      list : [TABoost / 1] [TIMEOUT / 1500] 
05-24 01:12:14.823 I/GestureDetector( 2765): obtain mCurrentDownEvent. id: -500527961 caller: com.android.server.wm.SystemGesturesPointerEventListener.onPointerEvent:17 com.android.server.wm.PointerEventDispatcher.onInputEvent:51 android.view.InputEventReceiver.dispatchInputEvent:392 
05-24 01:12:14.823 I/VRI[MainActivity]@622cc1c(20825): call setFrameRateCategory for touch hint category=high hint, reason=touch, vri=VRI[MainActivity]@622cc1c
05-24 01:12:14.824 I/GestureDetector( 2765): obtain mCurrentDownEvent. id: -500527961 caller: com.android.server.wm.SystemPerformancePointerEventListener.onPointerEvent:13 com.android.server.wm.PointerEventDispatcher.onInputEvent:51 android.view.InputEventReceiver.dispatchInputEvent:392 
05-24 01:12:14.825 D/InputDispatcher( 2765): Inject motion (15180/2000): action=0x1, time=340457901000000, f=0x0, d=0 dsdx=1.000000 dtdx=0.000000
05-24 01:12:14.825 I/InputDispatcher( 2765): Delivering touch to (20825): action: 0x1, f=0x0, d=0, '92b540a', t=1 *(1.11)
05-24 01:12:14.825 I/VRI[MainActivity]@622cc1c(20825): ViewPostIme pointer 1
05-24 01:12:14.826 I/SurfaceFlinger( 2066): [com.parkcheolhong.worldlinco/com.parkcheolhong.worldlinco.MainActivity$_20825#40977] setFrameRateCategory: HighHint
05-24 01:12:14.826 I/GestureDetector( 2765): obtain mCurrentMotionEventRaw. action: 1 id: -692769372
05-24 01:12:14.826 I/GestureDetector( 2765): obtain mCurrentMotionEventRaw. action: 1 id: -692769372
05-24 01:12:14.827 I/ReactNativeJS(20825): '[UI_PRESS_PROBE]', '{"event":"SECTION_RAIL_PRESS","timestamp":"2026-05-23T16:12:14.827Z","token_ready":true,"user_ready":true,"show_login":false,"show_voip_tester":false,"selected_call_mode":"voip_full_auto","key":"voip","previous_section":"home","next_section":"voip"}'
05-24 01:12:14.827 I/VSyncReactor( 2066): Current= 120, Period= 120, Distance= 0
05-24 01:12:14.835 I/VSyncReactor( 2066): Current= 120, Period= 120, Distance= 120
05-24 01:12:14.861 I/BLASTBufferQueue_Java(20825): update, w= 1600 h= 3431 mName = VRI[MainActivity]@622cc1c mNativeObject= 0xb400007e09627750 sc.mNativeObject= 0xb400007dd9603c10 format= -1 caller= android.view.ViewRootImpl.updateBlastSurfaceIfNeeded:3574 android.view.ViewRootImpl.relayoutWindow:11685 android.view.ViewRootImpl.performTraversals:4804 android.view.ViewRootImpl.doTraversal:3924 android.view.ViewRootImpl$TraversalRunnable.run:12903 android.view.Choreographer$CallbackRecord.run:1901 
05-24 01:12:14.861 I/VRI[MainActivity]@622cc1c(20825): Relayout returned: old=(0,0,1600,3431) new=(0,0,1600,3431) relayoutAsync=true req=(1600,3431)0 dur=0 res=0x0 s={true 0xb400007d39687010} ch=false seqId=0
05-24 01:12:14.861 I/WindowManager( 2765): Relayout Window{92b540a u0 com.parkcheolhong.worldlinco/com.parkcheolhong.worldlinco.MainActivity}: viewVisibility=0 req=1600x3431 ty=1 d0
05-24 01:12:14.862 D/SurfaceComposerClient( 2765): setCornerRadius ## 92b540a com.parkcheolhong.worldlinco/com.parkcheolhong.worldlinco.MainActivity#40683 cornerRadius=0.000000
05-24 01:12:14.862 I/VRI[MainActivity]@622cc1c(20825): registerCallbackForPendingTransactions
05-24 01:12:14.862 I/VRI[MainActivity]@622cc1c(20825): mWNT: t=0xb400007d7969fd50 mBlastBufferQueue=0xb400007e09627750 fn= 11 HdrRenderState mRenderHdrSdrRatio=1.0 caller= android.view.ViewRootImpl$10.onFrameDraw:6536 android.view.ViewRootImpl$4.onFrameDraw:2489 android.view.ThreadedRenderer$1.onFrameDraw:718 
05-24 01:12:14.863 D/SurfaceComposerClient( 2765): setCornerRadius ## 92b540a com.parkcheolhong.worldlinco/com.parkcheolhong.worldlinco.MainActivity#40683 cornerRadius=0.000000
05-24 01:12:14.865 I/WindowManager( 2765): Relayout hash=92b540a, pid=0, syncId=-1: mAttrs={(0,0)(fillxfill) sim={state=visible adjust=resize} layoutInDisplayCutoutMode=always ty=BASE_APPLICATION wanim=0x1030317
05-24 01:12:14.865 I/WindowManager( 2765):   fl=81810900
05-24 01:12:14.865 I/WindowManager( 2765):   pfl=10048040
05-24 01:12:14.865 I/WindowManager( 2765):   bhv=1
05-24 01:12:14.865 I/WindowManager( 2765):   fitSides=0
05-24 01:12:14.865 I/WindowManager( 2765):   frameRateBoostOnTouch=true
05-24 01:12:14.865 I/WindowManager( 2765):   dvrrWindowFrameRateHint=true naviIconColor=0}
05-24 01:12:14.873 I/sensors-hal( 1942): handle_sns_std_sensor_event:311, [SSC_LIGHT] P: 27(27),m:7,c:1,b:250,c0:1408,l:24,f(r):82,u(bl):101,j:21
05-24 01:12:14.905 W/System.err(25279): FlagsHookHelper: skip hook flags method getInstanceHook
05-24 01:12:14.908 D/InputDispatcher( 2765): Inject motion (15187/2000): action=0x0, time=340457993000000, f=0x0, d=0 dsdx=1.000000 dtdx=0.000000
05-24 01:12:14.909 I/InputDispatcher( 2765): Delivering touch to (3697): action: 0x4, f=0x0, d=0, '21d989a', t=1 
05-24 01:12:14.909 I/InputDispatcher( 2765): Delivering touch to (20825): action: 0x0, f=0x0, d=0, '92b540a', t=1 *(1.11)
05-24 01:12:14.909 I/VRI[MainActivity]@622cc1c(20825): ViewPostIme pointer 0
05-24 01:12:14.910 I/GestureDetector( 2765): obtain mCurrentDownEvent. id: -718359601 caller: com.android.server.wm.SystemGesturesPointerEventListener.onPointerEvent:17 com.android.server.wm.PointerEventDispatcher.onInputEvent:51 android.view.InputEventReceiver.dispatchInputEvent:392 
05-24 01:12:14.910 D/InputDispatcher( 2765): Inject motion (15187/2000): action=0x1, time=340457993000000, f=0x0, d=0 dsdx=1.000000 dtdx=0.000000
05-24 01:12:14.910 I/GestureDetector( 2765): obtain mCurrentDownEvent. id: -718359601 caller: com.android.server.wm.SystemPerformancePointerEventListener.onPointerEvent:13 com.android.server.wm.PointerEventDispatcher.onInputEvent:51 android.view.InputEventReceiver.dispatchInputEvent:392 
05-24 01:12:14.910 I/InputDispatcher( 2765): Delivering touch to (20825): action: 0x1, f=0x0, d=0, '92b540a', t=1 *(1.11)
05-24 01:12:14.911 I/GestureDetector( 2765): obtain mCurrentMotionEventRaw. action: 1 id: -192712854
05-24 01:12:14.911 I/GestureDetector( 2765): obtain mCurrentMotionEventRaw. action: 1 id: -192712854
05-24 01:12:14.911 I/VRI[MainActivity]@622cc1c(20825): ViewPostIme pointer 1
05-24 01:12:14.922 D/NetdEventListenerService( 2765): DNS Requested by 213, 10410(com.ss.android.ugc.trill), 4(FAIL), isBlocked=true, 0ms
05-24 01:12:14.993 D/InputDispatcher( 2765): Inject motion (15194/2000): action=0x0, time=340458078000000, f=0x0, d=0 dsdx=1.000000 dtdx=0.000000
05-24 01:12:14.994 I/InputDispatcher( 2765): Delivering touch to (3697): action: 0x4, f=0x0, d=0, '21d989a', t=1 
05-24 01:12:14.994 I/InputDispatcher( 2765): Delivering touch to (20825): action: 0x0, f=0x0, d=0, '92b540a', t=1 *(1.11)
05-24 01:12:14.995 I/VRI[MainActivity]@622cc1c(20825): ViewPostIme pointer 0
05-24 01:12:14.995 I/GestureDetector( 2765): obtain mCurrentDownEvent. id: -679628875 caller: com.android.server.wm.SystemGesturesPointerEventListener.onPointerEvent:17 com.android.server.wm.PointerEventDispatcher.onInputEvent:51 android.view.InputEventReceiver.dispatchInputEvent:392 
05-24 01:12:14.996 I/GestureDetector( 2765): obtain mCurrentDownEvent. id: -679628875 caller: com.android.server.wm.SystemPerformancePointerEventListener.onPointerEvent:13 com.android.server.wm.PointerEventDispatcher.onInputEvent:51 android.view.InputEventReceiver.dispatchInputEvent:392 
05-24 01:12:14.997 D/InputDispatcher( 2765): Inject motion (15194/2000): action=0x1, time=340458078000000, f=0x0, d=0 dsdx=1.000000 dtdx=0.000000
05-24 01:12:14.997 I/InputDispatcher( 2765): Delivering touch to (20825): action: 0x1, f=0x0, d=0, '92b540a', t=1 *(1.11)
05-24 01:12:14.997 I/VRI[MainActivity]@622cc1c(20825): ViewPostIme pointer 1
05-24 01:12:14.998 I/GestureDetector( 2765): obtain mCurrentMotionEventRaw. action: 1 id: -2379190
05-24 01:12:14.999 I/SemDvfsHyPerManager( 6703): acquire hyper - TABoost/6703@23, type = -999
05-24 01:12:14.999 I/GestureDetector( 2765): obtain mCurrentMotionEventRaw. action: 1 id: -2379190
05-24 01:12:14.999 I/HYPER-HAL( 1949): [RequestManager.cpp]releaseLocked(): Released ID : 22622924
05-24 01:12:14.999 I/HYPER-HAL( 1949): [RequestManager.cpp]acquire(): Acquired ID : 22622924  [6703 / 23]    HINT :      list : [TABoost / 1] [TIMEOUT / 1500] 
05-24 01:12:15.027 E/HeatmapThread( 2062): ECT Thread time in milliseconds: 1779552735
05-24 01:12:15.027 D/HeatmapThread( 2062): !@ batteryplugType : 0
05-24 01:12:15.027 D/HeatmapThread( 2062): !@ batteryLevel : 0  batteryTemperature : 0 
05-24 01:12:15.027 D/HeatmapThread( 2062): !@ Heatmap currtime: 29659212
05-24 01:12:15.027 D/HeatmapThread( 2062): !@ Heatmap prevtime: 29659196
05-24 01:12:15.027 D/HeatmapThread( 2062): !@ Heatmap plugstarttime: 35791394
05-24 01:12:15.027 D/HeatmapThread( 2062): !@ Heatmap prevv_dsoh_update_time: 29653376
05-24 01:12:15.028 E/HeatmapThread( 2062): !@Could not open '/efs/FactoryApp/bsoh', errno = 13
05-24 01:12:15.028 E/HeatmapThread( 2062): !@ CAM Could not access BSOH EFS
05-24 01:12:15.028 E/HeatmapThread( 2062): !@ CAM New BSOH: 0
05-24 01:12:15.033 I/sensors-hal( 1942): handle_sns_std_sensor_event:311, [SSC_LIGHT] P: 16(16),m:7,c:2,b:250,c0:928,l:15,f(r):82,u(bl):101,j:9
05-24 01:12:15.072 D/ActivityManager( 2765): unpendingScheduleServiceRestart: u=10670, drop=false
05-24 01:12:15.075 W/LocationManagerService( 2765): onFreezeStateChanged, uid[10670]=false
05-24 01:12:15.075 D/FreecessController( 2765): UFZ : com.openai.chatgpt(10670) [28558] reason: Binder(1)-android.accessibilityservice.IAccessibili
05-24 01:12:15.075 I/PowerManagerService( 2765): [PWL] SetWakeLockEnableDisable uid = 10670 , disable= false
05-24 01:12:15.075 I/PowerManagerService( 2765): [PWL] can not change uid =  10670
05-24 01:12:15.106 D/io_stats( 1146): !@   8,0 r 27166985 581937140 w 10339398 147871308 d 3395063 167766096 f 0 802231 iot 12911560 0 th 0 0 0 pt 0 inp 0 2 340458.191
05-24 01:12:15.296 I/GestureDetector( 2765): handleMessage TAP
05-24 01:12:15.296 I/GestureDetector( 2765): handleMessage TAP
05-24 01:12:15.538 I/wpa_supplicant(10796): Heartbeat 33568
05-24 01:12:15.552 I/VSyncReactor( 2066): Current= 120, Period= 120, Distance= 1
05-24 01:12:15.561 I/VSyncReactor( 2066): Current= 120, Period= 120, Distance= 120
05-24 01:12:15.782 D/WifiConnectivityMonitor.NetworkStatsAnalyzer( 2765): Backhaul result - RSSI:-29, CE:13, PE:13, TI:37, PTI:36, TW:0, PTW:0, Tx:44, Rx:181, TxS:12, RxS:4, RESULT:true, IC:4, ICT:5, WC:3, WCT:5, R:0, RC:0, IE:0, EC:0
05-24 01:12:16.027 E/HeatmapThread( 2062): ECT Thread time in milliseconds: 1779552736
05-24 01:12:16.027 D/HeatmapThread( 2062): !@ batteryplugType : 0
05-24 01:12:16.027 D/HeatmapThread( 2062): !@ batteryLevel : 0  batteryTemperature : 0 
05-24 01:12:16.027 D/HeatmapThread( 2062): !@ Heatmap currtime: 29659212
05-24 01:12:16.027 D/HeatmapThread( 2062): !@ Heatmap prevtime: 29659196
05-24 01:12:16.027 D/HeatmapThread( 2062): !@ Heatmap plugstarttime: 35791394
05-24 01:12:16.027 D/HeatmapThread( 2062): !@ Heatmap prevv_dsoh_update_time: 29653376
05-24 01:12:16.027 E/HeatmapThread( 2062): !@Could not open '/efs/FactoryApp/bsoh', errno = 13
05-24 01:12:16.027 E/HeatmapThread( 2062): !@ CAM Could not access BSOH EFS
05-24 01:12:16.027 E/HeatmapThread( 2062): !@ CAM New BSOH: 0
05-24 01:12:16.286 D/BoundBrokerSvc(24302): onUnbind: Intent { act=com.google.android.gms.auth.aang.events.services.START dat=chimera-action:/... xflg=0x4 cmp=com.google.android.gms/.chimera.PersistentApiService }
05-24 01:12:16.404 I/SDHMS:LOAD( 6703): type: LoadsFreqs, value: 7:0:0:806400:806400:806400:732288:1881600:633600:285:285:285
05-24 01:12:16.501 I/HYPER-HAL( 1949): [RequestManager.cpp]releaseLocked(): Released ID : 22622924
05-24 01:12:16.538 D/SatelliteController( 3655): isInCarrierRoamingNbIotNtn: satellite is disabled
05-24 01:12:16.541 D/SemCellularStateManager( 2765): onSignalStrengthsChanged: mCellularSignalLevel=3
05-24 01:12:16.582 I/vendor.rmt_storage( 2067): rmt_storage_connect_cb: clnt_h=0x15e conn_h=0xb4000076b6828410
05-24 01:12:16.582 I/vendor.rmt_storage( 2067): rmt_storage_rw_iovec_cb: /boot/modem_fs2: req_h=0x15e msg_id=3: R/W request received (wr_count 342)
05-24 01:12:16.582 I/vendor.rmt_storage( 2067): wakelock acquired: 1, error no: 11
05-24 01:12:16.583 I/vendor.rmt_storage( 2067): rmt_storage_client_thread: /boot/modem_fs2: Unblock worker thread (th_id: 500737416368)
05-24 01:12:16.604 I/vendor.rmt_storage( 2067): rmt_storage_client_thread: /boot/modem_fs2: req_h=0x15e msg_id=3: Bytes written = 2621440, wr_count 342
05-24 01:12:16.604 I/vendor.rmt_storage( 2067): rmt_storage_client_thread: /boot/modem_fs2: req_h=0x15e msg_id=3: Send response: res=0 err=0, wr_count 342
05-24 01:12:16.605 I/vendor.rmt_storage( 2067): rmt_storage_client_thread: /boot/modem_fs2: About to block rmt_storage client thread (th_id: 500737416368) wakelock released: 1, error no: 0
05-24 01:12:16.605 I/vendor.rmt_storage( 2067): 
05-24 01:12:16.606 E/minksocket( 1917): MinkIPC_QRTR_Service: client with node 0 port 1dd went down
05-24 01:12:16.606 I/vendor.rmt_storage( 2067): rmt_storage_disconnect_cb: clnt_h=0x15e conn_h=0xb4000076b6828410
05-24 01:12:16.821 I/sensors-hal( 1942): handle_sns_client_event:550, [0][1976101] accel_sample [ 0.072, -0.117,  9.881] 350261370047689
05-24 01:12:16.955 I/sensors-hal( 1942): handle_sns_std_sensor_event:311, [SSC_LIGHT] P: 28(28),m:7,c:3,b:250,c0:1856,l:31,f(r):82,u(bl):101,j:20
05-24 01:12:17.027 E/HeatmapThread( 2062): ECT Thread time in milliseconds: 1779552737
05-24 01:12:17.027 D/HeatmapThread( 2062): !@ batteryplugType : 0
05-24 01:12:17.027 D/HeatmapThread( 2062): !@ batteryLevel : 0  batteryTemperature : 0 
05-24 01:12:17.027 D/HeatmapThread( 2062): !@ Heatmap currtime: 29659212
05-24 01:12:17.027 D/HeatmapThread( 2062): !@ Heatmap prevtime: 29659196
05-24 01:12:17.027 D/HeatmapThread( 2062): !@ Heatmap plugstarttime: 35791394
05-24 01:12:17.027 D/HeatmapThread( 2062): !@ Heatmap prevv_dsoh_update_time: 29653376
05-24 01:12:17.028 E/HeatmapThread( 2062): !@Could not open '/efs/FactoryApp/bsoh', errno = 13
05-24 01:12:17.028 E/HeatmapThread( 2062): !@ CAM Could not access BSOH EFS
05-24 01:12:17.028 E/HeatmapThread( 2062): !@ CAM New BSOH: 0
05-24 01:12:17.107 D/io_stats( 1146): !@   8,0 r 27166990 581937208 w 10339410 147873892 d 3395063 167766096 f 0 802234 iot 12911588 0 th 0 0 0 pt 0 inp 0 0 340460.192
05-24 01:12:17.108 D/io_stats( 1146): !@ Read_top(KB): rild(2399) 152 om.kakaopay.app(16809) 104 hong.worldlinco(20825) 48
05-24 01:12:17.108 D/io_stats( 1146): !@ Write_top(KB): rmt_storage(2067) 2560 kworker/u16:0(8069) 40 soft.appmanager(18483) 16
05-24 01:12:17.113 I/sensors-hal( 1942): handle_sns_std_sensor_event:311, [SSC_LIGHT] P: 38(38),m:7,c:3,b:250,c0:2448,l:41,f(r):82,u(bl):101,j:31
05-24 01:12:17.233 D/BoundBrokerSvc(24302): onUnbind: Intent { act=com.google.android.gms.libs.gmscorelogger.service.START dat=chimera-action:/... xflg=0x4 cmp=com.google.android.gms/.chimera.PersistentDirectBootAwareApiService }
05-24 01:12:17.275 I/sensors-hal( 1942): handle_sns_client_event:45, light_seamless ts=350261839883574 ns, 46,40,2147483647, M:0,0, S:0,0
05-24 01:12:17.282 D/RefreshRateModeManager( 2765): onBrightnessChanged: brt=250, lux=46.0
05-24 01:12:17.400 D/WifiStaIfaceHidlImpl( 2765): getCachedScanData is not implemented by HIDL
05-24 01:12:17.429 D/SemWifiUsabilityStatsMonitor( 2765): onWifiUsabilityStats - seqNum 96881, isSameBssidAndFreq true
05-24 01:12:17.519 D/NetdEventListenerService( 2765): DNS Requested by 213, 10512(com.microsoft.copilot), 4(FAIL), isBlocked=true, 0ms
05-24 01:12:17.995 D/PowerManagerService( 2765): UserActivityStateListenerState: 0
05-24 01:12:17.998 I/VRI[MainActivity]@622cc1c(20825): call setFrameRateCategory for touch hint category=no preference, reason=boost timeout, vri=VRI[MainActivity]@622cc1c
05-24 01:12:18.003 I/SurfaceFlinger( 2066): [com.parkcheolhong.worldlinco/com.parkcheolhong.worldlinco.MainActivity$_20825#40977] setFrameRateCategory: NoPreference
05-24 01:12:18.027 E/HeatmapThread( 2062): ECT Thread time in milliseconds: 1779552738
05-24 01:12:18.027 D/HeatmapThread( 2062): !@ batteryplugType : 0
05-24 01:12:18.027 D/HeatmapThread( 2062): !@ batteryLevel : 0  batteryTemperature : 0 
05-24 01:12:18.027 D/HeatmapThread( 2062): !@ Heatmap currtime: 29659212
05-24 01:12:18.027 D/HeatmapThread( 2062): !@ Heatmap prevtime: 29659196
05-24 01:12:18.027 D/HeatmapThread( 2062): !@ Heatmap plugstarttime: 35791394
05-24 01:12:18.027 D/HeatmapThread( 2062): !@ Heatmap prevv_dsoh_update_time: 29653376
05-24 01:12:18.027 E/HeatmapThread( 2062): !@Could not open '/efs/FactoryApp/bsoh', errno = 13
05-24 01:12:18.027 E/HeatmapThread( 2062): !@ CAM Could not access BSOH EFS
05-24 01:12:18.027 E/HeatmapThread( 2062): !@ CAM New BSOH: 0
05-24 01:12:18.183 D/WifiConnectivityMonitor.DnsThread( 2765):  [|209] []
05-24 01:12:18.184 D/WifiConnectivityMonitor.NetworkStatsAnalyzer( 2765): DNS resultType : 0, responseTime : 209
05-24 01:12:18.185 D/OpenNetworkQos[4.00]( 2765): updateBssidLatestDnsResultType - result: 0
05-24 01:12:18.185 D/OpenNetworkQos[4.00]( 2765): updateBssidNoInternet: mBssidNoInternet = false
05-24 01:12:18.185 D/OpenNetworkQos[4.00]( 2765): getOpenNetworkQosNoInternetStatus: false
05-24 01:12:18.185 D/OpenNetworkQos[4.00]( 2765): getOpenNetworkQosScores: 26 23 26 
05-24 01:12:18.185 D/KNOX_MDM_SettingsProvider( 2765): isChangeAllowed() : name = wifi_wcm_qos_sharing_score_summary
05-24 01:12:18.186 I/WifiProfileShare( 2765): network QoS data was changed (internet), updateQoSData networkType: true, qosData: false
05-24 01:12:18.186 V/WifiProfileShare.Caster( 2765): update wips network, size: 0
05-24 01:12:18.186 D/WifiProfileShare( 2765): nearby scanning settings run
05-24 01:12:18.186 D/WifiProfileShare( 2765): network score provider settings enabled
05-24 01:12:18.186 D/OpenNetworkQos[4.00]( 2765): getOpenNetworkQosScores: 26 23 26 
05-24 01:12:18.186 D/OpenNetworkQos[4.00]( 2765): getOpenNetworkQosNoInternetStatus: false
05-24 01:12:18.187 I/WifiProfileShare.Caster( 2765): current network type: 0, score: [26, 23, 26]
05-24 01:12:18.187 V/WifiProfileShare.Cache( 2765): update network score 16:e6:6b:**:**:81
05-24 01:12:18.188 D/WifiProfileShare.ScanMatcher( 2765): getMcfDataList size:2
05-24 01:12:18.188 I/WifiProfileShare.Caster( 2765): qos data was updated , before:type:QOS, pBssid:e4:61:97, qosData:77 after:type:QOS, pBssid:e4:61:97, qosData:77
05-24 01:12:18.188 D/[MCFServer]_McfMainController(10669): getBleStatus - true.
05-24 01:12:18.189 I/[MCFSDK_android_1.3.7026]_4_McfCasterImpl( 2765): isNetworkEnabled - type : 1 ret : true
05-24 01:12:18.189 D/WifiProfileShare.McfCast( 2765): -ME--- mIsNetworkEnabled :true
05-24 01:12:18.189 D/WifiProfileShare.McfCast( 2765): updateQoSData ignored, same contents
05-24 01:12:18.189 D/WifiProfileShare.MCF( 2765): success update QosData !
05-24 01:12:18.189 D/[MCFServer]_McfMainController(10669): getBleStatus - true.
05-24 01:12:18.189 I/[MCFSDK_android_1.3.7026]_4_McfCasterImpl( 2765): isNetworkEnabled - type : 1 ret : true
05-24 01:12:18.189 D/WifiProfileShare.McfCast( 2765): -ME--- mIsNetworkEnabled :true
05-24 01:12:18.189 D/WifiProfileShare.McfCast( 2765): -ME--- updatePasswordDate pwdData size:2
05-24 01:12:18.555 I/SemWifiServiceDetector( 2765): Service det. suspended: T / T / 27646
05-24 01:12:18.652 W/ParceledListSlice( 2765): Element #460 is 24380 bytes.
05-24 01:12:18.653 W/ParceledListSlice( 2765): Element #460 is 24380 bytes.
05-24 01:12:18.817 I/sensors-hal( 1942): handle_sns_client_event:550, [0][1976310] accel_sample [ 0.097, -0.111,  9.896] 350263376254564
05-24 01:12:19.027 E/HeatmapThread( 2062): ECT Thread time in milliseconds: 1779552739
05-24 01:12:19.027 D/HeatmapThread( 2062): !@ batteryplugType : 0
05-24 01:12:19.027 D/HeatmapThread( 2062): !@ batteryLevel : 0  batteryTemperature : 0 
05-24 01:12:19.027 D/HeatmapThread( 2062): !@ Heatmap currtime: 29659212
05-24 01:12:19.027 D/HeatmapThread( 2062): !@ Heatmap prevtime: 29659196
05-24 01:12:19.027 D/HeatmapThread( 2062): !@ Heatmap plugstarttime: 35791394
05-24 01:12:19.027 D/HeatmapThread( 2062): !@ Heatmap prevv_dsoh_update_time: 29653376
05-24 01:12:19.028 E/HeatmapThread( 2062): !@Could not open '/efs/FactoryApp/bsoh', errno = 13
05-24 01:12:19.028 E/HeatmapThread( 2062): !@ CAM Could not access BSOH EFS
05-24 01:12:19.028 E/HeatmapThread( 2062): !@ CAM New BSOH: 0
05-24 01:12:19.103 D/NetdEventListenerService( 2765): DNS Requested by 213, 10125(com.instagram.android), 4(FAIL), isBlocked=tr