05-24 01:05:02.211 E/Tethering( 1005): 	at android.os.Handler.handleCallback(Handler.java:938)
05-24 01:05:02.211 E/Tethering( 1005): 	at android.os.Handler.dispatchMessage(Handler.java:99)
05-24 01:05:02.211 E/Tethering( 1005): 	at android.os.Looper.loopOnce(Looper.java:226)
05-24 01:05:02.211 E/Tethering( 1005): 	at android.os.Looper.loop(Looper.java:313)
05-24 01:05:02.211 E/Tethering( 1005): 	at android.os.HandlerThread.run(HandlerThread.java:67)
05-24 01:05:02.212 E/Tethering( 1005): [BpfCoordinator] ERROR Problem fetching tethering stats
05-24 01:05:05.921 I/NearbyMediums(15725): Current Tracked Scanning Clients are : {NearbyConnections.EnvironmentMonitor, NearbySharing, NearbyConnections.TxAdvertisement}
05-24 01:05:07.213 E/Tethering( 1005): [api31.BpfCoordinatorShimImpl] ERROR Fail to fetch tethering stats from BPF map: : getNextMapKey failed: EBADF (Bad file descriptor)
05-24 01:05:07.213 E/Tethering( 1005): android.system.ErrnoException: getNextMapKey failed: EBADF (Bad file descriptor)
05-24 01:05:07.213 E/Tethering( 1005): 	at com.android.networkstack.tethering.BpfMap.getNextMapKey(Native Method)
05-24 01:05:07.213 E/Tethering( 1005): 	at com.android.networkstack.tethering.BpfMap.getNextRawKey(BpfMap.java:199)
05-24 01:05:07.213 E/Tethering( 1005): 	at com.android.networkstack.tethering.BpfMap.getNextKeyInternal(BpfMap.java:177)
05-24 01:05:07.213 E/Tethering( 1005): 	at com.android.networkstack.tethering.BpfMap.getFirstKey(BpfMap.java:206)
05-24 01:05:07.213 E/Tethering( 1005): 	at com.android.networkstack.tethering.BpfMap.forEach(BpfMap.java:243)
05-24 01:05:07.213 E/Tethering( 1005): 	at com.android.networkstack.tethering.apishim.api31.BpfCoordinatorShimImpl.tetherOffloadGetStats(BpfCoordinatorShimImpl.java:241)
05-24 01:05:07.213 E/Tethering( 1005): 	at com.android.networkstack.tethering.BpfCoordinator.updateForwardedStats(BpfCoordinator.java:1844)
05-24 01:05:07.213 E/Tethering( 1005): 	at com.android.networkstack.tethering.BpfCoordinator.lambda$new$0(BpfCoordinator.java:249)
05-24 01:05:07.213 E/Tethering( 1005): 	at com.android.networkstack.tethering.BpfCoordinator.$r8$lambda$11zi2so53-tPlRpKnlSkWOpxReo(Unknown Source:0)
05-24 01:05:07.213 E/Tethering( 1005): 	at com.android.networkstack.tethering.BpfCoordinator$$ExternalSyntheticLambda0.run(Unknown Source:2)
05-24 01:05:07.213 E/Tethering( 1005): 	at android.os.Handler.handleCallback(Handler.java:938)
05-24 01:05:07.213 E/Tethering( 1005): 	at android.os.Handler.dispatchMessage(Handler.java:99)
05-24 01:05:07.213 E/Tethering( 1005): 	at android.os.Looper.loopOnce(Looper.java:226)
05-24 01:05:07.213 E/Tethering( 1005): 	at android.os.Looper.loop(Looper.java:313)
05-24 01:05:07.213 E/Tethering( 1005): 	at android.os.HandlerThread.run(HandlerThread.java:67)
05-24 01:05:07.213 E/Tethering( 1005): [BpfCoordinator] ERROR Problem fetching tethering stats
05-24 01:05:12.219 E/Tethering( 1005): [api31.BpfCoordinatorShimImpl] ERROR Fail to fetch tethering stats from BPF map: : getNextMapKey failed: EBADF (Bad file descriptor)
05-24 01:05:12.219 E/Tethering( 1005): android.system.ErrnoException: getNextMapKey failed: EBADF (Bad file descriptor)
05-24 01:05:12.219 E/Tethering( 1005): 	at com.android.networkstack.tethering.BpfMap.getNextMapKey(Native Method)
05-24 01:05:12.219 E/Tethering( 1005): 	at com.android.networkstack.tethering.BpfMap.getNextRawKey(BpfMap.java:199)
05-24 01:05:12.219 E/Tethering( 1005): 	at com.android.networkstack.tethering.BpfMap.getNextKeyInternal(BpfMap.java:177)
05-24 01:05:12.219 E/Tethering( 1005): 	at com.android.networkstack.tethering.BpfMap.getFirstKey(BpfMap.java:206)
05-24 01:05:12.219 E/Tethering( 1005): 	at com.android.networkstack.tethering.BpfMap.forEach(BpfMap.java:243)
05-24 01:05:12.219 E/Tethering( 1005): 	at com.android.networkstack.tethering.apishim.api31.BpfCoordinatorShimImpl.tetherOffloadGetStats(BpfCoordinatorShimImpl.java:241)
05-24 01:05:12.219 E/Tethering( 1005): 	at com.android.networkstack.tethering.BpfCoordinator.updateForwardedStats(BpfCoordinator.java:1844)
05-24 01:05:12.219 E/Tethering( 1005): 	at com.android.networkstack.tethering.BpfCoordinator.lambda$new$0(BpfCoordinator.java:249)
05-24 01:05:12.219 E/Tethering( 1005): 	at com.android.networkstack.tethering.BpfCoordinator.$r8$lambda$11zi2so53-tPlRpKnlSkWOpxReo(Unknown Source:0)
05-24 01:05:12.219 E/Tethering( 1005): 	at com.android.networkstack.tethering.BpfCoordinator$$ExternalSyntheticLambda0.run(Unknown Source:2)
05-24 01:05:12.219 E/Tethering( 1005): 	at android.os.Handler.handleCallback(Handler.java:938)
05-24 01:05:12.219 E/Tethering( 1005): 	at android.os.Handler.dispatchMessage(Handler.java:99)
05-24 01:05:12.219 E/Tethering( 1005): 	at android.os.Looper.loopOnce(Looper.java:226)
05-24 01:05:12.219 E/Tethering( 1005): 	at android.os.Looper.loop(Looper.java:313)
05-24 01:05:12.219 E/Tethering( 1005): 	at android.os.HandlerThread.run(HandlerThread.java:67)
05-24 01:05:12.220 E/Tethering( 1005): [BpfCoordinator] ERROR Problem fetching tethering stats
05-24 01:05:15.925 I/NearbyMediums(15725): Current Tracked Scanning Clients are : {NearbyConnections.EnvironmentMonitor, NearbySharing, NearbyConnections.TxAdvertisement}
05-24 01:05:17.224 E/Tethering( 1005): [api31.BpfCoordinatorShimImpl] ERROR Fail to fetch tethering stats from BPF map: : getNextMapKey failed: EBADF (Bad file descriptor)
05-24 01:05:17.224 E/Tethering( 1005): android.system.ErrnoException: getNextMapKey failed: EBADF (Bad file descriptor)
05-24 01:05:17.224 E/Tethering( 1005): 	at com.android.networkstack.tethering.BpfMap.getNextMapKey(Native Method)
05-24 01:05:17.224 E/Tethering( 1005): 	at com.android.networkstack.tethering.BpfMap.getNextRawKey(BpfMap.java:199)
05-24 01:05:17.224 E/Tethering( 1005): 	at com.android.networkstack.tethering.BpfMap.getNextKeyInternal(BpfMap.java:177)
05-24 01:05:17.224 E/Tethering( 1005): 	at com.android.networkstack.tethering.BpfMap.getFirstKey(BpfMap.java:206)
05-24 01:05:17.224 E/Tethering( 1005): 	at com.android.networkstack.tethering.BpfMap.forEach(BpfMap.java:243)
05-24 01:05:17.224 E/Tethering( 1005): 	at com.android.networkstack.tethering.apishim.api31.BpfCoordinatorShimImpl.tetherOffloadGetStats(BpfCoordinatorShimImpl.java:241)
05-24 01:05:17.224 E/Tethering( 1005): 	at com.android.networkstack.tethering.BpfCoordinator.updateForwardedStats(BpfCoordinator.java:1844)
05-24 01:05:17.224 E/Tethering( 1005): 	at com.android.networkstack.tethering.BpfCoordinator.lambda$new$0(BpfCoordinator.java:249)
05-24 01:05:17.224 E/Tethering( 1005): 	at com.android.networkstack.tethering.BpfCoordinator.$r8$lambda$11zi2so53-tPlRpKnlSkWOpxReo(Unknown Source:0)
05-24 01:05:17.224 E/Tethering( 1005): 	at com.android.networkstack.tethering.BpfCoordinator$$ExternalSyntheticLambda0.run(Unknown Source:2)
05-24 01:05:17.224 E/Tethering( 1005): 	at android.os.Handler.handleCallback(Handler.java:938)
05-24 01:05:17.224 E/Tethering( 1005): 	at android.os.Handler.dispatchMessage(Handler.java:99)
05-24 01:05:17.224 E/Tethering( 1005): 	at android.os.Looper.loopOnce(Looper.java:226)
05-24 01:05:17.224 E/Tethering( 1005): 	at android.os.Looper.loop(Looper.java:313)
05-24 01:05:17.224 E/Tethering( 1005): 	at android.os.HandlerThread.run(HandlerThread.java:67)
05-24 01:05:17.224 E/Tethering( 1005): [BpfCoordinator] ERROR Problem fetching tethering stats
05-24 01:05:22.228 E/Tethering( 1005): [api31.BpfCoordinatorShimImpl] ERROR Fail to fetch tethering stats from BPF map: : getNextMapKey failed: EBADF (Bad file descriptor)
05-24 01:05:22.228 E/Tethering( 1005): android.system.ErrnoException: getNextMapKey failed: EBADF (Bad file descriptor)
05-24 01:05:22.228 E/Tethering( 1005): 	at com.android.networkstack.tethering.BpfMap.getNextMapKey(Native Method)
05-24 01:05:22.228 E/Tethering( 1005): 	at com.android.networkstack.tethering.BpfMap.getNextRawKey(BpfMap.java:199)
05-24 01:05:22.228 E/Tethering( 1005): 	at com.android.networkstack.tethering.BpfMap.getNextKeyInternal(BpfMap.java:177)
05-24 01:05:22.228 E/Tethering( 1005): 	at com.android.networkstack.tethering.BpfMap.getFirstKey(BpfMap.java:206)
05-24 01:05:22.228 E/Tethering( 1005): 	at com.android.networkstack.tethering.BpfMap.forEach(BpfMap.java:243)
05-24 01:05:22.228 E/Tethering( 1005): 	at com.android.networkstack.tethering.apishim.api31.BpfCoordinatorShimImpl.tetherOffloadGetStats(BpfCoordinatorShimImpl.java:241)
05-24 01:05:22.228 E/Tethering( 1005): 	at com.android.networkstack.tethering.BpfCoordinator.updateForwardedStats(BpfCoordinator.java:1844)
05-24 01:05:22.228 E/Tethering( 1005): 	at com.android.networkstack.tethering.BpfCoordinator.lambda$new$0(BpfCoordinator.java:249)
05-24 01:05:22.228 E/Tethering( 1005): 	at com.android.networkstack.tethering.BpfCoordinator.$r8$lambda$11zi2so53-tPlRpKnlSkWOpxReo(Unknown Source:0)
05-24 01:05:22.228 E/Tethering( 1005): 	at com.android.networkstack.tethering.BpfCoordinator$$ExternalSyntheticLambda0.run(Unknown Source:2)
05-24 01:05:22.228 E/Tethering( 1005): 	at android.os.Handler.handleCallback(Handler.java:938)
05-24 01:05:22.228 E/Tethering( 1005): 	at android.os.Handler.dispatchMessage(Handler.java:99)
05-24 01:05:22.228 E/Tethering( 1005): 	at android.os.Looper.loopOnce(Looper.java:226)
05-24 01:05:22.228 E/Tethering( 1005): 	at android.os.Looper.loop(Looper.java:313)
05-24 01:05:22.228 E/Tethering( 1005): 	at android.os.HandlerThread.run(HandlerThread.java:67)
05-24 01:05:22.228 E/Tethering( 1005): [BpfCoordinator] ERROR Problem fetching tethering stats
05-24 01:05:25.928 I/NearbyMediums(15725): Current Tracked Scanning Clients are : {NearbyConnections.EnvironmentMonitor, NearbySharing, NearbyConnections.TxAdvertisement}
05-24 01:05:27.232 E/Tethering( 1005): [api31.BpfCoordinatorShimImpl] ERROR Fail to fetch tethering stats from BPF map: : getNextMapKey failed: EBADF (Bad file descriptor)
05-24 01:05:27.232 E/Tethering( 1005): android.system.ErrnoException: getNextMapKey failed: EBADF (Bad file descriptor)
05-24 01:05:27.232 E/Tethering( 1005): 	at com.android.networkstack.tethering.BpfMap.getNextMapKey(Native Method)
05-24 01:05:27.232 E/Tethering( 1005): 	at com.android.networkstack.tethering.BpfMap.getNextRawKey(BpfMap.java:199)
05-24 01:05:27.232 E/Tethering( 1005): 	at com.android.networkstack.tethering.BpfMap.getNextKeyInternal(BpfMap.java:177)
05-24 01:05:27.232 E/Tethering( 1005): 	at com.android.networkstack.tethering.BpfMap.getFirstKey(BpfMap.java:206)
05-24 01:05:27.232 E/Tethering( 1005): 	at com.android.networkstack.tethering.BpfMap.forEach(BpfMap.java:243)
05-24 01:05:27.232 E/Tethering( 1005): 	at com.android.networkstack.tethering.apishim.api31.BpfCoordinatorShimImpl.tetherOffloadGetStats(BpfCoordinatorShimImpl.java:241)
05-24 01:05:27.232 E/Tethering( 1005): 	at com.android.networkstack.tethering.BpfCoordinator.updateForwardedStats(BpfCoordinator.java:1844)
05-24 01:05:27.232 E/Tethering( 1005): 	at com.android.networkstack.tethering.BpfCoordinator.lambda$new$0(BpfCoordinator.java:249)
05-24 01:05:27.232 E/Tethering( 1005): 	at com.android.networkstack.tethering.BpfCoordinator.$r8$lambda$11zi2so53-tPlRpKnlSkWOpxReo(Unknown Source:0)
05-24 01:05:27.232 E/Tethering( 1005): 	at com.android.networkstack.tethering.BpfCoordinator$$ExternalSyntheticLambda0.run(Unknown Source:2)
05-24 01:05:27.232 E/Tethering( 1005): 	at android.os.Handler.handleCallback(Handler.java:938)
05-24 01:05:27.232 E/Tethering( 1005): 	at android.os.Handler.dispatchMessage(Handler.java:99)
05-24 01:05:27.232 E/Tethering( 1005): 	at android.os.Looper.loopOnce(Looper.java:226)
05-24 01:05:27.232 E/Tethering( 1005): 	at android.os.Looper.loop(Looper.java:313)
05-24 01:05:27.232 E/Tethering( 1005): 	at android.os.HandlerThread.run(HandlerThread.java:67)
05-24 01:05:27.232 E/Tethering( 1005): [BpfCoordinator] ERROR Problem fetching tethering stats
05-24 01:05:30.513 I/AccessibilityNodeInfoDumper(21824): Skipping invisible child: android.view.accessibility.AccessibilityNodeInfo@4cc22; boundsInParent: Rect(0, 0 - 938, 67); boundsInScreen: Rect(71, 2240 - 1009, 2118); packageName: com.parkcheolhong.worldlinco; className: android.widget.TextView; text: 현재 통화 모드: VoIP 완전자동; error: null; maxTextLength: -1; stateDescription: null; contentDescription: null; tooltipText: null; viewIdResName: null; checkable: false; checked: false; focusable: false; focused: false; selected: false; clickable: false; longClickable: false; contextClickable: false; enabled: true; password: false; scrollable: false; importantForAccessibility: true; visible: false; actions: [AccessibilityAction: ACTION_SELECT - null, AccessibilityAction: ACTION_CLEAR_SELECTION - null, AccessibilityAction: ACTION_ACCESSIBILITY_FOCUS - null, AccessibilityAction: ACTION_NEXT_AT_MOVEMENT_GRANULARITY - null, AccessibilityAction: ACTION_PREVIOUS_AT_MOVEMENT_GRANULARITY - null, AccessibilityAction: ACTION_SET_SELECTION - null, AccessibilityAction: ACTION_SHOW_ON_SCREEN - null]
05-24 01:05:30.513 I/AccessibilityNodeInfoDumper(21824): Skipping invisible child: android.view.accessibility.AccessibilityNodeInfo@4d765; boundsInParent: Rect(0, 0 - 330, 61); boundsInScreen: Rect(71, 2409 - 401, 2118); packageName: com.parkcheolhong.worldlinco; className: android.widget.TextView; text: VoIP 플랜: 미가입; error: null; maxTextLength: -1; stateDescription: null; contentDescription: null; tooltipText: null; viewIdResName: null; checkable: false; checked: false; focusable: false; focused: false; selected: false; clickable: false; longClickable: false; contextClickable: false; enabled: true; password: false; scrollable: false; importantForAccessibility: true; visible: false; actions: [AccessibilityAction: ACTION_SELECT - null, AccessibilityAction: ACTION_CLEAR_SELECTION - null, AccessibilityAction: ACTION_ACCESSIBILITY_FOCUS - null, AccessibilityAction: ACTION_NEXT_AT_MOVEMENT_GRANULARITY - null, AccessibilityAction: ACTION_PREVIOUS_AT_MOVEMENT_GRANULARITY - null, AccessibilityAction: ACTION_SET_SELECTION - null, AccessibilityAction: ACTION_SHOW_ON_SCREEN - null]
05-24 01:05:32.235 E/Tethering( 1005): [api31.BpfCoordinatorShimImpl] ERROR Fail to fetch tethering stats from BPF map: : getNextMapKey failed: EBADF (Bad file descriptor)
05-24 01:05:32.235 E/Tethering( 1005): android.system.ErrnoException: getNextMapKey failed: EBADF (Bad file descriptor)
05-24 01:05:32.235 E/Tethering( 1005): 	at com.android.networkstack.tethering.BpfMap.getNextMapKey(Native Method)
05-24 01:05:32.235 E/Tethering( 1005): 	at com.android.networkstack.tethering.BpfMap.getNextRawKey(BpfMap.java:199)
05-24 01:05:32.235 E/Tethering( 1005): 	at com.android.networkstack.tethering.BpfMap.getNextKeyInternal(BpfMap.java:177)
05-24 01:05:32.235 E/Tethering( 1005): 	at com.android.networkstack.tethering.BpfMap.getFirstKey(BpfMap.java:206)
05-24 01:05:32.235 E/Tethering( 1005): 	at com.android.networkstack.tethering.BpfMap.forEach(BpfMap.java:243)
05-24 01:05:32.235 E/Tethering( 1005): 	at com.android.networkstack.tethering.apishim.api31.BpfCoordinatorShimImpl.tetherOffloadGetStats(BpfCoordinatorShimImpl.java:241)
05-24 01:05:32.235 E/Tethering( 1005): 	at com.android.networkstack.tethering.BpfCoordinator.updateForwardedStats(BpfCoordinator.java:1844)
05-24 01:05:32.235 E/Tethering( 1005): 	at com.android.networkstack.tethering.BpfCoordinator.lambda$new$0(BpfCoordinator.java:249)
05-24 01:05:32.235 E/Tethering( 1005): 	at com.android.networkstack.tethering.BpfCoordinator.$r8$lambda$11zi2so53-tPlRpKnlSkWOpxReo(Unknown Source:0)
05-24 01:05:32.235 E/Tethering( 1005): 	at com.android.networkstack.tethering.BpfCoordinator$$ExternalSyntheticLambda0.run(Unknown Source:2)
05-24 01:05:32.235 E/Tethering( 1005): 	at android.os.Handler.handleCallback(Handler.java:938)
05-24 01:05:32.235 E/Tethering( 1005): 	at android.os.Handler.dispatchMessage(Handler.java:99)
05-24 01:05:32.235 E/Tethering( 1005): 	at android.os.Looper.loopOnce(Looper.java:226)
05-24 01:05:32.235 E/Tethering( 1005): 	at android.os.Looper.loop(Looper.java:313)
05-24 01:05:32.235 E/Tethering( 1005): 	at android.os.HandlerThread.run(HandlerThread.java:67)
05-24 01:05:32.235 E/Tethering( 1005): [BpfCoordinator] ERROR Problem fetching tethering stats
05-24 01:05:35.931 I/NearbyMediums(15725): Current Tracked Scanning Clients are : {NearbyConnections.EnvironmentMonitor, NearbySharing, NearbyConnections.TxAdvertisement}
05-24 01:05:37.238 E/Tethering( 1005): [api31.BpfCoordinatorShimImpl] ERROR Fail to fetch tethering stats from BPF map: : getNextMapKey failed: EBADF (Bad file descriptor)
05-24 01:05:37.238 E/Tethering( 1005): android.system.ErrnoException: getNextMapKey failed: EBADF (Bad file descriptor)
05-24 01:05:37.238 E/Tethering( 1005): 	at com.android.networkstack.tethering.BpfMap.getNextMapKey(Native Method)
05-24 01:05:37.238 E/Tethering( 1005): 	at com.android.networkstack.tethering.BpfMap.getNextRawKey(BpfMap.java:199)
05-24 01:05:37.238 E/Tethering( 1005): 	at com.android.networkstack.tethering.BpfMap.getNextKeyInternal(BpfMap.java:177)
05-24 01:05:37.238 E/Tethering( 1005): 	at com.android.networkstack.tethering.BpfMap.getFirstKey(BpfMap.java:206)
05-24 01:05:37.238 E/Tethering( 1005): 	at com.android.networkstack.tethering.BpfMap.forEach(BpfMap.java:243)
05-24 01:05:37.238 E/Tethering( 1005): 	at com.android.networkstack.tethering.apishim.api31.BpfCoordinatorShimImpl.tetherOffloadGetStats(BpfCoordinatorShimImpl.java:241)
05-24 01:05:37.238 E/Tethering( 1005): 	at com.android.networkstack.tethering.BpfCoordinator.updateForwardedStats(BpfCoordinator.java:1844)
05-24 01:05:37.238 E/Tethering( 1005): 	at com.android.networkstack.tethering.BpfCoordinator.lambda$new$0(BpfCoordinator.java:249)
05-24 01:05:37.238 E/Tethering( 1005): 	at com.android.networkstack.tethering.BpfCoordinator.$r8$lambda$11zi2so53-tPlRpKnlSkWOpxReo(Unknown Source:0)
05-24 01:05:37.238 E/Tethering( 1005): 	at com.android.networkstack.tethering.BpfCoordinator$$ExternalSyntheticLambda0.run(Unknown Source:2)
05-24 01:05:37.238 E/Tethering( 1005): 	at android.os.Handler.handleCallback(Handler.java:938)
05-24 01:05:37.238 E/Tethering( 1005): 	at android.os.Handler.dispatchMessage(Handler.java:99)
05-24 01:05:37.238 E/Tethering( 1005): 	at android.os.Looper.loopOnce(Looper.java:226)
05-24 01:05:37.238 E/Tethering( 1005): 	at android.os.Looper.loop(Looper.java:313)
05-24 01:05:37.238 E/Tethering( 1005): 	at android.os.HandlerThread.run(HandlerThread.java:67)
05-24 01:05:37.238 E/Tethering( 1005): [BpfCoordinator] ERROR Problem fetching tethering stats
05-24 01:05:42.240 E/Tethering( 1005): [api31.BpfCoordinatorShimImpl] ERROR Fail to fetch tethering stats from BPF map: : getNextMapKey failed: EBADF (Bad file descriptor)
05-24 01:05:42.240 E/Tethering( 1005): android.system.ErrnoException: getNextMapKey failed: EBADF (Bad file descriptor)
05-24 01:05:42.240 E/Tethering( 1005): 	at com.android.networkstack.tethering.BpfMap.getNextMapKey(Native Method)
05-24 01:05:42.240 E/Tethering( 1005): 	at com.android.networkstack.tethering.BpfMap.getNextRawKey(BpfMap.java:199)
05-24 01:05:42.240 E/Tethering( 1005): 	at com.android.networkstack.tethering.BpfMap.getNextKeyInternal(BpfMap.java:177)
05-24 01:05:42.240 E/Tethering( 1005): 	at com.android.networkstack.tethering.BpfMap.getFirstKey(BpfMap.java:206)
05-24 01:05:42.240 E/Tethering( 1005): 	at com.android.networkstack.tethering.BpfMap.forEach(BpfMap.java:243)
05-24 01:05:42.240 E/Tethering( 1005): 	at com.android.networkstack.tethering.apishim.api31.BpfCoordinatorShimImpl.tetherOffloadGetStats(BpfCoordinatorShimImpl.java:241)
05-24 01:05:42.240 E/Tethering( 1005): 	at com.android.networkstack.tethering.BpfCoordinator.updateForwardedStats(BpfCoordinator.java:1844)
05-24 01:05:42.240 E/Tethering( 1005): 	at com.android.networkstack.tethering.BpfCoordinator.lambda$new$0(BpfCoordinator.java:249)
05-24 01:05:42.240 E/Tethering( 1005): 	at com.android.networkstack.tethering.BpfCoordinator.$r8$lambda$11zi2so53-tPlRpKnlSkWOpxReo(Unknown Source:0)
05-24 01:05:42.240 E/Tethering( 1005): 	at com.android.networkstack.tethering.BpfCoordinator$$ExternalSyntheticLambda0.run(Unknown Source:2)
05-24 01:05:42.240 E/Tethering( 1005): 	at android.os.Handler.handleCallback(Handler.java:938)
05-24 01:05:42.240 E/Tethering( 1005): 	at android.os.Handler.dispatchMessage(Handler.java:99)
05-24 01:05:42.240 E/Tethering( 1005): 	at android.os.Looper.loopOnce(Looper.java:226)
05-24 01:05:42.240 E/Tethering( 1005): 	at android.os.Looper.loop(Looper.java:313)
05-24 01:05:42.240 E/Tethering( 1005): 	at android.os.HandlerThread.run(HandlerThread.java:67)
05-24 01:05:42.240 E/Tethering( 1005): [BpfCoordinator] ERROR Problem fetching tethering stats
05-24 01:05:43.023 I/InputDispatcher( 1005): Delivering touch to (1415): action: 0x4, f=0x0, d=0, 'd79db0e', t=1 
05-24 01:05:43.023 I/InputDispatcher( 1005): Delivering touch to (21020): action: 0x0, f=0x0, d=0, '8eff482', t=1 
05-24 01:05:43.029 I/InputDispatcher( 1005): Delivering touch to (21020): action: 0x1, f=0x0, d=0, '8eff482', t=1 
05-24 01:05:43.049 I/ReactNativeJS(21020): '[UI_PRESS_PROBE]', '{"event":"SECTION_RAIL_PRESS","timestamp":"2026-05-23T16:05:43.049Z","token_ready":true,"user_ready":true,"show_login":false,"show_voip_tester":false,"selected_call_mode":"voip_full_auto","key":"voip","previous_section":"voip","next_section":"home"}'
05-24 01:05:43.657 E/Tethering( 1005): [api31.BpfCoordinatorShimImpl] ERROR Could not iterate map: : getNextMapKey failed: EBADF (Bad file descriptor)
05-24 01:05:43.657 E/Tethering( 1005): android.system.ErrnoException: getNextMapKey failed: EBADF (Bad file descriptor)
05-24 01:05:43.657 E/Tethering( 1005): 	at com.android.networkstack.tethering.BpfMap.getNextMapKey(Native Method)
05-24 01:05:43.657 E/Tethering( 1005): 	at com.android.networkstack.tethering.BpfMap.getNextRawKey(BpfMap.java:199)
05-24 01:05:43.657 E/Tethering( 1005): 	at com.android.networkstack.tethering.BpfMap.getNextKeyInternal(BpfMap.java:177)
05-24 01:05:43.657 E/Tethering( 1005): 	at com.android.networkstack.tethering.BpfMap.getFirstKey(BpfMap.java:206)
05-24 01:05:43.657 E/Tethering( 1005): 	at com.android.networkstack.tethering.BpfMap.forEach(BpfMap.java:243)
05-24 01:05:43.657 E/Tethering( 1005): 	at com.android.networkstack.tethering.apishim.api31.BpfCoordinatorShimImpl.tetherOffloadRuleForEach(BpfCoordinatorShimImpl.java:418)
05-24 01:05:43.657 E/Tethering( 1005): 	at com.android.networkstack.tethering.BpfCoordinator.maybeRefreshConntrackTimeout(BpfCoordinator.java:1911)
05-24 01:05:43.657 E/Tethering( 1005): 	at com.android.networkstack.tethering.BpfCoordinator.lambda$new$1(BpfCoordinator.java:255)
05-24 01:05:43.657 E/Tethering( 1005): 	at com.android.networkstack.tethering.BpfCoordinator.$r8$lambda$dGScrx2GOtG22GpROJu_XCm1O5I(Unknown Source:0)
05-24 01:05:43.657 E/Tethering( 1005): 	at com.android.networkstack.tethering.BpfCoordinator$$ExternalSyntheticLambda1.run(Unknown Source:2)
05-24 01:05:43.657 E/Tethering( 1005): 	at android.os.Handler.handleCallback(Handler.java:938)
05-24 01:05:43.657 E/Tethering( 1005): 	at android.os.Handler.dispatchMessage(Handler.java:99)
05-24 01:05:43.657 E/Tethering( 1005): 	at android.os.Looper.loopOnce(Looper.java:226)
05-24 01:05:43.657 E/Tethering( 1005): 	at android.os.Looper.loop(Looper.java:313)
05-24 01:05:43.657 E/Tethering( 1005): 	at android.os.HandlerThread.run(HandlerThread.java:67)
05-24 01:05:43.658 E/Tethering( 1005): [api31.BpfCoordinatorShimImpl] ERROR Could not iterate map: : getNextMapKey failed: EBADF (Bad file descriptor)
05-24 01:05:43.658 E/Tethering( 1005): android.system.ErrnoException: getNextMapKey failed: EBADF (Bad file descriptor)
05-24 01:05:43.658 E/Tethering( 1005): 	at com.android.networkstack.tethering.BpfMap.getNextMapKey(Native Method)
05-24 01:05:43.658 E/Tethering( 1005): 	at com.android.networkstack.tethering.BpfMap.getNextRawKey(BpfMap.java:199)
05-24 01:05:43.658 E/Tethering( 1005): 	at com.android.networkstack.tethering.BpfMap.getNextKeyInternal(BpfMap.java:177)
05-24 01:05:43.658 E/Tethering( 1005): 	at com.android.networkstack.tethering.BpfMap.getFirstKey(BpfMap.java:206)
05-24 01:05:43.658 E/Tethering( 1005): 	at com.android.networkstack.tethering.BpfMap.forEach(BpfMap.java:243)
05-24 01:05:43.658 E/Tethering( 1005): 	at com.android.networkstack.tethering.apishim.api31.BpfCoordinatorShimImpl.tetherOffloadRuleForEach(BpfCoordinatorShimImpl.java:420)
05-24 01:05:43.658 E/Tethering( 1005): 	at com.android.networkstack.tethering.BpfCoordinator.maybeRefreshConntrackTimeout(BpfCoordinator.java:1922)
05-24 01:05:43.658 E/Tethering( 1005): 	at com.android.networkstack.tethering.BpfCoordinator.lambda$new$1(BpfCoordinator.java:255)
05-24 01:05:43.658 E/Tethering( 1005): 	at com.android.networkstack.tethering.BpfCoordinator.$r8$lambda$dGScrx2GOtG22GpROJu_XCm1O5I(Unknown Source:0)
05-24 01:05:43.658 E/Tethering( 1005): 	at com.android.networkstack.tethering.BpfCoordinator$$ExternalSyntheticLambda1.run(Unknown Source:2)
05-24 01:05:43.658 E/Tethering( 1005): 	at android.os.Handler.handleCallback(Handler.java:938)
05-24 01:05:43.658 E/Tethering( 1005): 	at android.os.Handler.dispatchMessage(Handler.java:99)
05-24 01:05:43.658 E/Tethering( 1005): 	at android.os.Looper.loopOnce(Looper.java:226)
05-24 01:05:43.658 E/Tethering( 1005): 	at android.os.Looper.loop(Looper.java:313)
05-24 01:05:43.658 E/Tethering( 1005): 	at android.os.HandlerThread.run(HandlerThread.java:67)
05-24 01:05:45.936 I/NearbyMediums(15725): Current Tracked Scanning Clients are : {NearbyConnections.EnvironmentMonitor, NearbySharing, NearbyConnections.TxAdvertisement}
05-24 01:05:47.244 E/Tethering( 1005): [api31.BpfCoordinatorShimImpl] ERROR Fail to fetch tethering stats from BPF map: : getNextMapKey failed: EBADF (Bad file descriptor)
05-24 01:05:47.244 E/Tethering( 1005): android.system.ErrnoException: getNextMapKey failed: EBADF (Bad file descriptor)
05-24 01:05:47.244 E/Tethering( 1005): 	at com.android.networkstack.tethering.BpfMap.getNextMapKey(Native Method)
05-24 01:05:47.244 E/Tethering( 1005): 	at com.android.networkstack.tethering.BpfMap.getNextRawKey(BpfMap.java:199)
05-24 01:05:47.244 E/Tethering( 1005): 	at com.android.networkstack.tethering.BpfMap.getNextKeyInternal(BpfMap.java:177)
05-24 01:05:47.244 E/Tethering( 1005): 	at com.android.networkstack.tethering.BpfMap.getFirstKey(BpfMap.java:206)
05-24 01:05:47.244 E/Tethering( 1005): 	at com.android.networkstack.tethering.BpfMap.forEach(BpfMap.java:243)
05-24 01:05:47.244 E/Tethering( 1005): 	at com.android.networkstack.tethering.apishim.api31.BpfCoordinatorShimImpl.tetherOffloadGetStats(BpfCoordinatorShimImpl.java:241)
05-24 01:05:47.244 E/Tethering( 1005): 	at com.android.networkstack.tethering.BpfCoordinator.updateForwardedStats(BpfCoordinator.java:1844)
05-24 01:05:47.244 E/Tethering( 1005): 	at com.android.networkstack.tethering.BpfCoordinator.lambda$new$0(BpfCoordinator.java:249)
05-24 01:05:47.244 E/Tethering( 1005): 	at com.android.networkstack.tethering.BpfCoordinator.$r8$lambda$11zi2so53-tPlRpKnlSkWOpxReo(Unknown Source:0)
05-24 01:05:47.244 E/Tethering( 1005): 	at com.android.networkstack.tethering.BpfCoordinator$$ExternalSyntheticLambda0.run(Unknown Source:2)
05-24 01:05:47.244 E/Tethering( 1005): 	at android.os.Handler.handleCallback(Handler.java:938)
05-24 01:05:47.244 E/Tethering( 1005): 	at android.os.Handler.dispatchMessage(Handler.java:99)
05-24 01:05:47.244 E/Tethering( 1005): 	at android.os.Looper.loopOnce(Looper.java:226)
05-24 01:05:47.244 E/Tethering( 1005): 	at android.os.Looper.loop(Looper.java:313)
05-24 01:05:47.244 E/Tethering( 1005): 	at android.os.HandlerThread.run(HandlerThread.java:67)
05-24 01:05:47.244 E/Tethering( 1005): [BpfCoordinator] ERROR Problem fetching tethering stats
05-24 01:05:52.247 E/Tethering( 1005): [api31.BpfCoordinatorShimImpl] ERROR Fail to fetch tethering stats from BPF map: : getNextMapKey failed: EBADF (Bad file descriptor)
05-24 01:05:52.247 E/Tethering( 1005): android.system.ErrnoException: getNextMapKey failed: EBADF (Bad file descriptor)
05-24 01:05:52.247 E/Tethering( 1005): 	at com.android.networkstack.tethering.BpfMap.getNextMapKey(Native Method)
05-24 01:05:52.247 E/Tethering( 1005): 	at com.android.networkstack.tethering.BpfMap.getNextRawKey(BpfMap.java:199)
05-24 01:05:52.247 E/Tethering( 1005): 	at com.android.networkstack.tethering.BpfMap.getNextKeyInternal(BpfMap.java:177)
05-24 01:05:52.247 E/Tethering( 1005): 	at com.android.networkstack.tethering.BpfMap.getFirstKey(BpfMap.java:206)
05-24 01:05:52.247 E/Tethering( 1005): 	at com.android.networkstack.tethering.BpfMap.forEach(BpfMap.java:243)
05-24 01:05:52.247 E/Tethering( 1005): 	at com.android.networkstack.tethering.apishim.api31.BpfCoordinatorShimImpl.tetherOffloadGetStats(BpfCoordinatorShimImpl.java:241)
05-24 01:05:52.247 E/Tethering( 1005): 	at com.android.networkstack.tethering.BpfCoordinator.updateForwardedStats(BpfCoordinator.java:1844)
05-24 01:05:52.247 E/Tethering( 1005): 	at com.android.networkstack.tethering.BpfCoordinator.lambda$new$0(BpfCoordinator.java:249)
05-24 01:05:52.247 E/Tethering( 1005): 	at com.android.networkstack.tethering.BpfCoordinator.$r8$lambda$11zi2so53-tPlRpKnlSkWOpxReo(Unknown Source:0)
05-24 01:05:52.247 E/Tethering( 1005): 	at com.android.networkstack.tethering.BpfCoordinator$$ExternalSyntheticLambda0.run(Unknown Source:2)
05-24 01:05:52.247 E/Tethering( 1005): 	at android.os.Handler.handleCallback(Handler.java:938)
05-24 01:05:52.247 E/Tethering( 1005): 	at android.os.Handler.dispatchMessage(Handler.java:99)
05-24 01:05:52.247 E/Tethering( 1005): 	at android.os.Looper.loopOnce(Looper.java:226)
05-24 01:05:52.247 E/Tethering( 1005): 	at android.os.Looper.loop(Looper.java:313)
05-24 01:05:52.247 E/Tethering( 1005): 	at android.os.HandlerThread.run(HandlerThread.java:67)
05-24 01:05:52.248 E/Tethering( 1005): [BpfCoordinator] ERROR Problem fetching tethering stats
05-24 01:05:55.941 I/NearbyMediums(15725): Current Tracked Scanning Clients are : {NearbyConnections.EnvironmentMonitor, NearbySharing, NearbyConnections.TxAdvertisement}
05-24 01:05:57.251 E/Tethering( 1005): [api31.BpfCoordinatorShimImpl] ERROR Fail to fetch tethering stats from BPF map: : getNextMapKey failed: EBADF (Bad file descriptor)
05-24 01:05:57.251 E/Tethering( 1005): android.system.ErrnoException: getNextMapKey failed: EBADF (Bad file descriptor)
05-24 01:05:57.251 E/Tethering( 1005): 	at com.android.networkstack.tethering.BpfMap.getNextMapKey(Native Method)
05-24 01:05:57.251 E/Tethering( 1005): 	at com.android.networkstack.tethering.BpfMap.getNextRawKey(BpfMap.java:199)
05-24 01:05:57.251 E/Tethering( 1005): 	at com.android.networkstack.tethering.BpfMap.getNextKeyInternal(BpfMap.java:177)
05-24 01:05:57.251 E/Tethering( 1005): 	at com.android.networkstack.tethering.BpfMap.getFirstKey(BpfMap.java:206)
05-24 01:05:57.251 E/Tethering( 1005): 	at com.android.networkstack.tethering.BpfMap.forEach(BpfMap.java:243)
05-24 01:05:57.251 E/Tethering( 1005): 	at com.android.networkstack.tethering.apishim.api31.BpfCoordinatorShimImpl.tetherOffloadGetStats(BpfCoordinatorShimImpl.java:241)
05-24 01:05:57.251 E/Tethering( 1005): 	at com.android.networkstack.tethering.BpfCoordinator.updateForwardedStats(BpfCoordinator.java:1844)
05-24 01:05:57.251 E/Tethering( 1005): 	at com.android.networkstack.tethering.BpfCoordinator.lambda$new$0(BpfCoordinator.java:249)
05-24 01:05:57.251 E/Tethering( 1005): 	at com.android.networkstack.tethering.BpfCoordinator.$r8$lambda$11zi2so53-tPlRpKnlSkWOpxReo(Unknown Source:0)
05-24 01:05:57.251 E/Tethering( 1005): 	at com.android.networkstack.tethering.BpfCoordinator$$ExternalSyntheticLambda0.run(Unknown Source:2)
05-24 01:05:57.251 E/Tethering( 1005): 	at android.os.Handler.handleCallback(Handler.java:938)
05-24 01:05:57.251 E/Tethering( 1005): 	at android.os.Handler.dispatchMessage(Handler.java:99)
05-24 01:05:57.251 E/Tethering( 1005): 	at android.os.Looper.loopOnce(Looper.java:226)
05-24 01:05:57.251 E/Tethering( 1005): 	at android.os.Looper.loop(Looper.java:313)
05-24 01:05:57.251 E/Tethering( 1005): 	at android.os.HandlerThread.run(HandlerThread.java:67)
05-24 01:05:57.252 E/Tethering( 1005): [BpfCoordinator] ERROR Problem fetching tethering stats
05-24 01:06:00.005 D/QSClockBellTower( 1415): onReceive(android.intent.action.TIME_TICK) mTimeZoneString:null
05-24 01:06:00.040 D/QSClockBellTower( 1415): He is ready to ring the bell. (((QSClockBellSound - TimeText:01:06, TimeContentDescription:01:06, DateText:5월 24일 일요일, ShortDateText:5월 24일 (일), Demofalse)))
05-24 01:06:02.256 E/Tethering( 1005): [api31.BpfCoordinatorShimImpl] ERROR Fail to fetch tethering stats from BPF map: : getNextMapKey failed: EBADF (Bad file descriptor)
05-24 01:06:02.256 E/Tethering( 1005): android.system.ErrnoException: getNextMapKey failed: EBADF (Bad file descriptor)
05-24 01:06:02.256 E/Tethering( 1005): 	at com.android.networkstack.tethering.BpfMap.getNextMapKey(Native Method)
05-24 01:06:02.256 E/Tethering( 1005): 	at com.android.networkstack.tethering.BpfMap.getNextRawKey(BpfMap.java:199)
05-24 01:06:02.256 E/Tethering( 1005): 	at com.android.networkstack.tethering.BpfMap.getNextKeyInternal(BpfMap.java:177)
05-24 01:06:02.256 E/Tethering( 1005): 	at com.android.networkstack.tethering.BpfMap.getFirstKey(BpfMap.java:206)
05-24 01:06:02.256 E/Tethering( 1005): 	at com.android.networkstack.tethering.BpfMap.forEach(BpfMap.java:243)
05-24 01:06:02.256 E/Tethering( 1005): 	at com.android.networkstack.tethering.apishim.api31.BpfCoordinatorShimImpl.tetherOffloadGetStats(BpfCoordinatorShimImpl.java:241)
05-24 01:06:02.256 E/Tethering( 1005): 	at com.android.networkstack.tethering.BpfCoordinator.updateForwardedStats(BpfCoordinator.java:1844)
05-24 01:06:02.256 E/Tethering( 1005): 	at com.android.networkstack.tethering.BpfCoordinator.lambda$new$0(BpfCoordinator.java:249)
05-24 01:06:02.256 E/Tethering( 1005): 	at com.android.networkstack.tethering.BpfCoordinator.$r8$lambda$11zi2so53-tPlRpKnlSkWOpxReo(Unknown Source:0)
05-24 01:06:02.256 E/Tethering( 1005): 	at com.android.networkstack.tethering.BpfCoordinator$$ExternalSyntheticLambda0.run(Unknown Source:2)
05-24 01:06:02.256 E/Tethering( 1005): 	at android.os.Handler.handleCallback(Handler.java:938)
05-24 01:06:02.256 E/Tethering( 1005): 	at android.os.Handler.dispatchMessage(Handler.java:99)
05-24 01:06:02.256 E/Tethering( 1005): 	at android.os.Looper.loopOnce(Looper.java:226)
05-24 01:06:02.256 E/Tethering( 1005): 	at android.os.Looper.loop(Looper.java:313)
05-24 01:06:02.256 E/Tethering( 1005): 	at android.os.HandlerThread.run(HandlerThread.java:67)
05-24 01:06:02.256 E/Tethering( 1005): [BpfCoordinator] ERROR Problem fetching tethering stats
05-24 01:06:05.950 I/NearbyMediums(15725): Current Tracked Scanning Clients are : {NearbyConnections.EnvironmentMonitor, NearbySharing, NearbyConnections.TxAdvertisement}
05-24 01:06:07.259 E/Tethering( 1005): [api31.BpfCoordinatorShimImpl] ERROR Fail to fetch tethering stats from BPF map: : getNextMapKey failed: EBADF (Bad file descriptor)
05-24 01:06:07.259 E/Tethering( 1005): android.system.ErrnoException: getNextMapKey failed: EBADF (Bad file descriptor)
05-24 01:06:07.259 E/Tethering( 1005): 	at com.android.networkstack.tethering.BpfMap.getNextMapKey(Native Method)
05-24 01:06:07.259 E/Tethering( 1005): 	at com.android.networkstack.tethering.BpfMap.getNextRawKey(BpfMap.java:199)
05-24 01:06:07.259 E/Tethering( 1005): 	at com.android.networkstack.tethering.BpfMap.getNextKeyInternal(BpfMap.java:177)
05-24 01:06:07.259 E/Tethering( 1005): 	at com.android.networkstack.tethering.BpfMap.getFirstKey(BpfMap.java:206)
05-24 01:06:07.259 E/Tethering( 1005): 	at com.android.networkstack.tethering.BpfMap.forEach(BpfMap.java:243)
05-24 01:06:07.259 E/Tethering( 1005): 	at com.android.networkstack.tethering.apishim.api31.BpfCoordinatorShimImpl.tetherOffloadGetStats(BpfCoordinatorShimImpl.java:241)
05-24 01:06:07.259 E/Tethering( 1005): 	at com.android.networkstack.tethering.BpfCoordinator.updateForwardedStats(BpfCoordinator.java:1844)
05-24 01:06:07.259 E/Tethering( 1005): 	at com.android.networkstack.tethering.BpfCoordinator.lambda$new$0(BpfCoordinator.java:249)
05-24 01:06:07.259 E/Tethering( 1005): 	at com.android.networkstack.tethering.BpfCoordinator.$r8$lambda$11zi2so53-tPlRpKnlSkWOpxReo(Unknown Source:0)
05-24 01:06:07.259 E/Tethering( 1005): 	at com.android.networkstack.tethering.BpfCoordinator$$ExternalSyntheticLambda0.run(Unknown Source:2)
05-24 01:06:07.259 E/Tethering( 1005): 	at android.os.Handler.handleCallback(Handler.java:938)
05-24 01:06:07.259 E/Tethering( 1005): 	at android.os.Handler.dispatchMessage(Handler.java:99)
05-24 01:06:07.259 E/Tethering( 1005): 	at android.os.Looper.loopOnce(Looper.java:226)
05-24 01:06:07.259 E/Tethering( 1005): 	at android.os.Looper.loop(Looper.java:313)
05-24 01:06:07.259 E/Tethering( 1005): 	at android.os.HandlerThread.run(HandlerThread.java:67)
05-24 01:06:07.260 E/Tethering( 1005): [BpfCoordinator] ERROR Problem fetching tethering stats
05-24 01:06:12.264 E/Tethering( 1005): [api31.BpfCoordinatorShimImpl] ERROR Fail to fetch tethering stats from BPF map: : getNextMapKey failed: EBADF (Bad file descriptor)
05-24 01:06:12.264 E/Tethering( 1005): android.system.ErrnoException: getNextMapKey failed: EBADF (Bad file descriptor)
05-24 01:06:12.264 E/Tethering( 1005): 	at com.android.networkstack.tethering.BpfMap.getNextMapKey(Native Method)
05-24 01:06:12.264 E/Tethering( 1005): 	at com.android.networkstack.tethering.BpfMap.getNextRawKey(BpfMap.java:199)
05-24 01:06:12.264 E/Tethering( 1005): 	at com.android.networkstack.tethering.BpfMap.getNextKeyInternal(BpfMap.java:177)
05-24 01:06:12.264 E/Tethering( 1005): 	at com.android.networkstack.tethering.BpfMap.getFirstKey(BpfMap.java:206)
05-24 01:06:12.264 E/Tethering( 1005): 	at com.android.networkstack.tethering.BpfMap.forEach(BpfMap.java:243)
05-24 01:06:12.264 E/Tethering( 1005): 	at com.android.networkstack.tethering.apishim.api31.BpfCoordinatorShimImpl.tetherOffloadGetStats(BpfCoordinatorShimImpl.java:241)
05-24 01:06:12.264 E/Tethering( 1005): 	at com.android.networkstack.tethering.BpfCoordinator.updateForwardedStats(BpfCoordinator.java:1844)
05-24 01:06:12.264 E/Tethering( 1005): 	at com.android.networkstack.tethering.BpfCoordinator.lambda$new$0(BpfCoordinator.java:249)
05-24 01:06:12.264 E/Tethering( 1005): 	at com.android.networkstack.tethering.BpfCoordinator.$r8$lambda$11zi2so53-tPlRpKnlSkWOpxReo(Unknown Source:0)
05-24 01:06:12.264 E/Tethering( 1005): 	at com.android.networkstack.tethering.BpfCoordinator$$ExternalSyntheticLambda0.run(Unknown Source:2)
05-24 01:06:12.264 E/Tethering( 1005): 	at android.os.Handler.handleCallback(Handler.java:938)
05-24 01:06:12.264 E/Tethering( 1005): 	at android.os.Handler.dispatchMessage(Handler.java:99)
05-24 01:06:12.264 E/Tethering( 1005): 	at android.os.Looper.loopOnce(Looper.java:226)
05-24 01:06:12.264 E/Tethering( 1005): 	at android.os.Looper.loop(Looper.java:313)
05-24 01:06:12.264 E/Tethering( 1005): 	at android.os.HandlerThread.run(HandlerThread.java:67)
05-24 01:06:12.264 E/Tethering( 1005): [BpfCoordinator] ERROR Problem fetching tethering stats
05-24 01:06:15.955 I/NearbyMediums(15725): Current Tracked Scanning Clients are : {NearbyConnections.EnvironmentMonitor, NearbySharing, NearbyConnections.TxAdvertisement}
05-24 01:06:17.268 E/Tethering( 1005): [api31.BpfCoordinatorShimImpl] ERROR Fail to fetch tethering stats from BPF map: : getNextMapKey failed: EBADF (Bad file descriptor)
05-24 01:06:17.268 E/Tethering( 1005): android.system.ErrnoException: getNextMapKey failed: EBADF (Bad file descriptor)
05-24 01:06:17.268 E/Tethering( 1005): 	at com.android.networkstack.tethering.BpfMap.getNextMapKey(Native Method)
05-24 01:06:17.268 E/Tethering( 1005): 	at com.android.networkstack.tethering.BpfMap.getNextRawKey(BpfMap.java:199)
05-24 01:06:17.268 E/Tethering( 1005): 	at com.android.networkstack.tethering.BpfMap.getNextKeyInternal(BpfMap.java:177)
05-24 01:06:17.268 E/Tethering( 1005): 	at com.android.networkstack.tethering.BpfMap.getFirstKey(BpfMap.java:206)
05-24 01:06:17.268 E/Tethering( 1005): 	at com.android.networkstack.tethering.BpfMap.forEach(BpfMap.java:243)
05-24 01:06:17.268 E/Tethering( 1005): 	at com.android.networkstack.tethering.apishim.api31.BpfCoordinatorShimImpl.tetherOffloadGetStats(BpfCoordinatorShimImpl.java:241)
05-24 01:06:17.268 E/Tethering( 1005): 	at com.android.networkstack.tethering.BpfCoordinator.updateForwardedStats(BpfCoordinator.java:1844)
05-24 01:06:17.268 E/Tethering( 1005): 	at com.android.networkstack.tethering.BpfCoordinator.lambda$new$0(BpfCoordinator.java:249)
05-24 01:06:17.268 E/Tethering( 1005): 	at com.android.networkstack.tethering.BpfCoordinator.$r8$lambda$11zi2so53-tPlRpKnlSkWOpxReo(Unknown Source:0)
05-24 01:06:17.268 E/Tethering( 1005): 	at com.android.networkstack.tethering.BpfCoordinator$$ExternalSyntheticLambda0.run(Unknown Source:2)
05-24 01:06:17.268 E/Tethering( 1005): 	at android.os.Handler.handleCallback(Handler.java:938)
05-24 01:06:17.268 E/Tethering( 1005): 	at android.os.Handler.dispatchMessage(Handler.java:99)
05-24 01:06:17.268 E/Tethering( 1005): 	at android.os.Looper.loopOnce(Looper.java:226)
05-24 01:06:17.268 E/Tethering( 1005): 	at android.os.Looper.loop(Looper.java:313)
05-24 01:06:17.268 E/Tethering( 1005): 	at android.os.HandlerThread.run(HandlerThread.java:67)
05-24 01:06:17.269 E/Tethering( 1005): [BpfCoordinator] ERROR Problem fetching tethering stats
05-24 01:06:17.746 I/InputDispatcher( 1005): Delivering touch to (1415): action: 0x4, f=0x0, d=0, 'd79db0e', t=1 
05-24 01:06:17.746 I/InputDispatcher( 1005): Delivering touch to (21020): action: 0x0, f=0x0, d=0, '8eff482', t=1 
05-24 01:06:17.750 I/InputDispatcher( 1005): Delivering touch to (21020): action: 0x1, f=0x0, d=0, '8eff482', t=1 
05-24 01:06:17.765 I/ReactNativeJS(21020): '[UI_PRESS_PROBE]', '{"event":"SECTION_RAIL_OPEN","timestamp":"2026-05-23T16:06:17.764Z","token_ready":true,"user_ready":true,"show_login":false,"show_voip_tester":false,"selected_call_mode":"voip_full_auto","source":"front_translation_surface","section":"voip"}'
05-24 01:06:17.880 I/InputDispatcher( 1005): Delivering touch to (1415): action: 0x4, f=0x0, d=0, 'd79db0e', t=1 
05-24 01:06:17.880 I/InputDispatcher( 1005): Delivering touch to (21020): action: 0x0, f=0x0, d=0, '8eff482', t=1 
05-24 01:06:17.882 I/InputDispatcher( 1005): Delivering touch to (21020): action: 0x1, f=0x0, d=0, '8eff482', t=1 
05-24 01:06:17.894 I/ReactNativeJS(21020): '[UI_PRESS_PROBE]', '{"event":"SECTION_RAIL_PRESS","timestamp":"2026-05-23T16:06:17.894Z","token_ready":true,"user_ready":true,"show_login":false,"show_voip_tester":false,"selected_call_mode":"voip_full_auto","key":"voip","previous_section":"voip","next_section":"home"}'
05-24 01:06:22.272 E/Tethering( 1005): [api31.BpfCoordinatorShimImpl] ERROR Fail to fetch tethering stats from BPF map: : getNextMapKey failed: EBADF (Bad file descriptor)
05-24 01:06:22.272 E/Tethering( 1005): android.system.ErrnoException: getNextMapKey failed: EBADF (Bad file descriptor)
05-24 01:06:22.272 E/Tethering( 1005): 	at com.android.networkstack.tethering.BpfMap.getNextMapKey(Native Method)
05-24 01:06:22.272 E/Tethering( 1005): 	at com.android.networkstack.tethering.BpfMap.getNextRawKey(BpfMap.java:199)
05-24 01:06:22.272 E/Tethering( 1005): 	at com.android.networkstack.tethering.BpfMap.getNextKeyInternal(BpfMap.java:177)
05-24 01:06:22.272 E/Tethering( 1005): 	at com.android.networkstack.tethering.BpfMap.getFirstKey(BpfMap.java:206)
05-24 01:06:22.272 E/Tethering( 1005): 	at com.android.networkstack.tethering.BpfMap.forEach(BpfMap.java:243)
05-24 01:06:22.272 E/Tethering( 1005): 	at com.android.networkstack.tethering.apishim.api31.BpfCoordinatorShimImpl.tetherOffloadGetStats(BpfCoordinatorShimImpl.java:241)
05-24 01:06:22.272 E/Tethering( 1005): 	at com.android.networkstack.tethering.BpfCoordinator.updateForwardedStats(BpfCoordinator.java:1844)
05-24 01:06:22.272 E/Tethering( 1005): 	at com.android.networkstack.tethering.BpfCoordinator.lambda$new$0(BpfCoordinator.java:249)
05-24 01:06:22.272 E/Tethering( 1005): 	at com.android.networkstack.tethering.BpfCoordinator.$r8$lambda$11zi2so53-tPlRpKnlSkWOpxReo(Unknown Source:0)
05-24 01:06:22.272 E/Tethering( 1005): 	at com.android.networkstack.tethering.BpfCoordinator$$ExternalSyntheticLambda0.run(Unknown Source:2)
05-24 01:06:22.272 E/Tethering( 1005): 	at android.os.Handler.handleCallback(Handler.java:938)
05-24 01:06:22.272 E/Tethering( 1005): 	at android.os.Handler.dispatchMessage(Handler.java:99)
05-24 01:06:22.272 E/Tethering( 1005): 	at android.os.Looper.loopOnce(Looper.java:226)
05-24 01:06:22.272 E/Tethering( 1005): 	at android.os.Looper.loop(Looper.java:313)
05-24 01:06:22.272 E/Tethering( 1005): 	at android.os.
