--------- beginning of main
05-24 01:03:42.792 D/SemNscXgbMsL1( 1005): Probability - Cloud gaming: [0.027663894]
05-24 01:03:42.793 D/SemNscXgbMsL1( 1005): Probability - Real time: [0.9030067]
05-24 01:03:42.793 D/SemNscXgbMsL1( 1005): Probability - Non real time: [0.3252568]
05-24 01:03:42.793 D/SemNscXgbMsL1( 1005): 1 sample inference time: 1.209808 msecs
05-24 01:03:42.798 D/SemNscXgbL2Rt( 1005): L2 RT 1 sample inference time: 4.871769 msecs
05-24 01:03:42.803 D/SemNscXgbL2Nrt( 1005): L2 NRT 1 sample inference time: 5.029 msecs
05-24 01:03:43.306 D/SemNscXgbMsL1( 1005): Probability - Cloud gaming: [0.010066072]
05-24 01:03:43.307 D/SemNscXgbMsL1( 1005): Probability - Real time: [0.5546498]
05-24 01:03:43.307 D/SemNscXgbMsL1( 1005): Probability - Non real time: [0.23084322]
05-24 01:03:43.307 D/SemNscXgbMsL1( 1005): 1 sample inference time: 1.292346 msecs
05-24 01:03:43.309 D/SemNscXgbL2Rt( 1005): L2 RT 1 sample inference time: 1.9055 msecs
05-24 01:03:43.311 D/SemNscXgbL2Nrt( 1005): L2 NRT 1 sample inference time: 2.332423 msecs
--------- beginning of system
05-24 01:03:43.492 I/wpa_supplicant( 1392): Heartbeat 19254
05-24 01:03:43.651 E/Tethering( 1005): [api31.BpfCoordinatorShimImpl] ERROR Could not iterate map: : getNextMapKey failed: EBADF (Bad file descriptor)
05-24 01:03:43.651 E/Tethering( 1005): android.system.ErrnoException: getNextMapKey failed: EBADF (Bad file descriptor)
05-24 01:03:43.651 E/Tethering( 1005): 	at com.android.networkstack.tethering.BpfMap.getNextMapKey(Native Method)
05-24 01:03:43.651 E/Tethering( 1005): 	at com.android.networkstack.tethering.BpfMap.getNextRawKey(BpfMap.java:199)
05-24 01:03:43.651 E/Tethering( 1005): 	at com.android.networkstack.tethering.BpfMap.getNextKeyInternal(BpfMap.java:177)
05-24 01:03:43.651 E/Tethering( 1005): 	at com.android.networkstack.tethering.BpfMap.getFirstKey(BpfMap.java:206)
05-24 01:03:43.651 E/Tethering( 1005): 	at com.android.networkstack.tethering.BpfMap.forEach(BpfMap.java:243)
05-24 01:03:43.651 E/Tethering( 1005): 	at com.android.networkstack.tethering.apishim.api31.BpfCoordinatorShimImpl.tetherOffloadRuleForEach(BpfCoordinatorShimImpl.java:418)
05-24 01:03:43.651 E/Tethering( 1005): 	at com.android.networkstack.tethering.BpfCoordinator.maybeRefreshConntrackTimeout(BpfCoordinator.java:1911)
05-24 01:03:43.651 E/Tethering( 1005): 	at com.android.networkstack.tethering.BpfCoordinator.lambda$new$1(BpfCoordinator.java:255)
05-24 01:03:43.651 E/Tethering( 1005): 	at com.android.networkstack.tethering.BpfCoordinator.$r8$lambda$dGScrx2GOtG22GpROJu_XCm1O5I(Unknown Source:0)
05-24 01:03:43.651 E/Tethering( 1005): 	at com.android.networkstack.tethering.BpfCoordinator$$ExternalSyntheticLambda1.run(Unknown Source:2)
05-24 01:03:43.651 E/Tethering( 1005): 	at android.os.Handler.handleCallback(Handler.java:938)
05-24 01:03:43.651 E/Tethering( 1005): 	at android.os.Handler.dispatchMessage(Handler.java:99)
05-24 01:03:43.651 E/Tethering( 1005): 	at android.os.Looper.loopOnce(Looper.java:226)
05-24 01:03:43.651 E/Tethering( 1005): 	at android.os.Looper.loop(Looper.java:313)
05-24 01:03:43.651 E/Tethering( 1005): 	at android.os.HandlerThread.run(HandlerThread.java:67)
05-24 01:03:43.652 E/Tethering( 1005): [api31.BpfCoordinatorShimImpl] ERROR Could not iterate map: : getNextMapKey failed: EBADF (Bad file descriptor)
05-24 01:03:43.652 E/Tethering( 1005): android.system.ErrnoException: getNextMapKey failed: EBADF (Bad file descriptor)
05-24 01:03:43.652 E/Tethering( 1005): 	at com.android.networkstack.tethering.BpfMap.getNextMapKey(Native Method)
05-24 01:03:43.652 E/Tethering( 1005): 	at com.android.networkstack.tethering.BpfMap.getNextRawKey(BpfMap.java:199)
05-24 01:03:43.652 E/Tethering( 1005): 	at com.android.networkstack.tethering.BpfMap.getNextKeyInternal(BpfMap.java:177)
05-24 01:03:43.652 E/Tethering( 1005): 	at com.android.networkstack.tethering.BpfMap.getFirstKey(BpfMap.java:206)
05-24 01:03:43.652 E/Tethering( 1005): 	at com.android.networkstack.tethering.BpfMap.forEach(BpfMap.java:243)
05-24 01:03:43.652 E/Tethering( 1005): 	at com.android.networkstack.tethering.apishim.api31.BpfCoordinatorShimImpl.tetherOffloadRuleForEach(BpfCoordinatorShimImpl.java:420)
05-24 01:03:43.652 E/Tethering( 1005): 	at com.android.networkstack.tethering.BpfCoordinator.maybeRefreshConntrackTimeout(BpfCoordinator.java:1922)
05-24 01:03:43.652 E/Tethering( 1005): 	at com.android.networkstack.tethering.BpfCoordinator.lambda$new$1(BpfCoordinator.java:255)
05-24 01:03:43.652 E/Tethering( 1005): 	at com.android.networkstack.tethering.BpfCoordinator.$r8$lambda$dGScrx2GOtG22GpROJu_XCm1O5I(Unknown Source:0)
05-24 01:03:43.652 E/Tethering( 1005): 	at com.android.networkstack.tethering.BpfCoordinator$$ExternalSyntheticLambda1.run(Unknown Source:2)
05-24 01:03:43.652 E/Tethering( 1005): 	at android.os.Handler.handleCallback(Handler.java:938)
05-24 01:03:43.652 E/Tethering( 1005): 	at android.os.Handler.dispatchMessage(Handler.java:99)
05-24 01:03:43.652 E/Tethering( 1005): 	at android.os.Looper.loopOnce(Looper.java:226)
05-24 01:03:43.652 E/Tethering( 1005): 	at android.os.Looper.loop(Looper.java:313)
05-24 01:03:43.652 E/Tethering( 1005): 	at android.os.HandlerThread.run(HandlerThread.java:67)
05-24 01:03:43.815 D/SemNscXgbMsL1( 1005): Probability - Cloud gaming: [0.011090747]
05-24 01:03:43.816 D/SemNscXgbMsL1( 1005): Probability - Real time: [0.77336085]
05-24 01:03:43.816 D/SemNscXgbMsL1( 1005): Probability - Non real time: [0.12031389]
05-24 01:03:43.816 D/SemNscXgbMsL1( 1005): 1 sample inference time: 1.211808 msecs
05-24 01:03:43.820 D/SemNscXgbL2Rt( 1005): L2 RT 1 sample inference time: 3.054269 msecs
05-24 01:03:43.821 D/SemNscXgbL2Nrt( 1005): L2 NRT 1 sample inference time: 1.683962 msecs
05-24 01:03:44.325 D/SemNscXgbMsL1( 1005): Probability - Cloud gaming: [0.009612293]
05-24 01:03:44.327 D/SemNscXgbMsL1( 1005): Probability - Real time: [0.93654066]
05-24 01:03:44.327 D/SemNscXgbMsL1( 1005): Probability - Non real time: [0.08563674]
05-24 01:03:44.327 D/SemNscXgbMsL1( 1005): 1 sample inference time: 1.7845 msecs
05-24 01:03:44.329 D/SemNscXgbL2Rt( 1005): L2 RT 1 sample inference time: 2.1795 msecs
05-24 01:03:44.331 D/SemNscXgbL2Nrt( 1005): L2 NRT 1 sample inference time: 1.914269 msecs
05-24 01:03:44.836 D/SemNscXgbMsL1( 1005): Probability - Cloud gaming: [0.0072407387]
05-24 01:03:44.836 D/SemNscXgbMsL1( 1005): Probability - Real time: [0.86582035]
05-24 01:03:44.837 D/SemNscXgbMsL1( 1005): Probability - Non real time: [0.2999448]
05-24 01:03:44.837 D/SemNscXgbMsL1( 1005): 1 sample inference time: 1.473039 msecs
05-24 01:03:44.841 D/SemNscXgbL2Rt( 1005): L2 RT 1 sample inference time: 3.528 msecs
05-24 01:03:44.843 D/SemNscXgbL2Nrt( 1005): L2 NRT 1 sample inference time: 1.803192 msecs
05-24 01:03:44.892 D/SamsungAlarmManager( 1005): Expired : 8
05-24 01:03:44.893 D/SamsungAlarmManager( 1005): setInexact (T:1/F:8/AC:false) 20260524T013216 now=192591290 - CU:1000/CP:1005/OP:PendingIntent{9dbe418: PendingIntentRecord{433811f com.samsung.android.rubin.app broadcastIntent}}
05-24 01:03:44.896 V/SamsungAlarmManager( 1005): setLocked to kernel - W:192665046 / NW:192605423, now=192591293
05-24 01:03:44.897 D/SamsungAlarmManager( 1005): setInexact (T:1/F:8/AC:false) 20260524T020000 now=192591294 - CU:1000/CP:1005/OP:PendingIntent{4c9f27a: PendingIntentRecord{6399a2b com.sec.android.sdhms broadcastIntent}}
05-24 01:03:44.897 V/SamsungAlarmManager( 1005): setLocked to kernel - W:192665046 / NW:192605423, now=192591294
05-24 01:03:44.898 V/SamsungAlarmManager( 1005): Sending to uid : 1000 action=com.sec.android.app.sdhms.RUT_EVERY_HOUR_UPDATE alarm=Alarm{e480e0d type 1 origWhen 1779552000000 whenElapsed 192366397 com.sec.android.sdhms}
05-24 01:03:44.900 D/ActivityManager( 1005): Received BROADCAST intent 0x6399a2b Key{broadcastIntent pkg=com.sec.android.sdhms intent=act=com.sec.android.app.sdhms.RUT_EVERY_HOUR_UPDATE flags=0x4000000 u=0} requestCode=0 sent=0 from uid 1000
05-24 01:03:44.911 V/SamsungAlarmManager( 1005): Sending to uid : 1000 action=com.sec.android.alarm.refresh.battery_stats alarm=Alarm{617abd3 type 3 origWhen 192464414 whenElapsed 192464414 com.sec.android.sdhms}
05-24 01:03:44.912 D/ActivityManager( 1005): Received BROADCAST intent 0xd065944 Key{broadcastIntent pkg=com.sec.android.sdhms intent=act=com.sec.android.alarm.refresh.battery_stats flags=0x4000000 u=0} requestCode=0 sent=0 from uid 1000
05-24 01:03:44.912 V/SamsungAlarmManager( 1005): Sending to uid : 5010 action=com.samsung.android.rubin.controller.keepaliveservice.ACTION_SERVICE_ALARM alarm=Alarm{6a0a310 type 1 origWhen 1779552136573 whenElapsed 192502970 com.samsung.android.rubin.app}
05-24 01:03:44.913 D/ActivityManager( 1005): Received BROADCAST intent 0x433811f Key{broadcastIntent pkg=com.samsung.android.rubin.app intent=act=com.samsung.android.rubin.controller.keepaliveservice.ACTION_SERVICE_ALARM pkg=com.samsung.android.rubin.app cmp=com.samsung.android.rubin.app/com.samsung.android.rubin.controller.KeepAliveService$AlarmBroadcastReceiver flags=0x4000000 u=0} requestCode=0 sent=0 from uid 1000
05-24 01:03:44.921 V/SamsungAlarmManager( 1005): Sending to uid : 1000 L=7c599a2:*job.delay* alarm=Alarm{df6980e type 3 origWhen 192579978 whenElapsed 192579978 android}
05-24 01:03:44.921 V/SamsungAlarmManager( 1005): setLocked to kernel - W:192665046 / NW:192605423, now=192591318
05-24 01:03:44.935 D/SamsungAlarmManager( 1005): setInexact (T:3/F:0/AC:false) 20260524T010458 now=192591332 - CU:1000/CP:1005/L:7c599a2:*job.delay*
05-24 01:03:44.936 V/SamsungAlarmManager( 1005): setLocked to kernel - W:192665046 / NW:192605423, now=192591333
05-24 01:03:44.950 D/BatteryExternalStatsWorker( 1005): update stats : get-stats (63)
05-24 01:03:44.950 D/BatteryExternalStatsWorker( 1005): WifiActivityEnergyInfo was updated
05-24 01:03:44.959 D/BatteryExternalStatsWorker( 1005): BluetoothActivityEnergyInfo was updated
05-24 01:03:44.961 D/SyncManager( 1005): userId - 0 auto - true
05-24 01:03:44.968 D/TelephonyManager( 1005): requestModemActivityInfo: Sending result to app: ModemActivityInfo{ mTimestamp=192591362 mSleepTimeMs=186032502 mIdleTimeMs=3862878 mTxTimeMs[]=[0, 0, 0, 0, 28] mRxTimeMs=2388580}
05-24 01:03:44.968 D/BatteryExternalStatsWorker( 1005): ModemActivityInfo was updated
05-24 01:03:44.996 E/system_server( 1005): Cannot read thread CPU times for PID 1005
05-24 01:03:45.001 D/BatteryExternalStatsWorker( 1005): done updateExternalStatsLocked
05-24 01:03:45.023 D/IptablesRestoreController(  533): [iptables debug]iptables-restore execute *filter
05-24 01:03:45.023 D/IptablesRestoreController(  533): -nvx -L tetherctrl_counters
05-24 01:03:45.023 D/IptablesRestoreController(  533): COMMIT
05-24 01:03:45.025 D/IptablesRestoreController(  533): [iptables debug]iptables-restore execute done, res : 0
05-24 01:03:45.025 D/IptablesRestoreController(  533): [iptables debug]iptables-restore execute *filter
05-24 01:03:45.025 D/IptablesRestoreController(  533): -nvx -L tetherctrl_counters
05-24 01:03:45.025 D/IptablesRestoreController(  533): COMMIT
05-24 01:03:45.026 D/IptablesRestoreController(  533): [iptables debug]iptables-restore execute done, res : 0
05-24 01:03:45.077 I/SDHMS:o ( 3236): Polling event handleUpdatedDeltaLocked will starts.
05-24 01:03:45.077 I/SDHMS:o ( 3236): handleUpdatedDeltaLocked : 2026-05-24 00:51:38.017 ~ 2026-05-24 01:03:45.077   reason=POLLING
05-24 01:03:45.077 I/SDHMS:o ( 3236): Polling event handleUpdatedDeltaLocked finished.
05-24 01:03:45.078 D/SamsungAlarmManager( 1005): setInexact (T:3/F:8/AC:false) 20260524T011345 now=192591475 - CU:1000/CP:3236/OP:PendingIntent{ca5ca57: PendingIntentRecord{d065944 com.sec.android.sdhms broadcastIntent}}
05-24 01:03:45.079 V/SamsungAlarmManager( 1005): setLocked to kernel - W:192665046 / NW:192605423, now=192591476
05-24 01:03:45.090 I/SDHMS:BarTender:Gatherer:BatteryStats( 3236): BarTender addStats To DB (12 ms)
05-24 01:03:45.112 I/SDHMS:BarTender:Gatherer:BatteryStats( 3236): BarTender addStats To ExtDB (22 ms)
05-24 01:03:45.113 I/SDHMS:BarTender:Gatherer:BatteryStats( 3236): refreshBatteryStats completed (35 ms)
05-24 01:03:45.350 D/SemNscXgbMsL1( 1005): Probability - Cloud gaming: [0.016703097]
05-24 01:03:45.351 D/SemNscXgbMsL1( 1005): Probability - Real time: [0.39521626]
05-24 01:03:45.351 D/SemNscXgbMsL1( 1005): Probability - Non real time: [0.08515876]
05-24 01:03:45.351 D/SemNscXgbMsL1( 1005): 1 sample inference time: 1.593577 msecs
05-24 01:03:45.354 D/SemNscXgbL2Rt( 1005): L2 RT 1 sample inference time: 2.112577 msecs
05-24 01:03:45.356 D/SemNscXgbL2Nrt( 1005): L2 NRT 1 sample inference time: 2.463269 msecs
05-24 01:03:45.485 D/NetdEventListenerService( 1005): DNS Requested by : 100, 10181, 0
05-24 01:03:45.487 D/NetdEventListenerService( 1005): DNS Requested by : 100, 10181, 0
05-24 01:03:45.860 D/SemNscXgbMsL1( 1005): Probability - Cloud gaming: [0.01330418]
05-24 01:03:45.861 D/SemNscXgbMsL1( 1005): Probability - Real time: [0.86179817]
05-24 01:03:45.861 D/SemNscXgbMsL1( 1005): Probability - Non real time: [0.5651255]
05-24 01:03:45.861 D/SemNscXgbMsL1( 1005): 1 sample inference time: 1.282154 msecs
05-24 01:03:45.863 D/SemNscXgbL2Rt( 1005): L2 RT 1 sample inference time: 2.159615 msecs
05-24 01:03:45.865 D/SemNscXgbL2Nrt( 1005): L2 NRT 1 sample inference time: 2.010577 msecs
05-24 01:03:45.886 I/NearbyMediums(15725): No BLE Fast/GATT advertisements found in the latest cycle.
05-24 01:03:45.887 I/NearbyMediums(15725): Current Tracked Scanning Clients are : {NearbyConnections.EnvironmentMonitor, NearbySharing, NearbyConnections.TxAdvertisement}
05-24 01:03:46.371 D/SemNscXgbMsL1( 1005): Probability - Cloud gaming: [0.0067382012]
05-24 01:03:46.372 D/SemNscXgbMsL1( 1005): Probability - Real time: [0.95279175]
05-24 01:03:46.373 D/SemNscXgbMsL1( 1005): Probability - Non real time: [0.2632148]
05-24 01:03:46.373 D/SemNscXgbMsL1( 1005): 1 sample inference time: 2.355346 msecs
05-24 01:03:46.376 D/SemNscXgbL2Rt( 1005): L2 RT 1 sample inference time: 2.718038 msecs
05-24 01:03:46.378 D/SemNscXgbL2Nrt( 1005): L2 NRT 1 sample inference time: 2.283192 msecs
05-24 01:03:46.452 D/WifiConnectivityMonitor.NetworkStatsAnalyzer( 1005): Backhaul result - RSSI:-127, CE:10, PE:8, TI:44, PTI:42, TW:8, PTW:8, Tx:111, Rx:271, TxS:99, RxS:89, RESULT:true, IC:0, ICT:2, WC:0, WCT:2, R:0, RC:0, IE:0, EC:0
05-24 01:03:46.882 D/SemNscXgbMsL1( 1005): Probability - Cloud gaming: [0.0049190363]
05-24 01:03:46.884 D/SemNscXgbMsL1( 1005): Probability - Real time: [0.56466526]
05-24 01:03:46.884 D/SemNscXgbMsL1( 1005): Probability - Non real time: [0.38210544]
05-24 01:03:46.884 D/SemNscXgbMsL1( 1005): 1 sample inference time: 2.669846 msecs
05-24 01:03:46.887 D/SemNscXgbL2Rt( 1005): L2 RT 1 sample inference time: 2.82423 msecs
05-24 01:03:46.890 D/SemNscXgbL2Nrt( 1005): L2 NRT 1 sample inference time: 2.537538 msecs
05-24 01:03:47.004 D/io_stats(  457): !@   8,0 r 2445866 95670284 w 2026445 53793540 d 0 0 f 0 0 iot 1478980 0 th 0 0 0 pt 0 inp 0 0 192593.399
05-24 01:03:47.167 E/Tethering( 1005): [api31.BpfCoordinatorShimImpl] ERROR Fail to fetch tethering stats from BPF map: : getNextMapKey failed: EBADF (Bad file descriptor)
05-24 01:03:47.167 E/Tethering( 1005): android.system.ErrnoException: getNextMapKey failed: EBADF (Bad file descriptor)
05-24 01:03:47.167 E/Tethering( 1005): 	at com.android.networkstack.tethering.BpfMap.getNextMapKey(Native Method)
05-24 01:03:47.167 E/Tethering( 1005): 	at com.android.networkstack.tethering.BpfMap.getNextRawKey(BpfMap.java:199)
05-24 01:03:47.167 E/Tethering( 1005): 	at com.android.networkstack.tethering.BpfMap.getNextKeyInternal(BpfMap.java:177)
05-24 01:03:47.167 E/Tethering( 1005): 	at com.android.networkstack.tethering.BpfMap.getFirstKey(BpfMap.java:206)
05-24 01:03:47.167 E/Tethering( 1005): 	at com.android.networkstack.tethering.BpfMap.forEach(BpfMap.java:243)
05-24 01:03:47.167 E/Tethering( 1005): 	at com.android.networkstack.tethering.apishim.api31.BpfCoordinatorShimImpl.tetherOffloadGetStats(BpfCoordinatorShimImpl.java:241)
05-24 01:03:47.167 E/Tethering( 1005): 	at com.android.networkstack.tethering.BpfCoordinator.updateForwardedStats(BpfCoordinator.java:1844)
05-24 01:03:47.167 E/Tethering( 1005): 	at com.android.networkstack.tethering.BpfCoordinator.lambda$new$0(BpfCoordinator.java:249)
05-24 01:03:47.167 E/Tethering( 1005): 	at com.android.networkstack.tethering.BpfCoordinator.$r8$lambda$11zi2so53-tPlRpKnlSkWOpxReo(Unknown Source:0)
05-24 01:03:47.167 E/Tethering( 1005): 	at com.android.networkstack.tethering.BpfCoordinator$$ExternalSyntheticLambda0.run(Unknown Source:2)
05-24 01:03:47.167 E/Tethering( 1005): 	at android.os.Handler.handleCallback(Handler.java:938)
05-24 01:03:47.167 E/Tethering( 1005): 	at android.os.Handler.dispatchMessage(Handler.java:99)
05-24 01:03:47.167 E/Tethering( 1005): 	at android.os.Looper.loopOnce(Looper.java:226)
05-24 01:03:47.167 E/Tethering( 1005): 	at android.os.Looper.loop(Looper.java:313)
05-24 01:03:47.167 E/Tethering( 1005): 	at android.os.HandlerThread.run(HandlerThread.java:67)
05-24 01:03:47.167 E/Tethering( 1005): [BpfCoordinator] ERROR Problem fetching tethering stats
05-24 01:03:47.392 D/SemNscXgbMsL1( 1005): Probability - Cloud gaming: [0.006964926]
05-24 01:03:47.393 D/SemNscXgbMsL1( 1005): Probability - Real time: [0.79165447]
05-24 01:03:47.393 D/SemNscXgbMsL1( 1005): Probability - Non real time: [0.54241055]
05-24 01:03:47.393 D/SemNscXgbMsL1( 1005): 1 sample inference time: 1.095538 msecs
05-24 01:03:47.395 D/SemNscXgbL2Rt( 1005): L2 RT 1 sample inference time: 1.796961 msecs
05-24 01:03:47.397 D/SemNscXgbL2Nrt( 1005): L2 NRT 1 sample inference time: 1.617462 msecs
05-24 01:03:47.901 D/SemNscXgbMsL1( 1005): Probability - Cloud gaming: [0.017423226]
05-24 01:03:47.902 D/SemNscXgbMsL1( 1005): Probability - Real time: [0.13172537]
05-24 01:03:47.904 D/SemNscXgbMsL1( 1005): Probability - Non real time: [0.6933644]
05-24 01:03:47.904 D/SemNscXgbMsL1( 1005): 1 sample inference time: 2.621616 msecs
05-24 01:03:47.906 D/SemNscXgbL2Rt( 1005): L2 RT 1 sample inference time: 2.083461 msecs
05-24 01:03:47.908 D/SemNscXgbL2Nrt( 1005): L2 NRT 1 sample inference time: 2.436308 msecs
05-24 01:03:48.413 D/SemNscXgbMsL1( 1005): Probability - Cloud gaming: [0.0126315905]
05-24 01:03:48.414 D/SemNscXgbMsL1( 1005): Probability - Real time: [0.07846149]
05-24 01:03:48.414 D/SemNscXgbMsL1( 1005): Probability - Non real time: [0.5554329]
05-24 01:03:48.414 D/SemNscXgbMsL1( 1005): 1 sample inference time: 1.427192 msecs
05-24 01:03:48.417 D/SemNscXgbL2Rt( 1005): L2 RT 1 sample inference time: 2.3185 msecs
05-24 01:03:48.419 D/SemNscXgbL2Nrt( 1005): L2 NRT 1 sample inference time: 1.929577 msecs
05-24 01:03:48.921 D/SemNscXgbMsL1( 1005): Probability - Cloud gaming: [0.03134328]
05-24 01:03:48.922 D/SemNscXgbMsL1( 1005): Probability - Real time: [0.6360153]
05-24 01:03:48.922 D/SemNscXgbMsL1( 1005): Probability - Non real time: [0.8362381]
05-24 01:03:48.922 D/SemNscXgbMsL1( 1005): 1 sample inference time: 1.303192 msecs
05-24 01:03:48.925 D/SemNscXgbL2Rt( 1005): L2 RT 1 sample inference time: 2.233884 msecs
05-24 01:03:48.927 D/SemNscXgbL2Nrt( 1005): L2 NRT 1 sample inference time: 1.958039 msecs
05-24 01:03:48.927 I/SemWifiServiceDetector( 1005): NSD results: [1, 1, 1, 0, 1, 1, 1, 1] Traff. type 1 Thr 0
05-24 01:03:48.929 D/SemWifiOptimizer( 1005): enable=1 state=0x10 prev=0x10 new=0x10 force=0
05-24 01:03:49.005 D/io_stats(  457): !@   8,0 r 2445866 95670284 w 2026456 53793944 d 0 0 f 0 0 iot 1478988 0 th 0 0 0 pt 0 inp 0 0 192595.401
05-24 01:03:49.432 D/SemNscXgbMsL1( 1005): Probability - Cloud gaming: [0.052128695]
05-24 01:03:49.433 D/SemNscXgbMsL1( 1005): Probability - Real time: [0.26212075]
05-24 01:03:49.433 D/SemNscXgbMsL1( 1005): Probability - Non real time: [0.62388813]
05-24 01:03:49.434 D/SemNscXgbMsL1( 1005): 1 sample inference time: 1.620577 msecs
05-24 01:03:49.436 D/SemNscXgbL2Rt( 1005): L2 RT 1 sample inference time: 2.20973 msecs
05-24 01:03:49.438 D/SemNscXgbL2Nrt( 1005): L2 NRT 1 sample inference time: 1.896615 msecs
05-24 01:03:49.886 E/audit   (  514): type=1400 audit(1779552229.879:30584): avc:  denied  { write } for  pid=13696 comm="ThreadPoolForeg" name="traced_producer" dev="tmpfs" ino=26790 scontext=u:r:gmscore_app:s0:c512,c768 tcontext=u:object_r:traced_producer_socket:s0 tclass=sock_file permissive=0 SEPF_SM-G973N_12_0001 audit_filtered
05-24 01:03:49.886 E/audit   (  514): type=1300 audit(1779552229.879:30584): arch=c00000b7 syscall=203 success=no exit=-13 a0=bf a1=6e815cc450 a2=1e a3=ffffffff95f1206e items=0 ppid=534 pid=13696 auid=4294967295 uid=10076 gid=10076 euid=10076 suid=10076 fsuid=10076 egid=10076 sgid=10076 fsgid=10076 tty=(none) ses=4294967295 comm="ThreadPoolForeg" exe="/system/bin/app_process64" subj=u:r:gmscore_app:s0:c512,c768 key=(null)
05-24 01:03:49.886 E/audit   (  514): type=1327 audit(1779552229.879:30584): proctitle="com.google.android.gms"
05-24 01:03:49.940 D/SemNscXgbMsL1( 1005): Probability - Cloud gaming: [0.046819467]
05-24 01:03:49.941 D/SemNscXgbMsL1( 1005): Probability - Real time: [0.650789]
05-24 01:03:49.941 D/SemNscXgbMsL1( 1005): Probability - Non real time: [0.44124162]
05-24 01:03:49.941 D/SemNscXgbMsL1( 1005): 1 sample inference time: 0.936461 msecs
05-24 01:03:49.943 D/SemNscXgbL2Rt( 1005): L2 RT 1 sample inference time: 1.617039 msecs
05-24 01:03:49.944 D/SemNscXgbL2Nrt( 1005): L2 NRT 1 sample inference time: 1.359269 msecs
05-24 01:03:50.190 D/vendor.samsung.hardware.thermal@1.0-service(  574): timer callback!
05-24 01:03:50.206 I/SDHMS:C ( 3236): SIOP:: AP:168(279,110) BAT:282(282,0) USB:285(285,0) CHG:284(284,0) PA:304(304,0) WIFI:279(279,0) LRP:270(270,0) LRF:269(269) LRB:270(270) 
05-24 01:03:50.448 D/SemNscXgbMsL1( 1005): Probability - Cloud gaming: [0.030302329]
05-24 01:03:50.449 D/SemNscXgbMsL1( 1005): Probability - Real time: [0.7150662]
05-24 01:03:50.449 D/SemNscXgbMsL1( 1005): Probability - Non real time: [0.2867043]
05-24 01:03:50.449 D/SemNscXgbMsL1( 1005): 1 sample inference time: 1.657961 msecs
05-24 01:03:50.452 D/SemNscXgbL2Rt( 1005): L2 RT 1 sample inference time: 2.273962 msecs
05-24 01:03:50.454 D/SemNscXgbL2Nrt( 1005): L2 NRT 1 sample inference time: 2.035462 msecs
05-24 01:03:50.957 D/SemNscXgbMsL1( 1005): Probability - Cloud gaming: [0.02411418]
05-24 01:03:50.958 D/SemNscXgbMsL1( 1005): Probability - Real time: [0.6409096]
05-24 01:03:50.959 D/SemNscXgbMsL1( 1005): Probability - Non real time: [0.20713468]
05-24 01:03:50.959 D/SemNscXgbMsL1( 1005): 1 sample inference time: 2.501577 msecs
05-24 01:03:50.961 D/SemNscXgbL2Rt( 1005): L2 RT 1 sample inference time: 2.075153 msecs
05-24 01:03:50.963 D/SemNscXgbL2Nrt( 1005): L2 NRT 1 sample inference time: 1.984077 msecs
05-24 01:03:50.963 I/SemWifiServiceDetector( 1005): NSD results: [0, 1, 1, 0, 1, 0, 1, 1] Traff. type 1 Thr 0
05-24 01:03:50.966 D/SemWifiOptimizer( 1005): enable=1 state=0x10 prev=0x10 new=0x10 force=0
05-24 01:03:51.008 D/io_stats(  457): !@   8,0 r 2445866 95670284 w 2026497 53794356 d 0 0 f 0 0 iot 1478992 0 th 0 0 0 pt 0 inp 0 0 192597.404
05-24 01:03:51.468 D/SemNscXgbMsL1( 1005): Probability - Cloud gaming: [0.054419216]
05-24 01:03:51.469 D/SemNscXgbMsL1( 1005): Probability - Real time: [0.61490184]
05-24 01:03:51.469 D/SemNscXgbMsL1( 1005): Probability - Non real time: [0.29975834]
05-24 01:03:51.469 D/SemNscXgbMsL1( 1005): 1 sample inference time: 1.2665 msecs
05-24 01:03:51.471 D/SemNscXgbL2Rt( 1005): L2 RT 1 sample inference time: 2.281423 msecs
05-24 01:03:51.473 D/SemNscXgbL2Nrt( 1005): L2 NRT 1 sample inference time: 1.924308 msecs
05-24 01:03:51.976 D/SemNscXgbMsL1( 1005): Probability - Cloud gaming: [0.0253074]
05-24 01:03:51.977 D/SemNscXgbMsL1( 1005): Probability - Real time: [0.95124376]
05-24 01:03:51.977 D/SemNscXgbMsL1( 1005): Probability - Non real time: [0.27945894]
05-24 01:03:51.978 D/SemNscXgbMsL1( 1005): 1 sample inference time: 1.633731 msecs
05-24 01:03:51.981 D/SemNscXgbL2Rt( 1005): L2 RT 1 sample inference time: 3.275193 msecs
05-24 01:03:51.983 D/SemNscXgbL2Nrt( 1005): L2 NRT 1 sample inference time: 2.021577 msecs
05-24 01:03:52.170 E/Tethering( 1005): [api31.BpfCoordinatorShimImpl] ERROR Fail to fetch tethering stats from BPF map: : getNextMapKey failed: EBADF (Bad file descriptor)
05-24 01:03:52.170 E/Tethering( 1005): android.system.ErrnoException: getNextMapKey failed: EBADF (Bad file descriptor)
05-24 01:03:52.170 E/Tethering( 1005): 	at com.android.networkstack.tethering.BpfMap.getNextMapKey(Native Method)
05-24 01:03:52.170 E/Tethering( 1005): 	at com.android.networkstack.tethering.BpfMap.getNextRawKey(BpfMap.java:199)
05-24 01:03:52.170 E/Tethering( 1005): 	at com.android.networkstack.tethering.BpfMap.getNextKeyInternal(BpfMap.java:177)
05-24 01:03:52.170 E/Tethering( 1005): 	at com.android.networkstack.tethering.BpfMap.getFirstKey(BpfMap.java:206)
05-24 01:03:52.170 E/Tethering( 1005): 	at com.android.networkstack.tethering.BpfMap.forEach(BpfMap.java:243)
05-24 01:03:52.170 E/Tethering( 1005): 	at com.android.networkstack.tethering.apishim.api31.BpfCoordinatorShimImpl.tetherOffloadGetStats(BpfCoordinatorShimImpl.java:241)
05-24 01:03:52.170 E/Tethering( 1005): 	at com.android.networkstack.tethering.BpfCoordinator.updateForwardedStats(BpfCoordinator.java:1844)
05-24 01:03:52.170 E/Tethering( 1005): 	at com.android.networkstack.tethering.BpfCoordinator.lambda$new$0(BpfCoordinator.java:249)
05-24 01:03:52.170 E/Tethering( 1005): 	at com.android.networkstack.tethering.BpfCoordinator.$r8$lambda$11zi2so53-tPlRpKnlSkWOpxReo(Unknown Source:0)
05-24 01:03:52.170 E/Tethering( 1005): 	at com.android.networkstack.tethering.BpfCoordinator$$ExternalSyntheticLambda0.run(Unknown Source:2)
05-24 01:03:52.170 E/Tethering( 1005): 	at android.os.Handler.handleCallback(Handler.java:938)
05-24 01:03:52.170 E/Tethering( 1005): 	at android.os.Handler.dispatchMessage(Handler.java:99)
05-24 01:03:52.170 E/Tethering( 1005): 	at android.os.Looper.loopOnce(Looper.java:226)
05-24 01:03:52.170 E/Tethering( 1005): 	at android.os.Looper.loop(Looper.java:313)
05-24 01:03:52.170 E/Tethering( 1005): 	at android.os.HandlerThread.run(HandlerThread.java:67)
05-24 01:03:52.170 E/Tethering( 1005): [BpfCoordinator] ERROR Problem fetching tethering stats
05-24 01:03:52.488 D/SemNscXgbMsL1( 1005): Probability - Cloud gaming: [0.0071582766]
05-24 01:03:52.489 D/SemNscXgbMsL1( 1005): Probability - Real time: [0.9837975]
05-24 01:03:52.489 D/SemNscXgbMsL1( 1005): Probability - Non real time: [0.045392618]
05-24 01:03:52.489 D/SemNscXgbMsL1( 1005): 1 sample inference time: 1.616808 msecs
05-24 01:03:52.492 D/SemNscXgbL2Rt( 1005): L2 RT 1 sample inference time: 2.500961 msecs
05-24 01:03:52.494 D/SemNscXgbL2Nrt( 1005): L2 NRT 1 sample inference time: 2.195961 msecs
05-24 01:03:52.952 D/BatteryDump(  552): wait_for_battery_event : occurred : change@/devices/platform/battery/power_supply/battery 
05-24 01:03:52.966 I/android.hardware.health@2.1-service-samsung(  552): updateLrpSysfs: write: 270
05-24 01:03:52.997 D/SemNscXgbMsL1( 1005): Probability - Cloud gaming: [0.009836695]
05-24 01:03:52.997 D/SemNscXgbMsL1( 1005): Probability - Real time: [0.9341031]
05-24 01:03:52.998 D/SemNscXgbMsL1( 1005): Probability - Non real time: [0.4162557]
05-24 01:03:52.998 D/SemNscXgbMsL1( 1005): 1 sample inference time: 1.385231 msecs
05-24 01:03:53.000 D/SemNscXgbL2Rt( 1005): L2 RT 1 sample inference time: 2.439077 msecs
05-24 01:03:53.002 D/SemNscXgbL2Nrt( 1005): L2 NRT 1 sample inference time: 1.754154 msecs
05-24 01:03:53.493 I/wpa_supplicant( 1392): Heartbeat 19255
05-24 01:03:53.506 D/SemNscXgbMsL1( 1005): Probability - Cloud gaming: [0.009175625]
05-24 01:03:53.507 D/SemNscXgbMsL1( 1005): Probability - Real time: [0.37329754]
05-24 01:03:53.507 D/SemNscXgbMsL1( 1005): Probability - Non real time: [0.29748565]
05-24 01:03:53.507 D/SemNscXgbMsL1( 1005): 1 sample inference time: 1.4955 msecs
05-24 01:03:53.510 D/SemNscXgbL2Rt( 1005): L2 RT 1 sample inference time: 2.4025 msecs
05-24 01:03:53.512 D/SemNscXgbL2Nrt( 1005): L2 NRT 1 sample inference time: 2.067846 msecs
05-24 01:03:54.016 D/SemNscXgbMsL1( 1005): Probability - Cloud gaming: [0.014877599]
05-24 01:03:54.017 D/SemNscXgbMsL1( 1005): Probability - Real time: [0.4731918]
05-24 01:03:54.017 D/SemNscXgbMsL1( 1005): Probability - Non real time: [0.7328748]
05-24 01:03:54.017 D/SemNscXgbMsL1( 1005): 1 sample inference time: 1.518423 msecs
05-24 01:03:54.020 D/SemNscXgbL2Rt( 1005): L2 RT 1 sample inference time: 2.317885 msecs
05-24 01:03:54.022 D/SemNscXgbL2Nrt( 1005): L2 NRT 1 sample inference time: 1.797923 msecs
05-24 01:03:54.281 D/UsbStatsMonitor( 1005): 0 0 0 0 0 0 0 0 0 0 0 0 0 0 0 0 0 0 0 0 0 0 0 0 0 0 0 0 0 0 0 0 0 0 0 0 0 0 0 0 0 0 0 0 0 0 0 0 17703855194138
05-24 01:03:54.368 D/BatteryExternalStatsWorker( 1005): update stats : write (63)
05-24 01:03:54.368 D/BatteryExternalStatsWorker( 1005): WifiActivityEnergyInfo was updated
05-24 01:03:54.376 D/BatteryExternalStatsWorker( 1005): BluetoothActivityEnergyInfo was updated
05-24 01:03:54.379 D/TelephonyManager( 1005): requestModemActivityInfo: Sending result to app: ModemActivityInfo{ mTimestamp=192600774 mSleepTimeMs=186041245 mIdleTimeMs=3863433 mTxTimeMs[]=[0, 0, 0, 0, 28] mRxTimeMs=2388694}
05-24 01:03:54.381 D/BatteryExternalStatsWorker( 1005): ModemActivityInfo was updated
05-24 01:03:54.409 E/system_server( 1005): Cannot read thread CPU times for PID 1005
05-24 01:03:54.416 D/BatteryExternalStatsWorker( 1005): done updateExternalStatsLocked
05-24 01:03:54.454 D/IptablesRestoreController(  533): [iptables debug]iptables-restore execute *filter
05-24 01:03:54.454 D/IptablesRestoreController(  533): -nvx -L tetherctrl_counters
05-24 01:03:54.454 D/IptablesRestoreController(  533): COMMIT
05-24 01:03:54.456 D/IptablesRestoreController(  533): [iptables debug]iptables-restore execute done, res : 0
05-24 01:03:54.456 D/IptablesRestoreController(  533): [iptables debug]iptables-restore execute *filter
05-24 01:03:54.456 D/IptablesRestoreController(  533): -nvx -L tetherctrl_counters
05-24 01:03:54.456 D/IptablesRestoreController(  533): COMMIT
05-24 01:03:54.458 D/IptablesRestoreController(  533): [iptables debug]iptables-restore execute done, res : 0
05-24 01:03:54.524 D/SemNscXgbMsL1( 1005): Probability - Cloud gaming: [0.02093245]
05-24 01:03:54.526 D/SemNscXgbMsL1( 1005): Probability - Real time: [0.6225767]
05-24 01:03:54.526 D/SemNscXgbMsL1( 1005): Probability - Non real time: [0.43283352]
05-24 01:03:54.526 D/SemNscXgbMsL1( 1005): 1 sample inference time: 1.688731 msecs
05-24 01:03:54.528 D/SemNscXgbL2Rt( 1005): L2 RT 1 sample inference time: 2.329385 msecs
05-24 01:03:54.531 D/SemNscXgbL2Nrt( 1005): L2 NRT 1 sample inference time: 2.317423 msecs
05-24 01:03:55.011 D/io_stats(  457): !@   8,0 r 2445866 95670284 w 2026510 53795400 d 0 0 f 0 0 iot 1479008 0 th 0 0 0 pt 0 inp 0 0 192601.407
05-24 01:03:55.035 D/SemNscXgbMsL1( 1005): Probability - Cloud gaming: [0.015486894]
05-24 01:03:55.036 D/SemNscXgbMsL1( 1005): Probability - Real time: [0.8212134]
05-24 01:03:55.036 D/SemNscXgbMsL1( 1005): Probability - Non real time: [0.22427097]
05-24 01:03:55.036 D/SemNscXgbMsL1( 1005): 1 sample inference time: 1.682076 msecs
05-24 01:03:55.039 D/SemNscXgbL2Rt( 1005): L2 RT 1 sample inference time: 2.358539 msecs
05-24 01:03:55.041 D/SemNscXgbL2Nrt( 1005): L2 NRT 1 sample inference time: 1.860231 msecs
05-24 01:03:55.381 D/SemCellularStateManager( 1005): onSignalStrengthsChanged: mCellularSignalLevel=3
05-24 01:03:55.382 D/MobileStatusTracker(0/1)( 1415): onSignalStrengthsChanged signalStrength=SignalStrength:{mCdma=Invalid,mGsm=Invalid,mWcdma=CellSignalStrengthWcdma: ss=-81 ber=99 rscp=-81 ecno=0 level=3,mTdscdma=Invalid,mLte=Invalid,mNr=Invalid,SignalBarInfo{ wcdmaLevel=4 },rat=3,primary=CellSignalStrengthWcdma} level=4
05-24 01:03:55.386 D/NetworkController( 1415): SignalStrength from intent slotId=0
05-24 01:03:55.478 E/audit   (  514): type=1400 audit(1779552235.471:30585): avc:  denied  { write } for  pid=15725 comm="ThreadPoolForeg" name="traced_producer" dev="tmpfs" ino=26790 scontext=u:r:gmscore_app:s0:c512,c768 tcontext=u:object_r:traced_producer_socket:s0 tclass=sock_file permissive=0 SEPF_SM-G973N_12_0001 audit_filtered
05-24 01:03:55.478 E/audit   (  514): type=1300 audit(1779552235.471:30585): arch=c00000b7 syscall=203 success=no exit=-13 a0=ae a1=6e81589c10 a2=1e a3=ffffffff95f1206e items=0 ppid=534 pid=15725 auid=4294967295 uid=10076 gid=10076 euid=10076 suid=10076 fsuid=10076 egid=10076 sgid=10076 fsgid=10076 tty=(none) ses=4294967295 comm="ThreadPoolForeg" exe="/system/bin/app_process64" subj=u:r:gmscore_app:s0:c512,c768 key=(null)
05-24 01:03:55.478 E/audit   (  514): type=1327 audit(1779552235.471:30585): proctitle="com.google.android.gms.persistent"
05-24 01:03:55.544 D/SemNscXgbMsL1( 1005): Probability - Cloud gaming: [0.011809948]
05-24 01:03:55.546 D/SemNscXgbMsL1( 1005): Probability - Real time: [0.9267837]
05-24 01:03:55.547 D/SemNscXgbMsL1( 1005): Probability - Non real time: [0.45724145]
05-24 01:03:55.547 D/SemNscXgbMsL1( 1005): 1 sample inference time: 3.604193 msecs
05-24 01:03:55.549 D/SemNscXgbL2Rt( 1005): L2 RT 1 sample inference time: 2.099461 msecs
05-24 01:03:55.551 D/SemNscXgbL2Nrt( 1005): L2 NRT 1 sample inference time: 1.884115 msecs
05-24 01:03:55.890 I/NearbyMediums(15725): No BLE Fast/GATT advertisements found in the latest cycle.
05-24 01:03:55.891 I/NearbyMediums(15725): Current Tracked Scanning Clients are : {NearbyConnections.EnvironmentMonitor, NearbySharing, NearbyConnections.TxAdvertisement}
05-24 01:03:56.055 D/SemNscXgbMsL1( 1005): Probability - Cloud gaming: [0.015911229]
05-24 01:03:56.056 D/SemNscXgbMsL1( 1005): Probability - Real time: [0.827135]
05-24 01:03:56.056 D/SemNscXgbMsL1( 1005): Probability - Non real time: [0.12981677]
05-24 01:03:56.056 D/SemNscXgbMsL1( 1005): 1 sample inference time: 1.6785 msecs
05-24 01:03:56.058 D/SemNscXgbL2Rt( 1005): L2 RT 1 sample inference time: 2.098193 msecs
05-24 01:03:56.061 D/SemNscXgbL2Nrt( 1005): L2 NRT 1 sample inference time: 2.245346 msecs
05-24 01:03:56.462 D/WifiConnectivityMonitor.NetworkStatsAnalyzer( 1005): Backhaul result - RSSI:-127, CE:9, PE:10, TI:44, PTI:44, TW:8, PTW:8, Tx:79, Rx:284, TxS:74, RxS:65, RESULT:true, IC:0, ICT:2, WC:0, WCT:2, R:0, RC:0, IE:0, EC:0
05-24 01:03:56.563 D/SemNscXgbMsL1( 1005): Probability - Cloud gaming: [0.032907628]
05-24 01:03:56.564 D/SemNscXgbMsL1( 1005): Probability - Real time: [0.941339]
05-24 01:03:56.564 D/SemNscXgbMsL1( 1005): Probability - Non real time: [0.098094195]
05-24 01:03:56.564 D/SemNscXgbMsL1( 1005): 1 sample inference time: 1.378308 msecs
05-24 01:03:56.567 D/SemNscXgbL2Rt( 1005): L2 RT 1 sample inference time: 2.39 msecs
05-24 01:03:56.569 D/SemNscXgbL2Nrt( 1005): L2 NRT 1 sample inference time: 2.03273 msecs
05-24 01:03:57.072 D/SemNscXgbMsL1( 1005): Probability - Cloud gaming: [0.009560032]
05-24 01:03:57.073 D/SemNscXgbMsL1( 1005): Probability - Real time: [0.8406712]
05-24 01:03:57.073 D/SemNscXgbMsL1( 1005): Probability - Non real time: [0.15069032]
05-24 01:03:57.073 D/SemNscXgbMsL1( 1005): 1 sample inference time: 1.628577 msecs
05-24 01:03:57.076 D/SemNscXgbL2Rt( 1005): L2 RT 1 sample inference time: 2.622347 msecs
05-24 01:03:57.079 D/SemNscXgbL2Nrt( 1005): L2 NRT 1 sample inference time: 2.353115 msecs
05-24 01:03:57.171 E/Tethering( 1005): [api31.BpfCoordinatorShimImpl] ERROR Fail to fetch tethering stats from BPF map: : getNextMapKey failed: EBADF (Bad file descriptor)
05-24 01:03:57.171 E/Tethering( 1005): android.system.ErrnoException: getNextMapKey failed: EBADF (Bad file descriptor)
05-24 01:03:57.171 E/Tethering( 1005): 	at com.android.networkstack.tethering.BpfMap.getNextMapKey(Native Method)
05-24 01:03:57.171 E/Tethering( 1005): 	at com.android.networkstack.tethering.BpfMap.getNextRawKey(BpfMap.java:199)
05-24 01:03:57.171 E/Tethering( 1005): 	at com.android.networkstack.tethering.BpfMap.getNextKeyInternal(BpfMap.java:177)
05-24 01:03:57.171 E/Tethering( 1005): 	at com.android.networkstack.tethering.BpfMap.getFirstKey(BpfMap.java:206)
05-24 01:03:57.171 E/Tethering( 1005): 	at com.android.networkstack.tethering.BpfMap.forEach(BpfMap.java:243)
05-24 01:03:57.171 E/Tethering( 1005): 	at com.android.networkstack.tethering.apishim.api31.BpfCoordinatorShimImpl.tetherOffloadGetStats(BpfCoordinatorShimImpl.java:241)
05-24 01:03:57.171 E/Tethering( 1005): 	at com.android.networkstack.tethering.BpfCoordinator.updateForwardedStats(BpfCoordinator.java:1844)
05-24 01:03:57.171 E/Tethering( 1005): 	at com.android.networkstack.tethering.BpfCoordinator.lambda$new$0(BpfCoordinator.java:249)
05-24 01:03:57.171 E/Tethering( 1005): 	at com.android.networkstack.tethering.BpfCoordinator.$r8$lambda$11zi2so53-tPlRpKnlSkWOpxReo(Unknown Source:0)
05-24 01:03:57.171 E/Tethering( 1005): 	at com.android.networkstack.tethering.BpfCoordinator$$ExternalSyntheticLambda0.run(Unknown Source:2)
05-24 01:03:57.171 E/Tethering( 1005): 	at android.os.Handler.handleCallback(Handler.java:938)
05-24 01:03:57.171 E/Tethering( 1005): 	at android.os.Handler.dispatchMessage(Handler.java:99)
05-24 01:03:57.171 E/Tethering( 1005): 	at android.os.Looper.loopOnce(Looper.java:226)
05-24 01:03:57.171 E/Tethering( 1005): 	at android.os.Looper.loop(Looper.java:313)
05-24 01:03:57.171 E/Tethering( 1005): 	at android.os.HandlerThread.run(HandlerThread.java:67)
05-24 01:03:57.172 E/Tethering( 1005): [BpfCoordinator] ERROR Problem fetching tethering stats
05-24 01:03:57.549 E/audit   (  514): type=1400 audit(1779552237.543:30586): avc:  denied  { write } for  pid=11264 comm="ThreadPoolForeg" name="traced_producer" dev="tmpfs" ino=26790 scontext=u:r:gmscore_app:s0:c512,c768 tcontext=u:object_r:traced_producer_socket:s0 tclass=sock_file permissive=0 SEPF_SM-G973N_12_0001 audit_filtered
05-24 01:03:57.550 E/audit   (  514): type=1300 audit(1779552237.543:30586): arch=c00000b7 syscall=203 success=no exit=-13 a0=62 a1=6e815995d0 a2=1e a3=ffffffff95f1206e items=0 ppid=534 pid=11264 auid=4294967295 uid=10076 gid=10076 euid=10076 suid=10076 fsuid=10076 egid=10076 sgid=10076 fsgid=10076 tty=(none) ses=4294967295 comm="ThreadPoolForeg" exe="/system/bin/app_process64" subj=u:r:gmscore_app:s0:c512,c768 key=(null)
05-24 01:03:57.550 E/audit   (  514): type=1327 audit(1779552237.543:30586): proctitle="com.google.android.gms.unstable"
05-24 01:03:57.583 D/SemNscXgbMsL1( 1005): Probability - Cloud gaming: [0.018417984]
05-24 01:03:57.584 D/SemNscXgbMsL1( 1005): Probability - Real time: [0.9942331]
05-24 01:03:57.584 D/SemNscXgbMsL1( 1005): Probability - Non real time: [0.16889712]
05-24 01:03:57.584 D/SemNscXgbMsL1( 1005): 1 sample inference time: 1.258077 msecs
05-24 01:03:57.586 D/SemNscXgbL2Rt( 1005): L2 RT 1 sample inference time: 1.988923 msecs
05-24 01:03:57.589 D/SemNscXgbL2Nrt( 1005): L2 NRT 1 sample inference time: 2.550923 msecs
05-24 01:03:58.092 D/SemNscXgbMsL1( 1005): Probability - Cloud gaming: [0.018800609]
05-24 01:03:58.093 D/SemNscXgbMsL1( 1005): Probability - Real time: [0.902629]
05-24 01:03:58.093 D/SemNscXgbMsL1( 1005): Probability - Non real time: [0.19687277]
05-24 01:03:58.094 D/SemNscXgbMsL1( 1005): 1 sample inference time: 1.556923 msecs
05-24 01:03:58.096 D/SemNscXgbL2Rt( 1005): L2 RT 1 sample inference time: 2.560193 msecs
05-24 01:03:58.098 D/SemNscXgbL2Nrt( 1005): L2 NRT 1 sample inference time: 1.748346 msecs
05-24 01:03:58.602 D/SemNscXgbMsL1( 1005): Probability - Cloud gaming: [0.010007763]
05-24 01:03:58.603 D/SemNscXgbMsL1( 1005): Probability - Real time: [0.6817219]
05-24 01:03:58.603 D/SemNscXgbMsL1( 1005): Probability - Non real time: [0.26911175]
05-24 01:03:58.603 D/SemNscXgbMsL1( 1005): 1 sample inference time: 1.347653 msecs
05-24 01:03:58.606 D/SemNscXgbL2Rt( 1005): L2 RT 1 sample inference time: 2.109846 msecs
05-24 01:03:58.608 D/SemNscXgbL2Nrt( 1005): L2 NRT 1 sample inference time: 1.896115 msecs
05-24 01:03:59.027 D/SamsungAlarmManager( 1005): Expired : 8
05-24 01:03:59.027 V/SamsungAlarmManager( 1005): Sending to uid : 1000 L=d36892c:StatsCompanionService.pull alarm=Alarm{fd92617 type 3 origWhen 192605423 whenElapsed 192605423 android}
05-24 01:03:59.031 V/SamsungAlarmManager( 1005): setLocked to kernel - W:192665046 / NW:192606398, now=192605428
05-24 01:03:59.101 D/SamsungAlarmManager( 1005): setExact (T:3/F:9/AC:false) 20260524T010859 now=192605498 - CU:1000/CP:1005/L:d36892c:StatsCompanionService.pull
05-24 01:03:59.101 V/SamsungAlarmManager( 1005): setLocked to kernel - W:192665046 / NW:192606398, now=192605498
05-24 01:03:59.111 D/SemNscXgbMsL1( 1005): Probability - Cloud gaming: [0.02798203]
05-24 01:03:59.111 D/SemNscXgbMsL1( 1005): Probability - Real time: [0.7738511]
05-24 01:03:59.112 D/SemNscXgbMsL1( 1005): Probability - Non real time: [0.7665165]
05-24 01:03:59.112 D/SemNscXgbMsL1( 1005): 1 sample inference time: 1.332654 msecs
05-24 01:03:59.114 D/SemNscXgbL2Rt( 1005): L2 RT 1 sample inference time: 2.1215 msecs
05-24 01:03:59.116 D/SemNscXgbL2Nrt( 1005): L2 NRT 1 sample inference time: 1.789423 msecs
05-24 01:03:59.621 D/SemNscXgbMsL1( 1005): Probability - Cloud gaming: [0.036852274]
05-24 01:03:59.621 D/SemNscXgbMsL1( 1005): Probability - Real time: [0.38169098]
05-24 01:03:59.622 D/SemNscXgbMsL1( 1005): Probability - Non real time: [0.6956204]
05-24 01:03:59.622 D/SemNscXgbMsL1( 1005): 1 sample inference time: 1.614539 msecs
05-24 01:03:59.625 D/SemNscXgbL2Rt( 1005): L2 RT 1 sample inference time: 2.526654 msecs
05-24 01:03:59.627 D/SemNscXgbL2Nrt( 1005): L2 NRT 1 sample inference time: 1.961808 msecs
05-24 01:04:00.002 D/SamsungAlarmManager( 1005): Expired : 8
05-24 01:04:00.002 V/SamsungAlarmManager( 1005): Sending to uid : 1000 L=abb6da0:TIME_TICK alarm=Alarm{bf9c307 type 3 origWhen 192606398 whenElapsed 192606398 android}
05-24 01:04:00.004 D/SamsungAlarmManager( 1005): setExact (T:3/F:9/AC:false) 20260524T010459 now=192606401 - CU:1000/CP:1005/L:abb6da0:TIME_TICK
05-24 01:04:00.004 V/SamsungAlarmManager( 1005): setLocked to kernel - W:192665046, now=192606401
05-24 01:04:00.006 D/KeyguardUpdateMonitor( 1415): received broadcast android.intent.action.TIME_TICK
05-24 01:04:00.007 V/SamsungAlarmManager( 1005): setLocked to kernel - W:192665046, now=192606404
05-24 01:04:00.008 I/EyeComfortSolutionService( 1005): action  :  android.intent.action.TIME_TICK
05-24 01:04:00.008 D/QSClockBellTower( 1415): onReceive(android.intent.action.TIME_TICK) mTimeZoneString:null
05-24 01:04:00.013 I/EyeComfortSolutionService( 1005): Week : Sun , Hour : 01 , Minute : 04 , TimeValue : 64 , sleep state, defaultWakeupTime : 360 , start wakeup : 180
05-24 01:04:00.023 D/KeyguardUpdateMonitor( 1415): handleTimeUpdate
05-24 01:04:00.024 D/FaceWidgetPagesController( 1415): onTimeChanged()
05-24 01:04:00.027 D/QSClockBellTower( 1415): He is ready to ring the bell. (((QSClockBellSound - TimeText:01:04, TimeContentDescription:01:04, DateText:5월 24일 일요일, ShortDateText:5월 24일 (일), Demofalse)))
05-24 01:04:00.027 D/QSClockHomeIndicatorView( 1415): Home Indicator status_bar_clock notifyTimeChanged(QSClockBellSound - TimeText:01:04, TimeContentDescription:01:04, DateText:5월 24일 일요일, ShortDateText:5월 24일 (일), Demofalse) ClockVisibleByPolicy:true, ClockVisibleByUser:true, visible?true, parent:android.widget.LinearLayout{bea6838 V.E...... ......ID 0,0-130,88 #7f0b0472 app:id/left_clock_container}
05-24 01:04:00.027 D/QSClockBellTower( 1415): Everyone heard the bell. run(currentTime:1779552240024,   getTime():Sun May 24 01:04:00 GMT+09:00 2026,   getTimeZone():libcore.util.ZoneInfo[mDstSavings=0,mUseDst=false,mDelegate=[id="Asia/Seoul",mRawOffset=32400000,mEarliestRawOffset=30472000,transitions=29]])
05-24 01:04:00.039 D/QS      ( 1415): setQSExpansion 0.0 -128.45
05-24 01:04:00.041 D/QS      ( 1415): setQSExpansion 0.0 -128.45
05-24 01:04:00.042 V/SecQSFragmentAnimatorBase( 1415): setQsExpansionPosition 0.0
05-24 01:04:00.042 V/QsExpandAnimator( 1415): setQsExpansionPosition 0.0 0
05-24 01:04:00.042 D/QS      ( 1415): setQSExpansion 0.0 -128.45
05-24 01:04:00.044 D/IndicatorGardenInputProperty( 1415): updateRotation() prv:-1 >> new:0
05-24 01:04:00.044 D/DeviceState( 1415): getDeviceResolutionPixelSize - currentDensity = 540 deviceDensity = 540 initialDisplaySizeFactor = 1440 currentDisplaySizeFactor = 1080 initialDisplayDensity = 560 proportionalDensity = 420 proportionalPixel = 66
05-24 01:04:00.044 D/DeviceState( 1415): getDeviceResolutionPixelSize - currentDensity = 540 deviceDensity = 540 initialDisplaySizeFactor = 1440 currentDisplaySizeFactor = 1080 initialDisplayDensity = 560 proportionalDensity = 420 proportionalPixel = 27
05-24 01:04:00.044 D/DeviceState( 1415): getDeviceResolutionPixelSize - currentDensity = 540 deviceDensity = 540 initialDisplaySizeFactor = 1440 currentDisplaySizeFactor = 1080 initialDisplayDensity = 560 proportionalDensity = 420 proportionalPixel = 24
05-24 01:04:00.046 V/QsExpandAnimator( 1415): updateAnimators
05-24 01:04:00.046 V/QsExpandAnimator( 1415): clearAnimationState 
05-24 01:04:00.048 V/QsExpandAnimator( 1415): setQsExpansionPosition 0.0 0
05-24 01:04:00.130 D/SemNscXgbMsL1( 1005): Probability - Cloud gaming: [0.049492244]
05-24 01:04:00.130 D/SemNscXgbMsL1( 1005): Probability - Real time: [0.7076228]
05-24 01:04:00.131 D/SemNscXgbMsL1( 1005): Probability - Non real time: [0.7337193]
05-24 01:04:00.131 D/SemNscXgbMsL1( 1005): 1 sample inference time: 1.643269 msecs
05-24 01:04:00.133 D/SemNscXgbL2Rt( 1005): L2 RT 1 sample inference time: 1.668654 msecs
05-24 01:04:00.134 D/SemNscXgbL2Nrt( 1005): L2 NRT 1 sample inference time: 1.511807 msecs
05-24 01:04:00.191 D/vendor.samsung.hardware.thermal@1.0-service(  574): timer callback!
05-24 01:04:00.638 D/SemNscXgbMsL1( 1005): Probability - Cloud gaming: [0.062253363]
05-24 01:04:00.639 D/SemNscXgbMsL1( 1005): Probability - Real time: [0.25096568]
05-24 01:04:00.640 D/SemNscXgbMsL1( 1005): Probability - Non real time: [0.867715]
05-24 01:04:00.640 D/SemNscXgbMsL1( 1005): 1 sample inference time: 2.609769 msecs
05-24 01:04:00.643 D/SemNscXgbL2Rt( 1005): L2 RT 1 sample inference time: 2.662923 msecs
05-24 01:04:00.645 D/SemNscXgbL2Nrt( 1005): L2 NRT 1 sample inference time: 1.888924 msecs
05-24 01:04:00.783 D/SemCellularStateManager( 1005): onSignalStrengthsChanged: mCellularSignalLevel=3
05-24 01:04:00.784 D/MobileStatusTracker(0/1)( 1415): onSignalStrengthsChanged signalStrength=SignalStrength:{mCdma=Invalid,mGsm=Invalid,mWcdma=CellSignalStrengthWcdma: ss=-79 ber=99 rscp=-79 ecno=0 level=3,mTdscdma=Invalid,mLte=Invalid,mNr=Invalid,SignalBarInfo{ wcdmaLevel=4 },rat=3,primary=CellSignalStrengthWcdma} level=4
05-24 01:04:00.786 D/NetworkController( 1415): SignalStrength from intent slotId=0
05-24 01:04:01.017 D/io_stats(  457): !@   8,0 r 2445866 95670284 w 2026526 53795588 d 0 0 f 0 0 iot 1479012 0 th 0 0 0 pt 0 inp 0 0 192607.413
05-24 01:04:01.149 D/SemNscXgbMsL1( 1005): Probability - Cloud gaming: [0.013179011]
05-24 01:04:01.149 D/SemNscXgbMsL1( 1005): Probability - Real time: [0.12087175]
05-24 01:04:01.150 D/SemNscXgbMsL1( 1005): Probability - Non real time: [0.41185433]
05-24 01:04:01.150 D/SemNscXgbMsL1( 1005): 1 sample inference time: 1.548154 msecs
05-24 01:04:01.152 D/SemNscXgbL2Rt( 1005): L2 RT 1 sample inference time: 1.915269 msecs
05-24 01:04:01.154 D/SemNscXgbL2Nrt( 1005): L2 NRT 1 sample inference time: 1.651346 msecs
05-24 01:04:01.658 D/SemNscXgbMsL1( 1005): Probability - Cloud gaming: [0.02609634]
05-24 01:04:01.660 D/SemNscXgbMsL1( 1005): Probability - Real time: [0.55411214]
05-24 01:04:01.660 D/SemNscXgbMsL1( 1005): Probability - Non real time: [0.59357]
05-24 01:04:01.660 D/SemNscXgbMsL1( 1005): 1 sample inference time: 2.636077 msecs
05-24 01:04:01.662 D/SemNscXgbL2Rt( 1005): L2 RT 1 sample inference time: 1.977884 msecs
05-24 01:04:01.664 D/SemNscXgbL2Nrt( 1005): L2 NRT 1 sample inference time: 1.608039 msecs
05-24 01:04:01.664 I/SemWifiServiceDetector( 1005): NSD results: [1, 1, 1, 0, 1, 1, 1, 1] Traff. type 1 Thr 4
05-24 01:04:01.666 D/SemWifiOptimizer( 1005): enable=1 state=0x10 prev=0x10 new=0x10 force=0
05-24 01:04:02.169 D/SemNscXgbMsL1( 1005): Probability - Cloud gaming: [0.018621933]
05-24 01:04:02.170 D/SemNscXgbMsL1( 1005): Probability - Real time: [0.57381314]
05-24 01:04:02.170 D/SemNscXgbMsL1( 1005): Probability - Non real time: [0.2233251]
05-24 01:04:02.171 D/SemNscXgbMsL1( 1005): 1 sample inference time: 1.742538 msecs
05-24 01:04:02.173 D/SemNscXgbL2Rt( 1005): L2 RT 1 sample inference time: 2.483038 msecs
05-24 01:04:02.174 E/Tethering( 1005): [api31.BpfCoordinatorShimImpl] ERROR Fail to fetch tethering stats from BPF map: : getNextMapKey failed: EBADF (Bad file descriptor)
05-24 01:04:02.174 E/Tethering( 1005): android.system.ErrnoException: getNextMapKey failed: EBADF (Bad file descriptor)
05-24 01:04:02.174 E/Tethering( 1005): 	at com.android.networkstack.tethering.BpfMap.getNextMapKey(Native Method)
05-24 01:04:02.174 E/Tethering( 1005): 	at com.android.networkstack.tethering.BpfMap.getNextRawKey(BpfMap.java:199)
05-24 01:04:02.174 E/Tethering( 1005): 	at com.android.networkstack.tethering.BpfMap.getNextKeyInternal(BpfMap.java:177)
05-24 01:04:02.174 E/Tethering( 1005): 	at com.android.networkstack.tethering.BpfMap.getFirstKey(BpfMap.java:206)
05-24 01:04:02.174 E/Tethering( 1005): 	at com.android.networkstack.tethering.BpfMap.forEach(BpfMap.java:243)
05-24 01:04:02.174 E/Tethering( 1005): 	at com.android.networkstack.tethering.apishim.api31.BpfCoordinatorShimImpl.tetherOffloadGetStats(BpfCoordinatorShimImpl.java:241)
05-24 01:04:02.174 E/Tethering( 1005): 	at com.android.networkstack.tethering.BpfCoordinator.updateForwardedStats(BpfCoordinator.java:1844)
05-24 01:04:02.174 E/Tethering( 1005): 	at com.android.networkstack.tethering.BpfCoordinator.lambda$new$0(BpfCoordinator.java:249)
05-24 01:04:02.174 E/Tethering( 1005): 	at com.android.networkstack.tethering.BpfCoordinator.$r8$lambda$11zi2so53-tPlRpKnlSkWOpxReo(Unknown Source:0)
