05-24 01:05:51.023 D/AndroidRuntime(21935): Shutting down VM
05-24 01:05:51.048 D/BatterySaverPolicy( 1005): accessibility changed to false, updating policy.
05-24 01:05:51.110 D/io_stats(  457): !@   8,0 r 2445936 95671680 w 2027054 53801324 d 0 0 f 0 0 iot 1479204 0 th 0 0 0 pt 0 inp 0 0 192717.507
05-24 01:05:51.313 I/system_server( 1005): Background concurrent copying GC freed 19127(1294KB) AllocSpace objects, 19(22MB) LOS objects, 20% free, 91MB/115MB, paused 92us,151us total 244.677ms
05-24 01:05:51.341 D/SemNscXgbMsL1( 1005): Probability - Cloud gaming: [0.026981883]
05-24 01:05:51.341 D/SemNscXgbMsL1( 1005): Probability - Real time: [0.4539123]
05-24 01:05:51.342 D/SemNscXgbMsL1( 1005): Probability - Non real time: [0.167991]
05-24 01:05:51.342 D/SemNscXgbMsL1( 1005): 1 sample inference time: 0.8475 msecs
05-24 01:05:51.343 D/SemNscXgbL2Rt( 1005): L2 RT 1 sample inference time: 1.400923 msecs
05-24 01:05:51.344 D/SemNscXgbL2Nrt( 1005): L2 NRT 1 sample inference time: 1.124615 msecs
05-24 01:05:51.853 D/SemNscXgbMsL1( 1005): Probability - Cloud gaming: [0.017209163]
05-24 01:05:51.854 D/SemNscXgbMsL1( 1005): Probability - Real time: [0.8686377]
05-24 01:05:51.854 D/SemNscXgbMsL1( 1005): Probability - Non real time: [0.24864179]
05-24 01:05:51.854 D/SemNscXgbMsL1( 1005): 1 sample inference time: 1.320115 msecs
05-24 01:05:51.856 D/SemNscXgbL2Rt( 1005): L2 RT 1 sample inference time: 2.18773 msecs
05-24 01:05:51.859 D/SemNscXgbL2Nrt( 1005): L2 NRT 1 sample inference time: 2.496154 msecs
05-24 01:05:52.247 E/Tethering( 1005): [api31.BpfCoordinatorShimImpl] ERROR Fail to fetch tethering stats from BPF map: : getNextMapKey failed: EBADF (Bad file descriptor)
05-24 01:05:52.247 E/Tethering( 1005): android.system.ErrnoException: getNextMapKey failed: EBADF (Bad file descriptor)
05-24 01:05:52.247 E/Tethering( 1005): 	at com.android.networkstack.tethering.BpfMap.getNextMapKey(Native Method)
05-24 01:05:52.247 E/Tethering( 1005): 	at com.android.networkstack.tethering.BpfMap.getNextRawKey(BpfMap.java:199)
05-24 01:05:52.247 E/Tethering( 1005): 	at com.android.networkstack.tethering.BpfMap.getNextKeyInternal(BpfMap.java:177)
05-24 01:05:52.247 E/Tethering( 1005): 	at com.android.networkstack.tethering.BpfMap.getFirstKey(BpfMap.java:206)
05-24 01:05:52.247 E/Tethering( 1005): 	at com.android.networkstack.tethering.BpfMap.forEach(BpfMap.java:243)
05-24 01:05:52.247 E/Tethering( 1005): 	at com.android.networkstack.tethering.apishim.api31.BpfCoordinatorShimImpl.tetherOffloadGetStats(BpfCoordinatorShimImpl.java:241)
05-24 01:05:52.247 E/Tethering( 1005): 	at com.android.networkstack.tethering.BpfCoordinator.updateForwardedStats(BpfCoordinator.java:1844)
05-24 01:05:52.247 E/Tethering( 1005): 	at com.android.networkstack.tethering.BpfCoordinator.lambda$new$0(BpfCoordinator.java:249)
05-24 01:05:52.247 E/Tethering( 1005): 	at com.android.networkstack.tethering.BpfCoordinator.$r8$lambda$11zi2so53-tPlRpKnlSkWOpxReo(Unknown Source:0)
05-24 01:05:52.247 E/Tethering( 1005): 	at com.android.networkstack.tethering.BpfCoordinator$$ExternalSyntheticLambda0.run(Unknown Source:2)
05-24 01:05:52.247 E/Tethering( 1005): 	at android.os.Handler.handleCallback(Handler.java:938)
05-24 01:05:52.247 E/Tethering( 1005): 	at android.os.Handler.dispatchMessage(Handler.java:99)
05-24 01:05:52.247 E/Tethering( 1005): 	at android.os.Looper.loopOnce(Looper.java:226)
05-24 01:05:52.247 E/Tethering( 1005): 	at android.os.Looper.loop(Looper.java:313)
05-24 01:05:52.247 E/Tethering( 1005): 	at android.os.HandlerThread.run(HandlerThread.java:67)
05-24 01:05:52.248 E/Tethering( 1005): [BpfCoordinator] ERROR Problem fetching tethering stats
05-24 01:05:52.364 D/SemNscXgbMsL1( 1005): Probability - Cloud gaming: [0.009412376]
05-24 01:05:52.365 D/SemNscXgbMsL1( 1005): Probability - Real time: [0.94423264]
05-24 01:05:52.366 D/SemNscXgbMsL1( 1005): Probability - Non real time: [0.07131053]
05-24 01:05:52.366 D/SemNscXgbMsL1( 1005): 1 sample inference time: 3.697731 msecs
05-24 01:05:52.368 D/SemNscXgbL2Rt( 1005): L2 RT 1 sample inference time: 2.586384 msecs
05-24 01:05:52.371 D/SemNscXgbL2Nrt( 1005): L2 NRT 1 sample inference time: 2.5725 msecs
05-24 01:05:52.874 D/SemNscXgbMsL1( 1005): Probability - Cloud gaming: [0.012905625]
05-24 01:05:52.875 D/SemNscXgbMsL1( 1005): Probability - Real time: [0.968663]
05-24 01:05:52.875 D/SemNscXgbMsL1( 1005): Probability - Non real time: [0.047669586]
05-24 01:05:52.875 D/SemNscXgbMsL1( 1005): 1 sample inference time: 1.415115 msecs
05-24 01:05:52.877 D/SemNscXgbL2Rt( 1005): L2 RT 1 sample inference time: 1.699961 msecs
05-24 01:05:52.879 D/SemNscXgbL2Nrt( 1005): L2 NRT 1 sample inference time: 1.760307 msecs
05-24 01:05:53.112 D/io_stats(  457): !@   8,0 r 2445936 95671680 w 2027060 53801572 d 0 0 f 0 0 iot 1479212 0 th 0 0 0 pt 0 inp 0 0 192719.509
05-24 01:05:53.382 D/SemNscXgbMsL1( 1005): Probability - Cloud gaming: [0.009838599]
05-24 01:05:53.383 D/SemNscXgbMsL1( 1005): Probability - Real time: [0.8572661]
05-24 01:05:53.384 D/SemNscXgbMsL1( 1005): Probability - Non real time: [0.7088335]
05-24 01:05:53.384 D/SemNscXgbMsL1( 1005): 1 sample inference time: 1.722423 msecs
05-24 01:05:53.387 D/SemNscXgbL2Rt( 1005): L2 RT 1 sample inference time: 2.8615 msecs
05-24 01:05:53.389 D/SemNscXgbL2Nrt( 1005): L2 NRT 1 sample inference time: 2.198577 msecs
05-24 01:05:53.506 I/wpa_supplicant( 1392): Heartbeat 19267
05-24 01:05:53.781 D/BatteryDump(  552): wait_for_battery_event : occurred : change@/devices/platform/battery/power_supply/battery 
05-24 01:05:53.798 I/android.hardware.health@2.1-service-samsung(  552): updateLrpSysfs: write: 270
05-24 01:05:53.892 D/SemNscXgbMsL1( 1005): Probability - Cloud gaming: [0.009576032]
05-24 01:05:53.893 D/SemNscXgbMsL1( 1005): Probability - Real time: [0.8812625]
05-24 01:05:53.893 D/SemNscXgbMsL1( 1005): Probability - Non real time: [0.45576945]
05-24 01:05:53.893 D/SemNscXgbMsL1( 1005): 1 sample inference time: 1.529769 msecs
05-24 01:05:53.896 D/SemNscXgbL2Rt( 1005): L2 RT 1 sample inference time: 2.589 msecs
05-24 01:05:53.899 D/SemNscXgbL2Nrt( 1005): L2 NRT 1 sample inference time: 2.545538 msecs
05-24 01:05:54.404 D/SemNscXgbMsL1( 1005): Probability - Cloud gaming: [0.009846066]
05-24 01:05:54.405 D/SemNscXgbMsL1( 1005): Probability - Real time: [0.8964276]
05-24 01:05:54.406 D/SemNscXgbMsL1( 1005): Probability - Non real time: [0.57389647]
05-24 01:05:54.406 D/SemNscXgbMsL1( 1005): 1 sample inference time: 1.951269 msecs
05-24 01:05:54.408 D/UsbStatsMonitor( 1005): 0 0 0 0 0 0 0 0 0 0 0 0 0 0 0 0 0 0 0 0 0 0 0 0 0 0 0 0 0 0 0 0 0 0 0 0 0 0 0 0 0 0 0 0 0 0 0 0 17703855194138
05-24 01:05:54.409 D/SemNscXgbL2Rt( 1005): L2 RT 1 sample inference time: 2.824346 msecs
05-24 01:05:54.412 D/SemNscXgbL2Nrt( 1005): L2 NRT 1 sample inference time: 2.486231 msecs
05-24 01:05:54.918 D/SemNscXgbMsL1( 1005): Probability - Cloud gaming: [0.007890533]
05-24 01:05:54.919 D/SemNscXgbMsL1( 1005): Probability - Real time: [0.70610505]
05-24 01:05:54.919 D/SemNscXgbMsL1( 1005): Probability - Non real time: [0.075374424]
05-24 01:05:54.919 D/SemNscXgbMsL1( 1005): 1 sample inference time: 3.167269 msecs
05-24 01:05:54.921 D/SemNscXgbL2Rt( 1005): L2 RT 1 sample inference time: 2.210846 msecs
05-24 01:05:54.925 D/SemNscXgbL2Nrt( 1005): L2 NRT 1 sample inference time: 2.834769 msecs
05-24 01:05:55.115 D/io_stats(  457): !@   8,0 r 2445936 95671680 w 2027071 53801632 d 0 0 f 0 0 iot 1479216 0 th 0 0 0 pt 0 inp 0 0 192721.511
05-24 01:05:55.428 D/SemNscXgbMsL1( 1005): Probability - Cloud gaming: [0.012515097]
05-24 01:05:55.429 D/SemNscXgbMsL1( 1005): Probability - Real time: [0.84793454]
05-24 01:05:55.429 D/SemNscXgbMsL1( 1005): Probability - Non real time: [0.48919922]
05-24 01:05:55.429 D/SemNscXgbMsL1( 1005): 1 sample inference time: 1.367308 msecs
05-24 01:05:55.431 D/SemNscXgbL2Rt( 1005): L2 RT 1 sample inference time: 2.002038 msecs
05-24 01:05:55.433 D/SemNscXgbL2Nrt( 1005): L2 NRT 1 sample inference time: 1.7245 msecs
05-24 01:05:55.550 E/audit   (  514): type=1400 audit(1779552355.543:30603): avc:  denied  { write } for  pid=15725 comm="ThreadPoolForeg" name="traced_producer" dev="tmpfs" ino=26790 scontext=u:r:gmscore_app:s0:c512,c768 tcontext=u:object_r:traced_producer_socket:s0 tclass=sock_file permissive=0 SEPF_SM-G973N_12_0001 audit_filtered
05-24 01:05:55.551 E/audit   (  514): type=1300 audit(1779552355.543:30603): arch=c00000b7 syscall=203 success=no exit=-13 a0=b5 a1=6e8162eeb0 a2=1e a3=ffffffff95f1206e items=0 ppid=534 pid=15725 auid=4294967295 uid=10076 gid=10076 euid=10076 suid=10076 fsuid=10076 egid=10076 sgid=10076 fsgid=10076 tty=(none) ses=4294967295 comm="ThreadPoolForeg" exe="/system/bin/app_process64" subj=u:r:gmscore_app:s0:c512,c768 key=(null)
05-24 01:05:55.551 E/audit   (  514): type=1327 audit(1779552355.543:30603): proctitle="com.google.android.gms.persistent"
05-24 01:05:55.937 D/SemNscXgbMsL1( 1005): Probability - Cloud gaming: [0.0063581755]
05-24 01:05:55.940 D/SemNscXgbMsL1( 1005): Probability - Real time: [0.8421489]
05-24 01:05:55.940 I/NearbyMediums(15725): No BLE Fast/GATT advertisements found in the latest cycle.
05-24 01:05:55.940 D/SemNscXgbMsL1( 1005): Probability - Non real time: [0.08231031]
05-24 01:05:55.941 D/SemNscXgbMsL1( 1005): 1 sample inference time: 3.679384 msecs
05-24 01:05:55.941 I/NearbyMediums(15725): Current Tracked Scanning Clients are : {NearbyConnections.EnvironmentMonitor, NearbySharing, NearbyConnections.TxAdvertisement}
05-24 01:05:55.944 D/SemNscXgbL2Rt( 1005): L2 RT 1 sample inference time: 2.998115 msecs
05-24 01:05:55.946 D/SemNscXgbL2Nrt( 1005): L2 NRT 1 sample inference time: 1.881539 msecs
05-24 01:05:56.245 W/ProcessCpuTracker( 1005): Failed to stat(/proc/21999): android.system.ErrnoException: stat failed: ENOENT (No such file or directory)
05-24 01:05:56.246 W/ProcessCpuTracker( 1005): Skipping unknown process pid 21999
05-24 01:05:56.299 D/BoundBrokerSvc(15725): onUnbind: Intent { act=com.google.android.gms.auth.aang.events.services.START dat=chimera-action: cmp=com.google.android.gms/.chimera.PersistentApiService }
05-24 01:05:56.449 D/SemNscXgbMsL1( 1005): Probability - Cloud gaming: [0.0064120363]
05-24 01:05:56.450 D/SemNscXgbMsL1( 1005): Probability - Real time: [0.6808298]
05-24 01:05:56.450 D/SemNscXgbMsL1( 1005): Probability - Non real time: [0.015127972]
05-24 01:05:56.450 D/SemNscXgbMsL1( 1005): 1 sample inference time: 1.564961 msecs
05-24 01:05:56.453 D/SemNscXgbL2Rt( 1005): L2 RT 1 sample inference time: 2.111153 msecs
05-24 01:05:56.455 D/SemNscXgbL2Nrt( 1005): L2 NRT 1 sample inference time: 1.991346 msecs
05-24 01:05:56.560 D/WifiConnectivityMonitor.NetworkStatsAnalyzer( 1005): Backhaul result - RSSI:-127, CE:9, PE:9, TI:44, PTI:44, TW:0, PTW:0, Tx:87, Rx:298, TxS:73, RxS:65, RESULT:true, IC:0, ICT:2, WC:0, WCT:2, R:0, RC:0, IE:0, EC:0
05-24 01:05:56.960 D/SemNscXgbMsL1( 1005): Probability - Cloud gaming: [0.010982332]
05-24 01:05:56.961 D/SemNscXgbMsL1( 1005): Probability - Real time: [0.5926427]
05-24 01:05:56.961 D/SemNscXgbMsL1( 1005): Probability - Non real time: [0.12549675]
05-24 01:05:56.961 D/SemNscXgbMsL1( 1005): 1 sample inference time: 1.393808 msecs
05-24 01:05:56.964 D/SemNscXgbL2Rt( 1005): L2 RT 1 sample inference time: 2.649077 msecs
05-24 01:05:56.966 D/SemNscXgbL2Nrt( 1005): L2 NRT 1 sample inference time: 1.924193 msecs
05-24 01:05:57.117 D/io_stats(  457): !@   8,0 r 2445936 95671680 w 2027074 53801796 d 0 0 f 0 0 iot 1479220 0 th 0 0 0 pt 0 inp 0 0 192723.513
05-24 01:05:57.251 E/Tethering( 1005): [api31.BpfCoordinatorShimImpl] ERROR Fail to fetch tethering stats from BPF map: : getNextMapKey failed: EBADF (Bad file descriptor)
05-24 01:05:57.251 E/Tethering( 1005): android.system.ErrnoException: getNextMapKey failed: EBADF (Bad file descriptor)
05-24 01:05:57.251 E/Tethering( 1005): 	at com.android.networkstack.tethering.BpfMap.getNextMapKey(Native Method)
05-24 01:05:57.251 E/Tethering( 1005): 	at com.android.networkstack.tethering.BpfMap.getNextRawKey(BpfMap.java:199)
05-24 01:05:57.251 E/Tethering( 1005): 	at com.android.networkstack.tethering.BpfMap.getNextKeyInternal(BpfMap.java:177)
05-24 01:05:57.251 E/Tethering( 1005): 	at com.android.networkstack.tethering.BpfMap.getFirstKey(BpfMap.java:206)
05-24 01:05:57.251 E/Tethering( 1005): 	at com.android.networkstack.tethering.BpfMap.forEach(BpfMap.java:243)
05-24 01:05:57.251 E/Tethering( 1005): 	at com.android.networkstack.tethering.apishim.api31.BpfCoordinatorShimImpl.tetherOffloadGetStats(BpfCoordinatorShimImpl.java:241)
05-24 01:05:57.251 E/Tethering( 1005): 	at com.android.networkstack.tethering.BpfCoordinator.updateForwardedStats(BpfCoordinator.java:1844)
05-24 01:05:57.251 E/Tethering( 1005): 	at com.android.networkstack.tethering.BpfCoordinator.lambda$new$0(BpfCoordinator.java:249)
05-24 01:05:57.251 E/Tethering( 1005): 	at com.android.networkstack.tethering.BpfCoordinator.$r8$lambda$11zi2so53-tPlRpKnlSkWOpxReo(Unknown Source:0)
05-24 01:05:57.251 E/Tethering( 1005): 	at com.android.networkstack.tethering.BpfCoordinator$$ExternalSyntheticLambda0.run(Unknown Source:2)
05-24 01:05:57.251 E/Tethering( 1005): 	at android.os.Handler.handleCallback(Handler.java:938)
05-24 01:05:57.251 E/Tethering( 1005): 	at android.os.Handler.dispatchMessage(Handler.java:99)
05-24 01:05:57.251 E/Tethering( 1005): 	at android.os.Looper.loopOnce(Looper.java:226)
05-24 01:05:57.251 E/Tethering( 1005): 	at android.os.Looper.loop(Looper.java:313)
05-24 01:05:57.251 E/Tethering( 1005): 	at android.os.HandlerThread.run(HandlerThread.java:67)
05-24 01:05:57.252 E/Tethering( 1005): [BpfCoordinator] ERROR Problem fetching tethering stats
05-24 01:05:57.470 D/SemNscXgbMsL1( 1005): Probability - Cloud gaming: [0.014331835]
05-24 01:05:57.471 D/SemNscXgbMsL1( 1005): Probability - Real time: [0.5468168]
05-24 01:05:57.471 D/SemNscXgbMsL1( 1005): Probability - Non real time: [0.44341123]
05-24 01:05:57.471 D/SemNscXgbMsL1( 1005): 1 sample inference time: 1.780385 msecs
05-24 01:05:57.474 D/SemNscXgbL2Rt( 1005): L2 RT 1 sample inference time: 2.299038 msecs
05-24 01:05:57.477 D/SemNscXgbL2Nrt( 1005): L2 NRT 1 sample inference time: 2.563423 msecs
05-24 01:05:57.621 E/audit   (  514): type=1400 audit(1779552357.615:30604): avc:  denied  { write } for  pid=11264 comm="ThreadPoolForeg" name="traced_producer" dev="tmpfs" ino=26790 scontext=u:r:gmscore_app:s0:c512,c768 tcontext=u:object_r:traced_producer_socket:s0 tclass=sock_file permissive=0 SEPF_SM-G973N_12_0001 audit_filtered
05-24 01:05:57.621 E/audit   (  514): type=1300 audit(1779552357.615:30604): arch=c00000b7 syscall=203 success=no exit=-13 a0=62 a1=6e815995d0 a2=1e a3=ffffffff95f1206e items=0 ppid=534 pid=11264 auid=4294967295 uid=10076 gid=10076 euid=10076 suid=10076 fsuid=10076 egid=10076 sgid=10076 fsgid=10076 tty=(none) ses=4294967295 comm="ThreadPoolForeg" exe="/system/bin/app_process64" subj=u:r:gmscore_app:s0:c512,c768 key=(null)
05-24 01:05:57.621 E/audit   (  514): type=1327 audit(1779552357.615:30604): proctitle="com.google.android.gms.unstable"
05-24 01:05:57.980 D/SemNscXgbMsL1( 1005): Probability - Cloud gaming: [0.009893929]
05-24 01:05:57.981 D/SemNscXgbMsL1( 1005): Probability - Real time: [0.92603046]
05-24 01:05:57.981 D/SemNscXgbMsL1( 1005): Probability - Non real time: [0.06863021]
05-24 01:05:57.981 D/SemNscXgbMsL1( 1005): 1 sample inference time: 1.531038 msecs
05-24 01:05:57.984 D/SemNscXgbL2Rt( 1005): L2 RT 1 sample inference time: 2.176461 msecs
05-24 01:05:57.986 D/SemNscXgbL2Nrt( 1005): L2 NRT 1 sample inference time: 1.871115 msecs
05-24 01:05:58.490 D/SemNscXgbMsL1( 1005): Probability - Cloud gaming: [0.0064240927]
05-24 01:05:58.491 D/SemNscXgbMsL1( 1005): Probability - Real time: [0.60278505]
05-24 01:05:58.491 D/SemNscXgbMsL1( 1005): Probability - Non real time: [0.14405608]
05-24 01:05:58.491 D/SemNscXgbMsL1( 1005): 1 sample inference time: 1.581385 msecs
05-24 01:05:58.494 D/SemNscXgbL2Rt( 1005): L2 RT 1 sample inference time: 2.427423 msecs
05-24 01:05:58.496 D/SemNscXgbL2Nrt( 1005): L2 NRT 1 sample inference time: 1.819654 msecs
05-24 01:05:58.999 D/SemNscXgbMsL1( 1005): Probability - Cloud gaming: [0.0058311527]
05-24 01:05:59.000 D/SemNscXgbMsL1( 1005): Probability - Real time: [0.5446744]
05-24 01:05:59.000 D/SemNscXgbMsL1( 1005): Probability - Non real time: [0.5199459]
05-24 01:05:59.000 D/SemNscXgbMsL1( 1005): 1 sample inference time: 1.424731 msecs
05-24 01:05:59.003 D/SemNscXgbL2Rt( 1005): L2 RT 1 sample inference time: 2.586193 msecs
05-24 01:05:59.005 D/SemNscXgbL2Nrt( 1005): L2 NRT 1 sample inference time: 1.79427 msecs
05-24 01:05:59.510 D/SemNscXgbMsL1( 1005): Probability - Cloud gaming: [0.035529844]
05-24 01:05:59.511 D/SemNscXgbMsL1( 1005): Probability - Real time: [0.4356987]
05-24 01:05:59.511 D/SemNscXgbMsL1( 1005): Probability - Non real time: [0.7233841]
05-24 01:05:59.511 D/SemNscXgbMsL1( 1005): 1 sample inference time: 1.872616 msecs
05-24 01:05:59.514 D/SemNscXgbL2Rt( 1005): L2 RT 1 sample inference time: 2.300654 msecs
05-24 01:05:59.517 D/SemNscXgbL2Nrt( 1005): L2 NRT 1 sample inference time: 2.514577 msecs
05-24 01:06:00.000 D/SamsungAlarmManager( 1005): Expired : 8
05-24 01:06:00.001 V/SamsungAlarmManager( 1005): Sending to uid : 1000 L=abb6da0:TIME_TICK alarm=Alarm{f5d8d7b type 3 origWhen 192726397 whenElapsed 192726397 android}
05-24 01:06:00.002 D/SamsungAlarmManager( 1005): setExact (T:3/F:9/AC:false) 20260524T010700 now=192726399 - CU:1000/CP:1005/L:abb6da0:TIME_TICK
05-24 01:06:00.004 V/SamsungAlarmManager( 1005): setLocked to kernel - W:193171670 / NW:192786397, now=192726401
05-24 01:06:00.005 D/QSClockBellTower( 1415): onReceive(android.intent.action.TIME_TICK) mTimeZoneString:null
05-24 01:06:00.006 D/KeyguardUpdateMonitor( 1415): received broadcast android.intent.action.TIME_TICK
05-24 01:06:00.008 V/SamsungAlarmManager( 1005): setLocked to kernel - W:193171670 / NW:192786397, now=192726405
05-24 01:06:00.012 I/EyeComfortSolutionService( 1005): action  :  android.intent.action.TIME_TICK
05-24 01:06:00.013 I/EyeComfortSolutionService( 1005): Week : Sun , Hour : 01 , Minute : 06 , TimeValue : 66 , sleep state, defaultWakeupTime : 360 , start wakeup : 180
05-24 01:06:00.019 D/SemNscXgbMsL1( 1005): Probability - Cloud gaming: [0.013202163]
05-24 01:06:00.020 D/SemNscXgbMsL1( 1005): Probability - Real time: [0.12617679]
05-24 01:06:00.020 D/SemNscXgbMsL1( 1005): Probability - Non real time: [0.3449512]
05-24 01:06:00.020 D/SemNscXgbMsL1( 1005): 1 sample inference time: 1.296654 msecs
05-24 01:06:00.022 D/SemNscXgbL2Rt( 1005): L2 RT 1 sample inference time: 2.125077 msecs
05-24 01:06:00.025 D/SemNscXgbL2Nrt( 1005): L2 NRT 1 sample inference time: 2.486692 msecs
05-24 01:06:00.040 D/QSClockBellTower( 1415): He is ready to ring the bell. (((QSClockBellSound - TimeText:01:06, TimeContentDescription:01:06, DateText:5월 24일 일요일, ShortDateText:5월 24일 (일), Demofalse)))
05-24 01:06:00.041 D/QSClockHomeIndicatorView( 1415): Home Indicator status_bar_clock notifyTimeChanged(QSClockBellSound - TimeText:01:06, TimeContentDescription:01:06, DateText:5월 24일 일요일, ShortDateText:5월 24일 (일), Demofalse) ClockVisibleByPolicy:true, ClockVisibleByUser:true, visible?true, parent:android.widget.LinearLayout{bea6838 V.E...... ......ID 0,0-130,88 #7f0b0472 app:id/left_clock_container}
05-24 01:06:00.041 D/QSClockBellTower( 1415): Everyone heard the bell. run(currentTime:1779552360039,   getTime():Sun May 24 01:06:00 GMT+09:00 2026,   getTimeZone():libcore.util.ZoneInfo[mDstSavings=0,mUseDst=false,mDelegate=[id="Asia/Seoul",mRawOffset=32400000,mEarliestRawOffset=30472000,transitions=29]])
05-24 01:06:00.041 D/KeyguardUpdateMonitor( 1415): handleTimeUpdate
05-24 01:06:00.044 D/FaceWidgetPagesController( 1415): onTimeChanged()
05-24 01:06:00.057 D/QS      ( 1415): setQSExpansion 0.0 -128.45
05-24 01:06:00.060 D/QS      ( 1415): setQSExpansion 0.0 -128.45
05-24 01:06:00.060 V/SecQSFragmentAnimatorBase( 1415): setQsExpansionPosition 0.0
05-24 01:06:00.060 V/QsExpandAnimator( 1415): setQsExpansionPosition 0.0 0
05-24 01:06:00.061 D/QS      ( 1415): setQSExpansion 0.0 -128.45
05-24 01:06:00.062 D/IndicatorGardenInputProperty( 1415): updateRotation() prv:-1 >> new:0
05-24 01:06:00.062 D/DeviceState( 1415): getDeviceResolutionPixelSize - currentDensity = 540 deviceDensity = 540 initialDisplaySizeFactor = 1440 currentDisplaySizeFactor = 1080 initialDisplayDensity = 560 proportionalDensity = 420 proportionalPixel = 66
05-24 01:06:00.062 D/DeviceState( 1415): getDeviceResolutionPixelSize - currentDensity = 540 deviceDensity = 540 initialDisplaySizeFactor = 1440 currentDisplaySizeFactor = 1080 initialDisplayDensity = 560 proportionalDensity = 420 proportionalPixel = 27
05-24 01:06:00.062 D/DeviceState( 1415): getDeviceResolutionPixelSize - currentDensity = 540 deviceDensity = 540 initialDisplaySizeFactor = 1440 currentDisplaySizeFactor = 1080 initialDisplayDensity = 560 proportionalDensity = 420 proportionalPixel = 24
05-24 01:06:00.064 V/QsExpandAnimator( 1415): updateAnimators
05-24 01:06:00.064 V/QsExpandAnimator( 1415): clearAnimationState 
05-24 01:06:00.067 V/QsExpandAnimator( 1415): setQsExpansionPosition 0.0 0
05-24 01:06:00.083 I/SurfaceFlinger(  597): SFWD update time=192726480703189
05-24 01:06:00.197 D/vendor.samsung.hardware.thermal@1.0-service(  574): timer callback!
05-24 01:06:00.528 D/SemNscXgbMsL1( 1005): Probability - Cloud gaming: [0.014133951]
05-24 01:06:00.529 D/SemNscXgbMsL1( 1005): Probability - Real time: [0.663281]
05-24 01:06:00.529 D/SemNscXgbMsL1( 1005): Probability - Non real time: [0.7330086]
05-24 01:06:00.529 D/SemNscXgbMsL1( 1005): 1 sample inference time: 1.931615 msecs
05-24 01:06:00.532 D/SemNscXgbL2Rt( 1005): L2 RT 1 sample inference time: 2.625116 msecs
05-24 01:06:00.536 D/SemNscXgbL2Nrt( 1005): L2 NRT 1 sample inference time: 2.784962 msecs
05-24 01:06:01.040 D/SemNscXgbMsL1( 1005): Probability - Cloud gaming: [0.015373489]
05-24 01:06:01.041 D/SemNscXgbMsL1( 1005): Probability - Real time: [0.3653353]
05-24 01:06:01.042 D/SemNscXgbMsL1( 1005): Probability - Non real time: [0.6938539]
05-24 01:06:01.042 D/SemNscXgbMsL1( 1005): 1 sample inference time: 2.312231 msecs
05-24 01:06:01.045 D/SemNscXgbL2Rt( 1005): L2 RT 1 sample inference time: 2.700615 msecs
05-24 01:06:01.048 D/SemNscXgbL2Nrt( 1005): L2 NRT 1 sample inference time: 3.375693 msecs
05-24 01:06:01.120 D/io_stats(  457): !@   8,0 r 2445936 95671680 w 2027100 53801948 d 0 0 f 0 0 iot 1479224 0 th 0 0 0 pt 0 inp 0 0 192727.516
05-24 01:06:01.552 D/SemNscXgbMsL1( 1005): Probability - Cloud gaming: [0.022662414]
05-24 01:06:01.553 D/SemNscXgbMsL1( 1005): Probability - Real time: [0.4659879]
05-24 01:06:01.554 D/SemNscXgbMsL1( 1005): Probability - Non real time: [0.6678113]
05-24 01:06:01.554 D/SemNscXgbMsL1( 1005): 1 sample inference time: 1.779654 msecs
05-24 01:06:01.556 D/SemNscXgbL2Rt( 1005): L2 RT 1 sample inference time: 2.313539 msecs
05-24 01:06:01.558 D/SemNscXgbL2Nrt( 1005): L2 NRT 1 sample inference time: 1.802846 msecs
05-24 01:06:01.559 I/SemWifiServiceDetector( 1005): NSD results: [1, 1, 1, 0, 1, 1, 1, 1] Traff. type 1 Thr 0
05-24 01:06:01.561 D/SemWifiOptimizer( 1005): enable=1 state=0x10 prev=0x10 new=0x10 force=0
05-24 01:06:02.063 D/SemNscXgbMsL1( 1005): Probability - Cloud gaming: [0.02828695]
05-24 01:06:02.064 D/SemNscXgbMsL1( 1005): Probability - Real time: [0.51846546]
05-24 01:06:02.064 D/SemNscXgbMsL1( 1005): Probability - Non real time: [0.52102184]
05-24 01:06:02.064 D/SemNscXgbMsL1( 1005): 1 sample inference time: 1.168 msecs
05-24 01:06:02.067 D/SemNscXgbL2Rt( 1005): L2 RT 1 sample inference time: 1.941808 msecs
05-24 01:06:02.069 D/SemNscXgbL2Nrt( 1005): L2 NRT 1 sample inference time: 1.572384 msecs
05-24 01:06:02.256 E/Tethering( 1005): [api31.BpfCoordinatorShimImpl] ERROR Fail to fetch tethering stats from BPF map: : getNextMapKey failed: EBADF (Bad file descriptor)
05-24 01:06:02.256 E/Tethering( 1005): android.system.ErrnoException: getNextMapKey failed: EBADF (Bad file descriptor)
05-24 01:06:02.256 E/Tethering( 1005): 	at com.android.networkstack.tethering.BpfMap.getNextMapKey(Native Method)
05-24 01:06:02.256 E/Tethering( 1005): 	at com.android.networkstack.tethering.BpfMap.getNextRawKey(BpfMap.java:199)
05-24 01:06:02.256 E/Tethering( 1005): 	at com.android.networkstack.tethering.BpfMap.getNextKeyInternal(BpfMap.java:177)
05-24 01:06:02.256 E/Tethering( 1005): 	at com.android.networkstack.tethering.BpfMap.getFirstKey(BpfMap.java:206)
05-24 01:06:02.256 E/Tethering( 1005): 	at com.android.networkstack.tethering.BpfMap.forEach(BpfMap.java:243)
05-24 01:06:02.256 E/Tethering( 1005): 	at com.android.networkstack.tethering.apishim.api31.BpfCoordinatorShimImpl.tetherOffloadGetStats(BpfCoordinatorShimImpl.java:241)
05-24 01:06:02.256 E/Tethering( 1005): 	at com.android.networkstack.tethering.BpfCoordinator.updateForwardedStats(BpfCoordinator.java:1844)
05-24 01:06:02.256 E/Tethering( 1005): 	at com.android.networkstack.tethering.BpfCoordinator.lambda$new$0(BpfCoordinator.java:249)
05-24 01:06:02.256 E/Tethering( 1005): 	at com.android.networkstack.tethering.BpfCoordinator.$r8$lambda$11zi2so53-tPlRpKnlSkWOpxReo(Unknown Source:0)
05-24 01:06:02.256 E/Tethering( 1005): 	at com.android.networkstack.tethering.BpfCoordinator$$ExternalSyntheticLambda0.run(Unknown Source:2)
05-24 01:06:02.256 E/Tethering( 1005): 	at android.os.Handler.handleCallback(Handler.java:938)
05-24 01:06:02.256 E/Tethering( 1005): 	at android.os.Handler.dispatchMessage(Handler.java:99)
05-24 01:06:02.256 E/Tethering( 1005): 	at android.os.Looper.loopOnce(Looper.java:226)
05-24 01:06:02.256 E/Tethering( 1005): 	at android.os.Looper.loop(Looper.java:313)
05-24 01:06:02.256 E/Tethering( 1005): 	at android.os.HandlerThread.run(HandlerThread.java:67)
05-24 01:06:02.256 E/Tethering( 1005): [BpfCoordinator] ERROR Problem fetching tethering stats
05-24 01:06:02.574 D/SemNscXgbMsL1( 1005): Probability - Cloud gaming: [0.009409709]
05-24 01:06:02.575 D/SemNscXgbMsL1( 1005): Probability - Real time: [0.3523941]
05-24 01:06:02.575 D/SemNscXgbMsL1( 1005): Probability - Non real time: [0.14138679]
05-24 01:06:02.575 D/SemNscXgbMsL1( 1005): 1 sample inference time: 1.999153 msecs
05-24 01:06:02.578 D/SemNscXgbL2Rt( 1005): L2 RT 1 sample inference time: 2.869962 msecs
05-24 01:06:02.581 D/SemNscXgbL2Nrt( 1005): L2 NRT 1 sample inference time: 2.335115 msecs
05-24 01:06:02.582 I/SemWifiServiceDetector( 1005): NSD results: [0, 1, 2, 0, 0, 1, 1, 1] Traff. type 1 Thr 4
05-24 01:06:02.584 D/SemWifiOptimizer( 1005): enable=0 state=0x10 prev=0x10 new=0x00 force=0
05-24 01:06:02.616 E/audit   (  514): type=1400 audit(1779552362.611:30605): avc:  denied  { write } for  pid=13696 comm="PerfettoTrace" name="traced_producer" dev="tmpfs" ino=26790 scontext=u:r:gmscore_app:s0:c512,c768 tcontext=u:object_r:traced_producer_socket:s0 tclass=sock_file permissive=0 SEPF_SM-G973N_12_0001 audit_filtered
05-24 01:06:02.616 E/audit   (  514): type=1300 audit(1779552362.611:30605): arch=c00000b7 syscall=203 success=no exit=-13 a0=bf a1=6a007bfec0 a2=1e a3=ffffffff95f1206e items=0 ppid=534 pid=13696 auid=4294967295 uid=10076 gid=10076 euid=10076 suid=10076 fsuid=10076 egid=10076 sgid=10076 fsgid=10076 tty=(none) ses=4294967295 comm="PerfettoTrace" exe="/system/bin/app_process64" subj=u:r:gmscore_app:s0:c512,c768 key=(null)
05-24 01:06:02.616 E/audit   (  514): type=1327 audit(1779552362.611:30605): proctitle="com.google.android.gms"
05-24 01:06:02.661 D/DeviceStorageMonitorService( 1005): check() STORAGE TOTAL > 64G
05-24 01:06:02.663 W/DeviceStorageMonitorService( 1005): updateBroadcasts(/data) oldLevel:0, newLevel:0, seq:1
05-24 01:06:02.665 E/vold    (  426): getUsedF2fsFileNode -> Cannot Get Used FileNode Number (errno=25 Inappropriate ioctl for device)
05-24 01:06:02.666 D/DeviceStorageMonitorService( 1005): Cannot get USED FILE NODE NUMBER!!!
05-24 01:06:02.666 D/DeviceStorageMonitorService( 1005): Available File Node Number is [-1]
05-24 01:06:02.666 W/DeviceStorageMonitorService( 1005): updateBroadcasts_filenode(/data) fn_oldLevel:0, fn_newLevel:0, seq:1
05-24 01:06:03.089 D/SemNscXgbMsL1( 1005): Probability - Cloud gaming: [0.012125623]
05-24 01:06:03.090 D/SemNscXgbMsL1( 1005): Probability - Real time: [0.5999631]
05-24 01:06:03.090 D/SemNscXgbMsL1( 1005): Probability - Non real time: [0.3434854]
05-24 01:06:03.091 D/SemNscXgbMsL1( 1005): 1 sample inference time: 1.802577 msecs
05-24 01:06:03.093 D/SemNscXgbL2Rt( 1005): L2 RT 1 sample inference time: 2.5725 msecs
05-24 01:06:03.096 D/SemNscXgbL2Nrt( 1005): L2 NRT 1 sample inference time: 2.519077 msecs
05-24 01:06:03.096 I/SemWifiServiceDetector( 1005): NSD results: [0, 1, 1, 0, 1, 0, 1, 1] Traff. type 1 Thr 1
05-24 01:06:03.099 D/SemWifiOptimizer( 1005): enable=1 state=0x10 prev=0x00 new=0x10 force=0
05-24 01:06:03.122 D/io_stats(  457): !@   8,0 r 2445936 95671680 w 2027102 53802024 d 0 0 f 0 0 iot 1479228 0 th 0 0 0 pt 0 inp 0 0 192729.518
05-24 01:06:03.507 I/wpa_supplicant( 1392): Heartbeat 19268
05-24 01:06:03.601 D/SemNscXgbMsL1( 1005): Probability - Cloud gaming: [0.070985146]
05-24 01:06:03.602 D/SemNscXgbMsL1( 1005): Probability - Real time: [0.13043141]
05-24 01:06:03.602 D/SemNscXgbMsL1( 1005): Probability - Non real time: [0.32491753]
05-24 01:06:03.602 D/SemNscXgbMsL1( 1005): 1 sample inference time: 1.559808 msecs
05-24 01:06:03.605 D/SemNscXgbL2Rt( 1005): L2 RT 1 sample inference time: 2.194115 msecs
05-24 01:06:03.607 D/SemNscXgbL2Nrt( 1005): L2 NRT 1 sample inference time: 2.019423 msecs
05-24 01:06:04.111 D/SemNscXgbMsL1( 1005): Probability - Cloud gaming: [0.026598854]
05-24 01:06:04.112 D/SemNscXgbMsL1( 1005): Probability - Real time: [0.26556724]
05-24 01:06:04.112 D/SemNscXgbMsL1( 1005): Probability - Non real time: [0.34662214]
05-24 01:06:04.112 D/SemNscXgbMsL1( 1005): 1 sample inference time: 1.710423 msecs
05-24 01:06:04.114 D/SemNscXgbL2Rt( 1005): L2 RT 1 sample inference time: 2.219154 msecs
05-24 01:06:04.117 D/SemNscXgbL2Nrt( 1005): L2 NRT 1 sample inference time: 1.93723 msecs
05-24 01:06:04.619 D/SemNscXgbMsL1( 1005): Probability - Cloud gaming: [0.008915916]
05-24 01:06:04.620 D/SemNscXgbMsL1( 1005): Probability - Real time: [0.79346585]
05-24 01:06:04.620 D/SemNscXgbMsL1( 1005): Probability - Non real time: [0.104366206]
05-24 01:06:04.620 D/SemNscXgbMsL1( 1005): 1 sample inference time: 1.113154 msecs
05-24 01:06:04.622 D/SemNscXgbL2Rt( 1005): L2 RT 1 sample inference time: 1.900154 msecs
05-24 01:06:04.624 D/SemNscXgbL2Nrt( 1005): L2 NRT 1 sample inference time: 1.777846 msecs
05-24 01:06:04.806 D/FreecessController( 1005): com.sec.android.app.camera(state: Freezeable -> Frozen, Reason: Binder(1)-android.view.accessibility.IAccessibility)
05-24 01:06:04.809 D/FreecessController( 1005): FZ : com.sec.android.app.camera(9340)
05-24 01:06:04.813 D/FreecessController( 1005): FZ : com.sec.android.app.camera(0), reason: Bg
05-24 01:06:04.814 E/TrafficController(  533): FREECESS
05-24 01:06:04.821 D/FreecessController( 1005): com.google.android.youtube(state: Freezeable -> Frozen, Reason: Binder(1)-android.view.accessibility.IAccessibility)
05-24 01:06:04.821 D/FreecessController( 1005): com.hellomarket.chat(state: Freezeable -> Frozen, Reason: Binder(1)-android.view.accessibility.IAccessibility)
05-24 01:06:04.822 I/PowerManagerService( 1005): [PWL] SetWakeLockEnableDisable uid = 10110 , disable= true
05-24 01:06:04.822 I/PowerManagerService( 1005): [PWL] can not change uid =  10110
05-24 01:06:04.822 W/LocationManagerService( 1005): onFreezeStateChanged, uid[10110]=true
05-24 01:06:04.824 D/FreecessController( 1005): FZ : com.google.android.youtube(32057)
05-24 01:06:04.827 D/FreecessController( 1005): FZ : com.google.android.youtube(0), reason: Bg
05-24 01:06:04.828 E/TrafficController(  533): FREECESS
05-24 01:06:04.836 D/FreecessController( 1005): FZ : com.hellomarket.chat(19864)
05-24 01:06:04.839 D/FreecessController( 1005): FZ : com.hellomarket.chat(0), reason: Bg
05-24 01:06:04.840 E/TrafficController(  533): FREECESS
05-24 01:06:04.845 I/PowerManagerService( 1005): [PWL] SetWakeLockEnableDisable uid = 10206 , disable= true
05-24 01:06:04.845 I/PowerManagerService( 1005): [PWL] can not change uid =  10206
05-24 01:06:04.845 W/LocationManagerService( 1005): onFreezeStateChanged, uid[10206]=true
05-24 01:06:04.845 I/PowerManagerService( 1005): [PWL] SetWakeLockEnableDisable uid = 10381 , disable= true
05-24 01:06:04.845 I/PowerManagerService( 1005): [PWL] can not change uid =  10381
05-24 01:06:04.845 W/LocationManagerService( 1005): onFreezeStateChanged, uid[10381]=true
05-24 01:06:05.049 V/SamsungAlarmManager( 1005): setLocked to kernel - W:193171670 / NW:192786397, now=192731446
05-24 01:06:05.124 D/io_stats(  457): !@   8,0 r 2445936 95671680 w 2027110 53802060 d 0 0 f 0 0 iot 1479232 0 th 0 0 0 pt 0 inp 0 0 192731.520
05-24 01:06:05.128 D/SemNscXgbMsL1( 1005): Probability - Cloud gaming: [0.026532901]
05-24 01:06:05.129 D/SemNscXgbMsL1( 1005): Probability - Real time: [0.3606473]
05-24 01:06:05.129 D/SemNscXgbMsL1( 1005): Probability - Non real time: [0.16459979]
05-24 01:06:05.129 D/SemNscXgbMsL1( 1005): 1 sample inference time: 1.555154 msecs
05-24 01:06:05.133 D/SemNscXgbL2Rt( 1005): L2 RT 1 sample inference time: 3.475461 msecs
05-24 01:06:05.136 D/SemNscXgbL2Nrt( 1005): L2 NRT 1 sample inference time: 2.386231 msecs
05-24 01:06:05.640 D/SemNscXgbMsL1( 1005): Probability - Cloud gaming: [0.019393196]
05-24 01:06:05.641 D/SemNscXgbMsL1( 1005): Probability - Real time: [0.11200732]
05-24 01:06:05.641 D/SemNscXgbMsL1( 1005): Probability - Non real time: [0.5908754]
05-24 01:06:05.641 D/SemNscXgbMsL1( 1005): 1 sample inference time: 1.640539 msecs
05-24 01:06:05.644 D/SemNscXgbL2Rt( 1005): L2 RT 1 sample inference time: 2.748347 msecs
05-24 01:06:05.647 D/SemNscXgbL2Nrt( 1005): L2 NRT 1 sample inference time: 2.648692 msecs
05-24 01:06:05.949 I/NearbyMediums(15725): No BLE Fast/GATT advertisements found in the latest cycle.
05-24 01:06:05.950 I/NearbyMediums(15725): Current Tracked Scanning Clients are : {NearbyConnections.EnvironmentMonitor, NearbySharing, NearbyConnections.TxAdvertisement}
05-24 01:06:06.151 D/SemNscXgbMsL1( 1005): Probability - Cloud gaming: [0.020909963]
05-24 01:06:06.152 D/SemNscXgbMsL1( 1005): Probability - Real time: [0.36221874]
05-24 01:06:06.152 D/SemNscXgbMsL1( 1005): Probability - Non real time: [0.16684742]
05-24 01:06:06.152 D/SemNscXgbMsL1( 1005): 1 sample inference time: 1.484538 msecs
05-24 01:06:06.155 D/SemNscXgbL2Rt( 1005): L2 RT 1 sample inference time: 2.206923 msecs
05-24 01:06:06.157 D/SemNscXgbL2Nrt( 1005): L2 NRT 1 sample inference time: 1.946308 msecs
05-24 01:06:06.567 D/WifiConnectivityMonitor.NetworkStatsAnalyzer( 1005): Backhaul result - RSSI:-127, CE:8, PE:9, TI:43, PTI:44, TW:0, PTW:0, Tx:68, Rx:149, TxS:57, RxS:48, RESULT:true, IC:0, ICT:2, WC:0, WCT:2, R:0, RC:0, IE:0, EC:0
05-24 01:06:06.626 I/fhiz    (31898): (REDACTED) Created gRPC endpoint for service %s
05-24 01:06:06.660 D/SemNscXgbMsL1( 1005): Probability - Cloud gaming: [0.011859188]
05-24 01:06:06.660 D/SemNscXgbMsL1( 1005): Probability - Real time: [0.73323655]
05-24 01:06:06.660 D/SemNscXgbMsL1( 1005): Probability - Non real time: [0.09626025]
05-24 01:06:06.661 D/SemNscXgbMsL1( 1005): 1 sample inference time: 1.541538 msecs
05-24 01:06:06.666 D/SemNscXgbL2Rt( 1005): L2 RT 1 sample inference time: 4.958923 msecs
05-24 01:06:06.668 D/SemNscXgbL2Nrt( 1005): L2 NRT 1 sample inference time: 1.802308 msecs
05-24 01:06:06.681 W/dnth    (23312): (REDACTED) Error reading proc %s
05-24 01:06:06.681 W/dnth    (23312): java.io.FileNotFoundException: /proc/23312/dmabuf_rss: open failed: ENOENT (No such file or directory)
05-24 01:06:06.681 W/dnth    (23312): 	at libcore.io.IoBridge.open(IoBridge.java:575)
05-24 01:06:06.681 W/dnth    (23312): 	at java.io.FileInputStream.<init>(FileInputStream.java:160)
05-24 01:06:06.681 W/dnth    (23312): 	at fenx.a(PG:10)
05-24 01:06:06.681 W/dnth    (23312): 	at dodt.f(PG:43)
05-24 01:06:06.681 W/dnth    (23312): 	at dodt.b(PG:200)
05-24 01:06:06.681 W/dnth    (23312): 	at dodk.apply(PG:19)
05-24 01:06:06.681 W/dnth    (23312): 	at fftb.c(PG:3)
05-24 01:06:06.681 W/dnth    (23312): 	at fftd.run(PG:47)
05-24 01:06:06.681 W/dnth    (23312): 	at java.util.concurrent.Executors$RunnableAdapter.call(Executors.java:462)
05-24 01:06:06.681 W/dnth    (23312): 	at java.util.concurrent.FutureTask.run(FutureTask.java:266)
05-24 01:06:06.681 W/dnth    (23312): 	at java.util.concurrent.ScheduledThreadPoolExecutor$ScheduledFutureTask.run(ScheduledThreadPoolExecutor.java:301)
05-24 01:06:06.681 W/dnth    (23312): 	at java.util.concurrent.ThreadPoolExecutor.runWorker(ThreadPoolExecutor.java:1167)
05-24 01:06:06.681 W/dnth    (23312): 	at java.util.concurrent.ThreadPoolExecutor$Worker.run(ThreadPoolExecutor.java:641)
05-24 01:06:06.681 W/dnth    (23312): 	at dnte.run(PG:12)
05-24 01:06:06.681 W/dnth    (23312): 	at java.lang.Thread.run(Thread.java:920)
05-24 01:06:06.681 W/dnth    (23312): Caused by: android.system.ErrnoException: open failed: ENOENT (No such file or directory)
05-24 01:06:06.681 W/dnth    (23312): 	at libcore.io.Linux.open(Native Method)
05-24 01:06:06.681 W/dnth    (23312): 	at libcore.io.ForwardingOs.open(ForwardingOs.java:567)
05-24 01:06:06.681 W/dnth    (23312): 	at libcore.io.BlockGuardOs.open(BlockGuardOs.java:273)
05-24 01:06:06.681 W/dnth    (23312): 	at libcore.io.ForwardingOs.open(ForwardingOs.java:567)
05-24 01:06:06.681 W/dnth    (23312): 	at android.app.ActivityThread$AndroidOs.open(ActivityThread.java:8611)
05-24 01:06:06.681 W/dnth    (23312): 	at libcore.io.IoBridge.open(IoBridge.java:561)
05-24 01:06:06.681 W/dnth    (23312): 	... 14 more
05-24 01:06:06.682 W/dnth    (23312): (REDACTED) Error reading proc %s
05-24 01:06:06.682 W/dnth    (23312): java.io.FileNotFoundException: /proc/23312/dmabuf_rss_hwm: open failed: ENOENT (No such file or directory)
05-24 01:06:06.682 W/dnth    (23312): 	at libcore.io.IoBridge.open(IoBridge.java:575)
05-24 01:06:06.682 W/dnth    (23312): 	at java.io.FileInputStream.<init>(FileInputStream.java:160)
05-24 01:06:06.682 W/dnth    (23312): 	at fenx.a(PG:10)
05-24 01:06:06.682 W/dnth    (23312): 	at dodt.f(PG:43)
05-24 01:06:06.682 W/dnth    (23312): 	at dodt.b(PG:214)
05-24 01:06:06.682 W/dnth    (23312): 	at dodk.apply(PG:19)
05-24 01:06:06.682 W/dnth    (23312): 	at fftb.c(PG:3)
05-24 01:06:06.682 W/dnth    (23312): 	at fftd.run(PG:47)
05-24 01:06:06.682 W/dnth    (23312): 	at java.util.concurrent.Executors$RunnableAdapter.call(Executors.java:462)
05-24 01:06:06.682 W/dnth    (23312): 	at java.util.concurrent.FutureTask.run(FutureTask.java:266)
05-24 01:06:06.682 W/dnth    (23312): 	at java.util.concurrent.ScheduledThreadPoolExecutor$ScheduledFutureTask.run(ScheduledThreadPoolExecutor.java:301)
05-24 01:06:06.682 W/dnth    (23312): 	at java.util.concurrent.ThreadPoolExecutor.runWorker(ThreadPoolExecutor.java:1167)
05-24 01:06:06.682 W/dnth    (23312): 	at java.util.concurrent.ThreadPoolExecutor$Worker.run(ThreadPoolExecutor.java:641)
05-24 01:06:06.682 W/dnth    (23312): 	at dnte.run(PG:12)
05-24 01:06:06.682 W/dnth    (23312): 	at java.lang.Thread.run(Thread.java:920)
05-24 01:06:06.682 W/dnth    (23312): Caused by: android.system.ErrnoException: open failed: ENOENT (No such file or directory)
05-24 01:06:06.682 W/dnth    (23312): 	at libcore.io.Linux.open(Native Method)
05-24 01:06:06.682 W/dnth    (23312): 	at libcore.io.ForwardingOs.open(ForwardingOs.java:567)
05-24 01:06:06.682 W/dnth    (23312): 	at libcore.io.BlockGuardOs.open(BlockGuardOs.java:273)
05-24 01:06:06.682 W/dnth    (23312): 	at libcore.io.ForwardingOs.open(ForwardingOs.java:567)
05-24 01:06:06.682 W/dnth    (23312): 	at android.app.ActivityThread$AndroidOs.open(ActivityThread.java:8611)
05-24 01:06:06.682 W/dnth    (23312): 	at libcore.io.IoBridge.open(IoBridge.java:561)
05-24 01:06:06.682 W/dnth    (23312): 	... 14 more
05-24 01:06:06.683 W/dnth    (23312): (REDACTED) Error reading proc %s
05-24 01:06:06.683 W/dnth    (23312): java.io.FileNotFoundException: /proc/23312/dmabuf_pss: open failed: ENOENT (No such file or directory)
05-24 01:06:06.683 W/dnth    (23312): 	at libcore.io.IoBridge.open(IoBridge.java:575)
05-24 01:06:06.683 W/dnth    (23312): 	at java.io.FileInputStream.<init>(FileInputStream.java:160)
05-24 01:06:06.683 W/dnth    (23312): 	at fenx.a(PG:10)
05-24 01:06:06.683 W/dnth    (23312): 	at dodt.f(PG:43)
05-24 01:06:06.683 W/dnth    (23312): 	at dodt.b(PG:228)
05-24 01:06:06.683 W/dnth    (23312): 	at dodk.apply(PG:19)
05-24 01:06:06.683 W/dnth    (23312): 	at fftb.c(PG:3)
05-24 01:06:06.683 W/dnth    (23312): 	at fftd.run(PG:47)
05-24 01:06:06.683 W/dnth    (23312): 	at java.util.concurrent.Executors$RunnableAdapter.call(Executors.java:462)
05-24 01:06:06.683 W/dnth    (23312): 	at java.util.concurrent.FutureTask.run(FutureTask.java:266)
05-24 01:06:06.683 W/dnth    (23312): 	at java.util.concurrent.ScheduledThreadPoolExecutor$ScheduledFutureTask.run(ScheduledThreadPoolExecutor.java:301)
05-24 01:06:06.683 W/dnth    (23312): 	at java.util.concurrent.ThreadPoolExecutor.runWorker(ThreadPoolExecutor.java:1167)
05-24 01:06:06.683 W/dnth    (23312): 	at java.util.concurrent.ThreadPoolExecutor$Worker.run(ThreadPoolExecutor.java:641)
05-24 01:06:06.683 W/dnth    (23312): 	at dnte.run(PG:12)
05-24 01:06:06.683 W/dnth    (23312): 	at java.lang.Thread.run(Thread.java:920)
05-24 01:06:06.683 W/dnth    (23312): Caused by: android.system.ErrnoException: open failed: ENOENT (No such file or directory)
05-24 01:06:06.683 W/dnth    (23312): 	at libcore.io.Linux.open(Native Method)
05-24 01:06:06.683 W/dnth    (23312): 	at libcore.io.ForwardingOs.open(ForwardingOs.java:567)
05-24 01:06:06.683 W/dnth    (23312): 	at libcore.io.BlockGuardOs.open(BlockGuardOs.java:273)
05-24 01:06:06.683 W/dnth    (23312): 	at libcore.io.ForwardingOs.open(ForwardingOs.java:567)
05-24 01:06:06.683 W/dnth    (23312): 	at android.app.ActivityThread$AndroidOs.open(ActivityThread.java:8611)
05-24 01:06:06.683 W/dnth    (23312): 	at libcore.io.IoBridge.open(IoBridge.java:561)
05-24 01:06:06.683 W/dnth    (23312): 	... 14 more
05-24 01:06:06.715 V/ClearcutMetricXmitter(23312): Transmission is done.
05-24 01:06:07.172 D/SemNscXgbMsL1( 1005): Probability - Cloud gaming: [0.028772112]
05-24 01:06:07.173 D/SemNscXgbMsL1( 1005): Probability - Real time: [0.95905614]
05-24 01:06:07.173 D/SemNscXgbMsL1( 1005): Probability - Non real time: [0.16593042]
05-24 01:06:07.173 D/SemNscXgbMsL1( 1005): 1 sample inference time: 1.621307 msecs
05-24 01:06:07.177 D/SemNscXgbL2Rt( 1005): L2 RT 1 sample inference time: 3.223154 msecs
05-24 01:06:07.179 D/SemNscXgbL2Nrt( 1005): L2 NRT 1 sample inference time: 2.173 msecs
05-24 01:06:07.259 E/Tethering( 1005): [api31.BpfCoordinatorShimImpl] ERROR Fail to fetch tethering stats from BPF map: : getNextMapKey failed: EBADF (Bad file descriptor)
05-24 01:06:07.259 E/Tethering( 1005): android.system.ErrnoException: getNextMapKey failed: EBADF (Bad file descriptor)
05-24 01:06:07.259 E/Tethering( 1005): 	at com.android.networkstack.tethering.BpfMap.getNextMapKey(Native Method)
05-24 01:06:07.259 E/Tethering( 1005): 	at com.android.networkstack.tethering.BpfMap.getNextRawKey(BpfMap.java:199)
05-24 01:06:07.259 E/Tethering( 1005): 	at com.android.networkstack.tethering.BpfMap.getNextKeyInternal(BpfMap.java:177)
05-24 01:06:07.259 E/Tethering( 1005): 	at com.android.networkstack.tethering.BpfMap.getFirstKey(BpfMap.java:206)
05-24 01:06:07.259 E/Tethering( 1005): 	at com.android.networkstack.tethering.BpfMap.forEach(BpfMap.java:243)
05-24 01:06:07.259 E/Tethering( 1005): 	at com.android.networkstack.tethering.apishim.api31.BpfCoordinatorShimImpl.tetherOffloadGetStats(BpfCoordinatorShimImpl.java:241)
05-24 01:06:07.259 E/Tethering( 1005): 	at com.android.networkstack.tethering.BpfCoordinator.updateForwardedStats(BpfCoordinator.java:1844)
05-24 01:06:07.259 E/Tethering( 1005): 	at com.android.networkstack.tethering.BpfCoordinator.lambda$new$0(BpfCoordinator.java:249)
05-24 01:06:07.259 E/Tethering( 1005): 	at com.android.networkstack.tethering.BpfCoordinator.$r8$lambda$11zi2so53-tPlRpKnlSkWOpxReo(Unknown Source:0)
05-24 01:06:07.259 E/Tethering( 1005): 	at com.android.networkstack.tethering.BpfCoordinator$$ExternalSyntheticLambda0.run(Unknown Source:2)
05-24 01:06:07.259 E/Tethering( 1005): 	at android.os.Handler.handleCallback(Handler.java:938)
05-24 01:06:07.259 E/Tethering( 1005): 	at android.os.Handler.dispatchMessage(Handler.java:99)
05-24 01:06:07.259 E/Tethering( 1005): 	at android.os.Looper.loopOnce(Looper.java:226)
05-24 01:06:07.259 E/Tethering( 1005): 	at android.os.Looper.loop(Looper.java:313)
05-24 01:06:07.259 E/Tethering( 1005): 	at android.os.HandlerThread.run(HandlerThread.java:67)
05-24 01:06:07.260 E/Tethering( 1005): [BpfCoordinator] ERROR Problem fetching tethering stats
05-24 01:06:07.502 D/SemCellularStateManager( 1005): onSignalStrengthsChanged: mCellularSignalLevel=3
05-24 01:06:07.504 D/MobileStatusTracker(0/1)( 1415): onSignalStrengthsChanged signalStrength=SignalStrength:{mCdma=Invalid,mGsm=Invalid,mWcdma=CellSignalStrengthWcdma: ss=-81 ber=99 rscp=-80 ecno=0 level=3,mTdscdma=Invalid,mLte=Invalid,mNr=Invalid,SignalBarInfo{ wcdmaLevel=4 },rat=3,primary=CellSignalStrengthWcdma} level=4
05-24 01:06:07.507 D/NetworkController( 1415): SignalStrength from intent slotId=0
05-24 01:06:07.683 D/SemNscXgbMsL1( 1005): Probability - Cloud gaming: [0.045300707]
05-24 01:06:07.684 D/SemNscXgbMsL1( 1005): Probability - Real time: [0.41268337]
05-24 01:06:07.684 D/SemNscXgbMsL1( 1005): Probability - Non real time: [0.31532]
05-24 01:06:07.684 D/SemNscXgbMsL1( 1005): 1 sample inference time: 1.537808 msecs
05-24 01:06:07.687 D/SemNscXgbL2Rt( 1005): L2 RT 1 sample inference time: 2.364193 msecs
05-24 01:06:07.689 D/SemNscXgbL2Nrt( 1005): L2 NRT 1 sample inference time: 1.997692 msecs
05-24 01:06:08.194 D/SemNscXgbMsL1( 1005): Probability - Cloud gaming: [0.017785747]
05-24 01:06:08.195 D/SemNscXgbMsL1( 1005): Probability - Real time: [0.7496559]
05-24 01:06:08.195 D/SemNscXgbMsL1( 1005): Probability - Non real time: [0.3199951]
05-24 01:06:08.195 D/SemNscXgbMsL1( 1005): 1 sample inference time: 2.00973 msecs
05-24 01:06:08.198 D/SemNscXgbL2Rt( 1005): L2 RT 1 sample inference time: 2.395269 msecs
05-24 01:06:08.202 D/SemNscXgbL2Nrt( 1005): L2 NRT 1 sample inference time: 3.464884 msecs
05-24 01:06:08.706 D/SemNscXgbMsL1( 1005): Probability - Cloud gaming: [0.012994803]
05-24 01:06:08.707 D/SemNscXgbMsL1( 1005): Probability - Real time: [0.9650082]
05-24 01:06:08.707 D/SemNscXgbMsL1( 1005): Probability - Non real time: [0.09363287]
05-24 01:06:08.707 D/SemNscXgbMsL1( 1005): 1 sample inference time: 1.583577 msecs
05-24 01:06:08.709 D/SemNscXgbL2Rt( 1005): L2 RT 1 sample inference time: 1.749192 msecs
05-24 01:06:08.711 D/SemNscXgbL2Nrt( 1005): L2 NRT 1 sample inference time: 1.662423 msecs
05-24 01:06:09.128 D/io_stats(  457): !@   8,0 r 2445936 95671680 w 2027112 53802128 d 0 0 f 0 0 iot 1479236 0 th 0 0 0 pt 0 inp 0 0 192735.524
05-24 01:06:09.215 D/SemNscXgbMsL1( 1005): Probability - Cloud gaming: [0.01923183]
05-24 01:06:09.216 D/SemNscXgbMsL1( 1005): Probability - Real time: [0.7815982]
05-24 01:06:09.216 D/SemNscXgbMsL1( 1005): Probability - Non real time: [0.21641698]
05-24 01:06:09.216 D/SemNscXgbMsL1( 1005): 1 sample inference time: 1.304116 msecs
05-24 01:06:09.219 D/SemNscXgbL2Rt( 1005): L2 RT 1 sample inference time: 2.256346 msecs
05-24 01:06:09.221 D/SemNscXgbL2Nrt( 1005): L2 NRT 1 sample inference time: 1.848077 msecs
05-24 01:06:09.726 D/SemNscXgbMsL1( 1005): Probability - Cloud gaming: [0.028653977]
05-24 01:06:09.727 D/SemNscXgbMsL1( 1005): Probability - Real time: [0.8922237]
05-24 01:06:09.727 D/SemNscXgbMsL1( 1005): Probability - Non real time: [0.11191179]
05-24 01:06:09.727 D/SemNscXgbMsL1( 1005): 1 sample inference time: 2.144808 msecs
05-24 01:06:09.732 D/SemNscXgbL2Rt( 1005): L2 RT 1 sample inference time: 4.100615 msecs
05-24 01:06:09.735 D/SemNscXgbL2Nrt( 1005): L2 NRT 1 sample inference time: 2.187193 msecs
05-24 01:06:10.198 D/vendor.samsung.hardware.thermal@1.0-service(  574): timer callback!
05-24 01:06:10.238 D/SemNscXgbMsL1( 1005): Probability - Cloud gaming: [0.034211073]
05-24 01:06:10.239 D/SemNscXgbMsL1( 1005): Probability - Real time: [0.92000544]
05-24 01:06:10.239 D/SemNscXgbMsL1( 1005): Probability - Non real time: [0.39108363]
05-24 01:06:10.239 D/SemNscXgbMsL1( 1005): 1 sample inference time: 1.654731 msecs
05-24 01:06:10.242 D/SemNscXgbL2Rt( 1005): L2 RT 1 sample inference time: 2.425923 msecs
05-24 01:06:10.244 D/SemNscXgbL2Nrt( 1005): L2 NRT 1 sample inference time: 2.482923 msecs
05-24 01:06:10.749 D/SemNscXgbMsL1( 1005): Probability - Cloud gaming: [0.010138453]
05-24 01:06:10.750 D/SemNscXgbMsL1( 1005): Probability - Real time: [0.9841691]
05-24 01:06:10.750 D/SemNscXgbMsL1( 1005): Probability - Non real time: [0.092630096]
05-24 01:06:10.750 D/SemNscXgbMsL1( 1005): 1 sample inference time: 1.701539 msecs
05-24 01:06:10.753 D/SemNscXgbL2Rt( 1005): L2 RT 1 sample inference time: 2.516077 msecs
05-24 01:06:10.756 D/SemNscXgbL2Nrt( 1005): L2 NRT 1 sample inference time: 2.21873 msecs
05-24 01:06:11.130 D/io_stats(  457): !@   8,0 r 2445936 95671680 w 2027130 53802228 d 0 0 f 0 0 iot 1479240 0 th 0 0 0 pt 0 inp 0 0 192737.526
05-24 01:06:11.260 D/SemNscXgbMsL1( 1005): Probability - Cloud gaming: [0.03867396]
05-24 01:06:11.261 D/SemNscXgbMsL1( 1005): Probability - Real time: [0.858914]
05-24 01:06:11.261 D/SemNscXgbMsL1( 1005): Probability - Non real time: [0.35051534]
05-24 01:06:11.261 D/SemNscXgbMsL1( 1005): 1 sample inference time: 1.489346 msecs
05-24 01:06:11.264 D/SemNscXgbL2Rt( 1005): L2 RT 1 sample inference time: 2.293231 msecs
05-24 01:06:11.265 D/SemNscXgbL2Nrt( 1005): L2 NRT 1 sample inference time: 1.768347 msecs
05-24 01:06:11.769 D/SemNscXgbMsL1( 1005): Probability - Cloud gaming: [0.026924776]
