05-24 01:04:44.097 V/CpEventLog(u150)(14571): [P] cp_state: [               sa_profile = {contacts=0, raw_contacts=0, data=0, account={secphone(1)=0, google(2)=0, sim(3)=0, agg(4)=0, vnd.sec.contact.phone_personal(5)=0, samsung(6)=0}, trash=0, trash_acc={}, trash_sync=0, database=profile_sa.db} ]
05-24 01:04:44.097 V/CpEventLog(u150)(14571): [P] cp_state: [                      etc = {binders=0, country_iso=KR, version=15.6.28, db_version=2000, db_size=3, db_wal_size=0, csc=SKT/SKT, sec_enabled=false, is_roaming=false} ]
05-24 01:04:44.097 V/CpEventLog(u150)(14571): [P] cp_state: ------------------------------------------------------------------------------
05-24 01:04:44.796 D/io_stats( 1146): !@   8,0 r 27149067 581390908 w 10329855 147744972 d 3391802 167690596 f 0 801347 iot 12897324 0 th 0 0 0 pt 0 inp 0 0 340007.881
05-24 01:04:44.797 D/io_stats( 1146): !@ Read_top(KB): loop48(1344) 56
05-24 01:04:44.797 D/io_stats( 1146): !@ Write_top(KB): henticator:auth(23399) 16 android.hardwar(1940) 8
05-24 01:04:45.027 E/HeatmapThread( 2062): ECT Thread time in milliseconds: 1779552285
05-24 01:04:45.027 D/HeatmapThread( 2062): !@ batteryplugType : 0
05-24 01:04:45.027 D/HeatmapThread( 2062): !@ batteryLevel : 0  batteryTemperature : 0 
05-24 01:04:45.027 D/HeatmapThread( 2062): !@ Heatmap currtime: 29659204
05-24 01:04:45.027 D/HeatmapThread( 2062): !@ Heatmap prevtime: 29659196
05-24 01:04:45.028 D/HeatmapThread( 2062): !@ Heatmap plugstarttime: 35791394
05-24 01:04:45.028 D/HeatmapThread( 2062): !@ Heatmap prevv_dsoh_update_time: 29653376
05-24 01:04:45.028 E/HeatmapThread( 2062): !@Could not open '/efs/FactoryApp/bsoh', errno = 13
05-24 01:04:45.028 E/HeatmapThread( 2062): !@ CAM Could not access BSOH EFS
05-24 01:04:45.028 E/HeatmapThread( 2062): !@ CAM New BSOH: 0
05-24 01:04:45.113 I/sensors-hal( 1942): handle_sns_std_sensor_event:311, [SSC_LIGHT] P: 46(46),m:7,c:2,b:250,c0:2704,l:46,f(r):82,u(bl):101,j:39
05-24 01:04:45.299 D/NetdEventListenerService( 2765): DNS Requested by 213, 10285(com.microsoft.skydrive), 4(FAIL), isBlocked=true, 0ms
05-24 01:04:45.438 I/sensors-hal( 1942): handle_sns_client_event:550, [0][1929077] accel_sample [ 0.087, -0.122,  9.885] 349809986527351
05-24 01:04:45.506 I/wpa_supplicant(10796): Heartbeat 33523
05-24 01:04:45.537 D/WifiConnectivityMonitor.NetworkStatsAnalyzer( 2765): Backhaul result - RSSI:-30, CE:11, PE:11, TI:37, PTI:35, TW:0, PTW:0, Tx:59, Rx:143, TxS:19, RxS:5, RESULT:true, IC:5, ICT:5, WC:4, WCT:5, R:0, RC:0, IE:0, EC:0
05-24 01:04:45.572 D/WifiConnectivityMonitor.DnsThread( 2765):  [|211] []
05-24 01:04:45.574 D/WifiConnectivityMonitor.NetworkStatsAnalyzer( 2765): DNS resultType : 0, responseTime : 211
05-24 01:04:45.574 D/OpenNetworkQos[4.00]( 2765): updateBssidLatestDnsResultType - result: 0
05-24 01:04:45.574 D/OpenNetworkQos[4.00]( 2765): updateBssidNoInternet: mBssidNoInternet = false
05-24 01:04:45.574 D/OpenNetworkQos[4.00]( 2765): getOpenNetworkQosNoInternetStatus: false
05-24 01:04:45.574 D/OpenNetworkQos[4.00]( 2765): getOpenNetworkQosScores: 26 23 26 
05-24 01:04:45.575 D/KNOX_MDM_SettingsProvider( 2765): isChangeAllowed() : name = wifi_wcm_qos_sharing_score_summary
05-24 01:04:45.576 I/WifiProfileShare( 2765): network QoS data was changed (internet), updateQoSData networkType: true, qosData: false
05-24 01:04:45.576 V/WifiProfileShare.Caster( 2765): update wips network, size: 0
05-24 01:04:45.577 D/WifiProfileShare( 2765): nearby scanning settings run
05-24 01:04:45.577 D/WifiProfileShare( 2765): network score provider settings enabled
05-24 01:04:45.577 D/OpenNetworkQos[4.00]( 2765): getOpenNetworkQosScores: 26 23 26 
05-24 01:04:45.577 D/OpenNetworkQos[4.00]( 2765): getOpenNetworkQosNoInternetStatus: false
05-24 01:04:45.577 I/WifiProfileShare.Caster( 2765): current network type: 0, score: [26, 23, 26]
05-24 01:04:45.578 V/WifiProfileShare.Cache( 2765): update network score 16:e6:6b:**:**:81
05-24 01:04:45.579 D/WifiProfileShare.ScanMatcher( 2765): getMcfDataList size:2
05-24 01:04:45.579 I/WifiProfileShare.Caster( 2765): qos data was updated , before:type:QOS, pBssid:e4:61:97, qosData:77 after:type:QOS, pBssid:e4:61:97, qosData:77
05-24 01:04:45.580 D/[MCFServer]_McfMainController(10669): getBleStatus - true.
05-24 01:04:45.581 I/[MCFSDK_android_1.3.7026]_4_McfCasterImpl( 2765): isNetworkEnabled - type : 1 ret : true
05-24 01:04:45.581 D/WifiProfileShare.McfCast( 2765): -ME--- mIsNetworkEnabled :true
05-24 01:04:45.581 D/WifiProfileShare.McfCast( 2765): updateQoSData ignored, same contents
05-24 01:04:45.581 D/WifiProfileShare.MCF( 2765): success update QosData !
05-24 01:04:45.582 D/[MCFServer]_McfMainController(10669): getBleStatus - true.
05-24 01:04:45.582 I/[MCFSDK_android_1.3.7026]_4_McfCasterImpl( 2765): isNetworkEnabled - type : 1 ret : true
05-24 01:04:45.582 D/WifiProfileShare.McfCast( 2765): -ME--- mIsNetworkEnabled :true
05-24 01:04:45.582 D/WifiProfileShare.McfCast( 2765): -ME--- updatePasswordDate pwdData size:2
05-24 01:04:45.791 D/WifiStaIfaceHidlImpl( 2765): getCachedScanData is not implemented by HIDL
05-24 01:04:45.822 D/SemWifiUsabilityStatsMonitor( 2765): onWifiUsabilityStats - seqNum 96735, isSameBssidAndFreq true
05-24 01:04:45.826 I/SemWifiLinkQualityMonitor( 2765): Link stat: 1316 / 62 / 1.00 (9) / 1200 / -29.0 || 100.0 : 1200.00 / 0.5 : 1.00 / 0.55 : 0.05 / G (G) || 6b020a812412: 0.082 / 97.292 / N || N N / 0 0 / N 2.0 / N X 0 / 340008907 0 || 2026-05-24 01:04:44  / 0: 0 0 0 0 0 0 / 0: 0 0 0 0 0 0 / 0: 0 0 0 0 0 0
05-24 01:04:45.877 D/NetdEventListenerService( 2765): DNS Requested by 213, 10125(com.instagram.android), 4(FAIL), isBlocked=true, 0ms
05-24 01:04:45.883 E/msys    (21704): E[N mns:DGWClient]_LogError(289)=>Failed to resolve using system DNS resolver, getaddrinfo(): No address associated with hostname
05-24 01:04:46.027 E/HeatmapThread( 2062): ECT Thread time in milliseconds: 1779552286
05-24 01:04:46.027 D/HeatmapThread( 2062): !@ batteryplugType : 0
05-24 01:04:46.027 D/HeatmapThread( 2062): !@ batteryLevel : 0  batteryTemperature : 0 
05-24 01:04:46.028 D/HeatmapThread( 2062): !@ Heatmap currtime: 29659204
05-24 01:04:46.028 D/HeatmapThread( 2062): !@ Heatmap prevtime: 29659196
05-24 01:04:46.028 D/HeatmapThread( 2062): !@ Heatmap plugstarttime: 35791394
05-24 01:04:46.028 D/HeatmapThread( 2062): !@ Heatmap prevv_dsoh_update_time: 29653376
05-24 01:04:46.028 E/HeatmapThread( 2062): !@Could not open '/efs/FactoryApp/bsoh', errno = 13
05-24 01:04:46.028 E/HeatmapThread( 2062): !@ CAM Could not access BSOH EFS
05-24 01:04:46.028 E/HeatmapThread( 2062): !@ CAM New BSOH: 0
05-24 01:04:46.448 E/ActivityThread(25279): Failed to find provider info for com.ss.android.ugc.trill.apm
05-24 01:04:46.798 D/io_stats( 1146): !@   8,0 r 27149067 581390908 w 10329867 147745012 d 3391802 167690596 f 0 801349 iot 12897340 0 th 0 0 0 pt 0 inp 0 0 340009.882
05-24 01:04:47.027 E/HeatmapThread( 2062): ECT Thread time in milliseconds: 1779552287
05-24 01:04:47.027 D/HeatmapThread( 2062): !@ batteryplugType : 0
05-24 01:04:47.027 D/HeatmapThread( 2062): !@ batteryLevel : 0  batteryTemperature : 0 
05-24 01:04:47.027 D/HeatmapThread( 2062): !@ Heatmap currtime: 29659204
05-24 01:04:47.028 D/HeatmapThread( 2062): !@ Heatmap prevtime: 29659196
05-24 01:04:47.028 D/HeatmapThread( 2062): !@ Heatmap plugstarttime: 35791394
05-24 01:04:47.028 D/HeatmapThread( 2062): !@ Heatmap prevv_dsoh_update_time: 29653376
05-24 01:04:47.028 E/HeatmapThread( 2062): !@Could not open '/efs/FactoryApp/bsoh', errno = 13
05-24 01:04:47.028 E/HeatmapThread( 2062): !@ CAM Could not access BSOH EFS
05-24 01:04:47.028 E/HeatmapThread( 2062): !@ CAM New BSOH: 0
05-24 01:04:47.197 D/NetdEventListenerService( 2765): DNS Requested by 213, 10410(com.ss.android.ugc.trill), 4(FAIL), isBlocked=true, 0ms
05-24 01:04:47.209 D/NetdEventListenerService( 2765): DNS Requested by 213, 10410(com.ss.android.ugc.trill), 4(FAIL), isBlocked=true, 0ms
05-24 01:04:47.217 D/NetdEventListenerService( 2765): DNS Requested by 213, 10410(com.ss.android.ugc.trill), 4(FAIL), isBlocked=true, 0ms
05-24 01:04:47.444 I/sensors-hal( 1942): handle_sns_client_event:550, [0][1929286] accel_sample [ 0.080, -0.115,  9.904] 349811992702455
05-24 01:04:48.027 E/HeatmapThread( 2062): ECT Thread time in milliseconds: 1779552288
05-24 01:04:48.027 D/HeatmapThread( 2062): !@ batteryplugType : 0
05-24 01:04:48.028 D/HeatmapThread( 2062): !@ batteryLevel : 0  batteryTemperature : 0 
05-24 01:04:48.028 D/HeatmapThread( 2062): !@ Heatmap currtime: 29659204
05-24 01:04:48.028 D/HeatmapThread( 2062): !@ Heatmap prevtime: 29659196
05-24 01:04:48.028 D/HeatmapThread( 2062): !@ Heatmap plugstarttime: 35791394
05-24 01:04:48.028 D/HeatmapThread( 2062): !@ Heatmap prevv_dsoh_update_time: 29653376
05-24 01:04:48.028 E/HeatmapThread( 2062): !@Could not open '/efs/FactoryApp/bsoh', errno = 13
05-24 01:04:48.028 E/HeatmapThread( 2062): !@ CAM Could not access BSOH EFS
05-24 01:04:48.029 E/HeatmapThread( 2062): !@ CAM New BSOH: 0
05-24 01:04:48.799 D/io_stats( 1146): !@   8,0 r 27149067 581390908 w 10329875 147745044 d 3391802 167690596 f 0 801349 iot 12897356 0 th 0 0 0 pt 0 inp 0 0 340011.883
05-24 01:04:48.799 D/io_stats( 1146): !@ Write_top(KB): crosoft.copilot(23350) 16 droid.ugc.trill(25279) 16 soft.appmanager(18483) 16
05-24 01:04:48.889 D/NetdEventListenerService( 2765): DNS Requested by 213, 10410(com.ss.android.ugc.trill), 4(FAIL), isBlocked=true, 0ms
05-24 01:04:48.914 D/WifiStaIfaceHidlImpl( 2765): getCachedScanData is not implemented by HIDL
05-24 01:04:48.942 D/SemWifiUsabilityStatsMonitor( 2765): onWifiUsabilityStats - seqNum 96736, isSameBssidAndFreq true
05-24 01:04:48.946 I/SemWifiLinkQualityMonitor( 2765): Link stat: 284 / 25 / 1.00 (2) / 1200 / -29.0 || 100.0 : 1200.00 / 0.5 : 1.00 / 0.55 : 0.09 / G (G) || 6b020a812412: 0.086 / 93.440 / N || N N / 0 0 / N 2.0 / N X 0 / 340012028 0 || 2026-05-24 01:04:47  / 0: 0 0 0 0 0 0 / 0: 0 0 0 0 0 0 / 0: 0 0 0 0 0 0
05-24 01:04:49.027 E/HeatmapThread( 2062): ECT Thread time in milliseconds: 1779552289
05-24 01:04:49.027 D/HeatmapThread( 2062): !@ batteryplugType : 0
05-24 01:04:49.027 D/HeatmapThread( 2062): !@ batteryLevel : 0  batteryTemperature : 0 
05-24 01:04:49.027 D/HeatmapThread( 2062): !@ Heatmap currtime: 29659204
05-24 01:04:49.028 D/HeatmapThread( 2062): !@ Heatmap prevtime: 29659196
05-24 01:04:49.028 D/HeatmapThread( 2062): !@ Heatmap plugstarttime: 35791394
05-24 01:04:49.028 D/HeatmapThread( 2062): !@ Heatmap prevv_dsoh_update_time: 29653376
05-24 01:04:49.028 E/HeatmapThread( 2062): !@Could not open '/efs/FactoryApp/bsoh', errno = 13
05-24 01:04:49.028 E/HeatmapThread( 2062): !@ CAM Could not access BSOH EFS
05-24 01:04:49.028 E/HeatmapThread( 2062): !@ CAM New BSOH: 0
05-24 01:04:49.050 D/SatelliteController( 3655): isInCarrierRoamingNbIotNtn: satellite is disabled
05-24 01:04:49.104 D/NetdEventListenerService( 2765): DNS Requested by 213, 10512(com.microsoft.copilot), 4(FAIL), isBlocked=true, 0ms
05-24 01:04:49.434 I/sensors-hal( 1942): handle_sns_std_sensor_event:311, [SSC_LIGHT] P: 46(46),m:7,c:2,b:250,c0:2704,l:46,f(r):82,u(bl):101,j:40
05-24 01:04:49.441 I/sensors-hal( 1942): handle_sns_client_event:550, [0][1929495] accel_sample [ 0.087, -0.116,  9.900] 349813998877455
05-24 01:04:50.027 E/HeatmapThread( 2062): ECT Thread time in milliseconds: 1779552290
05-24 01:04:50.027 D/HeatmapThread( 2062): !@ batteryplugType : 0
05-24 01:04:50.027 D/HeatmapThread( 2062): !@ batteryLevel : 0  batteryTemperature : 0 
05-24 01:04:50.028 D/HeatmapThread( 2062): !@ Heatmap currtime: 29659204
05-24 01:04:50.028 D/HeatmapThread( 2062): !@ Heatmap prevtime: 29659196
05-24 01:04:50.028 D/HeatmapThread( 2062): !@ Heatmap plugstarttime: 35791394
05-24 01:04:50.028 D/HeatmapThread( 2062): !@ Heatmap prevv_dsoh_update_time: 29653376
05-24 01:04:50.028 E/HeatmapThread( 2062): !@Could not open '/efs/FactoryApp/bsoh', errno = 13
05-24 01:04:50.028 E/HeatmapThread( 2062): !@ CAM Could not access BSOH EFS
05-24 01:04:50.028 E/HeatmapThread( 2062): !@ CAM New BSOH: 0
05-24 01:04:50.053 D/vendor.samsung.hardware.thermal@1.0-service( 2012): timer callback!
05-24 01:04:50.085 D/vendor.samsung.hardware.thermal@1.0-service( 2012): frontset.size = 0
05-24 01:04:50.584 I/sensors-hal( 1942): handle_sns_client_event:185, auto_rotation_debug_2 mode,255, type,1,0 acc,0.089,-0.110,9.897, ar,0, ver,14, pedo,1,e,1,i,3
05-24 01:04:50.800 D/io_stats( 1146): !@   8,0 r 27149067 581390908 w 10329966 147745440 d 3391846 167690884 f 0 801356 iot 12897384 0 th 0 0 0 pt 0 inp 0 0 340013.885
05-24 01:04:51.027 E/HeatmapThread( 2062): ECT Thread time in milliseconds: 1779552291
05-24 01:04:51.027 D/HeatmapThread( 2062): !@ batteryplugType : 0
05-24 01:04:51.027 D/HeatmapThread( 2062): !@ batteryLevel : 0  batteryTemperature : 0 
05-24 01:04:51.027 D/HeatmapThread( 2062): !@ Heatmap currtime: 29659204
05-24 01:04:51.027 D/HeatmapThread( 2062): !@ Heatmap prevtime: 29659196
05-24 01:04:51.027 D/HeatmapThread( 2062): !@ Heatmap plugstarttime: 35791394
05-24 01:04:51.027 D/HeatmapThread( 2062): !@ Heatmap prevv_dsoh_update_time: 29653376
05-24 01:04:51.028 E/HeatmapThread( 2062): !@Could not open '/efs/FactoryApp/bsoh', errno = 13
05-24 01:04:51.028 E/HeatmapThread( 2062): !@ CAM Could not access BSOH EFS
05-24 01:04:51.028 E/HeatmapThread( 2062): !@ CAM New BSOH: 0
05-24 01:04:51.297 D/NetdEventListenerService( 2765): DNS Requested by 213, 10125(com.instagram.android), 4(FAIL), isBlocked=true, 0ms
05-24 01:04:51.303 E/msys    (21704): E[N mns:DGWClient]_LogError(289)=>Failed to resolve using system DNS resolver, getaddrinfo(): No address associated with hostname
05-24 01:04:51.309 E/msys    (21704): E[N mns:DGWClient]_LogError(289)=>Failed to resolve using system DNS resolver, getaddrinfo(): No address associated with hostname
05-24 01:04:51.310 D/NetdEventListenerService( 2765): DNS Requested by 213, 10125(com.instagram.android), 4(FAIL), isBlocked=true, 0ms
05-24 01:04:51.406 I/SDHMS:LOAD( 6703): type: LoadsFreqs, value: 5:0:0:806400:806400:806400:679680:1881600:633600:285:285:285
05-24 01:04:51.466 I/sensors-hal( 1942): handle_sns_client_event:550, [0][1929704] accel_sample [ 0.103, -0.112,  9.894] 349816005052247
05-24 01:04:51.998 D/WifiStaIfaceHidlImpl( 2765): getCachedScanData is not implemented by HIDL
05-24 01:04:52.027 E/HeatmapThread( 2062): ECT Thread time in milliseconds: 1779552292
05-24 01:04:52.027 D/HeatmapThread( 2062): !@ batteryplugType : 0
05-24 01:04:52.027 D/HeatmapThread( 2062): !@ batteryLevel : 0  batteryTemperature : 0 
05-24 01:04:52.027 D/HeatmapThread( 2062): !@ Heatmap currtime: 29659204
05-24 01:04:52.027 D/HeatmapThread( 2062): !@ Heatmap prevtime: 29659196
05-24 01:04:52.028 D/HeatmapThread( 2062): !@ Heatmap plugstarttime: 35791394
05-24 01:04:52.028 D/HeatmapThread( 2062): !@ Heatmap prevv_dsoh_update_time: 29653376
05-24 01:04:52.028 E/HeatmapThread( 2062): !@Could not open '/efs/FactoryApp/bsoh', errno = 13
05-24 01:04:52.028 E/HeatmapThread( 2062): !@ CAM Could not access BSOH EFS
05-24 01:04:52.028 E/HeatmapThread( 2062): !@ CAM New BSOH: 0
05-24 01:04:52.031 D/SemWifiUsabilityStatsMonitor( 2765): onWifiUsabilityStats - seqNum 96737, isSameBssidAndFreq true
05-24 01:04:52.035 I/SemWifiLinkQualityMonitor( 2765): Link stat: 705 / 67 / 1.00 (5) / 1200 / -33.0 || 100.0 : 1200.00 / 0.5 : 1.00 / 0.55 : 0.10 / G (G) || 6b020a812412: 0.086 / 92.778 / N || N N / 0 0 / N 2.0 / N X 0 / 340015116 0 || 2026-05-24 01:04:52  / 0: 0 0 0 0 0 0 / 0: 0 0 0 0 0 0 / 0: 0 0 0 0 0 0
05-24 01:04:52.053 D/SatelliteController( 3655): isInCarrierRoamingNbIotNtn: satellite is disabled
05-24 01:04:52.731 W/System.err(25279): FlagsHookHelper: skip hook flags method getInstanceHook
05-24 01:04:52.741 W/NaviWarn(25279): StackPtr is not 8-byte aligned.
05-24 01:04:52.753 D/NetdEventListenerService( 2765): DNS Requested by 213, 10410(com.ss.android.ugc.trill), 4(FAIL), isBlocked=true, 0ms
05-24 01:04:52.804 D/io_stats( 1146): !@ Write_top(KB): kworker/u16:6(1774) 96 f2fs_ckpt-254:5(4251) 56 init(1) 28
05-24 01:04:53.027 E/HeatmapThread( 2062): ECT Thread time in milliseconds: 1779552293
05-24 01:04:53.027 D/HeatmapThread( 2062): !@ batteryplugType : 0
05-24 01:04:53.027 D/HeatmapThread( 2062): !@ batteryLevel : 0  batteryTemperature : 0 
05-24 01:04:53.027 D/HeatmapThread( 2062): !@ Heatmap currtime: 29659204
05-24 01:04:53.027 D/HeatmapThread( 2062): !@ Heatmap prevtime: 29659196
05-24 01:04:53.028 D/HeatmapThread( 2062): !@ Heatmap plugstarttime: 35791394
05-24 01:04:53.028 D/HeatmapThread( 2062): !@ Heatmap prevv_dsoh_update_time: 29653376
05-24 01:04:53.028 E/HeatmapThread( 2062): !@Could not open '/efs/FactoryApp/bsoh', errno = 13
05-24 01:04:53.028 E/HeatmapThread( 2062): !@ CAM Could not access BSOH EFS
05-24 01:04:53.028 E/HeatmapThread( 2062): !@ CAM New BSOH: 0
05-24 01:04:53.030 D/NetdEventListenerService( 2765): DNS Requested by 213, 10125(com.instagram.android), 4(FAIL), isBlocked=true, 0ms
05-24 01:04:53.039 E/msys    (21704): E[N mns:DGWClient]_LogError(289)=>Failed to resolve using system DNS resolver, getaddrinfo(): No address associated with hostname
05-24 01:04:53.288 D/NetdEventListenerService( 2765): DNS Requested by 213, 10285(com.microsoft.skydrive), 4(FAIL), isBlocked=true, 0ms
05-24 01:04:53.463 I/sensors-hal( 1942): handle_sns_client_event:550, [0][1929913] accel_sample [ 0.083, -0.126,  9.898] 349818011226934
05-24 01:04:53.754 I/sensors-hal( 1942): handle_sns_std_sensor_event:311, [SSC_LIGHT] P: 46(46),m:7,c:2,b:250,c0:2704,l:46,f(r):82,u(bl):101,j:40
05-24 01:04:54.027 E/HeatmapThread( 2062): ECT Thread time in milliseconds: 1779552294
05-24 01:04:54.027 D/HeatmapThread( 2062): !@ batteryplugType : 0
05-24 01:04:54.027 D/HeatmapThread( 2062): !@ batteryLevel : 0  batteryTemperature : 0 
05-24 01:04:54.027 D/HeatmapThread( 2062): !@ Heatmap currtime: 29659204
05-24 01:04:54.028 D/HeatmapThread( 2062): !@ Heatmap prevtime: 29659196
05-24 01:04:54.028 D/HeatmapThread( 2062): !@ Heatmap plugstarttime: 35791394
05-24 01:04:54.028 D/HeatmapThread( 2062): !@ Heatmap prevv_dsoh_update_time: 29653376
05-24 01:04:54.028 E/HeatmapThread( 2062): !@Could not open '/efs/FactoryApp/bsoh', errno = 13
05-24 01:04:54.028 E/HeatmapThread( 2062): !@ CAM Could not access BSOH EFS
05-24 01:04:54.028 E/HeatmapThread( 2062): !@ CAM New BSOH: 0
05-24 01:04:54.172 D/NetdEventListenerService( 2765): DNS Requested by 213, 10481(com.hanaskcard.paycla), 4(FAIL), isBlocked=true, 0ms
05-24 01:04:54.806 D/io_stats( 1146): !@   8,0 r 27149067 581390908 w 10329974 147745464 d 3391846 167690884 f 0 801358 iot 12897396 0 th 0 0 0 pt 0 inp 0 0 340017.890
05-24 01:04:55.027 E/HeatmapThread( 2062): ECT Thread time in milliseconds: 1779552295
05-24 01:04:55.027 D/HeatmapThread( 2062): !@ batteryplugType : 0
05-24 01:04:55.027 D/HeatmapThread( 2062): !@ batteryLevel : 0  batteryTemperature : 0 
05-24 01:04:55.027 D/HeatmapThread( 2062): !@ Heatmap currtime: 29659204
05-24 01:04:55.027 D/HeatmapThread( 2062): !@ Heatmap prevtime: 29659196
05-24 01:04:55.027 D/HeatmapThread( 2062): !@ Heatmap plugstarttime: 35791394
05-24 01:04:55.027 D/HeatmapThread( 2062): !@ Heatmap prevv_dsoh_update_time: 29653376
05-24 01:04:55.028 E/HeatmapThread( 2062): !@Could not open '/efs/FactoryApp/bsoh', errno = 13
05-24 01:04:55.028 E/HeatmapThread( 2062): !@ CAM Could not access BSOH EFS
05-24 01:04:55.028 E/HeatmapThread( 2062): !@ CAM New BSOH: 0
05-24 01:04:55.083 D/WifiStaIfaceHidlImpl( 2765): getCachedScanData is not implemented by HIDL
05-24 01:04:55.110 D/SemWifiUsabilityStatsMonitor( 2765): onWifiUsabilityStats - seqNum 96738, isSameBssidAndFreq true
05-24 01:04:55.113 I/SemWifiLinkQualityMonitor( 2765): Link stat: 363 / 51 / 1.00 (2) / 1200 / -32.0 || 100.0 : 1200.00 / 0.5 : 1.00 / 0.55 : 0.14 / G (G) || 6b020a812412: 0.090 / 88.460 / N || N N / 0 0 / N 2.0 / N X 0 / 340018195 0 || 2026-05-24 01:04:55  / 0: 0 0 0 0 0 0 / 0: 0 0 0 0 0 0 / 0: 0 0 0 0 0 0
05-24 01:04:55.460 I/sensors-hal( 1942): handle_sns_client_event:550, [0][1930122] accel_sample [ 0.096, -0.117,  9.888] 349820017401309
05-24 01:04:55.505 I/wpa_supplicant(10796): Heartbeat 33524
05-24 01:04:55.543 D/WifiConnectivityMonitor.NetworkStatsAnalyzer( 2765): Backhaul result - RSSI:-32, CE:11, PE:11, TI:38, PTI:37, TW:0, PTW:0, Tx:40, Rx:162, TxS:13, RxS:5, RESULT:true, IC:6, ICT:5, WC:5, WCT:5, R:0, RC:0, IE:0, EC:0
05-24 01:04:55.947 D/NetdEventListenerService( 2765): DNS Requested by 213, 10512(com.microsoft.copilot), 4(FAIL), isBlocked=true, 0ms
05-24 01:04:56.027 E/HeatmapThread( 2062): ECT Thread time in milliseconds: 1779552296
05-24 01:04:56.027 D/HeatmapThread( 2062): !@ batteryplugType : 0
05-24 01:04:56.028 D/HeatmapThread( 2062): !@ batteryLevel : 0  batteryTemperature : 0 
05-24 01:04:56.028 D/HeatmapThread( 2062): !@ Heatmap currtime: 29659204
05-24 01:04:56.028 D/HeatmapThread( 2062): !@ Heatmap prevtime: 29659196
05-24 01:04:56.028 D/HeatmapThread( 2062): !@ Heatmap plugstarttime: 35791394
05-24 01:04:56.028 D/HeatmapThread( 2062): !@ Heatmap prevv_dsoh_update_time: 29653376
05-24 01:04:56.028 E/HeatmapThread( 2062): !@Could not open '/efs/FactoryApp/bsoh', errno = 13
05-24 01:04:56.028 E/HeatmapThread( 2062): !@ CAM Could not access BSOH EFS
05-24 01:04:56.028 E/HeatmapThread( 2062): !@ CAM New BSOH: 0
05-24 01:04:56.142 I/SurfaceFlinger( 2066): SFWD update time=340019226789353
05-24 01:04:56.807 D/io_stats( 1146): !@   8,0 r 27149067 581390908 w 10329991 147745552 d 3391846 167690884 f 0 801360 iot 12897412 0 th 0 0 0 pt 0 inp 0 0 340019.891
05-24 01:04:56.807 D/io_stats( 1146): !@ Write_top(KB): kworker/u16:1(23108) 64 soft.appmanager(18483) 16 henticator:auth(23399) 16
05-24 01:04:56.841 W/DeviceStorageMonitorService( 2765): updateBroadcasts(/data) oldLevel:0, newLevel:0, seq:1
05-24 01:04:56.844 D/DeviceStorageMonitorService( 2765): Available File Node Number is [11987125]
05-24 01:04:56.844 W/DeviceStorageMonitorService( 2765): updateBroadcasts_filenode(/data) fn_oldLevel:0, fn_newLevel:0, seq:1
05-24 01:04:57.027 E/HeatmapThread( 2062): ECT Thread time in milliseconds: 1779552297
05-24 01:04:57.027 D/HeatmapThread( 2062): !@ batteryplugType : 0
05-24 01:04:57.028 D/HeatmapThread( 2062): !@ batteryLevel : 0  batteryTemperature : 0 
05-24 01:04:57.028 D/HeatmapThread( 2062): !@ Heatmap currtime: 29659204
05-24 01:04:57.028 D/HeatmapThread( 2062): !@ Heatmap prevtime: 29659196
05-24 01:04:57.028 D/HeatmapThread( 2062): !@ Heatmap plugstarttime: 35791394
05-24 01:04:57.028 D/HeatmapThread( 2062): !@ Heatmap prevv_dsoh_update_time: 29653376
05-24 01:04:57.028 E/HeatmapThread( 2062): !@Could not open '/efs/FactoryApp/bsoh', errno = 13
05-24 01:04:57.028 E/HeatmapThread( 2062): !@ CAM Could not access BSOH EFS
05-24 01:04:57.029 E/HeatmapThread( 2062): !@ CAM New BSOH: 0
05-24 01:04:57.466 I/sensors-hal( 1942): handle_sns_client_event:550, [0][1930331] accel_sample [ 0.093, -0.111,  9.888] 349822023575476
05-24 01:04:58.028 E/HeatmapThread( 2062): ECT Thread time in milliseconds: 1779552298
05-24 01:04:58.028 D/HeatmapThread( 2062): !@ batteryplugType : 0
05-24 01:04:58.028 D/HeatmapThread( 2062): !@ batteryLevel : 0  batteryTemperature : 0 
05-24 01:04:58.028 D/HeatmapThread( 2062): !@ Heatmap currtime: 29659204
05-24 01:04:58.028 D/HeatmapThread( 2062): !@ Heatmap prevtime: 29659196
05-24 01:04:58.028 D/HeatmapThread( 2062): !@ Heatmap plugstarttime: 35791394
05-24 01:04:58.028 D/HeatmapThread( 2062): !@ Heatmap prevv_dsoh_update_time: 29653376
05-24 01:04:58.029 E/HeatmapThread( 2062): !@Could not open '/efs/FactoryApp/bsoh', errno = 13
05-24 01:04:58.029 E/HeatmapThread( 2062): !@ CAM Could not access BSOH EFS
05-24 01:04:58.029 E/HeatmapThread( 2062): !@ CAM New BSOH: 0
05-24 01:04:58.074 I/sensors-hal( 1942): handle_sns_std_sensor_event:311, [SSC_LIGHT] P: 46(46),m:7,c:2,b:250,c0:2688,l:46,f(r):82,u(bl):101,j:41
05-24 01:04:58.154 D/WifiStaIfaceHidlImpl( 2765): getCachedScanData is not implemented by HIDL
05-24 01:04:58.180 D/SemWifiUsabilityStatsMonitor( 2765): onWifiUsabilityStats - seqNum 96739, isSameBssidAndFreq true
05-24 01:04:58.184 I/SemWifiLinkQualityMonitor( 2765): Link stat: 795 / 56 / 1.00 (11) / 1134 / -29.0 || 100.0 : 1134.00 / 0.5 : 1.00 / 0.55 : 0.07 / G (G) || 6b020a812412: 0.085 / 94.663 / N || N N / 0 0 / N 2.0 / N X 0 / 340021267 0 || 2026-05-24 01:04:58  / 0: 0 0 0 0 0 0 / 0: 0 0 0 0 0 0 / 0: 0 0 0 0 0 0
05-24 01:04:58.522 D/NetdEventListenerService( 2765): DNS Requested by 213, 10125(com.instagram.android), 4(FAIL), isBlocked=true, 0ms
05-24 01:04:58.526 E/msys    (21704): E[N mns:DGWClient]_LogError(289)=>Failed to resolve using system DNS resolver, getaddrinfo(): No address associated with hostname
05-24 01:04:58.533 E/msys    (21704): E[N mns:DGWClient]_LogError(289)=>Failed to resolve using system DNS resolver, getaddrinfo(): No address associated with hostname
05-24 01:04:58.533 D/NetdEventListenerService( 2765): DNS Requested by 213, 10125(com.instagram.android), 4(FAIL), isBlocked=true, 0ms
05-24 01:04:58.891 W/System.err(25279): FlagsHookHelper: skip hook flags method getInstanceHook
05-24 01:04:58.907 D/NetdEventListenerService( 2765): DNS Requested by 213, 10410(com.ss.android.ugc.trill), 4(FAIL), isBlocked=true, 0ms
05-24 01:04:59.027 E/HeatmapThread( 2062): ECT Thread time in milliseconds: 1779552299
05-24 01:04:59.027 D/HeatmapThread( 2062): !@ batteryplugType : 0
05-24 01:04:59.027 D/HeatmapThread( 2062): !@ batteryLevel : 0  batteryTemperature : 0 
05-24 01:04:59.028 D/HeatmapThread( 2062): !@ Heatmap currtime: 29659204
05-24 01:04:59.028 D/HeatmapThread( 2062): !@ Heatmap prevtime: 29659196
05-24 01:04:59.028 D/HeatmapThread( 2062): !@ Heatmap plugstarttime: 35791394
05-24 01:04:59.028 D/HeatmapThread( 2062): !@ Heatmap prevv_dsoh_update_time: 29653376
05-24 01:04:59.028 E/HeatmapThread( 2062): !@Could not open '/efs/FactoryApp/bsoh', errno = 13
05-24 01:04:59.028 E/HeatmapThread( 2062): !@ CAM Could not access BSOH EFS
05-24 01:04:59.028 E/HeatmapThread( 2062): !@ CAM New BSOH: 0
05-24 01:04:59.480 I/sensors-hal( 1942): handle_sns_client_event:550, [0][1930540] accel_sample [ 0.084, -0.106,  9.902] 349824029749226
05-24 01:04:59.801 D/NetdEventListenerService( 2765): DNS Requested by 213, 10285(com.microsoft.skydrive), 4(FAIL), isBlocked=true, 0ms
05-24 01:05:00.010 I/DateTimeView( 3697): updateAll - getTimeFormat
05-24 01:05:00.012 D/ClockFaceEvents( 3697): onTimeTick. callers : com.android.keyguard.ClockEventController$keyguardUpdateMonitorCallback$1.refreshTime:19
05-24 01:05:00.012 D/ClockFaceEvents( 3697): com.android.keyguard.ClockEventController$keyguardUpdateMonitorCallback$1.onTimeChanged:1
05-24 01:05:00.012 D/ClockFaceEvents( 3697): com.android.keyguard.KeyguardUpdateMonitor$16.handleMessage:732
05-24 01:05:00.013 D/ClockFaceEvents( 3697): onTimeTick. callers : com.android.keyguard.ClockEventController$keyguardUpdateMonitorCallback$1.refreshTime:38
05-24 01:05:00.013 D/ClockFaceEvents( 3697): com.android.keyguard.ClockEventController$keyguardUpdateMonitorCallback$1.onTimeChanged:1
05-24 01:05:00.013 D/ClockFaceEvents( 3697): com.android.keyguard.KeyguardUpdateMonitor$16.handleMessage:732
05-24 01:05:00.013 D/FaceWidgetPagesController( 3697): onTimeChanged()
05-24 01:05:00.014 D/QSClockBellTower( 3697): onReceive(android.intent.action.TIME_TICK) mTimeZoneString:Asia/Seoul
05-24 01:05:00.014 I/EyeComfortSolutionService( 2765): action  :  android.intent.action.TIME_TICK
05-24 01:05:00.015 I/EyeComfortSolutionService( 2765): Week : Sun , Hour : 01 , Minute : 05 , TimeValue : 65 , sleep state, defaultWakeupTime : 360 , start wakeup : 180
05-24 01:05:00.015 I/EyeComfortSolutionService( 2765): currentSleepStep : 50
05-24 01:05:00.015 D/QSClockBellTower( 3697): He is ready to ring the bell. (((QSClockBellSound - TimeText:01:05, TimeContentDescription:01:05, DateText:5월 24일 일요일, ShortDateText:5월 24일 (일), Demo:false)))
05-24 01:05:00.018 D/QSClock ( 3697): StatusBar clock=01:05 notifyTimeChanged(QSClockBellSound - TimeText:01:05, TimeContentDescription:01:05, DateText:5월 24일 일요일, ShortDateText:5월 24일 (일), Demo:false) clockVisibleByPolicy=true, clockVisibleByUser=true, visible=true, parent=android.widget.LinearLayout{39d0982 V.E...... ......ID 109,0-250,75 #7f0a069b app:id/left_clock_container} caller=com.android.systemui.statusbar.phone.fragment.CollapsedStatusBarFragment.animateShow:52 com.android.systemui.statusbar.phone.fragment.CollapsedStatusBarFragment.updateStatusBarVisibilitiesInner:230 com.android.systemui.statusbar.phone.fragment.CollapsedStatusBarFragment.updateStatusBarVisibilities:65 com.android.systemui.statusbar.phone.fragment.CollapsedStatusBarFragment.disable:71 com.android.systemui.statusbar.CommandQueue$H.handleMessage:2997  
05-24 01:05:00.019 D/QSClockBellTower( 3697): Everyone heard the bell. run(currentTime:1779552300014, getTime():Sun May 24 01:05:00 GMT+09:00 2026, getTimeZone():libcore.util.ZoneInfo[mDstSavings=0,mUseDst=false,mDelegate=[id="Asia/Seoul",mRawOffset=32400000,mEarliestRawOffset=30472000,transitions=29]])
05-24 01:05:00.027 E/HeatmapThread( 2062): ECT Thread time in milliseconds: 1779552300
05-24 01:05:00.027 D/HeatmapThread( 2062): !@ batteryplugType : 0
05-24 01:05:00.027 D/HeatmapThread( 2062): !@ batteryLevel : 0  batteryTemperature : 0 
05-24 01:05:00.027 D/HeatmapThread( 2062): !@ Heatmap currtime: 29659205
05-24 01:05:00.027 D/HeatmapThread( 2062): !@ Heatmap prevtime: 29659196
05-24 01:05:00.027 D/HeatmapThread( 2062): !@ Heatmap plugstarttime: 35791394
05-24 01:05:00.027 D/HeatmapThread( 2062): !@ Heatmap prevv_dsoh_update_time: 29653376
05-24 01:05:00.028 E/HeatmapThread( 2062): !@Could not open '/efs/FactoryApp/bsoh', errno = 13
05-24 01:05:00.028 E/HeatmapThread( 2062): !@ CAM Could not access BSOH EFS
05-24 01:05:00.028 E/HeatmapThread( 2062): !@ CAM New BSOH: 0
05-24 01:05:00.028 W/RefactorFlag( 3697): New code path expects SceneContainerFlag to be enabled.
05-24 01:05:00.041 I/VSyncReactor( 2066): Current= 120, Period= 120, Distance= 0
05-24 01:05:00.048 I/VSyncReactor( 2066): Current= 120, Period= 120, Distance= 120
05-24 01:05:00.054 D/vendor.samsung.hardware.thermal@1.0-service( 2012): timer callback!
05-24 01:05:00.083 D/vendor.samsung.hardware.thermal@1.0-service( 2012): frontset.size = 0
05-24 01:05:00.094 I/SDHMS:x ( 6703): SIOP:: AP:327 BAT:298 USB:294 CHG:326 PA:332 WIFI:324 CF:319 BLK:0 SUBBAT:0 SKIN:305 SKINF:305 SKINB:302 LRP:305 LRP2:305 LRF2:305 LRB2:302 AP2:305 CHG2:302 WIFI2:305 UANT2:301 RCV2:302 SPK2:292 FCAM:294 UPSPK:319 DNSPK:294 AMB:243 AVGCUR:1 AVGSYS:290 POWER:4
05-24 01:05:00.182 I/sensors-hal( 1942): handle_sns_client_event:185, auto_rotation_debug_2 mode,255, type,1,0 acc,0.096,-0.124,9.890, ar,0, ver,14, pedo,1,e,1,i,3
05-24 01:05:00.225 D/ActivityManager( 2765): unpendingScheduleServiceRestart: u=10670, drop=false
05-24 01:05:00.230 D/FreecessController( 2765): UFZ : com.openai.chatgpt(10670) [28558] reason: Binder(1)-android.accessibilityservice.IAccessibili
05-24 01:05:00.231 W/LocationManagerService( 2765): onFreezeStateChanged, uid[10670]=false
05-24 01:05:00.232 I/PowerManagerService( 2765): [PWL] SetWakeLockEnableDisable uid = 10670 , disable= false
05-24 01:05:00.232 I/PowerManagerService( 2765): [PWL] can not change uid =  10670
05-24 01:05:00.809 D/io_stats( 1146): !@   8,0 r 27149067 581390908 w 10330067 147745884 d 3391897 167691268 f 0 801364 iot 12897448 0 th 0 0 0 pt 0 inp 0 0 340023.894
05-24 01:05:00.809 D/io_stats( 1146): !@ Write_top(KB): f2fs_ckpt-254:5(4251) 68 init(1) 28 crosoft.copilot(23350) 16
05-24 01:05:01.027 E/HeatmapThread( 2062): ECT Thread time in milliseconds: 1779552301
05-24 01:05:01.027 D/HeatmapThread( 2062): !@ batteryplugType : 0
05-24 01:05:01.028 D/HeatmapThread( 2062): !@ batteryLevel : 0  batteryTemperature : 0 
05-24 01:05:01.028 D/HeatmapThread( 2062): !@ Heatmap currtime: 29659205
05-24 01:05:01.028 D/HeatmapThread( 2062): !@ Heatmap prevtime: 29659196
05-24 01:05:01.028 D/HeatmapThread( 2062): !@ Heatmap plugstarttime: 35791394
05-24 01:05:01.028 D/HeatmapThread( 2062): !@ Heatmap prevv_dsoh_update_time: 29653376
05-24 01:05:01.028 E/HeatmapThread( 2062): !@Could not open '/efs/FactoryApp/bsoh', errno = 13
05-24 01:05:01.028 E/HeatmapThread( 2062): !@ CAM Could not access BSOH EFS
05-24 01:05:01.029 E/HeatmapThread( 2062): !@ CAM New BSOH: 0
05-24 01:05:01.110 D/NetdEventListenerService( 2765): CSC Feature value: true
05-24 01:05:01.110 D/NetdEventListenerService( 2765): CSC Feature value: true
05-24 01:05:01.112 D/NetdEventListenerService( 2765): DNS Requested by 213, 10125(com.instagram.android), 4(FAIL), isBlocked=true, 0ms
05-24 01:05:01.119 E/msys    (21704): E[N mns:DGWClient]_LogError(289)=>Failed to resolve using system DNS resolver, getaddrinfo(): No address associated with hostname
05-24 01:05:01.153 I/FusedLocation(24302): (REDACTED) location delivery to %s blocked - too close
05-24 01:05:01.154 I/FusedLocation(24302): (REDACTED) location delivery to %s blocked - too close
05-24 01:05:01.159 I/FusedLocation(24302): (REDACTED) location delivery to %s blocked - too close
05-24 01:05:01.160 I/FusedLocation(24302): (REDACTED) location delivery to %s blocked - too fast
05-24 01:05:01.164 I/Rubin   (29590): [202] m7.a.onLocationChanged(Unknown Source) : polygon changedLocation process
05-24 01:05:01.166 I/Rubin   (29590): [421] b7.a.a(Unknown Source) : changedLocation geohash : wydzx
05-24 01:05:01.169 D/LocationTracker( 8337): Got a location update from Play Services
05-24 01:05:01.168 D/ActivityManager( 2765): Received BROADCAST intent 0x17e98f5 Key{broadcastIntent pkg=com.samsung.android.mcfds intent=act=com.samsung.android.ce.sensor.location.PASSIVE_INTENT xflg=0x4 pkg=com.samsung.android.mcfds flags=0x2000000 u=0} requestCode=20247613 sent=0 from uid 1000
05-24 01:05:01.173 D/SLocation( 2765): PositionManager - Passive handleLocationChanged [F, A : 100.00, T : 1779552301151, ET : 349825719, h : 27/24]
05-24 01:05:01.173 D/SLocation( 2765): PositionManager - receive fused location
05-24 01:05:01.174 W/SLocation( 2765): GeopointGeofenceManger - refresh wifi to receive loc
05-24 01:05:01.175 D/SLocation( 2765): GeopointGeofenceManger - Location reported : fix method = 14 / 100.0
05-24 01:05:01.175 D/SLocation( 2765): LocationBuffer - receivedLocation - op[interval(min 60000, max 300000), waitTime 36000000, numOfUpdates 20, minDistance 200.0]dist : 0.0 diffTime : 60002 accept time condition
05-24 01:05:01.175 D/SLocation( 2765): LocationBuffer - input buffer, size : 20
05-24 01:05:01.175 D/SLocation( 2765): BatchCoreManager - send flush request to core
05-24 01:05:01.175 D/SLocation( 2765): BatchManager - received batch location buffered = true
05-24 01:05:01.175 D/SLocation( 2765): LastLocations - update latest location [F, A : 100.00, T : 1779552301151, ET : 349825719, h : 27/24]
05-24 01:05:01.176 D/SLocation( 2765): ARDistanceLibManager - request distance diff to AR Distance Library
05-24 01:05:01.176 D/SLocation( 2765): SLocationCoreSem - send to coreSem, packet length : 1 / [34]
05-24 01:05:01.176 D/SemContextLocationCoreAttribute( 2765): setAttribute() mode : 0 action : 23
05-24 01:05:01.176 D/SemContextService( 2765): lock : changeParameters
05-24 01:05:01.176 D/SemContext.CaeProvider.LocationCoreImpl( 2765): setAttribute() mode : 0 action : 23
05-24 01:05:01.177 W/CAE     ( 2765): setCAProperty(ContextAwareService.java:509) - [setProperty 01] Mutex is locked for SLOCATION_RUNNER
05-24 01:05:01.177 I/CAE     ( 2765): setPropertyValue(SLocationRunner.java:116) - SLocationRunner setProperty header : 34, len : 1
05-24 01:05:01.177 I/GmsPassiveListener_FLP( 4527): onGmsLocationChanged, provider=fused / speed=0.0 / time=1779552301151 / elapsed=349825719462490
05-24 01:05:01.178 D/SensorService( 2765): setSContextDataLocked ints length 2 , byte length 4
05-24 01:05:01.178 D/SensorService( 2765): setSContextDataLocked 223717c1
05-24 01:05:01.179 I/sensors-hal( 1942): inject_sensor_data:555, handle 1501 send inject
05-24 01:05:01.179 I/sensors-hal( 1942): sendContextData:285, sensor hal 4, (0xc1, 0x17, 0x37, 0x22)
05-24 01:05:01.179 E/sensors-hal( 1942): sendContextData:131, slocationcore h 193 m 23 s 55
05-24 01:05:01.179 I/sensors-hal( 1942): sendUserData:117, slocationcore sendUserData
05-24 01:05:01.179 E/sensors-hal( 1942): create_send_context_data:62, slocationcore create_send_context_data
05-24 01:05:01.179 I/sensors-hal( 1942): send_context_data:618, slocationcore, 4986366670857974562, 1320970896291267344, msgid:700
05-24 01:05:01.180 W/CAE     ( 2765): setCAProperty(ContextAwareService.java:515) - [setProperty 02] Mutex is unlocked for SLOCATION_RUNNER
05-24 01:05:01.180 D/SemContextService( 2765): unlock : changeParameters
05-24 01:05:01.180 D/SemContextManager( 2765):   .changeParameters : listener = Z.i@daece44, service=SLocation Core
05-24 01:05:01.180 D/SLocation( 2765): SLocationCoreSem - send to coreSem, packet length : 23 / [2, 22, 152, 92, 249, 76, 64, 254, 253, 0, 0, 0, 100, 2, 0, 0, 1, 158, 85, 149, 48, 95, 0]
05-24 01:05:01.180 D/SemContextLocationCoreAttribute( 2765): setAttribute() mode : 0 action : 23
05-24 01:05:01.180 D/SemContextService( 2765): lock : changeParameters
05-24 01:05:01.180 D/SemContext.CaeProvider.LocationCoreImpl( 2765): setAttribute() mode : 0 action : 23
05-24 01:05:01.180 W/CAE     ( 2765): setCAProperty(ContextAwareService.java:509) - [setProperty 01] Mutex is locked for SLOCATION_RUNNER
05-24 01:05:01.180 I/CAE     ( 2765): setPropertyValue(SLocationRunner.java:116) - SLocationRunner setProperty header : 2, len : 23
05-24 01:05:01.180 D/SensorService( 2765): setSContextDataLocked ints length 8 , byte length 26
05-24 01:05:01.180 D/SensorService( 2765): setSContextDataLocked 23717c1
05-24 01:05:01.181 I/sensors-hal( 1942): inject_sensor_data:555, handle 1501 send inject
05-24 01:05:01.181 I/sensors-hal( 1942): sendContextData:285, sensor hal 26, (0xc1, 0x17, 0x37, 0x2)
05-24 01:05:01.181 E/sensors-hal( 1942): sendContextData:131, slocationcore h 193 m 23 s 55
05-24 01:05:01.181 I/sensors-hal( 1942): sendUserData:117, slocationcore sendUserData
05-24 01:05:01.181 E/sensors-hal( 1942): create_send_context_data:62, slocationcore create_send_context_data
05-24 01:05:01.181 I/sensors-hal( 1942): ssc_conn_resp_cb:833, resp_value = 0
05-24 01:05:01.181 E/sensors-hal( 1942): handle_sns_client_event:76, slocationcore_event: msgid:1025
05-24 01:05:01.182 I/sensors-hal( 1942): send_context_data:618, slocationcore, 4986366670857974562, 1320970896291267344, msgid:700
05-24 01:05:01.182 E/sensors-hal( 1942): handle_sns_client_event:76, slocationcore_event: msgid:1025
05-24 01:05:01.183 E/sensors-hal( 1942): handle_sns_client_event:76, slocationcore_event: msgid:1025
05-24 01:05:01.183 I/sensors-hal( 1942): ssc_conn_resp_cb:833, resp_value = 0
05-24 01:05:01.183 E/sensors-hal( 1942): handle_sns_client_event:76, slocationcore_event: msgid:1025
05-24 01:05:01.184 W/CAE     ( 2765): setCAProperty(ContextAwareService.java:515) - [setProperty 02] Mutex is unlocked for SLOCATION_RUNNER
05-24 01:05:01.184 D/SemContextService( 2765): unlock : changeParameters
05-24 01:05:01.184 D/SemContextManager( 2765):   .changeParameters : listener = Z.i@daece44, service=SLocation Core
05-24 01:05:01.184 D/SLocation( 2765): ReceiverPair - ignore direction of location due to wifi, id = 20, reason = 400
05-24 01:05:01.185 D/CAE     ( 2765): onGetSensorHubData(SensorHubParserProvider.java:92) - onGetSensorHubData Event [event buffer len :46], AP_WAKEUP
05-24 01:05:01.185 I/CAE     ( 2765): parse(SensorHubParserProvider.java:188) - buffer size = 46
05-24 01:05:01.185 I/CAE     ( 2765): parse(SensorHubParserProvider.java:199) - 1, 1, 55, 0, 41, 5, 7, 2, 0, 0, 0, 0, 3, 114, -111, -128, 15, 5, 0, 0, 0, -56, 3, 114, -111, -128, 15, 5, 0, 0, 0, -56, 3, 114, -111, -128, 7, 2, 0, 0, 0, 10, 3, 114, -72, -112,
05-24 01:05:01.185 I/CAE     ( 2765): parse(SLocationRunner.java:88) - SLocationRunner parse start : 3
05-24 01:05:01.185 D/CAE     ( 2765): display(ContextProvider.java:375) - ================= SLOCATION_RUNNER =================
05-24 01:05:01.185 I/CAE     ( 2765): display(ContextProvider.java:391) - ExtraDataArray=[1, 1, 55, 0, 41, 5, 7, 2, 0, 0, 0, 0, 3, 114, -111, -128, 15, 5, 0, 0, 0, -56, 3, 114, -111, -128, 15, 5, 0, 0, 0, -56, 3, 114, -111, -128, 7, 2, 0, 0, 0, 10, 3, 114, -72, -112]
05-24 01:05:01.185 D/ActivityManager( 2765): Received SERVICE intent 0x3dae944 Key{startService pkg=com.google.android.gms/current_semantic_location intent=act=com.google.android.gms.semanticlocation.ACTION_LOCATION xflg=0x4 cmp=com.google.android.gms/.semanticlocation.service.SemanticLocationService flags=0x2000000 u=0} requestCode=0 from uid 10245
05-24 01:05:01.186 I/CAE     ( 2765): parse(SLocationRunner.java:96) - SLocationRunner parse end:46
05-24 01:05:01.186 D/CAE     ( 2765): onGetSensorHubData(SensorHubParserProvider.java:92) - onGetSensorHubData Event [event buffer len :38], AP_WAKEUP
05-24 01:05:01.186 D/SemContextService( 2765): Service.updateContext() : service = SLocation Core
05-24 01:05:01.186 I/CAE     ( 2765): parse(SensorHubParserProvider.java:188) - buffer size = 38
05-24 01:05:01.186 I/CAE     ( 2765): parse(SensorHubParserProvider.java:199) - 1, 1, 55, 0, 33, 33, 0, 0, 0, 0, 0, 0, 1, -98, 84, -124, -43, 32, 22, -104, 95, -96, 76, 65, 2, 0, 0, 0, 0, 6, 3, 114, -111, -128, 0, 0, 0, 6,
05-24 01:05:01.186 D/SLocation( 2765): ReceiverPairWithAdaptive - id : 123, dir : 1
05-24 01:05:01.186 I/CAE     ( 2765): parse(SLocationRunner.java:88) - SLocationRunner parse start : 3
05-24 01:05:01.186 D/CAE     ( 2765): display(ContextProvider.java:375) - ================= SLOCATION_RUNNER =================
05-24 01:05:01.186 I/CAE     ( 2765): display(ContextProvider.java:391) - ExtraDataArray=[1, 1, 55, 0, 33, 33, 0, 0, 0, 0, 0, 0, 1, -98, 84, -124, -43, 32, 22, -104, 95, -96, 76, 65, 2, 0, 0, 0, 0, 6, 3, 114, -111, -128, 0, 0, 0, 6]
05-24 01:05:01.187 I/CAE     ( 2765): parse(SLocationRunner.java:96) - SLocationRunner parse end:38
05-24 01:05:01.187 D/CAE     ( 2765): onGetSensorHubData(SensorHubParserProvider.java:92) - onGetSensorHubData Event [event buffer len :10], AP_WAKEUP
05-24 01:05:01.187 I/CAE     ( 2765): parse(SensorHubParserProvider.java:188) - buffer size = 10
05-24 01:05:01.187 I/CAE     ( 2765): parse(SensorHubParserProvider.java:199) - 1, 1, 55, 0, 5, 2, 34, 0, 0, 0,
05-24 01:05:01.187 D/SLocation( 2765): AlarmManagerWrapper - next alarm time : 353425743 (WK)
05-24 01:05:01.187 I/CAE     ( 2765): parse(SLocationRunner.java:88) - SLocationRunner parse start : 3
05-24 01:05:01.187 D/SLocation( 2765): SLocationCoreSem - send to coreSem, packet length : 1 / [50]
05-24 01:05:01.187 D/CAE     ( 2765): display(ContextProvider.java:375) - ================= SLOCATION_RUNNER =================
05-24 01:05:01.187 I/[CE]_ContextEngineReceiver(16387): onReceive - action: com.samsung.android.ce.sensor.location.PASSIVE_INTENT
05-24 01:05:01.188 D/SemContextManager( 2765): onSemContextChanged() : event = SLocation Core
05-24 01:05:01.188 D/SLocation( 2765): SensorHubWrapper - SemContextChanged type = 47, packet received
05-24 01:05:01.188 I/CAE     ( 2765): display(ContextProvider.java:391) - ExtraDataArray=[1, 1, 55, 0, 5, 2, 34, 0, 0, 0]
05-24 01:05:01.188 I/CAE     ( 2765): parse(SLocationRunner.java:96) - SLocationRunner parse end:10
05-24 01:05:01.188 D/CAE     ( 2765): onGetSensorHubData(SensorHubParserProvider.java:92) - onGetSensorHubData Event [event buffer len :10], AP_WAKEUP
05-24 01:05:01.188 I/CAE     ( 2765): parse(SensorHubParserProvider.java:188) - buffer size = 10
05-24 01:05:01.188 D/[CE]_ContextEngineController(16387): isContextEngineEnabled - isEnabled: true, state: 3
05-24 01:05:01.188 I/CAE     ( 2765): parse(SensorHubParserProvider.java:199) - 1, 1, 55, 0, 5, 2, 2, 0, 0, 0,
05-24 01:05:01.188 I/CAE     ( 2765): parse(SLocationRunner.java:88) - SLocationRunner parse start : 3
05-24 01:05:01.188 D/CAE     ( 2765): display(ContextProvider.java:375) - ================= SLOCATION_RUNNER =================
05-24 01:05:01.188 E/JobScheduler.Background( 2765): Couldn't determine stopped state for unknown package: com.samsung.android.sm.policy
05-24 01:05:01.188 I/CAE     ( 2765): display(ContextProvider.java:391) - ExtraDataArray=[1, 1, 55, 0, 5, 2, 2, 0, 0, 0]
05-24 01:05:01.188 I/CAE     ( 2765): parse(SLocationRunner.java:96) - SLocationRunner parse end:10
05-24 01:05:01.188 D/SemContextLocationCoreAttribute( 2765): setAttribute() mode : 0 action : 23
05-24 01:05:01.188 D/SemContextService( 2765): lock : changeParameters
05-24 01:05:01.188 D/SemContext.CaeProvider.LocationCoreImpl( 2765): setAttribute() mode : 0 action : 23
05-24 01:05:01.188 W/CAE     ( 2765): setCAProperty(ContextAwareService.java:509) - [setProperty 01] Mutex is locked for SLOCATION_RUNNER
05-24 01:05:01.188 I/CAE     ( 2765): setPropertyValue(SLocationRunner.java:116) - SLocationRunner setProperty header : 50, len : 1
05-24 01:05:01.188 D/[CE]_IntentBroker(16387): publish - [action] com.samsung.android.ce.sensor.location.PASSIVE_INTENT, [size] 2, [intent] Intent { act=com.samsung.android.ce.sensor.location.PASSIVE_INTENT flg=0x10 xflg=0x4 pkg=com.samsung.android.mcfds cmp=com.samsung.android.mcfds/com.samsung.android.ce.ContextEngineReceiver (has extras) }
05-24 01:05:01.188 I/[CE]_SLocationManager(16387): onReceive - [Passive Location] 20247613
05-24 01:05:01.188 D/SensorService( 2765): setSContextDataLocked ints length 2 , byte length 4
05-24 01:05:01.188 D/SensorService( 2765): setSContextDataLocked 323717c1
05-24 01:05:01.189 D/[CE]_SLocationManager(16387): writeToLogger - hit!
05-24 01:05:01.190 I/sensors-hal( 1942): inject_sensor_data:555, handle 1501 send inject
05-24 01:05:01.190 I/sensors-hal( 1942): sendContextData:285, sensor hal 4, (0xc1, 0x17, 0x37, 0x32)
05-24 01:05:01.190 E/sensors-hal( 1942): sendContextData:131, slocationcore h 193 m 23 s 55
05-24 01:05:01.190 I/sensors-hal( 1942): sendUserData:117, slocationcore sendUserData
05-24 01:05:01.190 E/sensors-hal( 1942): create_send_context_data:62, slocationcore create_send_context_data
05-24 01:05:01.190 I/sensors-hal( 1942): send_context_data:618, slocationcore, 4986366670857974562, 1320970896291267344, msgid:700
05-24 01:05:01.191 I/sensors-hal( 1942): ssc_conn_resp_cb:833, resp_value = 0
05-24 01:05:01.191 E/JobScheduler.Background( 2765): Couldn't determine stopped state for unknown package: com.samsung.android.sm.policy
05-24 01:05:01.191 E/sensors-hal( 1942): handle_sns_client_event:76, slocationcore_event: msgid:1025
05-24 01:05:01.191 E/JobScheduler.Background( 2765): Couldn't determine stopped state for unknown package: com.facebook.appmanager
05-24 01:05:01.191 E/JobScheduler.Background( 2765): Couldn't determine stopped state for unknown package: com.facebook.appmanager
05-24 01:05:01.191 E/JobScheduler.Background( 2765): Couldn't determine stopped state for unknown package: com.facebook.appmanager
05-24 01:05:01.191 E/JobScheduler.Background( 2765): Couldn't determine stopped state for unknown package: com.facebook.appmanager
05-24 01:05:01.191 E/JobScheduler.Background( 2765): Couldn't determine stopped state for unknown package: com.facebook.appmanager
05-24 01:05:01.192 E/sensors-hal( 1942): handle_sns_client_event:76, slocationcore_event: msgid:1025
05-24 01:05:01.193 W/CAE     ( 2765): setCAProperty(ContextAwareService.java:515) - [setProperty 02] Mutex is unlocked for SLOCATION_RUNNER
05-24 01:05:01.193 D/SemContextService( 2765): unlock : changeParameters
05-24 01:05:01.193 I/Rubin   (29590): [202] B5.e.onLocationChanged(Unknown Source) : Passive location updated
05-24 01:05:01.193 D/SemContextManager( 2765):   .changeParameters : listener = Z.i@daece44, service=SLocation Core
05-24 01:05:01.194 D/SLocation( 2765): GeopointLastLocation - last location still available 42 / 9223372036854775807
05-24 01:05:01.194 D/SLocation( 2765): GeopointGeofenceObserver - location : [F, A : 100.00, T : 1779552301151, ET : 349825719, h : 27/24], radius : 24320
05-24 01:05:01.194 D/SLocation( 2765): LocationProviderStatus - try to update provider status (GPS/NLP)
05-24 01:05:01.194 D/SLocation( 2765): LocationProviderStatus - set isGpsOn : true, isNlpOn : true
05-24 01:05:01.194 D/SLocation( 2765): LocationProviderStatus - gps & nlp status not changed
05-24 01:05:01.194 D/SLocation( 2765): GeofenceCoreManager - geofence core command pending size : 2
05-24 01:05:01.194 D/SLocation( 2765): GeofenceCoreRecovery - removeGeofenceInfo id = 15000
05-24 01:05:01.194 D/SLocation( 2765): SLocationCoreSem - send to coreSem, packet length : 3 / [17, 58, 152]
05-24 01:05:01.194 D/SemContextLocationCoreAttribute( 2765): setAttribute() mode : 0 action : 23
05-24 01:05:01.194 D/SemContextService( 2765): lock : changeParameters
05-24 01:05:01.194 D/SemContext.CaeProvider.LocationCoreImpl( 2765): setAttribute() mode : 0 action : 23
05-24 01:05:01.194 W/CAE     ( 2765): setCAProperty(ContextAwareService.java:509) - [setProperty 01] Mutex is locked for SLOCATION_RUNNER
05-24 01:05:01.194 I/CAE     ( 2765): setPropertyValue(SLocationRunner.java:116) - SLocationRunner setProperty header : 17, len : 3
05-24 01:05:01.194 D/CAE     ( 2765): onGetSensorHubData(SensorHubParserProvider.java:92) - onGetSensorHubData Event [event buffer len :6], AP_WAKEUP
05-24 01:05:01.195 I/CAE     ( 2765): parse(SensorHubParserProvider.java:188) - buffer size = 6
05-24 01:05:01.195 I/CAE     ( 2765): parse(SensorHubParserProvider.java:199) - 1, 1, 55, 0, 1, 49,
05-24 01:05:01.195 I/CAE     ( 2765): parse(SLocationRunner.java:88) - SLocationRunner parse start : 3
05-24 01:05:01.195 D/CAE     ( 2765): display(ContextProvider.java:375) - ================= SLOCATION_RUNNER =================
05-24 01:05:01.195 D/SensorService( 2765): setSContextDataLocked ints length 3 , byte length 6
05-24 01:05:01.195 D/SensorService( 2765): setSContextDataLocked 113717c1
05-24 01:05:01.195 I/CAE     ( 2765): display(ContextProvider.java:391) - ExtraDataArray=[1, 1, 55, 0, 1, 49]
