05-24 01:04:02.174 E/Tethering( 1005): 	at com.android.networkstack.tethering.BpfCoordinator$$ExternalSyntheticLambda0.run(Unknown Source:2)
05-24 01:04:02.174 E/Tethering( 1005): 	at android.os.Handler.handleCallback(Handler.java:938)
05-24 01:04:02.174 E/Tethering( 1005): 	at android.os.Handler.dispatchMessage(Handler.java:99)
05-24 01:04:02.174 E/Tethering( 1005): 	at android.os.Looper.loopOnce(Looper.java:226)
05-24 01:04:02.174 E/Tethering( 1005): 	at android.os.Looper.loop(Looper.java:313)
05-24 01:04:02.174 E/Tethering( 1005): 	at android.os.HandlerThread.run(HandlerThread.java:67)
05-24 01:04:02.174 E/Tethering( 1005): [BpfCoordinator] ERROR Problem fetching tethering stats
05-24 01:04:02.176 D/SemNscXgbL2Nrt( 1005): L2 NRT 1 sample inference time: 2.153116 msecs
05-24 01:04:02.492 D/DeviceStorageMonitorService( 1005): check() STORAGE TOTAL > 64G
05-24 01:04:02.493 W/DeviceStorageMonitorService( 1005): updateBroadcasts(/data) oldLevel:0, newLevel:0, seq:1
05-24 01:04:02.495 E/vold    (  426): getUsedF2fsFileNode -> Cannot Get Used FileNode Number (errno=25 Inappropriate ioctl for device)
05-24 01:04:02.496 D/DeviceStorageMonitorService( 1005): Cannot get USED FILE NODE NUMBER!!!
05-24 01:04:02.496 D/DeviceStorageMonitorService( 1005): Available File Node Number is [-1]
05-24 01:04:02.496 W/DeviceStorageMonitorService( 1005): updateBroadcasts_filenode(/data) fn_oldLevel:0, fn_newLevel:0, seq:1
05-24 01:04:02.526 E/audit   (  514): type=1400 audit(1779552242.519:30587): avc:  denied  { write } for  pid=13696 comm="PerfettoTrace" name="traced_producer" dev="tmpfs" ino=26790 scontext=u:r:gmscore_app:s0:c512,c768 tcontext=u:object_r:traced_producer_socket:s0 tclass=sock_file permissive=0 SEPF_SM-G973N_12_0001 audit_filtered
05-24 01:04:02.526 E/audit   (  514): type=1300 audit(1779552242.519:30587): arch=c00000b7 syscall=203 success=no exit=-13 a0=bf a1=6a007bfec0 a2=1e a3=ffffffff95f1206e items=0 ppid=534 pid=13696 auid=4294967295 uid=10076 gid=10076 euid=10076 suid=10076 fsuid=10076 egid=10076 sgid=10076 fsgid=10076 tty=(none) ses=4294967295 comm="PerfettoTrace" exe="/system/bin/app_process64" subj=u:r:gmscore_app:s0:c512,c768 key=(null)
05-24 01:04:02.526 E/audit   (  514): type=1327 audit(1779552242.519:30587): proctitle="com.google.android.gms"
05-24 01:04:02.679 D/SemNscXgbMsL1( 1005): Probability - Cloud gaming: [0.039478313]
05-24 01:04:02.679 D/SemNscXgbMsL1( 1005): Probability - Real time: [0.55180544]
05-24 01:04:02.680 D/SemNscXgbMsL1( 1005): Probability - Non real time: [0.2536978]
05-24 01:04:02.680 D/SemNscXgbMsL1( 1005): 1 sample inference time: 1.241808 msecs
05-24 01:04:02.682 D/SemNscXgbL2Rt( 1005): L2 RT 1 sample inference time: 2.219385 msecs
05-24 01:04:02.684 D/SemNscXgbL2Nrt( 1005): L2 NRT 1 sample inference time: 2.0265 msecs
05-24 01:04:02.685 I/SemWifiServiceDetector( 1005): NSD results: [0, 1, 1, 0, 1, 0, 1, 1] Traff. type 1 Thr 1
05-24 01:04:02.687 D/SemWifiOptimizer( 1005): enable=1 state=0x10 prev=0x10 new=0x10 force=0
05-24 01:04:03.019 D/io_stats(  457): !@   8,0 r 2445866 95670284 w 2026562 53795748 d 0 0 f 0 0 iot 1479016 0 th 0 0 0 pt 0 inp 0 0 192609.415
05-24 01:04:03.189 D/SemNscXgbMsL1( 1005): Probability - Cloud gaming: [0.050700452]
05-24 01:04:03.190 D/SemNscXgbMsL1( 1005): Probability - Real time: [0.7101412]
05-24 01:04:03.191 D/SemNscXgbMsL1( 1005): Probability - Non real time: [0.37111887]
05-24 01:04:03.191 D/SemNscXgbMsL1( 1005): 1 sample inference time: 1.717769 msecs
05-24 01:04:03.194 D/SemNscXgbL2Rt( 1005): L2 RT 1 sample inference time: 2.690346 msecs
05-24 01:04:03.196 D/SemNscXgbL2Nrt( 1005): L2 NRT 1 sample inference time: 2.049231 msecs
05-24 01:04:03.494 I/wpa_supplicant( 1392): Heartbeat 19256
05-24 01:04:03.699 D/SemNscXgbMsL1( 1005): Probability - Cloud gaming: [0.036075234]
05-24 01:04:03.700 D/SemNscXgbMsL1( 1005): Probability - Real time: [0.6727306]
05-24 01:04:03.701 D/SemNscXgbMsL1( 1005): Probability - Non real time: [0.3775842]
05-24 01:04:03.702 D/SemNscXgbMsL1( 1005): 1 sample inference time: 2.539192 msecs
05-24 01:04:03.705 D/SemNscXgbL2Rt( 1005): L2 RT 1 sample inference time: 2.78777 msecs
05-24 01:04:03.707 D/SemNscXgbL2Nrt( 1005): L2 NRT 1 sample inference time: 2.258077 msecs
05-24 01:04:04.211 D/SemNscXgbMsL1( 1005): Probability - Cloud gaming: [0.029753163]
05-24 01:04:04.212 D/SemNscXgbMsL1( 1005): Probability - Real time: [0.89538974]
05-24 01:04:04.212 D/SemNscXgbMsL1( 1005): Probability - Non real time: [0.39012197]
05-24 01:04:04.212 D/SemNscXgbMsL1( 1005): 1 sample inference time: 1.528231 msecs
05-24 01:04:04.215 D/SemNscXgbL2Rt( 1005): L2 RT 1 sample inference time: 2.293038 msecs
05-24 01:04:04.217 D/SemNscXgbL2Nrt( 1005): L2 NRT 1 sample inference time: 1.960847 msecs
05-24 01:04:04.620 D/SemCellularStateManager( 1005): onSignalStrengthsChanged: mCellularSignalLevel=3
05-24 01:04:04.621 D/MobileStatusTracker(0/1)( 1415): onSignalStrengthsChanged signalStrength=SignalStrength:{mCdma=Invalid,mGsm=Invalid,mWcdma=CellSignalStrengthWcdma: ss=-81 ber=99 rscp=-81 ecno=0 level=3,mTdscdma=Invalid,mLte=Invalid,mNr=Invalid,SignalBarInfo{ wcdmaLevel=4 },rat=3,primary=CellSignalStrengthWcdma} level=4
05-24 01:04:04.625 D/NetworkController( 1415): SignalStrength from intent slotId=0
05-24 01:04:04.720 D/SemNscXgbMsL1( 1005): Probability - Cloud gaming: [0.02516938]
05-24 01:04:04.721 D/SemNscXgbMsL1( 1005): Probability - Real time: [0.5817634]
05-24 01:04:04.721 D/SemNscXgbMsL1( 1005): Probability - Non real time: [0.35296726]
05-24 01:04:04.721 D/SemNscXgbMsL1( 1005): 1 sample inference time: 1.3915 msecs
05-24 01:04:04.724 D/SemNscXgbL2Rt( 1005): L2 RT 1 sample inference time: 2.335154 msecs
05-24 01:04:04.726 D/SemNscXgbL2Nrt( 1005): L2 NRT 1 sample inference time: 1.937462 msecs
05-24 01:04:05.021 D/io_stats(  457): !@   8,0 r 2445866 95670284 w 2026564 53795824 d 0 0 f 0 0 iot 1479020 0 th 0 0 0 pt 0 inp 0 0 192611.417
05-24 01:04:05.229 D/SemNscXgbMsL1( 1005): Probability - Cloud gaming: [0.023590367]
05-24 01:04:05.230 D/SemNscXgbMsL1( 1005): Probability - Real time: [0.7891667]
05-24 01:04:05.231 D/SemNscXgbMsL1( 1005): Probability - Non real time: [0.875244]
05-24 01:04:05.231 D/SemNscXgbMsL1( 1005): 1 sample inference time: 1.802193 msecs
05-24 01:04:05.233 D/SemNscXgbL2Rt( 1005): L2 RT 1 sample inference time: 2.320693 msecs
05-24 01:04:05.236 D/SemNscXgbL2Nrt( 1005): L2 NRT 1 sample inference time: 2.364769 msecs
05-24 01:04:05.740 D/SemNscXgbMsL1( 1005): Probability - Cloud gaming: [0.026052952]
05-24 01:04:05.741 D/SemNscXgbMsL1( 1005): Probability - Real time: [0.3149577]
05-24 01:04:05.741 D/SemNscXgbMsL1( 1005): Probability - Non real time: [0.6022776]
05-24 01:04:05.741 D/SemNscXgbMsL1( 1005): 1 sample inference time: 1.458924 msecs
05-24 01:04:05.744 D/SemNscXgbL2Rt( 1005): L2 RT 1 sample inference time: 2.410539 msecs
05-24 01:04:05.746 D/SemNscXgbL2Nrt( 1005): L2 NRT 1 sample inference time: 1.93373 msecs
05-24 01:04:05.894 I/NearbyMediums(15725): No BLE Fast/GATT advertisements found in the latest cycle.
05-24 01:04:05.895 I/NearbyMediums(15725): Current Tracked Scanning Clients are : {NearbyConnections.EnvironmentMonitor, NearbySharing, NearbyConnections.TxAdvertisement}
05-24 01:04:05.903 D/SemCellularStateManager( 1005): onSignalStrengthsChanged: mCellularSignalLevel=3
05-24 01:04:05.904 D/MobileStatusTracker(0/1)( 1415): onSignalStrengthsChanged signalStrength=SignalStrength:{mCdma=Invalid,mGsm=Invalid,mWcdma=CellSignalStrengthWcdma: ss=-79 ber=99 rscp=-79 ecno=0 level=3,mTdscdma=Invalid,mLte=Invalid,mNr=Invalid,SignalBarInfo{ wcdmaLevel=4 },rat=3,primary=CellSignalStrengthWcdma} level=4
05-24 01:04:05.908 D/NetworkController( 1415): SignalStrength from intent slotId=0
05-24 01:04:06.249 D/SemNscXgbMsL1( 1005): Probability - Cloud gaming: [0.04805881]
05-24 01:04:06.250 D/SemNscXgbMsL1( 1005): Probability - Real time: [0.4056088]
05-24 01:04:06.250 D/SemNscXgbMsL1( 1005): Probability - Non real time: [0.74121416]
05-24 01:04:06.250 D/SemNscXgbMsL1( 1005): 1 sample inference time: 1.557039 msecs
05-24 01:04:06.253 D/SemNscXgbL2Rt( 1005): L2 RT 1 sample inference time: 2.22827 msecs
05-24 01:04:06.255 D/SemNscXgbL2Nrt( 1005): L2 NRT 1 sample inference time: 1.878076 msecs
05-24 01:04:06.388 I/id.gms.unstabl(11264): Explicit concurrent copying GC freed 434(96KB) AllocSpace objects, 0(0B) LOS objects, 30% free, 4711KB/6759KB, paused 253us,100us total 88.613ms
05-24 01:04:06.470 D/WifiConnectivityMonitor.NetworkStatsAnalyzer( 1005): Backhaul result - RSSI:-127, CE:9, PE:9, TI:44, PTI:44, TW:8, PTW:8, Tx:55, Rx:119, TxS:49, RxS:43, RESULT:true, IC:0, ICT:2, WC:0, WCT:2, R:0, RC:0, IE:0, EC:0
05-24 01:04:06.760 D/SemNscXgbMsL1( 1005): Probability - Cloud gaming: [0.02462924]
05-24 01:04:06.761 D/SemNscXgbMsL1( 1005): Probability - Real time: [0.48230982]
05-24 01:04:06.761 D/SemNscXgbMsL1( 1005): Probability - Non real time: [0.47047538]
05-24 01:04:06.761 D/SemNscXgbMsL1( 1005): 1 sample inference time: 1.592154 msecs
05-24 01:04:06.764 D/SemNscXgbL2Rt( 1005): L2 RT 1 sample inference time: 2.854 msecs
05-24 01:04:06.767 D/SemNscXgbL2Nrt( 1005): L2 NRT 1 sample inference time: 2.772231 msecs
05-24 01:04:07.177 E/Tethering( 1005): [api31.BpfCoordinatorShimImpl] ERROR Fail to fetch tethering stats from BPF map: : getNextMapKey failed: EBADF (Bad file descriptor)
05-24 01:04:07.177 E/Tethering( 1005): android.system.ErrnoException: getNextMapKey failed: EBADF (Bad file descriptor)
05-24 01:04:07.177 E/Tethering( 1005): 	at com.android.networkstack.tethering.BpfMap.getNextMapKey(Native Method)
05-24 01:04:07.177 E/Tethering( 1005): 	at com.android.networkstack.tethering.BpfMap.getNextRawKey(BpfMap.java:199)
05-24 01:04:07.177 E/Tethering( 1005): 	at com.android.networkstack.tethering.BpfMap.getNextKeyInternal(BpfMap.java:177)
05-24 01:04:07.177 E/Tethering( 1005): 	at com.android.networkstack.tethering.BpfMap.getFirstKey(BpfMap.java:206)
05-24 01:04:07.177 E/Tethering( 1005): 	at com.android.networkstack.tethering.BpfMap.forEach(BpfMap.java:243)
05-24 01:04:07.177 E/Tethering( 1005): 	at com.android.networkstack.tethering.apishim.api31.BpfCoordinatorShimImpl.tetherOffloadGetStats(BpfCoordinatorShimImpl.java:241)
05-24 01:04:07.177 E/Tethering( 1005): 	at com.android.networkstack.tethering.BpfCoordinator.updateForwardedStats(BpfCoordinator.java:1844)
05-24 01:04:07.177 E/Tethering( 1005): 	at com.android.networkstack.tethering.BpfCoordinator.lambda$new$0(BpfCoordinator.java:249)
05-24 01:04:07.177 E/Tethering( 1005): 	at com.android.networkstack.tethering.BpfCoordinator.$r8$lambda$11zi2so53-tPlRpKnlSkWOpxReo(Unknown Source:0)
05-24 01:04:07.177 E/Tethering( 1005): 	at com.android.networkstack.tethering.BpfCoordinator$$ExternalSyntheticLambda0.run(Unknown Source:2)
05-24 01:04:07.177 E/Tethering( 1005): 	at android.os.Handler.handleCallback(Handler.java:938)
05-24 01:04:07.177 E/Tethering( 1005): 	at android.os.Handler.dispatchMessage(Handler.java:99)
05-24 01:04:07.177 E/Tethering( 1005): 	at android.os.Looper.loopOnce(Looper.java:226)
05-24 01:04:07.177 E/Tethering( 1005): 	at android.os.Looper.loop(Looper.java:313)
05-24 01:04:07.177 E/Tethering( 1005): 	at android.os.HandlerThread.run(HandlerThread.java:67)
05-24 01:04:07.177 E/Tethering( 1005): [BpfCoordinator] ERROR Problem fetching tethering stats
05-24 01:04:07.269 D/SemNscXgbMsL1( 1005): Probability - Cloud gaming: [0.017071454]
05-24 01:04:07.270 D/SemNscXgbMsL1( 1005): Probability - Real time: [0.67997015]
05-24 01:04:07.270 D/SemNscXgbMsL1( 1005): Probability - Non real time: [0.41078132]
05-24 01:04:07.270 D/SemNscXgbMsL1( 1005): 1 sample inference time: 1.390423 msecs
05-24 01:04:07.273 D/SemNscXgbL2Rt( 1005): L2 RT 1 sample inference time: 2.165654 msecs
05-24 01:04:07.276 D/SemNscXgbL2Nrt( 1005): L2 NRT 1 sample inference time: 3.126423 msecs
05-24 01:04:07.781 D/SemNscXgbMsL1( 1005): Probability - Cloud gaming: [0.009699339]
05-24 01:04:07.782 D/SemNscXgbMsL1( 1005): Probability - Real time: [0.83861023]
05-24 01:04:07.783 D/SemNscXgbMsL1( 1005): Probability - Non real time: [0.43022323]
05-24 01:04:07.783 D/SemNscXgbMsL1( 1005): 1 sample inference time: 1.870654 msecs
05-24 01:04:07.786 D/SemNscXgbL2Rt( 1005): L2 RT 1 sample inference time: 2.785346 msecs
05-24 01:04:07.788 D/SemNscXgbL2Nrt( 1005): L2 NRT 1 sample inference time: 2.565039 msecs
05-24 01:04:08.294 D/SemNscXgbMsL1( 1005): Probability - Cloud gaming: [0.009568537]
05-24 01:04:08.295 D/SemNscXgbMsL1( 1005): Probability - Real time: [0.8474045]
05-24 01:04:08.296 D/SemNscXgbMsL1( 1005): Probability - Non real time: [0.09662137]
05-24 01:04:08.296 D/SemNscXgbMsL1( 1005): 1 sample inference time: 2.089616 msecs
05-24 01:04:08.299 D/SemNscXgbL2Rt( 1005): L2 RT 1 sample inference time: 3.119154 msecs
05-24 01:04:08.302 D/SemNscXgbL2Nrt( 1005): L2 NRT 1 sample inference time: 2.391423 msecs
05-24 01:04:08.460 D/SemCellularStateManager( 1005): onSignalStrengthsChanged: mCellularSignalLevel=3
05-24 01:04:08.461 D/MobileStatusTracker(0/1)( 1415): onSignalStrengthsChanged signalStrength=SignalStrength:{mCdma=Invalid,mGsm=Invalid,mWcdma=CellSignalStrengthWcdma: ss=-83 ber=99 rscp=-83 ecno=0 level=3,mTdscdma=Invalid,mLte=Invalid,mNr=Invalid,SignalBarInfo{ wcdmaLevel=4 },rat=3,primary=CellSignalStrengthWcdma} level=4
05-24 01:04:08.466 D/NetworkController( 1415): SignalStrength from intent slotId=0
05-24 01:04:08.805 D/SemNscXgbMsL1( 1005): Probability - Cloud gaming: [0.021749044]
05-24 01:04:08.806 D/SemNscXgbMsL1( 1005): Probability - Real time: [0.7676644]
05-24 01:04:08.806 D/SemNscXgbMsL1( 1005): Probability - Non real time: [0.1468855]
05-24 01:04:08.806 D/SemNscXgbMsL1( 1005): 1 sample inference time: 1.31523 msecs
05-24 01:04:08.809 D/SemNscXgbL2Rt( 1005): L2 RT 1 sample inference time: 2.235384 msecs
05-24 01:04:08.811 D/SemNscXgbL2Nrt( 1005): L2 NRT 1 sample inference time: 1.969269 msecs
05-24 01:04:09.314 D/SemNscXgbMsL1( 1005): Probability - Cloud gaming: [0.02883404]
05-24 01:04:09.315 D/SemNscXgbMsL1( 1005): Probability - Real time: [0.7942106]
05-24 01:04:09.315 D/SemNscXgbMsL1( 1005): Probability - Non real time: [0.24573626]
05-24 01:04:09.316 D/SemNscXgbMsL1( 1005): 1 sample inference time: 1.928654 msecs
05-24 01:04:09.318 D/SemNscXgbL2Rt( 1005): L2 RT 1 sample inference time: 2.588385 msecs
05-24 01:04:09.320 D/SemNscXgbL2Nrt( 1005): L2 NRT 1 sample inference time: 1.795385 msecs
05-24 01:04:09.704 D/NetworkController.WifiSignalController( 1415): notifyListener: visible=true, enabled=true, connected=true, inetCondition=1, isDefault=true, receivedCR=true, receivedIC=-1, shouldForceHide=false, emptyConnected=false
05-24 01:04:09.707 D/Tile.WifiTile( 1415): handleUpdateState isTransient=false transientEnabling =false cb.isTransient=false state.state = 2 mStateBeforeClick.value =false enabled =true
05-24 01:04:09.711 D/NetworkController( 1415): refreshMPTCPIndicator: dataConnected false wifiConnected true mMPTCPSettingEnabled false
05-24 01:04:09.716 D/NetworkController( 1415): refreshMPTCPIndicator: dataConnected false wifiConnected true mMPTCPSettingEnabled false
05-24 01:04:09.716 D/NetworkController.MobileSignalController(0/1)( 1415): notifyListener: enabled=true, connected=false, dataConnected=false, networkType=UNKNOWN (Unknown), emergencyOnly=true, roaming=false, isDefault=false, fiveGAvailable=false, mmWave=false, showDisabledDataIcon=false, voWifiConnected=false, dataActivity=, simState=LOADED, cardOperator=OTHERS, simCardActivated=0
05-24 01:04:09.717 D/Tile.WifiTile( 1415): handleUpdateState isTransient=false transientEnabling =false cb.isTransient=false state.state = 2 mStateBeforeClick.value =false enabled =true
05-24 01:04:09.717 D/Tile.BluetoothTile( 1415): onBluetoothStateChange = true
05-24 01:04:09.722 D/NetworkController.MobileSignalController(0/1)( 1415): IsPowerOffServiceStatemServiceState - {mVoiceRegState=1(OUT_OF_SERVICE), mDataRegState=1(OUT_OF_SERVICE), mChannelNumber=2147483647, duplexMode()=0, mCellBandwidths=[], mOperatorAlphaLong=<MASKED>, mOperatorAlphaShort=<MASKED>, isManualNetworkSelection=false(automatic), getRilVoiceRadioTechnology=3(UMTS), getRilDataRadioTechnology=0(Unknown), mCssIndicator=unsupported, mNetworkId=<MASKED>, mSystemId=<MASKED>, mCdmaRoamingIndicator=-1, mCdmaDefaultRoamingIndicator=-1, VoiceRegType=0, Snap=0, MobileData=OUT_OF_SERVICE, MobileDataRoamingType=home, MobileDataRat=Unknown, OptRadioTech=0, PsOnly=false, FemtocellInd=0, SprDisplayRoam=false, mIsEmergencyOnly=true, isUsingCarrierAggregation=false, mArfcnRsrpBoost=0, mNetworkRegistrationInfos=[NetworkRegistrationInfo{ domain=CS transportType=WWAN registrationState=DENIED roamingType=NOT_ROAMING accessNetworkTechnology=UMTS rejectCause=0 emergencyEnabled=true availableServices=[EMERGENCY] cellIdentity=CellIdentityWcdma:{ mLac=1***4 mCid=3*****45 mPsc=0 mUarfcn=2147483647 mMcc=450 mMnc=08 mAlphaLong=KT mAlphaShort=KT mAdditionalPlmns={} mCsgInfo=null} voiceSpecificInfo=VoiceSpecificRegistrationInfo { mCssSupported=false mRoamingIndicator=0 mSystemIsInPrl=0 mDefaultRoamingIndicator=0} dataSpecificInfo=null nrState=**** rRplmn=45008 isUsingCarrierAggregation=false}, NetworkRegistrationInfo{ domain=PS transportType=WWAN registrationState=NOT_REG_OR_SEARCHING roamingType=NOT_ROAMING accessNetworkTechnology=UNKNOWN rejectCause=0 emergencyEnabled=true availableServices=[EMERGENCY] cellIdentity=CellIdentityWcdma:{ mLac=1***4 mCid=3*****45 mPsc=0 mUarfcn=2147483647 mMcc=450 mMnc=08 mAlphaLong=KT mAlphaShort=KT mAdditionalPlmns={} mCsgInfo=null} voiceSpecificInfo=null dataSpecificInfo=android.telephony.DataSpecificRegistrationInfo :{ maxDataCalls = 4 isDcNrRestricted = false isNrAvailable = false isEnDcAvailable = false LteVopsSupportInfo :  mVopsSupport = 1 mEmcBearerSupport = 1 } nrState=**** rRplmn=45008 isUsingCarrierAggregation=false}], mNrFrequencyRange=0, mOperatorAlphaLongRaw=<MASKED>, mOperatorAlphaShortRaw=<MASKED>, mIsDataRoamingFromRegistration=false, mIsIwlanPreferred=false}mCurrentState.airplaneMode - falsemServiceState.getVoiceRegState() - 1!mServiceState.canCellularVoiceService() - false
05-24 01:04:09.722 D/NetworkController( 1415): IsPowerOffServiceState is false: 0
05-24 01:04:09.722 D/Tile.AirplaneModeTile( 1415):  handleUpdateState: airplane mode is disabled : enter mSetting.getValue() == 0mIsWiFiOnlyDevice falseisNoSimState false!isPowerOffServiceState true
05-24 01:04:09.722 D/Tile.AirplaneModeTile( 1415):  handleUpdateState:  value = false, state = 1
05-24 01:04:09.724 D/Tile.BluetoothTile( 1415):  handleUpdateState enabled = true connected = false connecting = false changedState =false bluetoothState = 12 enabledChanging = false state = BooleanState[spec=Bluetooth,icon=ResourceIcon[resId=0x7f080832],iconSupplier=null,label=블루투스,secondaryLabel=null,contentDescription=블루투스,사용,stateDescription=null,dualLabelContentDescription=null,expandedAccessibilityClassName=null,disabledByPolicy=false,dualTarget=true,isTransient=false,state=2,slash="null",sideViewCustomDrawable=null,tileClassName=null,value=true,forceExpandIcon=false]
05-24 01:04:09.726 D/Tile.BluetoothTile( 1415):  handleUpdateState enabled = true connected = false connecting = false changedState =false bluetoothState = 12 enabledChanging = false state = BooleanState[spec=Bluetooth,icon=ResourceIcon[resId=0x7f080832],iconSupplier=null,label=블루투스,secondaryLabel=null,contentDescription=블루투스,사용,stateDescription=null,dualLabelContentDescription=null,expandedAccessibilityClassName=null,disabledByPolicy=false,dualTarget=true,isTransient=false,state=2,slash="null",sideViewCustomDrawable=null,tileClassName=null,value=true,forceExpandIcon=false]
05-24 01:04:09.744 D/SemCellularStateManager( 1005): onSignalStrengthsChanged: mCellularSignalLevel=3
05-24 01:04:09.745 D/MobileStatusTracker(0/1)( 1415): onSignalStrengthsChanged signalStrength=SignalStrength:{mCdma=Invalid,mGsm=Invalid,mWcdma=CellSignalStrengthWcdma: ss=-81 ber=99 rscp=-80 ecno=0 level=3,mTdscdma=Invalid,mLte=Invalid,mNr=Invalid,SignalBarInfo{ wcdmaLevel=4 },rat=3,primary=CellSignalStrengthWcdma} level=4
05-24 01:04:09.747 D/NetworkController( 1415): SignalStrength from intent slotId=0
05-24 01:04:09.824 D/SemNscXgbMsL1( 1005): Probability - Cloud gaming: [0.048107523]
05-24 01:04:09.825 D/SemNscXgbMsL1( 1005): Probability - Real time: [0.9422765]
05-24 01:04:09.825 D/SemNscXgbMsL1( 1005): Probability - Non real time: [0.64399445]
05-24 01:04:09.825 D/SemNscXgbMsL1( 1005): 1 sample inference time: 1.688077 msecs
05-24 01:04:09.828 D/SemNscXgbL2Rt( 1005): L2 RT 1 sample inference time: 2.830308 msecs
05-24 01:04:09.831 D/SemNscXgbL2Nrt( 1005): L2 NRT 1 sample inference time: 2.6485 msecs
05-24 01:04:09.887 D/NetworkController.WifiSignalController( 1415): notifyListener: visible=true, enabled=true, connected=true, inetCondition=1, isDefault=true, receivedCR=true, receivedIC=-1, shouldForceHide=false, emptyConnected=false
05-24 01:04:09.895 D/NetworkController( 1415): refreshMPTCPIndicator: dataConnected false wifiConnected true mMPTCPSettingEnabled false
05-24 01:04:09.916 D/NetworkController( 1415): refreshMPTCPIndicator: dataConnected false wifiConnected true mMPTCPSettingEnabled false
05-24 01:04:09.916 D/NetworkController.MobileSignalController(0/1)( 1415): notifyListener: enabled=true, connected=false, dataConnected=false, networkType=UNKNOWN (Unknown), emergencyOnly=true, roaming=false, isDefault=false, fiveGAvailable=false, mmWave=false, showDisabledDataIcon=false, voWifiConnected=false, dataActivity=, simState=LOADED, cardOperator=OTHERS, simCardActivated=0
05-24 01:04:09.917 D/Tile.MobileDataTile( 1415): registerPhoneStateListener
05-24 01:04:09.931 D/Tile.MobileDataTile( 1415): service state changed : {mVoiceRegState=1(OUT_OF_SERVICE), mDataRegState=1(OUT_OF_SERVICE), mChannelNumber=2147483647, duplexMode()=0, mCellBandwidths=[], mOperatorAlphaLong=<MASKED>, mOperatorAlphaShort=<MASKED>, isManualNetworkSelection=false(automatic), getRilVoiceRadioTechnology=3(UMTS), getRilDataRadioTechnology=0(Unknown), mCssIndicator=unsupported, mNetworkId=<MASKED>, mSystemId=<MASKED>, mCdmaRoamingIndicator=-1, mCdmaDefaultRoamingIndicator=-1, VoiceRegType=0, Snap=0, MobileData=OUT_OF_SERVICE, MobileDataRoamingType=home, MobileDataRat=Unknown, OptRadioTech=0, PsOnly=false, FemtocellInd=0, SprDisplayRoam=false, mIsEmergencyOnly=true, isUsingCarrierAggregation=false, mArfcnRsrpBoost=0, mNetworkRegistrationInfos=[NetworkRegistrationInfo{ domain=CS transportType=WWAN registrationState=DENIED roamingType=NOT_ROAMING accessNetworkTechnology=UMTS rejectCause=0 emergencyEnabled=true availableServices=[EMERGENCY] cellIdentity=CellIdentityWcdma:{ mLac=1***4 mCid=3*****45 mPsc=0 mUarfcn=2147483647 mMcc=450 mMnc=08 mAlphaLong=KT mAlphaShort=KT mAdditionalPlmns={} mCsgInfo=null} voiceSpecificInfo=VoiceSpecificRegistrationInfo { mCssSupported=false mRoamingIndicator=0 mSystemIsInPrl=0 mDefaultRoamingIndicator=0} dataSpecificInfo=null nrState=**** rRplmn=45008 isUsingCarrierAggregation=false}, NetworkRegistrationInfo{ domain=PS transportType=WWAN registrationState=NOT_REG_OR_SEARCHING roamingType=NOT_ROAMING accessNetworkTechnology=UNKNOWN rejectCause=0 emergencyEnabled=true availableServices=[EMERGENCY] cellIdentity=CellIdentityWcdma:{ mLac=1***4 mCid=3*****45 mPsc=0 mUarfcn=2147483647 mMcc=450 mMnc=08 mAlphaLong=KT mAlphaShort=KT mAdditionalPlmns={} mCsgInfo=null} voiceSpecificInfo=null dataSpecificInfo=android.telephony.DataSpecificRegistrationInfo :{ maxDataCalls = 4 isDcNrRestricted = false isNrAvailable = false isEnDcAvailable = false LteVopsSupportInfo :  mVopsSupport = 1 mEmcBearerSupport = 1 } nrState=**** rRplmn=45008 isUsingCarrierAggregation=false}], mNrFrequencyRange=0, mOperatorAlphaLongRaw=<MASKED>, mOperatorAlphaShortRaw=<MASKED>, mIsDataRoamingFromRegistration=false, mIsIwlanPreferred=false}
05-24 01:04:09.963 I/DataUsageController( 1415): isSimReady simSlotCount : 1 ready : true
05-24 01:04:09.967 D/Tile.MobileDataTile( 1415): handleUpdateState : state true
05-24 01:04:09.983 I/DataUsageController( 1415): isSimReady simSlotCount : 1 ready : true
05-24 01:04:09.988 D/Tile.MobileDataTile( 1415): handleUpdateState : state true
05-24 01:04:09.990 D/Tile.MobileDataTile( 1415): unregisterPhoneStateListener
05-24 01:04:09.991 D/Tile.HotspotTile( 1415):  onDataSaverChanged : false
05-24 01:04:09.991 D/Tile.HotspotTile( 1415):  onHotspotChanged : false devices =0
05-24 01:04:09.991 I/SemWifiApTetheredClientInfo( 1005): getWifiApStaListDetail
05-24 01:04:09.992 D/Tile.HotspotTile( 1415): updateItems
05-24 01:04:09.992 D/hot     ( 1415):  hot updateConnectedDeviceList mConnectedDevices = []
05-24 01:04:10.002 D/Tile.DndTile( 1415): handleUpdateState zen 0  state = BooleanState[spec=Dnd,icon=ResourceIcon[resId=0x7f080836],iconSupplier=null,label=방해 금지,secondaryLabel=null,contentDescription=null,stateDescription=null,dualLabelContentDescription=null,expandedAccessibilityClassName=null,disabledByPolicy=false,dualTarget=true,isTransient=false,state=1,slash="null",sideViewCustomDrawable=null,tileClassName=null,value=false,forceExpandIcon=false]
05-24 01:04:10.191 D/vendor.samsung.hardware.thermal@1.0-service(  574): timer callback!
05-24 01:04:10.335 D/SemNscXgbMsL1( 1005): Probability - Cloud gaming: [0.015138384]
05-24 01:04:10.336 D/SemNscXgbMsL1( 1005): Probability - Real time: [0.8891364]
05-24 01:04:10.336 D/SemNscXgbMsL1( 1005): Probability - Non real time: [0.1911268]
05-24 01:04:10.336 D/SemNscXgbMsL1( 1005): 1 sample inference time: 1.450231 msecs
05-24 01:04:10.339 D/SemNscXgbL2Rt( 1005): L2 RT 1 sample inference time: 2.822885 msecs
05-24 01:04:10.341 D/SemNscXgbL2Nrt( 1005): L2 NRT 1 sample inference time: 1.975 msecs
05-24 01:04:10.845 D/SemNscXgbMsL1( 1005): Probability - Cloud gaming: [0.049177323]
05-24 01:04:10.846 D/SemNscXgbMsL1( 1005): Probability - Real time: [0.7581881]
05-24 01:04:10.846 D/SemNscXgbMsL1( 1005): Probability - Non real time: [0.52734625]
05-24 01:04:10.846 D/SemNscXgbMsL1( 1005): 1 sample inference time: 1.505 msecs
05-24 01:04:10.849 D/SemNscXgbL2Rt( 1005): L2 RT 1 sample inference time: 2.140307 msecs
05-24 01:04:10.851 D/SemNscXgbL2Nrt( 1005): L2 NRT 1 sample inference time: 1.984307 msecs
05-24 01:04:11.355 D/SemNscXgbMsL1( 1005): Probability - Cloud gaming: [0.03585428]
05-24 01:04:11.356 D/SemNscXgbMsL1( 1005): Probability - Real time: [0.33616573]
05-24 01:04:11.356 D/SemNscXgbMsL1( 1005): Probability - Non real time: [0.6407344]
05-24 01:04:11.356 D/SemNscXgbMsL1( 1005): 1 sample inference time: 1.642 msecs
05-24 01:04:11.358 D/SemNscXgbL2Rt( 1005): L2 RT 1 sample inference time: 1.996385 msecs
05-24 01:04:11.360 D/SemNscXgbL2Nrt( 1005): L2 NRT 1 sample inference time: 1.874423 msecs
05-24 01:04:11.792 E/Watchdog( 1005): !@Sync: 6418 heap: 108 / 116 [2026-05-24 01:04:11.791] sdogWay: softdog FD: 1004
05-24 01:04:11.863 D/SemNscXgbMsL1( 1005): Probability - Cloud gaming: [0.03136586]
05-24 01:04:11.864 D/SemNscXgbMsL1( 1005): Probability - Real time: [0.52677333]
05-24 01:04:11.864 D/SemNscXgbMsL1( 1005): Probability - Non real time: [0.5845367]
05-24 01:04:11.864 D/SemNscXgbMsL1( 1005): 1 sample inference time: 1.290038 msecs
05-24 01:04:11.866 D/SemNscXgbL2Rt( 1005): L2 RT 1 sample inference time: 2.159538 msecs
05-24 01:04:11.869 D/SemNscXgbL2Nrt( 1005): L2 NRT 1 sample inference time: 2.287616 msecs
05-24 01:04:12.180 E/Tethering( 1005): [api31.BpfCoordinatorShimImpl] ERROR Fail to fetch tethering stats from BPF map: : getNextMapKey failed: EBADF (Bad file descriptor)
05-24 01:04:12.180 E/Tethering( 1005): android.system.ErrnoException: getNextMapKey failed: EBADF (Bad file descriptor)
05-24 01:04:12.180 E/Tethering( 1005): 	at com.android.networkstack.tethering.BpfMap.getNextMapKey(Native Method)
05-24 01:04:12.180 E/Tethering( 1005): 	at com.android.networkstack.tethering.BpfMap.getNextRawKey(BpfMap.java:199)
05-24 01:04:12.180 E/Tethering( 1005): 	at com.android.networkstack.tethering.BpfMap.getNextKeyInternal(BpfMap.java:177)
05-24 01:04:12.180 E/Tethering( 1005): 	at com.android.networkstack.tethering.BpfMap.getFirstKey(BpfMap.java:206)
05-24 01:04:12.180 E/Tethering( 1005): 	at com.android.networkstack.tethering.BpfMap.forEach(BpfMap.java:243)
05-24 01:04:12.180 E/Tethering( 1005): 	at com.android.networkstack.tethering.apishim.api31.BpfCoordinatorShimImpl.tetherOffloadGetStats(BpfCoordinatorShimImpl.java:241)
05-24 01:04:12.180 E/Tethering( 1005): 	at com.android.networkstack.tethering.BpfCoordinator.updateForwardedStats(BpfCoordinator.java:1844)
05-24 01:04:12.180 E/Tethering( 1005): 	at com.android.networkstack.tethering.BpfCoordinator.lambda$new$0(BpfCoordinator.java:249)
05-24 01:04:12.180 E/Tethering( 1005): 	at com.android.networkstack.tethering.BpfCoordinator.$r8$lambda$11zi2so53-tPlRpKnlSkWOpxReo(Unknown Source:0)
05-24 01:04:12.180 E/Tethering( 1005): 	at com.android.networkstack.tethering.BpfCoordinator$$ExternalSyntheticLambda0.run(Unknown Source:2)
05-24 01:04:12.180 E/Tethering( 1005): 	at android.os.Handler.handleCallback(Handler.java:938)
05-24 01:04:12.180 E/Tethering( 1005): 	at android.os.Handler.dispatchMessage(Handler.java:99)
05-24 01:04:12.180 E/Tethering( 1005): 	at android.os.Looper.loopOnce(Looper.java:226)
05-24 01:04:12.180 E/Tethering( 1005): 	at android.os.Looper.loop(Looper.java:313)
05-24 01:04:12.180 E/Tethering( 1005): 	at android.os.HandlerThread.run(HandlerThread.java:67)
05-24 01:04:12.181 E/Tethering( 1005): [BpfCoordinator] ERROR Problem fetching tethering stats
05-24 01:04:12.373 D/SemNscXgbMsL1( 1005): Probability - Cloud gaming: [0.08100419]
05-24 01:04:12.374 D/SemNscXgbMsL1( 1005): Probability - Real time: [0.24146238]
05-24 01:04:12.374 D/SemNscXgbMsL1( 1005): Probability - Non real time: [0.6200536]
05-24 01:04:12.374 D/SemNscXgbMsL1( 1005): 1 sample inference time: 1.666807 msecs
05-24 01:04:12.377 D/SemNscXgbL2Rt( 1005): L2 RT 1 sample inference time: 2.209769 msecs
05-24 01:04:12.379 D/SemNscXgbL2Nrt( 1005): L2 NRT 1 sample inference time: 2.204884 msecs
05-24 01:04:12.379 I/SemWifiServiceDetector( 1005): NSD results: [1, 1, 1, 0, 1, 1, 1, 1] Traff. type 1 Thr 1
05-24 01:04:12.382 D/SemWifiOptimizer( 1005): enable=1 state=0x10 prev=0x10 new=0x10 force=0
05-24 01:04:12.885 D/SemNscXgbMsL1( 1005): Probability - Cloud gaming: [0.049492244]
05-24 01:04:12.887 D/SemNscXgbMsL1( 1005): Probability - Real time: [0.58697075]
05-24 01:04:12.887 D/SemNscXgbMsL1( 1005): Probability - Non real time: [0.7656161]
05-24 01:04:12.887 D/SemNscXgbMsL1( 1005): 1 sample inference time: 2.066115 msecs
05-24 01:04:12.890 D/SemNscXgbL2Rt( 1005): L2 RT 1 sample inference time: 2.692884 msecs
05-24 01:04:12.893 D/SemNscXgbL2Nrt( 1005): L2 NRT 1 sample inference time: 2.485 msecs
05-24 01:04:13.029 D/io_stats(  457): !@   8,0 r 2445866 95670284 w 2026581 53795940 d 0 0 f 0 0 iot 1479024 0 th 0 0 0 pt 0 inp 0 0 192619.425
05-24 01:04:13.397 D/SemNscXgbMsL1( 1005): Probability - Cloud gaming: [0.067996256]
05-24 01:04:13.398 D/SemNscXgbMsL1( 1005): Probability - Real time: [0.13210137]
05-24 01:04:13.399 D/SemNscXgbMsL1( 1005): Probability - Non real time: [0.82315195]
05-24 01:04:13.399 D/SemNscXgbMsL1( 1005): 1 sample inference time: 1.961654 msecs
05-24 01:04:13.401 D/SemNscXgbL2Rt( 1005): L2 RT 1 sample inference time: 1.987346 msecs
05-24 01:04:13.403 D/SemNscXgbL2Nrt( 1005): L2 NRT 1 sample inference time: 2.072654 msecs
05-24 01:04:13.494 I/wpa_supplicant( 1392): Heartbeat 19257
05-24 01:04:13.906 D/SemNscXgbMsL1( 1005): Probability - Cloud gaming: [0.015297101]
05-24 01:04:13.907 D/SemNscXgbMsL1( 1005): Probability - Real time: [0.36138377]
05-24 01:04:13.908 D/SemNscXgbMsL1( 1005): Probability - Non real time: [0.27268663]
05-24 01:04:13.908 D/SemNscXgbMsL1( 1005): 1 sample inference time: 1.667808 msecs
05-24 01:04:13.910 D/SemNscXgbL2Rt( 1005): L2 RT 1 sample inference time: 2.311615 msecs
05-24 01:04:13.912 D/SemNscXgbL2Nrt( 1005): L2 NRT 1 sample inference time: 2.063962 msecs
05-24 01:04:14.416 D/SemNscXgbMsL1( 1005): Probability - Cloud gaming: [0.04502712]
05-24 01:04:14.417 D/SemNscXgbMsL1( 1005): Probability - Real time: [0.7779686]
05-24 01:04:14.417 D/SemNscXgbMsL1( 1005): Probability - Non real time: [0.21444298]
05-24 01:04:14.417 D/SemNscXgbMsL1( 1005): 1 sample inference time: 1.813192 msecs
05-24 01:04:14.420 D/SemNscXgbL2Rt( 1005): L2 RT 1 sample inference time: 2.336692 msecs
05-24 01:04:14.422 D/SemNscXgbL2Nrt( 1005): L2 NRT 1 sample inference time: 1.992538 msecs
05-24 01:04:14.926 D/SemNscXgbMsL1( 1005): Probability - Cloud gaming: [0.036381304]
05-24 01:04:14.927 D/SemNscXgbMsL1( 1005): Probability - Real time: [0.60064036]
05-24 01:04:14.927 D/SemNscXgbMsL1( 1005): Probability - Non real time: [0.33845377]
05-24 01:04:14.927 D/SemNscXgbMsL1( 1005): 1 sample inference time: 2.053308 msecs
05-24 01:04:14.930 D/SemNscXgbL2Rt( 1005): L2 RT 1 sample inference time: 2.432308 msecs
05-24 01:04:14.933 D/SemNscXgbL2Nrt( 1005): L2 NRT 1 sample inference time: 2.260692 msecs
05-24 01:04:14.933 I/SemWifiServiceDetector( 1005): NSD results: [0, 1, 1, 0, 1, 0, 1, 1] Traff. type 1 Thr 0
05-24 01:04:14.935 D/SemWifiOptimizer( 1005): enable=1 state=0x10 prev=0x10 new=0x10 force=0
05-24 01:04:15.440 D/SemNscXgbMsL1( 1005): Probability - Cloud gaming: [0.06278983]
05-24 01:04:15.441 D/SemNscXgbMsL1( 1005): Probability - Real time: [0.5665152]
05-24 01:04:15.442 D/SemNscXgbMsL1( 1005): Probability - Non real time: [0.26128876]
05-24 01:04:15.442 D/SemNscXgbMsL1( 1005): 1 sample inference time: 2.183423 msecs
05-24 01:04:15.446 D/SemNscXgbL2Rt( 1005): L2 RT 1 sample inference time: 3.318923 msecs
05-24 01:04:15.449 D/SemNscXgbL2Nrt( 1005): L2 NRT 1 sample inference time: 3.342423 msecs
05-24 01:04:15.899 I/NearbyMediums(15725): No BLE Fast/GATT advertisements found in the latest cycle.
05-24 01:04:15.900 I/NearbyMediums(15725): Current Tracked Scanning Clients are : {NearbyConnections.EnvironmentMonitor, NearbySharing, NearbyConnections.TxAdvertisement}
05-24 01:04:15.951 D/SemNscXgbMsL1( 1005): Probability - Cloud gaming: [0.08071849]
05-24 01:04:15.952 D/SemNscXgbMsL1( 1005): Probability - Real time: [0.90129465]
05-24 01:04:15.952 D/SemNscXgbMsL1( 1005): Probability - Non real time: [0.64602464]
05-24 01:04:15.952 D/SemNscXgbMsL1( 1005): 1 sample inference time: 1.370385 msecs
05-24 01:04:15.955 D/SemNscXgbL2Rt( 1005): L2 RT 1 sample inference time: 2.400269 msecs
05-24 01:04:15.957 D/SemNscXgbL2Nrt( 1005): L2 NRT 1 sample inference time: 1.908923 msecs
05-24 01:04:16.461 D/SemNscXgbMsL1( 1005): Probability - Cloud gaming: [0.012768538]
05-24 01:04:16.462 D/SemNscXgbMsL1( 1005): Probability - Real time: [0.5653659]
05-24 01:04:16.462 D/SemNscXgbMsL1( 1005): Probability - Non real time: [0.23199451]
05-24 01:04:16.462 D/SemNscXgbMsL1( 1005): 1 sample inference time: 1.573077 msecs
05-24 01:04:16.465 D/SemNscXgbL2Rt( 1005): L2 RT 1 sample inference time: 2.9985 msecs
05-24 01:04:16.467 D/SemNscXgbL2Nrt( 1005): L2 NRT 1 sample inference time: 1.918577 msecs
05-24 01:04:16.477 D/WifiConnectivityMonitor.NetworkStatsAnalyzer( 1005): Backhaul result - RSSI:-127, CE:9, PE:9, TI:44, PTI:44, TW:8, PTW:8, Tx:78, Rx:132, TxS:75, RxS:68, RESULT:true, IC:0, ICT:2, WC:0, WCT:2, R:0, RC:0, IE:0, EC:0
05-24 01:04:16.971 D/SemNscXgbMsL1( 1005): Probability - Cloud gaming: [0.050739504]
05-24 01:04:16.972 D/SemNscXgbMsL1( 1005): Probability - Real time: [0.80276555]
05-24 01:04:16.972 D/SemNscXgbMsL1( 1005): Probability - Non real time: [0.42985722]
05-24 01:04:16.972 D/SemNscXgbMsL1( 1005): 1 sample inference time: 1.332385 msecs
05-24 01:04:16.974 D/SemNscXgbL2Rt( 1005): L2 RT 1 sample inference time: 2.125423 msecs
05-24 01:04:16.976 D/SemNscXgbL2Nrt( 1005): L2 NRT 1 sample inference time: 1.648616 msecs
05-24 01:04:17.033 D/io_stats(  457): !@   8,0 r 2445866 95670284 w 2026588 53796020 d 0 0 f 0 0 iot 1479028 0 th 0 0 0 pt 0 inp 0 0 192623.429
05-24 01:04:17.184 E/Tethering( 1005): [api31.BpfCoordinatorShimImpl] ERROR Fail to fetch tethering stats from BPF map: : getNextMapKey failed: EBADF (Bad file descriptor)
05-24 01:04:17.184 E/Tethering( 1005): android.system.ErrnoException: getNextMapKey failed: EBADF (Bad file descriptor)
05-24 01:04:17.184 E/Tethering( 1005): 	at com.android.networkstack.tethering.BpfMap.getNextMapKey(Native Method)
05-24 01:04:17.184 E/Tethering( 1005): 	at com.android.networkstack.tethering.BpfMap.getNextRawKey(BpfMap.java:199)
05-24 01:04:17.184 E/Tethering( 1005): 	at com.android.networkstack.tethering.BpfMap.getNextKeyInternal(BpfMap.java:177)
05-24 01:04:17.184 E/Tethering( 1005): 	at com.android.networkstack.tethering.BpfMap.getFirstKey(BpfMap.java:206)
05-24 01:04:17.184 E/Tethering( 1005): 	at com.android.networkstack.tethering.BpfMap.forEach(BpfMap.java:243)
05-24 01:04:17.184 E/Tethering( 1005): 	at com.android.networkstack.tethering.apishim.api31.BpfCoordinatorShimImpl.tetherOffloadGetStats(BpfCoordinatorShimImpl.java:241)
05-24 01:04:17.184 E/Tethering( 1005): 	at com.android.networkstack.tethering.BpfCoordinator.updateForwardedStats(BpfCoordinator.java:1844)
05-24 01:04:17.184 E/Tethering( 1005): 	at com.android.networkstack.tethering.BpfCoordinator.lambda$new$0(BpfCoordinator.java:249)
05-24 01:04:17.184 E/Tethering( 1005): 	at com.android.networkstack.tethering.BpfCoordinator.$r8$lambda$11zi2so53-tPlRpKnlSkWOpxReo(Unknown Source:0)
05-24 01:04:17.184 E/Tethering( 1005): 	at com.android.networkstack.tethering.BpfCoordinator$$ExternalSyntheticLambda0.run(Unknown Source:2)
05-24 01:04:17.184 E/Tethering( 1005): 	at android.os.Handler.handleCallback(Handler.java:938)
05-24 01:04:17.184 E/Tethering( 1005): 	at android.os.Handler.dispatchMessage(Handler.java:99)
05-24 01:04:17.184 E/Tethering( 1005): 	at android.os.Looper.loopOnce(Looper.java:226)
05-24 01:04:17.184 E/Tethering( 1005): 	at android.os.Looper.loop(Looper.java:313)
05-24 01:04:17.184 E/Tethering( 1005): 	at android.os.HandlerThread.run(HandlerThread.java:67)
05-24 01:04:17.185 E/Tethering( 1005): [BpfCoordinator] ERROR Problem fetching tethering stats
05-24 01:04:17.240 D/BoundBrokerSvc(15725): onRebind: Intent { act=com.google.android.gms.clearcut.sampler.service.START dat=chimera-action: cmp=com.google.android.gms/.chimera.PersistentDirectBootAwareApiService }
05-24 01:04:17.480 D/SemNscXgbMsL1( 1005): Probability - Cloud gaming: [0.13083002]
05-24 01:04:17.481 D/SemNscXgbMsL1( 1005): Probability - Real time: [0.69665056]
05-24 01:04:17.481 D/SemNscXgbMsL1( 1005): Probability - Non real time: [0.5989248]
05-24 01:04:17.481 D/SemNscXgbMsL1( 1005): 1 sample inference time: 1.572654 msecs
05-24 01:04:17.483 D/SemNscXgbL2Rt( 1005): L2 RT 1 sample inference time: 2.065 msecs
05-24 01:04:17.485 D/SemNscXgbL2Nrt( 1005): L2 NRT 1 sample inference time: 1.746038 msecs
05-24 01:04:17.989 D/SemNscXgbMsL1( 1005): Probability - Cloud gaming: [0.081598386]
05-24 01:04:17.990 D/SemNscXgbMsL1( 1005): Probability - Real time: [0.36349246]
05-24 01:04:17.990 D/SemNscXgbMsL1( 1005): Probability - Non real time: [0.72755116]
05-24 01:04:17.991 D/SemNscXgbMsL1( 1005): 1 sample inference time: 1.948923 msecs
05-24 01:04:17.994 D/SemNscXgbL2Rt( 1005): L2 RT 1 sample inference time: 2.94373 msecs
05-24 01:04:17.996 D/SemNscXgbL2Nrt( 1005): L2 NRT 1 sample inference time: 2.490039 msecs
05-24 01:04:18.501 D/SemNscXgbMsL1( 1005): Probability - Cloud gaming: [0.03916291]
05-24 01:04:18.501 D/SemNscXgbMsL1( 1005): Probability - Real time: [0.25135338]
05-24 01:04:18.502 D/SemNscXgbMsL1( 1005): Probability - Non real time: [0.71170056]
05-24 01:04:18.502 D/SemNscXgbMsL1( 1005): 1 sample inference time: 1.702616 msecs
05-24 01:04:18.504 D/SemNscXgbL2Rt( 1005): L2 RT 1 sample inference time: 2.320308 msecs
05-24 01:04:18.507 D/SemNscXgbL2Nrt( 1005): L2 NRT 1 sample inference time: 2.219154 msecs
05-24 01:04:19.009 D/SemNscXgbMsL1( 1005): Probability - Cloud gaming: [0.020655863]
05-24 01:04:19.010 D/SemNscXgbMsL1( 1005): Probability - Real time: [0.6442288]
05-24 01:04:19.011 D/SemNscXgbMsL1( 1005): Probability - Non real time: [0.75051224]
05-24 01:04:19.011 D/SemNscXgbMsL1( 1005): 1 sample inference time: 1.735692 msecs
05-24 01:04:19.014 D/SemNscXgbL2Rt( 1005): L2 RT 1 sample inference time: 2.731269 msecs
05-24 01:04:19.016 D/SemNscXgbL2Nrt( 1005): L2 NRT 1 sample inference time: 2.186538 msecs
05-24 01:04:19.016 I/SemWifiServiceDetector( 1005): NSD results: [1, 1, 1, 0, 1, 1, 1, 1] Traff. type 1 Thr 0
05-24 01:04:19.019 D/SemWifiOptimizer( 1005): enable=1 state=0x10 prev=0x10 new=0x10 force=0
05-24 01:04:19.527 D/SemNscXgbMsL1( 1005): Probability - Cloud gaming: [0.032105982]
05-24 01:04:19.528 D/SemNscXgbMsL1( 1005): Probability - Real time: [0.64236224]
05-24 01:04:19.528 D/SemNscXgbMsL1( 1005): Probability - Non real time: [0.3986216]
05-24 01:04:19.528 D/SemNscXgbMsL1( 1005): 1 sample inference time: 1.179308 msecs
05-24 01:04:19.530 D/SemNscXgbL2Rt( 1005): L2 RT 1 sample inference time: 1.866731 msecs
05-24 01:04:19.532 D/SemNscXgbL2Nrt( 1005): L2 NRT 1 sample inference time: 1.665731 msecs
05-24 01:04:19.532 I/SemWifiServiceDetector( 1005): NSD results: [0, 1, 1, 0, 1, 0, 1, 1] Traff. type 1 Thr 4
05-24 01:04:19.534 D/SemWifiOptimizer( 1005): enable=1 state=0x10 prev=0x10 new=0x10 force=0
05-24 01:04:19.898 E/audit   (  514): type=1400 audit(1779552259.891:30588): avc:  denied  { write } for  pid=13696 comm="ThreadPoolForeg" name="traced_producer" dev="tmpfs" ino=26790 scontext=u:r:gmscore_app:s0:c512,c768 tcontext=u:object_r:traced_producer_socket:s0 tclass=sock_file permissive=0 SEPF_SM-G973N_12_0001 audit_filtered
05-24 01:04:19.900 E/audit   (  514): type=1300 audit(1779552259.891:30588): arch=c00000b7 syscall=203 success=no exit=-13 a0=bf a1=6e81638300 a2=1e a3=ffffffff95f1206e items=0 ppid=534 pid=13696 auid=4294967295 uid=10076 gid=10076 euid=10076 suid=10076 fsuid=10076 egid=10076 sgid=10076 fsgid=10076 tty=(none) ses=4294967295 comm="ThreadPoolForeg" exe="/system/bin/app_process64" subj=u:r:gmscore_app:s0:c512,c768 key=(null)
05-24 01:04:19.901 E/audit   (  514): type=1327 audit(1779552259.891:30588): proctitle="com.google.android.gms"
05-24 01:04:20.035 W/ProcessCpuTracker( 1005): Failed to stat(/proc/21445): android.system.ErrnoException: stat failed: ENOENT (No such file or directory)
05-24 01:04:20.036 W/ProcessCpuTracker( 1005): Skipping unknown process pid 21445
05-24 01:04:20.036 D/SemNscXgbMsL1( 1005): Probability - Cloud gaming: [0.014817365]
05-24 01:04:20.037 D/SemNscXgbMsL1( 1005): Probability - Real time: [0.67068285]
05-24 01:04:20.037 D/SemNscXgbMsL1( 1005): Probability - Non real time: [0.18647581]
05-24 01:04:20.037 D/SemNscXgbMsL1( 1005): 1 sample inference time: 1.836961 msecs
05-24 01:04:20.039 D/SemNscXgbL2Rt( 1005): L2 RT 1 sample inference time: 1.594192 msecs
05-24 01:04:20.040 D/SemNscXgbL2Nrt( 1005): L2 NRT 1 sample inference time: 1.3405 msecs
05-24 01:04:20.192 D/vendor.samsung.hardware.thermal@1.0-service(  574): timer callback!
05-24 01:04:20.205 I/SDHMS:C ( 3236): SIOP:: AP:168(277,110) BAT:282(282,0) USB:285(285,0) CHG:283(283,0) PA:303(303,0) WIFI:278(278,0) LRP:269(269,0) LRF:269(269) LRB:269(269) 
05-24 01:04:20.543 D/SemNscXgbMsL1( 1005): Probability - Cloud gaming: [0.012526563]
05-24 01:04:20.544 D/SemNscXgbMsL1( 1005): Probability - Real time: [0.8052942]
05-24 01:04:20.544 D/SemNscXgbMsL1( 1005): Probability - Non real time: [0.13529105]
05-24 01:04:20.544 D/SemNscXgbMsL1( 1005): 1 sample inference time: 1.305424 msecs
05-24 01:04:20.547 D/SemNscXgbL2Rt( 1005): L2 RT 1 sample inference time: 2.308923 msecs
05-24 01:04:20.549 D/SemNscXgbL2Nrt( 1005): L2 NRT 1 sample inference time: 1.971 msecs
05-24 01:04:21.037 D/io_stats(  457): !@   8,0 r 2445866 95670284 w 2026593 53796220 d 0 0 f 0 0 iot 1479032 0 th 0 0 0 pt 0 inp 0 0 192627.433
05-24 01:04:21.051 D/SemNscXgbMsL1( 1005): Probability - Cloud gaming: [0.024356974]
05-24 01:04:21.052 D/SemNscXgbMsL1( 1005): Probability - Real time: [0.49546587]
05-24 01:04:21.052 D/SemNscXgbMsL1( 1005): Probability - Non real time: [0.30199042]
05-24 01:04:21.052 D/SemNscXgbMsL1( 1005): 1 sample inference time: 1.343192 msecs
05-24 01:04:21.055 D/SemNscXgbL2Rt( 1005): L2 RT 1 sample inference time: 2.332847 msecs
05-24 01:04:21.057 D/SemNscXgbL2Nrt( 1005): L2 NRT 1 sample inference time: 2.107807 msecs
05-24 01:04:21.561 D/SemNscXgbMsL1( 1005): Probability - Cloud gaming: [0.023535915]
05-24 01:04:21.562 D/SemNscXgbMsL1( 1005): Probability - Real time: [0.9607476]
05-24 01:04:21.563 D/SemNscXgbMsL1( 1005): Probability - Non real time: [0.15204741]
05-24 01:04:21.563 D/SemNscXgbMsL1( 1005): 1 sample inference time: 1.8415 msecs
05-24 01:04:21.565 D/SemNscXgbL2Rt( 1005): L2 RT 1 sample inference time: 2.424539 msecs
05-24 01:04:21.568 D/SemNscXgbL2Nrt( 1005): L2 NRT 1 sample inference time: 2.189308 msecs
05-24 01:04:22.071 D/SemNscXgbMsL1( 1005): Probability - Cloud gaming: [0.009600058]
05-24 01:04:22.072 D/SemNscXgbMsL1( 1005): Probability - Real time: [0.91757846]
05-24 01:04:22.072 D/SemNscXgbMsL1( 1005): Probability - Non real time: [0.17113186]
05-24 01:04:22.072 D/SemNscXgbMsL1( 1005): 1 sample inference time: 1.561884 msecs
05-24 01:04:22.075 D/SemNscXgbL2Rt( 1005): L2 RT 1 sample inference time: 2.505153 msecs
05-24 01:04:22.078 D/SemNscXgbL2Nrt( 1005): L2 NRT 1 sample inference time: 1.910577 msecs
05-24 01:04:22.188 E/Tethering( 1005): [api31.BpfCoordinatorShimImpl] ERROR Fail to fetch tethering stats from BPF map: : getNextMapKey failed: EBADF (Bad file descriptor)
05-24 01:04:22.188 E/Tethering( 1005): android.system.ErrnoException: getNextMapKey failed: EBADF (Bad file descriptor)
05-24 01:04:22.188 E/Tethering( 1005): 	at com.android.networkstack.tethering.BpfMap.getNextMapKey(Native Method)
05-24 01:04:22.188 E/Tethering( 1005): 	at com.android.networkstack.tethering.BpfMap.getNextRawKey(BpfMap.java:199)
05-24 01:04:22.188 E/Tethering( 1005): 	at com.android.networkstack.tethering.BpfMap.getNextKeyInternal(BpfMap.java:177)
05-24 01:04:22.188 E/Tethering( 1005): 	at com.android.networkstack.tethering.BpfMap.getFirstKey(BpfMap.java:206)
05-24 01:04:22.188 E/Tethering( 1005): 	at com.android.networkstack.tethering.BpfMap.forEach(BpfMap.java:243)
05-24 01:04:22.188 E/Tethering( 1005): 	at com.android.networkstack.tethering.apishim.api31.BpfCoordinatorShimImpl.tetherOffloadGetStats(BpfCoordinatorShimImpl.java:241)
05-24 01:04:22.188 E/Tethering( 1005): 	at com.android.networkstack.tethering.BpfCoordinator.updateForwardedStats(BpfCoordinator.java:1844)
05-24 01:04:22.188 E/Tethering( 1005): 	at com.android.networkstack.tethering.BpfCoordinator.lambda$new$0(BpfCoordinator.java:249)
05-24 01:04:22.188 E/Tethering( 1005): 	at com.android.networkstack.tethering.BpfCoordinator.$r8$lambda$11zi2so53-tPlRpKnlSkWOpxReo(Unknown Source:0)
05-24 01:04:22.188 E/Tethering( 1005): 	at com.android.networkstack.tethering.BpfCoordinator$$ExternalSyntheticLambda0.run(Unknown Source:2)
05-24 01:04:22.188 E/Tethering( 1005): 	at android.os.Handler.handleCallback(Handler.java:938)
05-24 01:04:22.188 E/Tethering( 1005): 	at android.os.Handler.dispatchMessage(Handler.java:99)
05-24 01:04:22.188 E/Tethering( 1005): 	at android.os.Looper.loopOnce(Looper.java:226)
05-24 01:04:22.188 E/Tethering( 1005): 	at android.os.Looper.loop(Looper.java:313)
05-24 01:04:22.188 E/Tethering( 1005): 	at android.os.HandlerThread.run(HandlerThread.java:67)
05-24 01:04:22.188 E/Tethering( 1005): [BpfCoordinator] ERROR Problem fetching tethering stats
05-24 01:04:22.580 D/SemNscXgbMsL1( 1005): Probability - Cloud gaming: [0.00988426]
05-24 01:04:22.580 D/SemNscXgbMsL1( 1005): Probability - Real time: [0.9454457]
05-24 01:04:22.580 D/SemNscXgbMsL1( 1005): Probability - Non real time: [0.08133579]
05-24 01:04:22.581 D/SemNscXgbMsL1( 1005): 1 sample inference time: 1.224038 msecs
05-24 01:04:22.583 D/SemNscXgbL2Rt( 1005): L2 RT 1 sample inference time: 2.094692 msecs
05-24 01:04:22.585 D/SemNscXgbL2Nrt( 1005): L2 NRT 1 sample inference time: 1.927115 msecs
05-24 01:04:23.040 D/io_stats(  457): !@   8,0 r 2445866 95670284 w 2026651 53796500 d 0 0 f 0 0 iot 1479036 0 th 0 0 0 pt 0 inp 0 0 192629.435
05-24 01:04:23.088 D/SemNscXgbMsL1( 1005): Probability - Cloud gaming: [0.009775523]
05-24 01:04:23.089 D/SemNscXgbMsL1( 1005): Probability - Real time: [0.57825536]
05-24 01:04:23.089 D/SemNscXgbMsL1( 1005): Probability - Non real time: [0.16169475]
05-24 01:04:23.089 D/SemNscXgbMsL1( 1005): 1 sample inference time: 1.512077 msecs
05-24 01:04:23.092 D/SemNscXgbL2Rt( 1005): L2 RT 1 sample inference time: 2.629462 msecs
05-24 01:04:23.095 D/SemNscXgbL2Nrt( 1005): L2 NRT 1 sample inference time: 2.439692 msecs
05-24 01:04:23.137 D/BatteryDump(  552): wait_for_battery_event : occurred : change@/devices/platform/battery/power_supply/battery 
05-24 01:04:23.153 I/android.hardware.health@2.1-service-samsung(  552): updateLrpSysfs: write: 269
05-24 01:04:23.495 I/wpa_supplicant( 1392): Heartbeat 19258
05-24 01:04:23.598 D/SemNscXgbMsL1( 1005): Probability - Cloud gaming: [0.010302916]
05-24 01:04:23.599 D/SemNscXgbMsL1( 1005): Probability - Real time: [0.5695528]
05-24 01:04:23.599 D/SemNscXgbMsL1( 1005): Probability - Non real time: [0.40815187]
05-24 01:04:23.599 D/SemNscXgbMsL1( 1005): 1 sample inference time: 1.616616 msecs
05-24 01:04:23.602 D/SemNscXgbL2Rt( 1005): L2 RT 1 sample inference time: 2.268538 msecs
05-24 01:04:23.604 D/SemNscXgbL2Nrt( 1005): L2 NRT 1 sample inference time: 2.049923 msecs
05-24 01:04:24.107 D/SemNscXgbMsL1( 1005): Probability - Cloud gaming: [0.0074921423]
05-24 01:04:24.108 D/SemNscXgbMsL1( 1005): Probability - Real time: [0.88158035]
05-24 01:04:24.108 D/SemNscXgbMsL1( 1005): Probability - Non real time: [0.25478372]
05-24 01:04:24.108 D/SemNscXgbMsL1( 1005): 1 sample inference time: 1.798577 msecs
05-24 01:04:24.111 D/SemNscXgbL2Rt( 1005): L2 RT 1 sample inference time: 2.501923 msecs
05-24 01:04:24.113 D/SemNscXgbL2Nrt( 1005): L2 NRT 1 sample inference time: 1.968577 msecs
05-24 01:04:24.617 D/SemNscXgbMsL1( 1005): Probability - Cloud gaming: [0.008286342]
