--------- beginning of main
05-24 01:03:43.927 D/WifiStaIfaceHidlImpl( 2765): getCachedScanData is not implemented by HIDL
05-24 01:03:43.953 D/SemWifiUsabilityStatsMonitor( 2765): onWifiUsabilityStats - seqNum 96715, isSameBssidAndFreq true
05-24 01:03:43.956 I/SemWifiLinkQualityMonitor( 2765): Link stat: 652 / 46 / 1.00 (4) / 1134 / -28.0 || 100.0 : 1134.00 / 0.5 : 1.00 / 0.55 : 0.07 / G (G) || 6b020a812412: 0.085 / 94.652 / N || N N / 0 0 / N 2.0 / N X 0 / 339947039 0 || 2026-05-24 01:03:43  / 0: 0 0 0 0 0 0 / 0: 0 0 0 0 0 0 / 0: 0 0 0 0 0 0
05-24 01:03:44.027 E/HeatmapThread( 2062): ECT Thread time in milliseconds: 1779552224
05-24 01:03:44.027 D/HeatmapThread( 2062): !@ batteryplugType : 0
05-24 01:03:44.027 D/HeatmapThread( 2062): !@ batteryLevel : 0  batteryTemperature : 0 
05-24 01:03:44.027 D/HeatmapThread( 2062): !@ Heatmap currtime: 29659203
05-24 01:03:44.027 D/HeatmapThread( 2062): !@ Heatmap prevtime: 29659196
05-24 01:03:44.027 D/HeatmapThread( 2062): !@ Heatmap plugstarttime: 35791394
05-24 01:03:44.027 D/HeatmapThread( 2062): !@ Heatmap prevv_dsoh_update_time: 29653376
05-24 01:03:44.027 E/HeatmapThread( 2062): !@Could not open '/efs/FactoryApp/bsoh', errno = 13
05-24 01:03:44.027 E/HeatmapThread( 2062): !@ CAM Could not access BSOH EFS
05-24 01:03:44.027 E/HeatmapThread( 2062): !@ CAM New BSOH: 0
05-24 01:03:44.085 V/CpEventLog(u150)(14571): [P] cp_state: [                 contacts = {contacts=867, raw_contacts=867, data=5873, account={secphone(1)=0, google(2)=867, sim(3)=0, agg(4)=0, vnd.sec.contact.phone_personal(5)=0, samsung(6)=0}, trash=0, trash_acc={}, trash_sync=0, database=contacts2.db} ]
05-24 01:03:44.085 V/CpEventLog(u150)(14571): [P] cp_state: [               aggregated = {[2]=867} ]
05-24 01:03:44.085 V/CpEventLog(u150)(14571): [P] cp_state: [                  request = {} ]
05-24 01:03:44.085 V/CpEventLog(u150)(14571): [P] cp_state: [                    calls = {types={}, database=calllog.db} ]
05-24 01:03:44.085 V/CpEventLog(u150)(14571): [P] cp_state: [                  profile = {contacts=0, raw_contacts=0, data=0, account={secphone(1)=0, google(2)=0, sim(3)=0, agg(4)=0, vnd.sec.contact.phone_personal(5)=0, samsung(6)=0}, trash=0, trash_acc={}, trash_sync=0, database=profile.db} ]
05-24 01:03:44.085 V/CpEventLog(u150)(14571): [P] cp_state: [               sa_profile = {contacts=0, raw_contacts=0, data=0, account={secphone(1)=0, google(2)=0, sim(3)=0, agg(4)=0, vnd.sec.contact.phone_personal(5)=0, samsung(6)=0}, trash=0, trash_acc={}, trash_sync=0, database=profile_sa.db} ]
05-24 01:03:44.085 V/CpEventLog(u150)(14571): [P] cp_state: [                      etc = {binders=0, country_iso=KR, version=15.6.28, db_version=2000, db_size=3, db_wal_size=0, csc=SKT/SKT, sec_enabled=false, is_roaming=false} ]
05-24 01:03:44.085 V/CpEventLog(u150)(14571): [P] cp_state: ------------------------------------------------------------------------------
05-24 01:03:44.683 D/BoundBrokerSvc(24302): onUnbind: Intent { act=com.google.android.gms.libs.gmscorelogger.service.START dat=chimera-action:/... xflg=0x4 cmp=com.google.android.gms/.chimera.PersistentDirectBootAwareApiService }
--------- beginning of system
05-24 01:03:44.759 D/io_stats( 1146): !@   8,0 r 27149050 581390552 w 10329035 147740560 d 3391486 167687028 f 0 801284 iot 12896848 0 th 0 0 0 pt 0 inp 0 0 339947.843
05-24 01:03:44.759 D/io_stats( 1146): !@ Read_top(KB): logcat(11901) 132 logd(955) 40
05-24 01:03:44.760 D/io_stats( 1146): !@ Write_top(KB): kworker/u16:0(8069) 88 henticator:auth(23399) 16 crosoft.copilot(23350) 12
05-24 01:03:45.027 E/HeatmapThread( 2062): ECT Thread time in milliseconds: 1779552225
05-24 01:03:45.027 D/HeatmapThread( 2062): !@ batteryplugType : 0
05-24 01:03:45.027 D/HeatmapThread( 2062): !@ batteryLevel : 0  batteryTemperature : 0 
05-24 01:03:45.028 D/HeatmapThread( 2062): !@ Heatmap currtime: 29659203
05-24 01:03:45.028 D/HeatmapThread( 2062): !@ Heatmap prevtime: 29659196
05-24 01:03:45.028 D/HeatmapThread( 2062): !@ Heatmap plugstarttime: 35791394
05-24 01:03:45.028 D/HeatmapThread( 2062): !@ Heatmap prevv_dsoh_update_time: 29653376
05-24 01:03:45.028 E/HeatmapThread( 2062): !@Could not open '/efs/FactoryApp/bsoh', errno = 13
05-24 01:03:45.028 E/HeatmapThread( 2062): !@ CAM Could not access BSOH EFS
05-24 01:03:45.028 E/HeatmapThread( 2062): !@ CAM New BSOH: 0
05-24 01:03:45.262 I/sensors-hal( 1942): handle_sns_client_event:550, [0][1922807] accel_sample [ 0.090, -0.111,  9.894] 349749801256437
05-24 01:03:45.491 D/WifiConnectivityMonitor.DnsThread( 2765):  [|214] []
05-24 01:03:45.492 D/WifiConnectivityMonitor.NetworkStatsAnalyzer( 2765): DNS resultType : 0, responseTime : 214
05-24 01:03:45.493 D/OpenNetworkQos[4.00]( 2765): updateBssidLatestDnsResultType - result: 0
05-24 01:03:45.493 D/OpenNetworkQos[4.00]( 2765): updateBssidNoInternet: mBssidNoInternet = false
05-24 01:03:45.493 D/OpenNetworkQos[4.00]( 2765): getOpenNetworkQosNoInternetStatus: false
05-24 01:03:45.493 D/OpenNetworkQos[4.00]( 2765): getOpenNetworkQosScores: 26 23 26 
05-24 01:03:45.493 D/KNOX_MDM_SettingsProvider( 2765): isChangeAllowed() : name = wifi_wcm_qos_sharing_score_summary
05-24 01:03:45.494 I/WifiProfileShare( 2765): network QoS data was changed (internet), updateQoSData networkType: true, qosData: false
05-24 01:03:45.494 V/WifiProfileShare.Caster( 2765): update wips network, size: 0
05-24 01:03:45.495 D/WifiProfileShare( 2765): nearby scanning settings run
05-24 01:03:45.495 D/WifiProfileShare( 2765): network score provider settings enabled
05-24 01:03:45.495 D/OpenNetworkQos[4.00]( 2765): getOpenNetworkQosScores: 26 23 26 
05-24 01:03:45.496 D/OpenNetworkQos[4.00]( 2765): getOpenNetworkQosNoInternetStatus: false
05-24 01:03:45.496 I/WifiProfileShare.Caster( 2765): current network type: 0, score: [26, 23, 26]
05-24 01:03:45.497 V/WifiProfileShare.Cache( 2765): update network score 16:e6:6b:**:**:81
05-24 01:03:45.497 D/WifiProfileShare.ScanMatcher( 2765): getMcfDataList size:2
05-24 01:03:45.498 I/WifiProfileShare.Caster( 2765): qos data was updated , before:type:QOS, pBssid:e4:61:97, qosData:77 after:type:QOS, pBssid:e4:61:97, qosData:77
05-24 01:03:45.500 I/wpa_supplicant(10796): Heartbeat 33517
05-24 01:03:45.501 D/[MCFServer]_McfMainController(10669): getBleStatus - true.
05-24 01:03:45.502 I/[MCFSDK_android_1.3.7026]_4_McfCasterImpl( 2765): isNetworkEnabled - type : 1 ret : true
05-24 01:03:45.502 D/WifiProfileShare.McfCast( 2765): -ME--- mIsNetworkEnabled :true
05-24 01:03:45.502 D/WifiProfileShare.McfCast( 2765): updateQoSData ignored, same contents
05-24 01:03:45.502 D/WifiProfileShare.MCF( 2765): success update QosData !
05-24 01:03:45.503 D/[MCFServer]_McfMainController(10669): getBleStatus - true.
05-24 01:03:45.503 I/[MCFSDK_android_1.3.7026]_4_McfCasterImpl( 2765): isNetworkEnabled - type : 1 ret : true
05-24 01:03:45.503 D/WifiProfileShare.McfCast( 2765): -ME--- mIsNetworkEnabled :true
05-24 01:03:45.503 D/WifiProfileShare.McfCast( 2765): -ME--- updatePasswordDate pwdData size:2
05-24 01:03:45.505 D/WifiConnectivityMonitor.NetworkStatsAnalyzer( 2765): Backhaul result - RSSI:-28, CE:14, PE:14, TI:38, PTI:38, TW:1, PTW:1, Tx:35, Rx:244, TxS:11, RxS:5, RESULT:true, IC:0, ICT:5, WC:0, WCT:5, R:0, RC:0, IE:0, EC:0
05-24 01:03:46.027 E/HeatmapThread( 2062): ECT Thread time in milliseconds: 1779552226
05-24 01:03:46.027 D/HeatmapThread( 2062): !@ batteryplugType : 0
05-24 01:03:46.027 D/HeatmapThread( 2062): !@ batteryLevel : 0  batteryTemperature : 0 
05-24 01:03:46.028 D/HeatmapThread( 2062): !@ Heatmap currtime: 29659203
05-24 01:03:46.028 D/HeatmapThread( 2062): !@ Heatmap prevtime: 29659196
05-24 01:03:46.028 D/HeatmapThread( 2062): !@ Heatmap plugstarttime: 35791394
05-24 01:03:46.028 D/HeatmapThread( 2062): !@ Heatmap prevv_dsoh_update_time: 29653376
05-24 01:03:46.028 E/HeatmapThread( 2062): !@Could not open '/efs/FactoryApp/bsoh', errno = 13
05-24 01:03:46.028 E/HeatmapThread( 2062): !@ CAM Could not access BSOH EFS
05-24 01:03:46.028 E/HeatmapThread( 2062): !@ CAM New BSOH: 0
05-24 01:03:46.308 D/NetdEventListenerService( 2765): DNS Requested by 213, 10125(com.instagram.android), 4(FAIL), isBlocked=true, 0ms
05-24 01:03:46.314 E/msys    (21704): E[N mns:DGWClient]_LogError(289)=>Failed to resolve using system DNS resolver, getaddrinfo(): No address associated with hostname
05-24 01:03:46.320 E/msys    (21704): E[N mns:DGWClient]_LogError(289)=>Failed to resolve using system DNS resolver, getaddrinfo(): No address associated with hostname
05-24 01:03:46.321 D/NetdEventListenerService( 2765): DNS Requested by 213, 10125(com.instagram.android), 4(FAIL), isBlocked=true, 0ms
05-24 01:03:46.761 D/io_stats( 1146): !@   8,0 r 27149050 581390552 w 10329043 147740584 d 3391486 167687028 f 0 801286 iot 12896860 0 th 0 0 0 pt 0 inp 0 0 339949.846
05-24 01:03:46.973 D/NetdEventListenerService( 2765): DNS Requested by 213, 10512(com.microsoft.copilot), 4(FAIL), isBlocked=true, 0ms
05-24 01:03:47.008 D/WifiStaIfaceHidlImpl( 2765): getCachedScanData is not implemented by HIDL
05-24 01:03:47.027 E/HeatmapThread( 2062): ECT Thread time in milliseconds: 1779552227
05-24 01:03:47.027 D/HeatmapThread( 2062): !@ batteryplugType : 0
05-24 01:03:47.027 D/HeatmapThread( 2062): !@ batteryLevel : 0  batteryTemperature : 0 
05-24 01:03:47.027 D/HeatmapThread( 2062): !@ Heatmap currtime: 29659203
05-24 01:03:47.027 D/HeatmapThread( 2062): !@ Heatmap prevtime: 29659196
05-24 01:03:47.028 D/HeatmapThread( 2062): !@ Heatmap plugstarttime: 35791394
05-24 01:03:47.028 D/HeatmapThread( 2062): !@ Heatmap prevv_dsoh_update_time: 29653376
05-24 01:03:47.028 E/HeatmapThread( 2062): !@Could not open '/efs/FactoryApp/bsoh', errno = 13
05-24 01:03:47.028 E/HeatmapThread( 2062): !@ CAM Could not access BSOH EFS
05-24 01:03:47.028 E/HeatmapThread( 2062): !@ CAM New BSOH: 0
05-24 01:03:47.040 D/SemWifiUsabilityStatsMonitor( 2765): onWifiUsabilityStats - seqNum 96716, isSameBssidAndFreq true
05-24 01:03:47.045 I/SemWifiLinkQualityMonitor( 2765): Link stat: 1014 / 55 / 1.00 (8) / 1200 / -29.0 || 100.0 : 1200.00 / 0.5 : 1.00 / 0.55 : 0.05 / G (G) || 6b020a812412: 0.083 / 96.623 / N || N N / 0 0 / N 2.0 / N X 0 / 339950125 0 || 2026-05-24 01:03:46  / 0: 0 0 0 0 0 0 / 0: 0 0 0 0 0 0 / 0: 0 0 0 0 0 0
05-24 01:03:47.197 D/NetdEventListenerService( 2765): DNS Requested by 213, 10410(com.ss.android.ugc.trill), 4(FAIL), isBlocked=true, 0ms
05-24 01:03:47.208 D/NetdEventListenerService( 2765): DNS Requested by 213, 10410(com.ss.android.ugc.trill), 4(FAIL), isBlocked=true, 0ms
05-24 01:03:47.216 D/NetdEventListenerService( 2765): DNS Requested by 213, 10410(com.ss.android.ugc.trill), 4(FAIL), isBlocked=true, 0ms
05-24 01:03:47.259 I/sensors-hal( 1942): handle_sns_client_event:550, [0][1923016] accel_sample [ 0.089, -0.098,  9.900] 349751807434041
05-24 01:03:47.526 D/NetdEventListenerService( 2765): DNS Requested by 213, 10125(com.instagram.android), 4(FAIL), isBlocked=true, 0ms
05-24 01:03:47.534 E/msys    (21704): E[N mns:DGWClient]_LogError(289)=>Failed to resolve using system DNS resolver, getaddrinfo(): No address associated with hostname
05-24 01:03:47.834 I/sensors-hal( 1942): handle_sns_std_sensor_event:311, [SSC_LIGHT] P: 46(46),m:7,c:2,b:250,c0:2688,l:46,f(r):82,u(bl):101,j:40
05-24 01:03:48.010 D/NetdEventListenerService( 2765): DNS Requested by 213, 10285(com.microsoft.skydrive), 4(FAIL), isBlocked=true, 0ms
05-24 01:03:48.027 E/HeatmapThread( 2062): ECT Thread time in milliseconds: 1779552228
05-24 01:03:48.027 D/HeatmapThread( 2062): !@ batteryplugType : 0
05-24 01:03:48.027 D/HeatmapThread( 2062): !@ batteryLevel : 0  batteryTemperature : 0 
05-24 01:03:48.027 D/HeatmapThread( 2062): !@ Heatmap currtime: 29659203
05-24 01:03:48.028 D/HeatmapThread( 2062): !@ Heatmap prevtime: 29659196
05-24 01:03:48.028 D/HeatmapThread( 2062): !@ Heatmap plugstarttime: 35791394
05-24 01:03:48.028 D/HeatmapThread( 2062): !@ Heatmap prevv_dsoh_update_time: 29653376
05-24 01:03:48.028 E/HeatmapThread( 2062): !@Could not open '/efs/FactoryApp/bsoh', errno = 13
05-24 01:03:48.028 E/HeatmapThread( 2062): !@ CAM Could not access BSOH EFS
05-24 01:03:48.028 E/HeatmapThread( 2062): !@ CAM New BSOH: 0
05-24 01:03:48.379 D/SatelliteController( 3655): isInCarrierRoamingNbIotNtn: satellite is disabled
05-24 01:03:48.395 D/ConnectivityService( 2765): notifyType CALLBACK_CAP_CHANGED for [101 CELLULAR]
05-24 01:03:48.397 I/PdnController<0>( 4152): onCapabilitiesChanged: network 101 networkCapabilities [ Transports: CELLULAR Capabilities: MMS&IMS&NOT_METERED&TRUSTED&NOT_VPN&VALIDATED&NOT_ROAMING&FOREGROUND&NOT_CONGESTED&NOT_SUSPENDED&NOT_VCN_MANAGED&MMTEL&NOT_BANDWIDTH_CONSTRAINED LinkUpBandwidth>=12416Kbps LinkDnBandwidth>=33184Kbps Specifier: <TelephonyNetworkSpecifier [mSubId = 2]> AdminUids: [10185, 10334, 10335, 10337, 10338, 10346, 10461, 15010185, 15010335, 15010337, 15010346, 15010461] SubscriptionIds: {2} UnderlyingNetworks: Null]
05-24 01:03:48.398 D/ConnectivityService( 2765): notifyType CALLBACK_CAP_CHANGED for [100 CELLULAR]
05-24 01:03:48.401 E/Connection4Water( 9200): ProxyManager.requestSetNetworkSuspended() : watch is not connected
05-24 01:03:48.409 I/PdnController<0>( 4152): onCapabilitiesChanged: network 100 networkCapabilities [ Transports: CELLULAR Capabilities: SUPL&RCS&INTERNET&NOT_RESTRICTED&TRUSTED&NOT_VPN&VALIDATED&NOT_ROAMING&FOREGROUND&NOT_CONGESTED&NOT_SUSPENDED&NOT_VCN_MANAGED&NOT_BANDWIDTH_CONSTRAINED LinkUpBandwidth>=12416Kbps LinkDnBandwidth>=33184Kbps Specifier: <TelephonyNetworkSpecifier [mSubId = 2]> AdminUids: [10185, 10334, 10335, 10337, 10338, 10346, 10461, 15010185, 15010335, 15010337, 15010346, 15010461] SubscriptionIds: {2} UnderlyingNetworks: Null]
05-24 01:03:48.762 D/io_stats( 1146): !@   8,0 r 27149050 581390552 w 10329044 147740588 d 3391486 167687028 f 0 801286 iot 12896864 0 th 0 0 0 pt 0 inp 0 0 339951.847
05-24 01:03:48.763 D/io_stats( 1146): !@ Write_top(KB): soft.appmanager(18483) 16 id.bixby.wakeup(16979) 4
05-24 01:03:48.908 I/NearbySharing(24302): Network state changed: NetworkState(isRestricted=false, isOnline=true, isCongested=false, isMetered=false, isWifiConnected=true)
05-24 01:03:48.913 I/NearbySharing(24302): Network state changed: NetworkState(isRestricted=false, isOnline=true, isCongested=false, isMetered=false, isWifiConnected=true)
05-24 01:03:49.027 E/HeatmapThread( 2062): ECT Thread time in milliseconds: 1779552229
05-24 01:03:49.027 D/HeatmapThread( 2062): !@ batteryplugType : 0
05-24 01:03:49.027 D/HeatmapThread( 2062): !@ batteryLevel : 0  batteryTemperature : 0 
05-24 01:03:49.027 D/HeatmapThread( 2062): !@ Heatmap currtime: 29659203
05-24 01:03:49.027 D/HeatmapThread( 2062): !@ Heatmap prevtime: 29659196
05-24 01:03:49.028 D/HeatmapThread( 2062): !@ Heatmap plugstarttime: 35791394
05-24 01:03:49.028 D/HeatmapThread( 2062): !@ Heatmap prevv_dsoh_update_time: 29653376
05-24 01:03:49.028 E/HeatmapThread( 2062): !@Could not open '/efs/FactoryApp/bsoh', errno = 13
05-24 01:03:49.028 E/HeatmapThread( 2062): !@ CAM Could not access BSOH EFS
05-24 01:03:49.028 E/HeatmapThread( 2062): !@ CAM New BSOH: 0
05-24 01:03:49.256 I/sensors-hal( 1942): handle_sns_client_event:550, [0][1923225] accel_sample [ 0.097, -0.098,  9.898] 349753813611645
05-24 01:03:50.027 E/HeatmapThread( 2062): ECT Thread time in milliseconds: 1779552230
05-24 01:03:50.027 D/HeatmapThread( 2062): !@ batteryplugType : 0
05-24 01:03:50.027 D/HeatmapThread( 2062): !@ batteryLevel : 0  batteryTemperature : 0 
05-24 01:03:50.027 D/HeatmapThread( 2062): !@ Heatmap currtime: 29659203
05-24 01:03:50.028 D/HeatmapThread( 2062): !@ Heatmap prevtime: 29659196
05-24 01:03:50.028 D/HeatmapThread( 2062): !@ Heatmap plugstarttime: 35791394
05-24 01:03:50.028 D/HeatmapThread( 2062): !@ Heatmap prevv_dsoh_update_time: 29653376
05-24 01:03:50.028 E/HeatmapThread( 2062): !@Could not open '/efs/FactoryApp/bsoh', errno = 13
05-24 01:03:50.028 E/HeatmapThread( 2062): !@ CAM Could not access BSOH EFS
05-24 01:03:50.028 E/HeatmapThread( 2062): !@ CAM New BSOH: 0
05-24 01:03:50.048 D/vendor.samsung.hardware.thermal@1.0-service( 2012): timer callback!
05-24 01:03:50.087 D/vendor.samsung.hardware.thermal@1.0-service( 2012): frontset.size = 0
05-24 01:03:50.094 D/WifiStaIfaceHidlImpl( 2765): getCachedScanData is not implemented by HIDL
05-24 01:03:50.123 D/SemWifiUsabilityStatsMonitor( 2765): onWifiUsabilityStats - seqNum 96717, isSameBssidAndFreq true
05-24 01:03:50.125 I/SemWifiLinkQualityMonitor( 2765): Link stat: 628 / 33 / 1.00 (4) / 1200 / -28.0 || 100.0 : 1200.00 / 0.5 : 1.00 / 0.55 : 0.05 / G (G) || 6b020a812412: 0.083 / 96.782 / N || N N / 0 0 / N 2.0 / N X 0 / 339953208 0 || 2026-05-24 01:03:49  / 0: 0 0 0 0 0 0 / 0: 0 0 0 0 0 0 / 0: 0 0 0 0 0 0
05-24 01:03:50.706 I/SDHMS:LOAD( 6703): type: LoadsFreqs, value: 5:0:0:806400:806400:806400:668160:1996800:633600:285:285:285
05-24 01:03:50.764 D/io_stats( 1146): !@   8,0 r 27149050 581390552 w 10329134 147741012 d 3391527 167687396 f 0 801291 iot 12896888 0 th 0 0 0 pt 0 inp 0 0 339953.849
05-24 01:03:50.771 I/SemWifiServiceDetector( 2765): Service det. suspended: T / T / 27646
05-24 01:03:50.942 D/SatelliteController( 3655): isInCarrierRoamingNbIotNtn: satellite is disabled
05-24 01:03:51.027 E/HeatmapThread( 2062): ECT Thread time in milliseconds: 1779552231
05-24 01:03:51.028 D/HeatmapThread( 2062): !@ batteryplugType : 0
05-24 01:03:51.028 D/HeatmapThread( 2062): !@ batteryLevel : 0  batteryTemperature : 0 
05-24 01:03:51.028 D/HeatmapThread( 2062): !@ Heatmap currtime: 29659203
05-24 01:03:51.028 D/HeatmapThread( 2062): !@ Heatmap prevtime: 29659196
05-24 01:03:51.028 D/HeatmapThread( 2062): !@ Heatmap plugstarttime: 35791394
05-24 01:03:51.028 D/HeatmapThread( 2062): !@ Heatmap prevv_dsoh_update_time: 29653376
05-24 01:03:51.029 E/HeatmapThread( 2062): !@Could not open '/efs/FactoryApp/bsoh', errno = 13
05-24 01:03:51.029 E/HeatmapThread( 2062): !@ CAM Could not access BSOH EFS
05-24 01:03:51.029 E/HeatmapThread( 2062): !@ CAM New BSOH: 0
05-24 01:03:51.263 I/sensors-hal( 1942): handle_sns_client_event:550, [0][1923434] accel_sample [ 0.091, -0.120,  9.896] 349755819789145
05-24 01:03:52.027 E/HeatmapThread( 2062): ECT Thread time in milliseconds: 1779552232
05-24 01:03:52.027 D/HeatmapThread( 2062): !@ batteryplugType : 0
05-24 01:03:52.027 D/HeatmapThread( 2062): !@ batteryLevel : 0  batteryTemperature : 0 
05-24 01:03:52.027 D/HeatmapThread( 2062): !@ Heatmap currtime: 29659203
05-24 01:03:52.027 D/HeatmapThread( 2062): !@ Heatmap prevtime: 29659196
05-24 01:03:52.028 D/HeatmapThread( 2062): !@ Heatmap plugstarttime: 35791394
05-24 01:03:52.028 D/HeatmapThread( 2062): !@ Heatmap prevv_dsoh_update_time: 29653376
05-24 01:03:52.028 E/HeatmapThread( 2062): !@Could not open '/efs/FactoryApp/bsoh', errno = 13
05-24 01:03:52.028 E/HeatmapThread( 2062): !@ CAM Could not access BSOH EFS
05-24 01:03:52.028 E/HeatmapThread( 2062): !@ CAM New BSOH: 0
05-24 01:03:52.154 I/sensors-hal( 1942): handle_sns_std_sensor_event:311, [SSC_LIGHT] P: 46(46),m:7,c:2,b:250,c0:2704,l:46,f(r):82,u(bl):101,j:39
05-24 01:03:52.534 D/NetdEventListenerService( 2765): DNS Requested by 213, 10512(com.microsoft.copilot), 4(FAIL), isBlocked=true, 0ms
05-24 01:03:52.765 D/io_stats( 1146): !@ Write_top(KB): kworker/u16:3(10369) 136 f2fs_ckpt-254:5(4251) 56 init(1) 28
05-24 01:03:52.990 I/sensors-hal( 1942): handle_sns_client_event:185, auto_rotation_debug_2 mode,255, type,1,0 acc,0.103,-0.122,9.904, ar,0, ver,14, pedo,1,e,1,i,3
05-24 01:03:53.027 E/HeatmapThread( 2062): ECT Thread time in milliseconds: 1779552233
05-24 01:03:53.027 D/HeatmapThread( 2062): !@ batteryplugType : 0
05-24 01:03:53.027 D/HeatmapThread( 2062): !@ batteryLevel : 0  batteryTemperature : 0 
05-24 01:03:53.027 D/HeatmapThread( 2062): !@ Heatmap currtime: 29659203
05-24 01:03:53.027 D/HeatmapThread( 2062): !@ Heatmap prevtime: 29659196
05-24 01:03:53.027 D/HeatmapThread( 2062): !@ Heatmap plugstarttime: 35791394
05-24 01:03:53.027 D/HeatmapThread( 2062): !@ Heatmap prevv_dsoh_update_time: 29653376
05-24 01:03:53.027 E/HeatmapThread( 2062): !@Could not open '/efs/FactoryApp/bsoh', errno = 13
05-24 01:03:53.027 E/HeatmapThread( 2062): !@ CAM Could not access BSOH EFS
05-24 01:03:53.027 E/HeatmapThread( 2062): !@ CAM New BSOH: 0
05-24 01:03:53.169 D/WifiStaIfaceHidlImpl( 2765): getCachedScanData is not implemented by HIDL
05-24 01:03:53.194 D/SemWifiUsabilityStatsMonitor( 2765): onWifiUsabilityStats - seqNum 96718, isSameBssidAndFreq true
05-24 01:03:53.198 I/SemWifiLinkQualityMonitor( 2765): Link stat: 427 / 45 / 1.00 (6) / 1200 / -29.0 || 100.0 : 1200.00 / 0.5 : 1.00 / 0.55 : 0.11 / G (G) || 6b020a812412: 0.087 / 91.798 / N || N N / 0 0 / N 2.0 / N X 0 / 339956279 0 || 2026-05-24 01:03:53  / 0: 0 0 0 0 0 0 / 0: 0 0 0 0 0 0 / 0: 0 0 0 0 0 0
05-24 01:03:53.278 I/sensors-hal( 1942): handle_sns_client_event:550, [0][1923643] accel_sample [ 0.080, -0.106,  9.890] 349757825966541
05-24 01:03:53.534 D/NetdEventListenerService( 2765): DNS Requested by 213, 10125(com.instagram.android), 4(FAIL), isBlocked=true, 0ms
05-24 01:03:53.542 E/msys    (21704): E[N mns:DGWClient]_LogError(289)=>Failed to resolve using system DNS resolver, getaddrinfo(): No address associated with hostname
05-24 01:03:53.548 E/msys    (21704): E[N mns:DGWClient]_LogError(289)=>Failed to resolve using system DNS resolver, getaddrinfo(): No address associated with hostname
05-24 01:03:53.548 D/NetdEventListenerService( 2765): DNS Requested by 213, 10125(com.instagram.android), 4(FAIL), isBlocked=true, 0ms
05-24 01:03:53.776 I/SemWifiServiceDetector( 2765): Service det. resumed: T / T / 27646
05-24 01:03:54.027 E/HeatmapThread( 2062): ECT Thread time in milliseconds: 1779552234
05-24 01:03:54.027 D/HeatmapThread( 2062): !@ batteryplugType : 0
05-24 01:03:54.027 D/HeatmapThread( 2062): !@ batteryLevel : 0  batteryTemperature : 0 
05-24 01:03:54.027 D/HeatmapThread( 2062): !@ Heatmap currtime: 29659203
05-24 01:03:54.028 D/HeatmapThread( 2062): !@ Heatmap prevtime: 29659196
05-24 01:03:54.028 D/HeatmapThread( 2062): !@ Heatmap plugstarttime: 35791394
05-24 01:03:54.028 D/HeatmapThread( 2062): !@ Heatmap prevv_dsoh_update_time: 29653376
05-24 01:03:54.028 E/HeatmapThread( 2062): !@Could not open '/efs/FactoryApp/bsoh', errno = 13
05-24 01:03:54.028 E/HeatmapThread( 2062): !@ CAM Could not access BSOH EFS
05-24 01:03:54.028 E/HeatmapThread( 2062): !@ CAM New BSOH: 0
05-24 01:03:54.698 D/NetdEventListenerService( 2765): DNS Requested by 213, 10285(com.microsoft.skydrive), 4(FAIL), isBlocked=true, 0ms
05-24 01:03:54.766 D/io_stats( 1146): !@   8,0 r 27149050 581390552 w 10329148 147741076 d 3391527 167687396 f 0 801293 iot 12896904 0 th 0 0 0 pt 0 inp 0 0 339957.851
05-24 01:03:55.027 E/HeatmapThread( 2062): ECT Thread time in milliseconds: 1779552235
05-24 01:03:55.027 D/HeatmapThread( 2062): !@ batteryplugType : 0
05-24 01:03:55.027 D/HeatmapThread( 2062): !@ batteryLevel : 0  batteryTemperature : 0 
05-24 01:03:55.027 D/HeatmapThread( 2062): !@ Heatmap currtime: 29659203
05-24 01:03:55.028 D/HeatmapThread( 2062): !@ Heatmap prevtime: 29659196
05-24 01:03:55.028 D/HeatmapThread( 2062): !@ Heatmap plugstarttime: 35791394
05-24 01:03:55.028 D/HeatmapThread( 2062): !@ Heatmap prevv_dsoh_update_time: 29653376
05-24 01:03:55.028 E/HeatmapThread( 2062): !@Could not open '/efs/FactoryApp/bsoh', errno = 13
05-24 01:03:55.028 E/HeatmapThread( 2062): !@ CAM Could not access BSOH EFS
05-24 01:03:55.028 E/HeatmapThread( 2062): !@ CAM New BSOH: 0
05-24 01:03:55.275 I/sensors-hal( 1942): handle_sns_client_event:550, [0][1923852] accel_sample [ 0.091, -0.114,  9.896] 349759832143937
05-24 01:03:55.501 I/wpa_supplicant(10796): Heartbeat 33518
05-24 01:03:55.510 D/WifiConnectivityMonitor.NetworkStatsAnalyzer( 2765): Backhaul result - RSSI:-29, CE:14, PE:14, TI:37, PTI:38, TW:1, PTW:1, Tx:31, Rx:154, TxS:12, RxS:6, RESULT:true, IC:0, ICT:5, WC:0, WCT:5, R:0, RC:0, IE:0, EC:0
05-24 01:03:55.700 E/MQTTBypassDGWStreamGroupConnection.cpp(21704): connect failed. Callbacks terminated before ack received
05-24 01:03:55.703 E/MQTTBypassDGWStreamGroupCallbacks.cpp(21704): onStreamGroupError StreamGroupNetworkRequest request cancelled: max retries reached; last err (TransientError domain: MNSSecureTCP code: 1 detail: SecureTCP connection establish timeout)
05-24 01:03:55.704 W/MQTTBypassDGWStreamGroupConnection.cpp(21704): Restarting due to reason: StreamError
05-24 01:03:56.027 E/HeatmapThread( 2062): ECT Thread time in milliseconds: 1779552236
05-24 01:03:56.027 D/HeatmapThread( 2062): !@ batteryplugType : 0
05-24 01:03:56.027 D/HeatmapThread( 2062): !@ batteryLevel : 0  batteryTemperature : 0 
05-24 01:03:56.027 D/HeatmapThread( 2062): !@ Heatmap currtime: 29659203
05-24 01:03:56.027 D/HeatmapThread( 2062): !@ Heatmap prevtime: 29659196
05-24 01:03:56.027 D/HeatmapThread( 2062): !@ Heatmap plugstarttime: 35791394
05-24 01:03:56.027 D/HeatmapThread( 2062): !@ Heatmap prevv_dsoh_update_time: 29653376
05-24 01:03:56.028 E/HeatmapThread( 2062): !@Could not open '/efs/FactoryApp/bsoh', errno = 13
05-24 01:03:56.028 E/HeatmapThread( 2062): !@ CAM Could not access BSOH EFS
05-24 01:03:56.028 E/HeatmapThread( 2062): !@ CAM New BSOH: 0
05-24 01:03:56.141 I/SurfaceFlinger( 2066): SFWD update time=339959226212032
05-24 01:03:56.248 D/WifiStaIfaceHidlImpl( 2765): getCachedScanData is not implemented by HIDL
05-24 01:03:56.279 D/SemWifiUsabilityStatsMonitor( 2765): onWifiUsabilityStats - seqNum 96719, isSameBssidAndFreq true
05-24 01:03:56.284 I/SemWifiLinkQualityMonitor( 2765): Link stat: 836 / 45 / 1.25 (5) / 1200 / -29.0 || 100.0 : 1200.00 / 0.5 : 0.80 / 0.55 : 0.05 / G (G) || 6b020a812412: 0.083 / 96.662 / N || N N / 0 0 / N 2.0 / N X 0 / 339959365 0 || 2026-05-24 01:03:56  / 0: 0 0 0 0 0 0 / 0: 0 0 0 0 0 0 / 0: 0 0 0 0 0 0
05-24 01:03:56.440 D/NetdEventListenerService( 2765): DNS Requested by 213, 10125(com.instagram.android), 4(FAIL), isBlocked=true, 0ms
05-24 01:03:56.446 E/msys    (21704): E[N mns:TigonMNS]_LogError(289)=>Failed to resolve using system DNS resolver, getaddrinfo(): No address associated with hostname
05-24 01:03:56.452 E/msys    (21704): E[N mns:TigonMNS]_LogError(289)=>Failed to resolve using system DNS resolver, getaddrinfo(): No address associated with hostname
05-24 01:03:56.453 D/NetdEventListenerService( 2765): DNS Requested by 213, 10125(com.instagram.android), 4(FAIL), isBlocked=true, 0ms
05-24 01:03:56.474 I/sensors-hal( 1942): handle_sns_std_sensor_event:311, [SSC_LIGHT] P: 46(46),m:7,c:2,b:250,c0:2704,l:46,f(r):82,u(bl):101,j:39
05-24 01:03:56.716 D/NetdEventListenerService( 2765): DNS Requested by 213, 10125(com.instagram.android), 4(FAIL), isBlocked=true, 0ms
05-24 01:03:56.722 E/msys    (21704): E[N mns:DGWClient]_LogError(289)=>Failed to resolve using system DNS resolver, getaddrinfo(): No address associated with hostname
05-24 01:03:56.739 W/DeviceStorageMonitorService( 2765): updateBroadcasts(/data) oldLevel:0, newLevel:0, seq:1
05-24 01:03:56.741 D/DeviceStorageMonitorService( 2765): Available File Node Number is [11987125]
05-24 01:03:56.741 W/DeviceStorageMonitorService( 2765): updateBroadcasts_filenode(/data) fn_oldLevel:0, fn_newLevel:0, seq:1
05-24 01:03:56.767 D/io_stats( 1146): !@   8,0 r 27149050 581390552 w 10329156 147741100 d 3391527 167687396 f 0 801295 iot 12896916 0 th 0 0 0 pt 0 inp 0 0 339959.852
05-24 01:03:56.768 D/io_stats( 1146): !@ Write_top(KB): kworker/u16:3(10369) 32 henticator:auth(23399) 24 soft.appmanager(18483) 16
05-24 01:03:57.027 E/HeatmapThread( 2062): ECT Thread time in milliseconds: 1779552237
05-24 01:03:57.027 D/HeatmapThread( 2062): !@ batteryplugType : 0
05-24 01:03:57.027 D/HeatmapThread( 2062): !@ batteryLevel : 0  batteryTemperature : 0 
05-24 01:03:57.028 D/HeatmapThread( 2062): !@ Heatmap currtime: 29659203
05-24 01:03:57.028 D/HeatmapThread( 2062): !@ Heatmap prevtime: 29659196
05-24 01:03:57.028 D/HeatmapThread( 2062): !@ Heatmap plugstarttime: 35791394
05-24 01:03:57.028 D/HeatmapThread( 2062): !@ Heatmap prevv_dsoh_update_time: 29653376
05-24 01:03:57.028 E/HeatmapThread( 2062): !@Could not open '/efs/FactoryApp/bsoh', errno = 13
05-24 01:03:57.028 E/HeatmapThread( 2062): !@ CAM Could not access BSOH EFS
05-24 01:03:57.028 E/HeatmapThread( 2062): !@ CAM New BSOH: 0
05-24 01:03:57.154 D/NetdEventListenerService( 2765): DNS Requested by 213, 10481(com.hanaskcard.paycla), 4(FAIL), isBlocked=true, 0ms
05-24 01:03:57.280 I/sensors-hal( 1942): handle_sns_client_event:550, [0][1924061] accel_sample [ 0.093, -0.127,  9.900] 349761838321124
05-24 01:03:58.027 E/HeatmapThread( 2062): ECT Thread time in milliseconds: 1779552238
05-24 01:03:58.028 D/HeatmapThread( 2062): !@ batteryplugType : 0
05-24 01:03:58.028 D/HeatmapThread( 2062): !@ batteryLevel : 0  batteryTemperature : 0 
05-24 01:03:58.028 D/HeatmapThread( 2062): !@ Heatmap currtime: 29659203
05-24 01:03:58.028 D/HeatmapThread( 2062): !@ Heatmap prevtime: 29659196
05-24 01:03:58.028 D/HeatmapThread( 2062): !@ Heatmap plugstarttime: 35791394
05-24 01:03:58.028 D/HeatmapThread( 2062): !@ Heatmap prevv_dsoh_update_time: 29653376
05-24 01:03:58.028 E/HeatmapThread( 2062): !@Could not open '/efs/FactoryApp/bsoh', errno = 13
05-24 01:03:58.028 E/HeatmapThread( 2062): !@ CAM Could not access BSOH EFS
05-24 01:03:58.028 E/HeatmapThread( 2062): !@ CAM New BSOH: 0
05-24 01:03:58.768 D/io_stats( 1146): !@   8,0 r 27149050 581390552 w 10329159 147741112 d 3391527 167687396 f 0 801295 iot 12896920 0 th 0 0 0 pt 0 inp 0 0 339961.853
05-24 01:03:59.027 E/HeatmapThread( 2062): ECT Thread time in milliseconds: 1779552239
05-24 01:03:59.027 D/HeatmapThread( 2062): !@ batteryplugType : 0
05-24 01:03:59.027 D/HeatmapThread( 2062): !@ batteryLevel : 0  batteryTemperature : 0 
05-24 01:03:59.027 D/HeatmapThread( 2062): !@ Heatmap currtime: 29659203
05-24 01:03:59.028 D/HeatmapThread( 2062): !@ Heatmap prevtime: 29659196
05-24 01:03:59.028 D/HeatmapThread( 2062): !@ Heatmap plugstarttime: 35791394
05-24 01:03:59.028 D/HeatmapThread( 2062): !@ Heatmap prevv_dsoh_update_time: 29653376
05-24 01:03:59.028 E/HeatmapThread( 2062): !@Could not open '/efs/FactoryApp/bsoh', errno = 13
05-24 01:03:59.028 E/HeatmapThread( 2062): !@ CAM Could not access BSOH EFS
05-24 01:03:59.028 E/HeatmapThread( 2062): !@ CAM New BSOH: 0
05-24 01:03:59.295 I/sensors-hal( 1942): handle_sns_client_event:550, [0][1924270] accel_sample [ 0.086, -0.111,  9.892] 349763844498103
05-24 01:03:59.333 D/WifiStaIfaceHidlImpl( 2765): getCachedScanData is not implemented by HIDL
05-24 01:03:59.364 D/SemWifiUsabilityStatsMonitor( 2765): onWifiUsabilityStats - seqNum 96720, isSameBssidAndFreq true
05-24 01:03:59.368 I/SemWifiLinkQualityMonitor( 2765): Link stat: 337 / 34 / 1.00 (4) / 1200 / -28.0 || 100.0 : 1200.00 / 0.5 : 1.00 / 0.55 : 0.10 / G (G) || 6b020a812412: 0.087 / 92.223 / N || N N / 0 0 / N 2.0 / N X 0 / 339962449 0 || 2026-05-24 01:03:59  / 0: 0 0 0 0 0 0 / 0: 0 0 0 0 0 0 / 0: 0 0 0 0 0 0
05-24 01:03:59.490 D/NetdEventListenerService( 2765): DNS Requested by 213, 10512(com.microsoft.copilot), 4(FAIL), isBlocked=true, 0ms
05-24 01:04:00.009 I/DateTimeView( 3697): updateAll - getTimeFormat
05-24 01:04:00.011 D/ClockFaceEvents( 3697): onTimeTick. callers : com.android.keyguard.ClockEventController$keyguardUpdateMonitorCallback$1.refreshTime:19
05-24 01:04:00.011 D/ClockFaceEvents( 3697): com.android.keyguard.ClockEventController$keyguardUpdateMonitorCallback$1.onTimeChanged:1
05-24 01:04:00.011 D/ClockFaceEvents( 3697): com.android.keyguard.KeyguardUpdateMonitor$16.handleMessage:732
05-24 01:04:00.012 D/ClockFaceEvents( 3697): onTimeTick. callers : com.android.keyguard.ClockEventController$keyguardUpdateMonitorCallback$1.refreshTime:38
05-24 01:04:00.012 D/ClockFaceEvents( 3697): com.android.keyguard.ClockEventController$keyguardUpdateMonitorCallback$1.onTimeChanged:1
05-24 01:04:00.012 D/ClockFaceEvents( 3697): com.android.keyguard.KeyguardUpdateMonitor$16.handleMessage:732
05-24 01:04:00.012 D/FaceWidgetPagesController( 3697): onTimeChanged()
05-24 01:04:00.012 D/QSClockBellTower( 3697): onReceive(android.intent.action.TIME_TICK) mTimeZoneString:Asia/Seoul
05-24 01:04:00.014 D/QSClockBellTower( 3697): He is ready to ring the bell. (((QSClockBellSound - TimeText:01:04, TimeContentDescription:01:04, DateText:5월 24일 일요일, ShortDateText:5월 24일 (일), Demo:false)))
05-24 01:04:00.014 I/EyeComfortSolutionService( 2765): action  :  android.intent.action.TIME_TICK
05-24 01:04:00.015 I/EyeComfortSolutionService( 2765): Week : Sun , Hour : 01 , Minute : 04 , TimeValue : 64 , sleep state, defaultWakeupTime : 360 , start wakeup : 180
05-24 01:04:00.015 I/EyeComfortSolutionService( 2765): currentSleepStep : 50
05-24 01:04:00.017 D/QSClock ( 3697): StatusBar clock=01:04 notifyTimeChanged(QSClockBellSound - TimeText:01:04, TimeContentDescription:01:04, DateText:5월 24일 일요일, ShortDateText:5월 24일 (일), Demo:false) clockVisibleByPolicy=true, clockVisibleByUser=true, visible=true, parent=android.widget.LinearLayout{39d0982 V.E...... ......ID 109,0-250,75 #7f0a069b app:id/left_clock_container} caller=com.android.systemui.statusbar.phone.fragment.CollapsedStatusBarFragment.animateShow:52 com.android.systemui.statusbar.phone.fragment.CollapsedStatusBarFragment.updateStatusBarVisibilitiesInner:230 com.android.systemui.statusbar.phone.fragment.CollapsedStatusBarFragment.updateStatusBarVisibilities:65 com.android.systemui.statusbar.phone.fragment.CollapsedStatusBarFragment.disable:71 com.android.systemui.statusbar.CommandQueue$H.handleMessage:2997  
05-24 01:04:00.018 D/QSClockBellTower( 3697): Everyone heard the bell. run(currentTime:1779552240013, getTime():Sun May 24 01:04:00 GMT+09:00 2026, getTimeZone():libcore.util.ZoneInfo[mDstSavings=0,mUseDst=false,mDelegate=[id="Asia/Seoul",mRawOffset=32400000,mEarliestRawOffset=30472000,transitions=29]])
05-24 01:04:00.027 E/HeatmapThread( 2062): ECT Thread time in milliseconds: 1779552240
05-24 01:04:00.027 D/HeatmapThread( 2062): !@ batteryplugType : 0
05-24 01:04:00.027 D/HeatmapThread( 2062): !@ batteryLevel : 0  batteryTemperature : 0 
05-24 01:04:00.027 D/HeatmapThread( 2062): !@ Heatmap currtime: 29659204
05-24 01:04:00.028 D/HeatmapThread( 2062): !@ Heatmap prevtime: 29659196
05-24 01:04:00.028 D/HeatmapThread( 2062): !@ Heatmap plugstarttime: 35791394
05-24 01:04:00.028 D/HeatmapThread( 2062): !@ Heatmap prevv_dsoh_update_time: 29653376
05-24 01:04:00.028 E/HeatmapThread( 2062): !@Could not open '/efs/FactoryApp/bsoh', errno = 13
05-24 01:04:00.028 E/HeatmapThread( 2062): !@ CAM Could not access BSOH EFS
05-24 01:04:00.028 E/HeatmapThread( 2062): !@ CAM New BSOH: 0
05-24 01:04:00.029 W/RefactorFlag( 3697): New code path expects SceneContainerFlag to be enabled.
05-24 01:04:00.041 I/VSyncReactor( 2066): Current= 120, Period= 120, Distance= 0
05-24 01:04:00.048 D/vendor.samsung.hardware.thermal@1.0-service( 2012): timer callback!
05-24 01:04:00.049 I/VSyncReactor( 2066): Current= 120, Period= 120, Distance= 120
05-24 01:04:00.078 D/vendor.samsung.hardware.thermal@1.0-service( 2012): frontset.size = 0
05-24 01:04:00.091 I/SDHMS:x ( 6703): SIOP:: AP:327 BAT:299 USB:294 CHG:326 PA:333 WIFI:324 CF:319 BLK:0 SUBBAT:0 SKIN:305 SKINF:305 SKINB:302 LRP:305 LRP2:305 LRF2:305 LRB2:302 AP2:305 CHG2:302 WIFI2:305 UANT2:302 RCV2:302 SPK2:292 FCAM:294 UPSPK:319 DNSPK:294 AMB:242 AVGCUR:0 AVGSYS:296 POWER:0
05-24 01:04:00.222 D/ActivityManager( 2765): unpendingScheduleServiceRestart: u=10670, drop=false
05-24 01:04:00.227 D/FreecessController( 2765): UFZ : com.openai.chatgpt(10670) [28558] reason: Binder(1)-android.accessibilityservice.IAccessibili
05-24 01:04:00.228 W/LocationManagerService( 2765): onFreezeStateChanged, uid[10670]=false
05-24 01:04:00.229 I/PowerManagerService( 2765): [PWL] SetWakeLockEnableDisable uid = 10670 , disable= false
05-24 01:04:00.229 I/PowerManagerService( 2765): [PWL] can not change uid =  10670
05-24 01:04:00.349 D/NetdEventListenerService( 2765): CSC Feature value: true
05-24 01:04:00.349 D/NetdEventListenerService( 2765): CSC Feature value: true
05-24 01:04:00.351 D/NetdEventListenerService( 2765): DNS Requested by 213, 10285(com.microsoft.skydrive), 4(FAIL), isBlocked=true, 0ms
05-24 01:04:00.540 D/SatelliteController( 3655): isInCarrierRoamingNbIotNtn: satellite is disabled
05-24 01:04:00.756 D/NetdEventListenerService( 2765): DNS Requested by 213, 10125(com.instagram.android), 4(FAIL), isBlocked=true, 0ms
05-24 01:04:00.760 E/msys    (21704): E[N mns:DGWClient]_LogError(289)=>Failed to resolve using system DNS resolver, getaddrinfo(): No address associated with hostname
05-24 01:04:00.766 E/msys    (21704): E[N mns:DGWClient]_LogError(289)=>Failed to resolve using system DNS resolver, getaddrinfo(): No address associated with hostname
05-24 01:04:00.767 D/NetdEventListenerService( 2765): DNS Requested by 213, 10125(com.instagram.android), 4(FAIL), isBlocked=true, 0ms
05-24 01:04:00.769 D/io_stats( 1146): !@   8,0 r 27149050 581390552 w 10329246 147741480 d 3391574 167687712 f 0 801299 iot 12896948 0 th 0 0 0 pt 0 inp 0 0 339963.854
05-24 01:04:00.769 D/io_stats( 1146): !@ Write_top(KB): f2fs_ckpt-254:5(4251) 68 kworker/u16:1(23108) 52 init(1) 28
05-24 01:04:00.794 I/sensors-hal( 1942): handle_sns_std_sensor_event:311, [SSC_LIGHT] P: 46(46),m:7,c:2,b:250,c0:2704,l:46,f(r):82,u(bl):101,j:40
05-24 01:04:00.829 I/SDHMS:LOAD( 6703): type: LoadsFreqs, value: 6:0:0:806400:806400:806400:726528:2496000:633600:285:285:285
05-24 01:04:01.027 E/HeatmapThread( 2062): ECT Thread time in milliseconds: 1779552241
05-24 01:04:01.027 D/HeatmapThread( 2062): !@ batteryplugType : 0
05-24 01:04:01.028 D/HeatmapThread( 2062): !@ batteryLevel : 0  batteryTemperature : 0 
05-24 01:04:01.028 D/HeatmapThread( 2062): !@ Heatmap currtime: 29659204
05-24 01:04:01.028 D/HeatmapThread( 2062): !@ Heatmap prevtime: 29659196
05-24 01:04:01.028 D/HeatmapThread( 2062): !@ Heatmap plugstarttime: 35791394
05-24 01:04:01.028 D/HeatmapThread( 2062): !@ Heatmap prevv_dsoh_update_time: 29653376
05-24 01:04:01.028 E/HeatmapThread( 2062): !@Could not open '/efs/FactoryApp/bsoh', errno = 13
05-24 01:04:01.028 E/HeatmapThread( 2062): !@ CAM Could not access BSOH EFS
05-24 01:04:01.028 E/HeatmapThread( 2062): !@ CAM New BSOH: 0
05-24 01:04:01.152 I/FusedLocation(24302): (REDACTED) location delivery to %s blocked - too close
05-24 01:04:01.153 I/FusedLocation(24302): (REDACTED) location delivery to %s blocked - too close
05-24 01:04:01.158 I/FusedLocation(24302): (REDACTED) location delivery to %s blocked - too close
05-24 01:04:01.160 I/FusedLocation(24302): (REDACTED) location delivery to %s blocked - too fast
05-24 01:04:01.162 I/Rubin   (29590): [202] m7.a.onLocationChanged(Unknown Source) : polygon changedLocation process
05-24 01:04:01.163 D/ActivityManager( 2765): Received BROADCAST intent 0x17e98f5 Key{broadcastIntent pkg=com.samsung.android.mcfds intent=act=com.samsung.android.ce.sensor.location.PASSIVE_INTENT xflg=0x4 pkg=com.samsung.android.mcfds flags=0x2000000 u=0} requestCode=20247613 sent=0 from uid 1000
05-24 01:04:01.164 D/SLocation( 2765): PositionManager - Passive handleLocationChanged [F, A : 100.00, T : 1779552241148, ET : 349765716, h : 27/24]
05-24 01:04:01.164 D/SLocation( 2765): PositionManager - receive fused location
05-24 01:04:01.164 W/SLocation( 2765): GeopointGeofenceManger - refresh wifi to receive loc
05-24 01:04:01.164 D/SLocation( 2765): GeopointGeofenceManger - Location reported : fix method = 14 / 100.0
05-24 01:04:01.165 D/SLocation( 2765): LocationBuffer - receivedLocation - op[interval(min 60000, max 300000), waitTime 36000000, numOfUpdates 20, minDistance 200.0]dist : 0.0 diffTime : 60004 accept time condition
05-24 01:04:01.165 D/SLocation( 2765): LocationBuffer - input buffer, size : 19
05-24 01:04:01.165 D/SLocation( 2765): BatchManager - received batch location buffered = true
05-24 01:04:01.165 I/Rubin   (29590): [420] b7.a.a(Unknown Source) : changedLocation geohash : wydzx
05-24 01:04:01.165 D/SLocation( 2765): LastLocations - update latest location [F, A : 100.00, T : 1779552241148, ET : 349765716, h : 27/24]
05-24 01:04:01.165 D/SLocation( 2765): ARDistanceLibManager - request distance diff to AR Distance Library
05-24 01:04:01.165 D/SLocation( 2765): SLocationCoreSem - send to coreSem, packet length : 1 / [34]
05-24 01:04:01.165 D/SemContextLocationCoreAttribute( 2765): setAttribute() mode : 0 action : 23
05-24 01:04:01.165 D/SemContextService( 2765): lock : changeParameters
05-24 01:04:01.165 D/SemContext.CaeProvider.LocationCoreImpl( 2765): setAttribute() mode : 0 action : 23
05-24 01:04:01.166 W/CAE     ( 2765): setCAProperty(ContextAwareService.java:509) - [setProperty 01] Mutex is locked for SLOCATION_RUNNER
05-24 01:04:01.166 I/CAE     ( 2765): setPropertyValue(SLocationRunner.java:116) - SLocationRunner setProperty header : 34, len : 1
05-24 01:04:01.167 D/SensorService( 2765): setSContextDataLocked ints length 2 , byte length 4
05-24 01:04:01.167 D/SensorService( 2765): setSContextDataLocked 223717c1
05-24 01:04:01.167 I/sensors-hal( 1942): inject_sensor_data:555, handle 1501 send inject
05-24 01:04:01.167 I/sensors-hal( 1942): sendContextData:285, sensor hal 4, (0xc1, 0x17, 0x37, 0x22)
05-24 01:04:01.168 E/sensors-hal( 1942): sendContextData:131, slocationcore h 193 m 23 s 55
05-24 01:04:01.168 I/sensors-hal( 1942): sendUserData:117, slocationcore sendUserData
05-24 01:04:01.168 E/sensors-hal( 1942): create_send_context_data:62, slocationcore create_send_context_data
05-24 01:04:01.168 I/sensors-hal( 1942): send_context_data:618, slocationcore, 4986366670857974562, 1320970896291267344, msgid:700
05-24 01:04:01.169 W/CAE     ( 2765): setCAProperty(ContextAwareService.java:515) - [setProperty 02] Mutex is unlocked for SLOCATION_RUNNER
05-24 01:04:01.169 D/SemContextService( 2765): unlock : changeParameters
05-24 01:04:01.169 D/SemContextManager( 2765):   .changeParameters : listener = Z.i@daece44, service=SLocation Core
05-24 01:04:01.169 D/SLocation( 2765): SLocationCoreSem - send to coreSem, packet length : 23 / [2, 22, 152, 92, 249, 76, 64, 254, 253, 0, 0, 0, 100, 2, 0, 0, 1, 158, 85, 148, 69, 252, 0]
05-24 01:04:01.169 D/SemContextLocationCoreAttribute( 2765): setAttribute() mode : 0 action : 23
05-24 01:04:01.169 D/SemContextService( 2765): lock : changeParameters
05-24 01:04:01.169 D/SemContext.CaeProvider.LocationCoreImpl( 2765): setAttribute() mode : 0 action : 23
05-24 01:04:01.169 W/CAE     ( 2765): setCAProperty(ContextAwareService.java:509) - [setProperty 01] Mutex is locked for SLOCATION_RUNNER
05-24 01:04:01.170 I/CAE     ( 2765): setPropertyValue(SLocationRunner.java:116) - SLocationRunner setProperty header : 2, len : 23
05-24 01:04:01.171 I/sensors-hal( 1942): ssc_conn_resp_cb:833, resp_value = 0
05-24 01:04:01.171 E/sensors-hal( 1942): handle_sns_client_event:76, slocationcore_event: msgid:1025
05-24 01:04:01.173 E/sensors-hal( 1942): handle_sns_client_event:76, slocationcore_event: msgid:1025
05-24 01:04:01.173 D/SensorService( 2765): setSContextDataLocked ints length 8 , byte length 26
05-24 01:04:01.173 D/SensorService( 2765): setSContextDataLocked 23717c1
05-24 01:04:01.173 D/LocationTracker( 8337): Got a location update from Play Services
05-24 01:04:01.174 I/sensors-hal( 1942): inject_sensor_data:555, handle 1501 send inject
05-24 01:04:01.174 D/CAE     ( 2765): onGetSensorHubData(SensorHubParserProvider.java:92) - onGetSensorHubData Event [event buffer len :56], AP_WAKEUP
05-24 01:04:01.174 I/CAE     ( 2765): parse(SensorHubParserProvider.java:188) - buffer size = 56
05-24 01:04:01.174 I/CAE     ( 2765): parse(SensorHubParserProvider.java:199) - 1, 1, 55, 0, 51, 5, 7, 2, 0, 0, 0, 0, 3, 113, -89, 32, 15, 5, 0, 0, 0, -56, 3, 113, -89, 32, 5, 1, 0, 0, 0, 100, 3, 113, -89, 32, 15, 5, 0, 0, 0, -56, 3, 113, -89, 32, 7, 2, 0, 0, 0, 10, 3, 113, -50, 48,
05-24 01:04:01.174 I/CAE     ( 2765): parse(SLocationRunner.java:88) - SLocationRunner parse start : 3
05-24 01:04:01.174 I/GmsPassiveListener_FLP( 4527): onGmsLocationChanged, provider=fused / speed=0.0 / time=1779552241148 / elapsed=349765716637930
05-24 01:04:01.174 D/CAE     ( 2765): display(ContextProvider.java:375) - ================= SLOCATION_RUNNER =================
05-24 01:04:01.174 I/CAE     ( 2765): display(ContextProvider.java:391) - ExtraDataArray=[1, 1, 55, 0, 51, 5, 7, 2, 0, 0, 0, 0, 3, 113, -89, 32, 15, 5, 0, 0, 0, -56, 3, 113, -89, 32, 5, 1, 0, 0, 0, 100, 3, 113, -89, 32, 15, 5, 0, 0, 0, -56, 3, 113, -89, 32, 7, 2, 0, 0, 0, 10, 3, 113, -50, 48]
05-24 01:04:01.174 I/CAE     ( 2765): parse(SLocationRunner.java:96) - SLocationRunner parse end:56
05-24 01:04:01.175 E/sensors-hal( 1942): handle_sns_client_event:76, slocationcore_event: msgid:1025
05-24 01:04:01.175 I/sensors-hal( 1942): sendContextData:285, sensor hal 26, (0xc1, 0x17, 0x37, 0x2)
05-24 01:04:01.175 E/sensors-hal( 1942): sendContextData:131, slocationcore h 193 m 23 s 55
05-24 01:04:01.175 I/sensors-hal( 1942): sendUserData:117, slocationcore sendUserData
05-24 01:04:01.175 E/sensors-hal( 1942): create_send_context_data:62, slocationcore create_send_context_data
05-24 01:04:01.176 I/sensors-hal( 1942): send_context_data:618, slocationcore, 4986366670857974562, 1320970896291267344, msgid:700
05-24 01:04:01.176 D/SemContextService( 2765): Service.updateContext() : service = SLocation Core
05-24 01:04:01.176 D/SemContextManager( 2765): onSemContextChanged() : event = SLocation Core
05-24 01:04:01.176 D/SLocation( 2765): SensorHubWrapper - SemContextChanged type = 47, packet received
05-24 01:04:01.177 I/sensors-hal( 1942): ssc_conn_resp_cb:833, resp_value = 0
05-24 01:04:01.177 E/sensors-hal( 1942): handle_sns_client_event:76, slocationcore_event: msgid:1025
05-24 01:04:01.178 D/CAE     ( 2765): onGetSensorHubData(SensorHubParserProvider.java:92) - onGetSensorHubData Event [event buffer len :38], AP_WAKEUP
05-24 01:04:01.178 W/CAE     ( 2765): setCAProperty(ContextAwareService.java:515) - [setProperty 02] Mutex is unlocked for SLOCATION_RUNNER
05-24 01:04:01.178 D/SemContextService( 2765): unlock : changeParameters
05-24 01:04:01.178 I/CAE     ( 2765): parse(SensorHubParserProvider.java:188) - buffer size = 38
05-24 01:04:01.178 D/SemContextManager( 2765):   .changeParameters : listener = Z.i@daece44, service=SLocation Core
05-24 01:04:01.179 I/CAE     ( 2765): parse(SensorHubParserProvider.java:199) - 1, 1, 55, 0, 33, 33, 0, 0, 0, 0, 0, 0, 1, -98, 84, -124, -43, 32, 22, -104, 95, -96, 76, 65, 2, 0, 0, 0, 0, 6, 3, 113, -89, 32, 0, 0, 0, 6,
05-24 01:04:01.179 I/CAE     ( 2765): parse(SLocationRunner.java:88) - SLocationRunner parse start : 3
05-24 01:04:01.179 D/CAE     ( 2765): display(ContextProvider.java:375) - ================= SLOCATION_RUNNER =================
05-24 01:04:01.179 D/SLocation( 2765): ReceiverPair - ignore direction of location due to wifi, id = 20, reason = 400
05-24 01:04:01.179 I/CAE     ( 2765): display(ContextProvider.java:391) - ExtraDataArray=[1, 1, 55, 0, 33, 33, 0, 0, 0, 0, 0, 0, 1, -98, 84, -124, -43, 32, 22, -104, 95, -96, 76, 65, 2, 0, 0, 0, 0, 6, 3, 113, -89, 32, 0, 0, 0, 6]
05-24 01:04:01.179 I/CAE     ( 2765): parse(SLocationRunner.java:96) - SLocationRunner parse end:38
05-24 01:04:01.179 D/CAE     ( 2765): onGetSensorHubData(SensorHubParserProvider.java:92) - onGetSensorHubData Event [event buffer len :10], AP_WAKEUP
05-24 01:04:01.179 I/CAE     ( 2765): parse(SensorHubParserProvider.java:188) - buffer size = 10
05-24 01:04:01.179 I/CAE     ( 2765): parse(SensorHubParserProvider.java:199) - 1, 1, 55, 0, 5, 2, 34, 0, 0, 0,
05-24 01:04:01.180 I/CAE     ( 2765): parse(SLocationRunner.java:88) - SLocationRunner parse start : 3
05-24 01:04:01.180 D/CAE     ( 2765): display(ContextProvider.java:375) - ================= SLOCATION_RUNNER =================
05-24 01:04:01.180 I/CAE     ( 2765): display(ContextProvider.java:391) - ExtraDataArray=[1, 1, 55, 0, 5, 2, 34, 0, 0, 0]
05-24 01:04:01.180 I/CAE     ( 2765): parse(SLocationRunner.java:96) - SLocationRunner parse end:10
05-24 01:04:01.180 D/CAE     ( 2765): onGetSensorHubData(SensorHubParserProvider.java:92) - onGetSensorHubData Event [event buffer len :10], AP_WAKEUP
05-24 01:04:01.180 D/SLocation( 2765): ReceiverPairWithAdaptive - id : 123, dir : 1
05-24 01:04:01.180 I/CAE     ( 2765): parse(SensorHubParserProvider.java:188) - buffer size = 10
05-24 01:04:01.180 I/CAE     ( 2765): parse(SensorHubParserProvider.java:199) - 1, 1, 55, 0, 5, 2, 2, 0, 0, 0,
05-24 01:04:01.180 I/CAE     ( 2765): parse(SLocationRunner.java:88) - SLocationRunner parse start : 3
05-24 01:04:01.180 D/CAE     ( 2765): display(ContextProvider.java:375) - ================= SLOCATION_RUNNER =================
05-24 01:04:01.180 I/CAE     ( 2765): display(ContextProvider.java:391) - ExtraDataArray=[1, 1, 55, 0, 5, 2, 2, 0, 0, 0]
05-24 01:04:01.180 I/CAE     ( 2765): parse(SLocationRunner.java:96) - SLocationRunner parse end:10
05-24 01:04:01.181 D/SemContextService( 2765): Service.updateContext() : service = SLocation Core
05-24 01:04:01.181 D/SemContextService( 2765): Service.updateContext() : service = SLocation Core
05-24 01:04:01.181 D/SemContextService( 2765): Service.updateContext() : service = SLocation Core
05-24 01:04:01.181 D/SemContextManager( 2765): onSemContextChanged() : event = SLocation Core
05-24 01:04:01.182 D/SLocation( 2765): SensorHubWrapper - SemContextChanged type = 47, packet received
05-24 01:04:01.182 D/SemContextManager( 2765): onSemContextChanged() : event = SLocation Core
05-24 01:04:01.182 D/SLocation( 2765): SensorHubWrapper - SemContextChanged type = 47, packet received
05-24 01:04:01.182 D/SemContextManager( 2765): onSemContextChanged() : event = SLocation Core
05-24 01:04:01.182 D/SLocation( 2765): SensorHubWrapper - SemContextChanged type = 47, packet received
05-24 01:04:01.183 D/SLocation( 2765): AlarmManagerWrapper - next alarm time : 353365732 (WK)
05-24 01:04:01.183 D/SLocation( 2765): GeopointLastLocation - last location still available 34 / 9223372036854775807
