05-24 01:05:31.741 I/AfterimageCompensationService( 2765): AfcThread mLuminance : 487 , AfpcPeriodCount : 1945 , rotation : 0 , AOD : false
05-24 01:05:31.743 I/SurfaceComposerClient( 2765): captureDisplay:Display-4630947232161729154
05-24 01:05:31.747 I/SurfaceFlinger( 2066): Capture layer list: 	 com.parkcheolhong.worldlinco/com.parkcheolhong.worldlinco.MainActivity$_20825#40977(seamlessTransition:0)
05-24 01:05:31.748 I/SurfaceFlinger( 2066): Capture layer list: 	 StatusBar$_3697#118(seamlessTransition:0)
05-24 01:05:31.748 I/SurfaceFlinger( 2066): Capture layer list: 	 com.sec.android.app.launcher/com.samsung.app.honeyspace.edge.edgepanel.app.CocktailBarService$_4253#40986(seamlessTransition:0)
05-24 01:05:31.748 I/SurfaceFlinger( 2066): Capture layer list: 	 NavigationBar0$_3697#114(seamlessTransition:0)
05-24 01:05:31.748 I/CompositionEngine( 2066): [setDisplaySize] size=(1440, 3088)
05-24 01:05:31.749 E/HWComposer( 2066): getLuts: getLuts failed for display 4630947232161729154: UNSUPPORTED (8)
05-24 01:05:31.751 D/RenderEngine( 2066): [SEC_SF_EFFECTS] drawLayersInternal,1483, Rendering layer ScreenCaptureFillLayer at index 0
05-24 01:05:31.751 D/RenderEngine( 2066): [SEC_SF_EFFECTS] drawLayersInternal,1483, Rendering layer com.parkcheolhong.worldlinco/com.parkcheolhong.worldlinco.MainActivity$_20825#40977 at index 1
05-24 01:05:31.752 D/RenderEngine( 2066): [SEC_SF_EFFECTS] drawLayersInternal,1483, Rendering layer StatusBar$_3697#118 at index 2
05-24 01:05:31.752 D/RenderEngine( 2066): [SEC_SF_EFFECTS] drawLayersInternal,1483, Rendering layer com.sec.android.app.launcher/com.samsung.app.honeyspace.edge.edgepanel.app.CocktailBarService$_4253#40986 at index 3
05-24 01:05:31.753 D/RenderEngine( 2066): [SEC_SF_EFFECTS] drawLayersInternal,1483, Rendering layer NavigationBar0$_3697#114 at index 4
05-24 01:05:31.765 D/system_server( 2765): mAFPC_Read - w = 1440, h = 3088, s = 32, f = 4, s_size = 18182144, luminance = 487, count = 1945, captureOrientation = 0
05-24 01:05:31.866 I/SDHMS:LOAD( 6703): type: LoadsFreqs, value: 5:0:0:806400:806400:806400:636288:768000:633600:285:285:285
05-24 01:05:31.920 D/NetdEventListenerService( 2765): DNS Requested by 213, 10512(com.microsoft.copilot), 4(FAIL), isBlocked=true, 0ms
05-24 01:05:32.027 E/HeatmapThread( 2062): ECT Thread time in milliseconds: 1779552332
05-24 01:05:32.027 D/HeatmapThread( 2062): !@ batteryplugType : 0
05-24 01:05:32.027 D/HeatmapThread( 2062): !@ batteryLevel : 0  batteryTemperature : 0 
05-24 01:05:32.027 D/HeatmapThread( 2062): !@ Heatmap currtime: 29659205
05-24 01:05:32.028 D/HeatmapThread( 2062): !@ Heatmap prevtime: 29659196
05-24 01:05:32.028 D/HeatmapThread( 2062): !@ Heatmap plugstarttime: 35791394
05-24 01:05:32.028 D/HeatmapThread( 2062): !@ Heatmap prevv_dsoh_update_time: 29653376
05-24 01:05:32.028 E/HeatmapThread( 2062): !@Entered the read from path function
05-24 01:05:32.028 E/HeatmapThread( 2062): !@Could not open '/efs/FactoryApp/extended_heatmap', errno = 13
05-24 01:05:32.028 E/HeatmapThread( 2062): !@Extended_heatmap efs Forced Reset
05-24 01:05:32.028 E/HeatmapThread( 2062): !@Read Extended_heatmap from efs is: 
05-24 01:05:32.029 E/HeatmapThread( 2062): !@Write Extended Heatmap to efs is: 0 0 0 0 0 0 0 0 0 0 0 0 0 0 0 0 0 0 0 0 0 0 0 0 0 0 0 0 0 0 0 0 0 0 0 0 0 0 0 0 0 0 0 0 0 0 0 0 0 0 0 0 0 0 0 0 0 0 0 0 0 0 0 0 0 0 0 0 0 0 0 0 0 0 0 0 0 0 0 0 0 0 0 0 0 0 0 0 0 0 0 0 0 0 0 0 0 0 0 0 0 0 0 0 0 0 0 0 0 0 0 0 0 0 0 0 0 0 0 0 0 0 0 0 0 0 0 0 0 0 0 0 0 0 0 0 0 0 0 0 0 0 0 0 0 0 0 0 0 0 0 0 0 0 0 0 0 0 0 0 0 0 0 0 0 0 0 0 0 0 0 0 0 0 0 0 0 0 0 0 0 0 0 0 0 0 0 0 0 0 0 0 0 0 0 0 0 0 0 0 0 0 0 0 0 0 0 0 0 0 0 0 0 0 0 0 0 0 0 0 0 0 0 0 0 0 0 0 0 0 0 0 0 0 0 0 0 0 0 0 0 0 0 0 0 0 0 0 0 0 0 0 0 0 0 0 0 0 0 0 0 0 0 0 0 0 0 0 0 0 0 0 0 0 0 0 0 0 0 0 0 0 0 0 0 0 0 0 0 0 0 0 0 0 0 0 0 0 0 0 0 0 0 0 0 0 0 0 0 0 0 0 0 0 0 0 0 0 0 0 0 0 0 0 0 0 0 0 0 0 0 0 0 0 0 0 0 0 0 0 0 0 0 0 0 0 0 0 0 0 0 0 0 0 0 0 0 0 0 0 0 0 0 0 0 0 0 0 0 0 0 0 0 0 0 0 0 0 0 0 0 0 0 0 0 0 0 0 0 0 0 0 0 0 0 0 0 0 0 0 0 0 0 0 0 0 0 0 0 0 0 0 0 0 0 0 0 0 0 0 0 0 0 0 0 0 0 0 0 0 0 0 0 0 0 0 0 0 0 0 0 0 0 0 0 0 0 0 0 0 0 0 0 0 0 0 0 0 0 0 0 0 0 0 0 0 0 0 0 0 0 0 0 0 0 0 0 0 0 0 0 0 0 0 0 0 0 0 0 0 0 0 0 0
05-24 01:05:32.029 E/HeatmapThread( 2062): !@Could not open '/efs/FactoryApp/extended_heatmap', errno = 13
05-24 01:05:32.030 E/HeatmapThread( 2062): !@Could not open '/efs/FactoryApp/bsoh', errno = 13
05-24 01:05:32.030 E/HeatmapThread( 2062): !@ CAM Could not access BSOH EFS
05-24 01:05:32.030 E/HeatmapThread( 2062): !@ CAM New BSOH: 0
05-24 01:05:32.058 D/SatelliteController( 3655): isInCarrierRoamingNbIotNtn: satellite is disabled
05-24 01:05:32.066 D/WifiStaIfaceHidlImpl( 2765): getCachedScanData is not implemented by HIDL
05-24 01:05:32.094 D/SemWifiUsabilityStatsMonitor( 2765): onWifiUsabilityStats - seqNum 96750, isSameBssidAndFreq true
05-24 01:05:32.098 I/SemWifiLinkQualityMonitor( 2765): Link stat: 1169 / 56 / 1.00 (11) / 1200 / -29.0 || 100.0 : 1200.00 / 0.5 : 1.00 / 0.55 : 0.05 / G (G) || 6b020a812412: 0.082 / 97.218 / N || N N / 0 0 / N 2.0 / N X 0 / 340055179 0 || 2026-05-24 01:05:31  / 0: 0 0 0 0 0 0 / 0: 0 0 0 0 0 0 / 0: 0 0 0 0 0 0
05-24 01:05:32.635 I/sensors-hal( 1942): handle_sns_std_sensor_event:311, [SSC_LIGHT] P: 46(46),m:7,c:2,b:250,c0:2704,l:46,f(r):82,u(bl):101,j:39
05-24 01:05:32.827 D/io_stats( 1146): !@   8,0 r 27150504 581399228 w 10330609 147749368 d 3392120 167693760 f 0 801409 iot 12898204 0 th 0 0 0 pt 0 inp 0 0 340055.912
05-24 01:05:32.827 D/io_stats( 1146): !@ Write_top(KB): kworker/u16:0(8069) 96 f2fs_ckpt-254:5(4251) 72 init(1) 28
05-24 01:05:33.027 E/HeatmapThread( 2062): ECT Thread time in milliseconds: 1779552333
05-24 01:05:33.027 D/HeatmapThread( 2062): !@ batteryplugType : 0
05-24 01:05:33.027 D/HeatmapThread( 2062): !@ batteryLevel : 0  batteryTemperature : 0 
05-24 01:05:33.027 D/HeatmapThread( 2062): !@ Heatmap currtime: 29659205
05-24 01:05:33.027 D/HeatmapThread( 2062): !@ Heatmap prevtime: 29659196
05-24 01:05:33.027 D/HeatmapThread( 2062): !@ Heatmap plugstarttime: 35791394
05-24 01:05:33.027 D/HeatmapThread( 2062): !@ Heatmap prevv_dsoh_update_time: 29653376
05-24 01:05:33.027 E/HeatmapThread( 2062): !@Could not open '/efs/FactoryApp/bsoh', errno = 13
05-24 01:05:33.027 E/HeatmapThread( 2062): !@ CAM Could not access BSOH EFS
05-24 01:05:33.027 E/HeatmapThread( 2062): !@ CAM New BSOH: 0
05-24 01:05:33.079 I/system_server( 2765): Background young concurrent mark compact GC freed 38MB AllocSpace bytes, 444(8880KB) LOS objects, 20% free, 179MB/226MB, paused 1.490ms,7.764ms total 157.309ms
05-24 01:05:33.586 I/sensors-hal( 1942): handle_sns_client_event:550, [0][1934093] accel_sample [ 0.087, -0.130,  9.893] 349858134685140
05-24 01:05:33.660 D/CustomizedBinderCallsStatsInternal( 2765): reportCpuUsage() : 1%
05-24 01:05:33.660 I/BinderCallsStats( 2765): Collected cpu time : 0us, collected call count : 0 for 36952906 ms
05-24 01:05:33.662 D/ProcessCpuUsage( 2765): [0] 754, {614=50360, 729=820, 844=260, 960=300, 1075=1700, 1171=220, 1267=170, 1363=410, 1478=110, 1689=120, 1785=5620}
05-24 01:05:33.662 D/ProcessCpuUsage( 2765): [4] 668, {633=58210, 768=340, 1555=500, 2496=580}
05-24 01:05:33.662 D/ProcessCpuUsage( 2765): [7] 815, {806=59890, 2995=200}
05-24 01:05:34.027 E/HeatmapThread( 2062): ECT Thread time in milliseconds: 1779552334
05-24 01:05:34.028 D/HeatmapThread( 2062): !@ batteryplugType : 0
05-24 01:05:34.028 D/HeatmapThread( 2062): !@ batteryLevel : 0  batteryTemperature : 0 
05-24 01:05:34.028 D/HeatmapThread( 2062): !@ Heatmap currtime: 29659205
05-24 01:05:34.028 D/HeatmapThread( 2062): !@ Heatmap prevtime: 29659196
05-24 01:05:34.028 D/HeatmapThread( 2062): !@ Heatmap plugstarttime: 35791394
05-24 01:05:34.028 D/HeatmapThread( 2062): !@ Heatmap prevv_dsoh_update_time: 29653376
05-24 01:05:34.028 E/HeatmapThread( 2062): !@Could not open '/efs/FactoryApp/bsoh', errno = 13
05-24 01:05:34.028 E/HeatmapThread( 2062): !@ CAM Could not access BSOH EFS
05-24 01:05:34.028 E/HeatmapThread( 2062): !@ CAM New BSOH: 0
05-24 01:05:34.037 D/NetdEventListenerService( 2765): DNS Requested by 213, 10410(com.ss.android.ugc.trill), 4(FAIL), isBlocked=true, 0ms
05-24 01:05:34.185 D/NetdEventListenerService( 2765): DNS Requested by 213, 10481(com.hanaskcard.paycla), 4(FAIL), isBlocked=true, 0ms
05-24 01:05:34.638 D/NetdEventListenerService( 2765): DNS Requested by 213, 10125(com.instagram.android), 4(FAIL), isBlocked=true, 0ms
05-24 01:05:34.646 E/msys    (21704): E[N mns:DGWClient]_LogError(289)=>Failed to resolve using system DNS resolver, getaddrinfo(): No address associated with hostname
05-24 01:05:34.652 E/msys    (21704): E[N mns:DGWClient]_LogError(289)=>Failed to resolve using system DNS resolver, getaddrinfo(): No address associated with hostname
05-24 01:05:34.653 D/NetdEventListenerService( 2765): DNS Requested by 213, 10125(com.instagram.android), 4(FAIL), isBlocked=true, 0ms
05-24 01:05:34.828 D/io_stats( 1146): !@   8,0 r 27150504 581399228 w 10330617 147749392 d 3392120 167693760 f 0 801411 iot 12898212 0 th 0 0 0 pt 0 inp 0 0 340057.913
05-24 01:05:35.027 E/HeatmapThread( 2062): ECT Thread time in milliseconds: 1779552335
05-24 01:05:35.027 D/HeatmapThread( 2062): !@ batteryplugType : 0
05-24 01:05:35.027 D/HeatmapThread( 2062): !@ batteryLevel : 0  batteryTemperature : 0 
05-24 01:05:35.027 D/HeatmapThread( 2062): !@ Heatmap currtime: 29659205
05-24 01:05:35.028 D/HeatmapThread( 2062): !@ Heatmap prevtime: 29659196
05-24 01:05:35.028 D/HeatmapThread( 2062): !@ Heatmap plugstarttime: 35791394
05-24 01:05:35.028 D/HeatmapThread( 2062): !@ Heatmap prevv_dsoh_update_time: 29653376
05-24 01:05:35.028 E/HeatmapThread( 2062): !@Could not open '/efs/FactoryApp/bsoh', errno = 13
05-24 01:05:35.028 E/HeatmapThread( 2062): !@ CAM Could not access BSOH EFS
05-24 01:05:35.028 E/HeatmapThread( 2062): !@ CAM New BSOH: 0
05-24 01:05:35.189 D/WifiStaIfaceHidlImpl( 2765): getCachedScanData is not implemented by HIDL
05-24 01:05:35.215 D/SemWifiUsabilityStatsMonitor( 2765): onWifiUsabilityStats - seqNum 96751, isSameBssidAndFreq true
05-24 01:05:35.220 I/SemWifiLinkQualityMonitor( 2765): Link stat: 462 / 37 / 1.00 (3) / 1200 / -33.0 || 100.0 : 1200.00 / 0.5 : 1.00 / 0.55 : 0.08 / G (G) || 6b020a812412: 0.085 / 94.190 / N || N N / 0 0 / N 2.0 / N X 0 / 340058301 0 || 2026-05-24 01:05:34  / 0: 0 0 0 0 0 0 / 0: 0 0 0 0 0 0 / 0: 0 0 0 0 0 0
05-24 01:05:35.508 I/wpa_supplicant(10796): Heartbeat 33528
05-24 01:05:35.561 D/WifiConnectivityMonitor.NetworkStatsAnalyzer( 2765): Backhaul Disconnection due to TCP Sockets
05-24 01:05:35.562 D/WifiConnectivityMonitor.NetworkStatsAnalyzer( 2765): Backhaul result - RSSI:-29, CE:11, PE:11, TI:41, PTI:41, TW:0, PTW:0, Tx:51, Rx:105, TxS:12, RxS:5, RESULT:true, IC:10, ICT:5, WC:9, WCT:5, R:0, RC:0, IE:0, EC:0
05-24 01:05:35.593 I/sensors-hal( 1942): handle_sns_client_event:550, [0][1934302] accel_sample [ 0.096, -0.117,  9.903] 349860140856182
05-24 01:05:35.828 D/NetdEventListenerService( 2765): DNS Requested by 213, 10125(com.instagram.android), 4(FAIL), isBlocked=true, 0ms
05-24 01:05:35.837 E/msys    (21704): E[N mns:DGWClient]_LogError(289)=>Failed to resolve using system DNS resolver, getaddrinfo(): No address associated with hostname
05-24 01:05:36.027 E/HeatmapThread( 2062): ECT Thread time in milliseconds: 1779552336
05-24 01:05:36.027 D/HeatmapThread( 2062): !@ batteryplugType : 0
05-24 01:05:36.027 D/HeatmapThread( 2062): !@ batteryLevel : 0  batteryTemperature : 0 
05-24 01:05:36.027 D/HeatmapThread( 2062): !@ Heatmap currtime: 29659205
05-24 01:05:36.028 D/HeatmapThread( 2062): !@ Heatmap prevtime: 29659196
05-24 01:05:36.028 D/HeatmapThread( 2062): !@ Heatmap plugstarttime: 35791394
05-24 01:05:36.028 D/HeatmapThread( 2062): !@ Heatmap prevv_dsoh_update_time: 29653376
05-24 01:05:36.028 E/HeatmapThread( 2062): !@Could not open '/efs/FactoryApp/bsoh', errno = 13
05-24 01:05:36.028 E/HeatmapThread( 2062): !@ CAM Could not access BSOH EFS
05-24 01:05:36.028 E/HeatmapThread( 2062): !@ CAM New BSOH: 0
05-24 01:05:36.492 D/NetdEventListenerService( 2765): DNS Requested by 213, 10535(com.skype.raider), 4(FAIL), isBlocked=true, 0ms
05-24 01:05:36.495 D/NetdEventListenerService( 2765): DNS Requested by 213, 10535(com.skype.raider), 4(FAIL), isBlocked=true, 0ms
05-24 01:05:36.829 D/io_stats( 1146): !@   8,0 r 27150510 581399252 w 10330645 147749520 d 3392120 167693760 f 0 801413 iot 12898244 0 th 0 0 0 pt 0 inp 0 0 340059.914
05-24 01:05:36.830 D/io_stats( 1146): !@ Read_top(KB): om.skype.raider(23376) 24
05-24 01:05:36.830 D/io_stats( 1146): !@ Write_top(KB): kworker/u16:1(23108) 88 crosoft.copilot(23350) 16 henticator:auth(23399) 16
05-24 01:05:36.955 I/sensors-hal( 1942): handle_sns_std_sensor_event:311, [SSC_LIGHT] P: 46(46),m:7,c:2,b:250,c0:2704,l:46,f(r):82,u(bl):101,j:39
05-24 01:05:37.027 E/HeatmapThread( 2062): ECT Thread time in milliseconds: 1779552337
05-24 01:05:37.027 D/HeatmapThread( 2062): !@ batteryplugType : 0
05-24 01:05:37.027 D/HeatmapThread( 2062): !@ batteryLevel : 0  batteryTemperature : 0 
05-24 01:05:37.028 D/HeatmapThread( 2062): !@ Heatmap currtime: 29659205
05-24 01:05:37.028 D/HeatmapThread( 2062): !@ Heatmap prevtime: 29659196
05-24 01:05:37.028 D/HeatmapThread( 2062): !@ Heatmap plugstarttime: 35791394
05-24 01:05:37.028 D/HeatmapThread( 2062): !@ Heatmap prevv_dsoh_update_time: 29653376
05-24 01:05:37.028 E/HeatmapThread( 2062): !@Could not open '/efs/FactoryApp/bsoh', errno = 13
05-24 01:05:37.028 E/HeatmapThread( 2062): !@ CAM Could not access BSOH EFS
05-24 01:05:37.028 E/HeatmapThread( 2062): !@ CAM New BSOH: 0
05-24 01:05:37.590 I/sensors-hal( 1942): handle_sns_client_event:550, [0][1934511] accel_sample [ 0.085, -0.108,  9.897] 349862147027120
05-24 01:05:38.027 E/HeatmapThread( 2062): ECT Thread time in milliseconds: 1779552338
05-24 01:05:38.027 D/HeatmapThread( 2062): !@ batteryplugType : 0
05-24 01:05:38.027 D/HeatmapThread( 2062): !@ batteryLevel : 0  batteryTemperature : 0 
05-24 01:05:38.027 D/HeatmapThread( 2062): !@ Heatmap currtime: 29659205
05-24 01:05:38.028 D/HeatmapThread( 2062): !@ Heatmap prevtime: 29659196
05-24 01:05:38.028 D/HeatmapThread( 2062): !@ Heatmap plugstarttime: 35791394
05-24 01:05:38.028 D/HeatmapThread( 2062): !@ Heatmap prevv_dsoh_update_time: 29653376
05-24 01:05:38.028 E/HeatmapThread( 2062): !@Could not open '/efs/FactoryApp/bsoh', errno = 13
05-24 01:05:38.028 E/HeatmapThread( 2062): !@ CAM Could not access BSOH EFS
05-24 01:05:38.028 E/HeatmapThread( 2062): !@ CAM New BSOH: 0
05-24 01:05:38.230 D/NetdEventListenerService( 2765): DNS Requested by 213, 10285(com.microsoft.skydrive), 4(FAIL), isBlocked=true, 0ms
05-24 01:05:38.270 D/WifiStaIfaceHidlImpl( 2765): getCachedScanData is not implemented by HIDL
05-24 01:05:38.300 D/SemWifiUsabilityStatsMonitor( 2765): onWifiUsabilityStats - seqNum 96752, isSameBssidAndFreq true
05-24 01:05:38.304 I/SemWifiLinkQualityMonitor( 2765): Link stat: 791 / 54 / 1.00 (5) / 1200 / -29.0 || 100.0 : 1200.00 / 0.5 : 1.00 / 0.55 : 0.07 / G (G) || 6b020a812412: 0.084 / 95.304 / N || N N / 0 0 / N 2.0 / N X 0 / 340061385 0 || 2026-05-24 01:05:37  / 0: 0 0 0 0 0 0 / 0: 0 0 0 0 0 0 / 0: 0 0 0 0 0 0
05-24 01:05:38.578 I/sensors-hal( 1942): handle_sns_client_event:185, auto_rotation_debug_2 mode,255, type,1,0 acc,0.096,-0.120,9.890, ar,0, ver,14, pedo,1,e,1,i,3
05-24 01:05:39.027 E/HeatmapThread( 2062): ECT Thread time in milliseconds: 1779552339
05-24 01:05:39.027 D/HeatmapThread( 2062): !@ batteryplugType : 0
05-24 01:05:39.027 D/HeatmapThread( 2062): !@ batteryLevel : 0  batteryTemperature : 0 
05-24 01:05:39.027 D/HeatmapThread( 2062): !@ Heatmap currtime: 29659205
05-24 01:05:39.028 D/HeatmapThread( 2062): !@ Heatmap prevtime: 29659196
05-24 01:05:39.028 D/HeatmapThread( 2062): !@ Heatmap plugstarttime: 35791394
05-24 01:05:39.028 D/HeatmapThread( 2062): !@ Heatmap prevv_dsoh_update_time: 29653376
05-24 01:05:39.028 E/HeatmapThread( 2062): !@Could not open '/efs/FactoryApp/bsoh', errno = 13
05-24 01:05:39.028 E/HeatmapThread( 2062): !@ CAM Could not access BSOH EFS
05-24 01:05:39.028 E/HeatmapThread( 2062): !@ CAM New BSOH: 0
05-24 01:05:39.503 D/SatelliteController( 3655): isInCarrierRoamingNbIotNtn: satellite is disabled
05-24 01:05:39.518 E/Watchdog( 2765): !@Sync: 11327 heap(MB): 183 / 226 FD: 1445 [2026-05-24 01:05:39.518]
05-24 01:05:39.615 I/sensors-hal( 1942): handle_sns_client_event:550, [0][1934720] accel_sample [ 0.091, -0.112,  9.900] 349864153198057
05-24 01:05:39.933 D/NetdEventListenerService( 2765): DNS Requested by 213, 10512(com.microsoft.copilot), 4(FAIL), isBlocked=true, 0ms
05-24 01:05:40.027 E/HeatmapThread( 2062): ECT Thread time in milliseconds: 1779552340
05-24 01:05:40.028 D/HeatmapThread( 2062): !@ batteryplugType : 0
05-24 01:05:40.028 D/HeatmapThread( 2062): !@ batteryLevel : 0  batteryTemperature : 0 
05-24 01:05:40.028 D/HeatmapThread( 2062): !@ Heatmap currtime: 29659205
05-24 01:05:40.028 D/HeatmapThread( 2062): !@ Heatmap prevtime: 29659196
05-24 01:05:40.028 D/HeatmapThread( 2062): !@ Heatmap plugstarttime: 35791394
05-24 01:05:40.028 D/HeatmapThread( 2062): !@ Heatmap prevv_dsoh_update_time: 29653376
05-24 01:05:40.028 E/HeatmapThread( 2062): !@Could not open '/efs/FactoryApp/bsoh', errno = 13
05-24 01:05:40.028 E/HeatmapThread( 2062): !@ CAM Could not access BSOH EFS
05-24 01:05:40.028 E/HeatmapThread( 2062): !@ CAM New BSOH: 0
05-24 01:05:40.055 D/vendor.samsung.hardware.thermal@1.0-service( 2012): timer callback!
05-24 01:05:40.090 D/vendor.samsung.hardware.thermal@1.0-service( 2012): frontset.size = 0
05-24 01:05:40.831 D/io_stats( 1146): !@   8,0 r 27150510 581399252 w 10330736 147749896 d 3392171 167694152 f 0 801420 iot 12898272 0 th 0 0 0 pt 0 inp 0 0 340063.916
05-24 01:05:40.832 D/io_stats( 1146): !@ Write_top(KB): f2fs_ckpt-254:5(4251) 92 init(1) 28 droid.ugc.trill(25279) 4
05-24 01:05:41.017 D/SatelliteController( 3655): isInCarrierRoamingNbIotNtn: satellite is disabled
05-24 01:05:41.027 E/HeatmapThread( 2062): ECT Thread time in milliseconds: 1779552341
05-24 01:05:41.027 D/HeatmapThread( 2062): !@ batteryplugType : 0
05-24 01:05:41.027 D/HeatmapThread( 2062): !@ batteryLevel : 0  batteryTemperature : 0 
05-24 01:05:41.027 D/HeatmapThread( 2062): !@ Heatmap currtime: 29659205
05-24 01:05:41.027 D/HeatmapThread( 2062): !@ Heatmap prevtime: 29659196
05-24 01:05:41.027 D/HeatmapThread( 2062): !@ Heatmap plugstarttime: 35791394
05-24 01:05:41.028 D/HeatmapThread( 2062): !@ Heatmap prevv_dsoh_update_time: 29653376
05-24 01:05:41.028 E/HeatmapThread( 2062): !@Could not open '/efs/FactoryApp/bsoh', errno = 13
05-24 01:05:41.028 E/HeatmapThread( 2062): !@ CAM Could not access BSOH EFS
05-24 01:05:41.028 E/HeatmapThread( 2062): !@ CAM New BSOH: 0
05-24 01:05:41.275 I/sensors-hal( 1942): handle_sns_std_sensor_event:311, [SSC_LIGHT] P: 46(46),m:7,c:2,b:250,c0:2704,l:46,f(r):82,u(bl):101,j:39
05-24 01:05:41.352 D/WifiStaIfaceHidlImpl( 2765): getCachedScanData is not implemented by HIDL
05-24 01:05:41.385 D/SemWifiUsabilityStatsMonitor( 2765): onWifiUsabilityStats - seqNum 96753, isSameBssidAndFreq true
05-24 01:05:41.389 I/SemWifiLinkQualityMonitor( 2765): Link stat: 278 / 28 / 1.00 (2) / 1200 / -29.0 || 100.0 : 1200.00 / 0.5 : 1.00 / 0.55 : 0.10 / G (G) || 6b020a812412: 0.087 / 92.240 / N || N N / 0 0 / N 2.0 / N X 0 / 340064470 0 || 2026-05-24 01:05:40  / 0: 0 0 0 0 0 0 / 0: 0 0 0 0 0 0 / 0: 0 0 0 0 0 0
05-24 01:05:41.611 I/sensors-hal( 1942): handle_sns_client_event:550, [0][1934929] accel_sample [ 0.095, -0.110,  9.887] 349866159368890
05-24 01:05:41.775 I/android.hardware.health@2.1-service-samsung( 1940): updateLrpSysfs: write: 305
05-24 01:05:41.777 V/[SS]SleepChargingTimeController( 2765): [isActivated]mSleepChargingStatus Confident False => false
05-24 01:05:41.864 D/NetdEventListenerService( 2765): DNS Requested by 213, 10125(com.instagram.android), 4(FAIL), isBlocked=true, 0ms
05-24 01:05:41.871 E/msys    (21704): E[N mns:DGWClient]_LogError(289)=>Failed to resolve using system DNS resolver, getaddrinfo(): No address associated with hostname
05-24 01:05:41.877 E/msys    (21704): E[N mns:DGWClient]_LogError(289)=>Failed to resolve using system DNS resolver, getaddrinfo(): No address associated with hostname
05-24 01:05:41.878 D/NetdEventListenerService( 2765): DNS Requested by 213, 10125(com.instagram.android), 4(FAIL), isBlocked=true, 0ms
05-24 01:05:41.883 E/BatteryDump( 1940): !@new_battery_dump : 4245,-14,1666,4490,100,298,293,325,298,0,305,321,0,Full,NO_CHARGING,None,Good,PDIC_APDO,0,Normal,0,0,8700,0x0,0xf0000,0x0,0,0,0000,0000,00000000,0,0,0,0,1769,4246,10000,990,0,
05-24 01:05:41.939 I/SemWifiServiceDetector( 2765): Service det. suspended: T / T / 27646
05-24 01:05:41.984 I/SDHMS:LOAD( 6703): type: LoadsFreqs, value: 5:0:0:850175:2995200:806400:643199:1113600:633600:285:285:285
05-24 01:05:42.027 E/HeatmapThread( 2062): ECT Thread time in milliseconds: 1779552342
05-24 01:05:42.027 D/HeatmapThread( 2062): !@ batteryplugType : 0
05-24 01:05:42.027 D/HeatmapThread( 2062): !@ batteryLevel : 0  batteryTemperature : 0 
05-24 01:05:42.028 D/HeatmapThread( 2062): !@ Heatmap currtime: 29659205
05-24 01:05:42.028 D/HeatmapThread( 2062): !@ Heatmap prevtime: 29659196
05-24 01:05:42.028 D/HeatmapThread( 2062): !@ Heatmap plugstarttime: 35791394
05-24 01:05:42.028 D/HeatmapThread( 2062): !@ Heatmap prevv_dsoh_update_time: 29653376
05-24 01:05:42.028 E/HeatmapThread( 2062): !@Could not open '/efs/FactoryApp/bsoh', errno = 13
05-24 01:05:42.028 E/HeatmapThread( 2062): !@ CAM Could not access BSOH EFS
05-24 01:05:42.028 E/HeatmapThread( 2062): !@ CAM New BSOH: 0
05-24 01:05:42.833 D/io_stats( 1146): !@   8,0 r 27150510 581399252 w 10330749 147749980 d 3392171 167694152 f 0 801420 iot 12898284 0 th 0 0 0 pt 0 inp 0 0 340065.918
05-24 01:05:43.027 E/HeatmapThread( 2062): ECT Thread time in milliseconds: 1779552343
05-24 01:05:43.027 D/HeatmapThread( 2062): !@ batteryplugType : 0
05-24 01:05:43.027 D/HeatmapThread( 2062): !@ batteryLevel : 0  batteryTemperature : 0 
05-24 01:05:43.028 D/HeatmapThread( 2062): !@ Heatmap currtime: 29659205
05-24 01:05:43.028 D/HeatmapThread( 2062): !@ Heatmap prevtime: 29659196
05-24 01:05:43.028 D/HeatmapThread( 2062): !@ Heatmap plugstarttime: 35791394
05-24 01:05:43.028 D/HeatmapThread( 2062): !@ Heatmap prevv_dsoh_update_time: 29653376
05-24 01:05:43.028 E/HeatmapThread( 2062): !@Could not open '/efs/FactoryApp/bsoh', errno = 13
05-24 01:05:43.028 E/HeatmapThread( 2062): !@ CAM Could not access BSOH EFS
05-24 01:05:43.028 E/HeatmapThread( 2062): !@ CAM New BSOH: 0
05-24 01:05:43.242 D/NetdEventListenerService( 2765): DNS Requested by 213, 10125(com.instagram.android), 4(FAIL), isBlocked=true, 0ms
05-24 01:05:43.248 E/msys    (21704): E[N mns:DGWClient]_LogError(289)=>Failed to resolve using system DNS resolver, getaddrinfo(): No address associated with hostname
05-24 01:05:43.608 I/sensors-hal( 1942): handle_sns_client_event:550, [0][1935138] accel_sample [ 0.103, -0.114,  9.905] 349868165539515
05-24 01:05:43.880 D/NetdEventListenerService( 2765): DNS Requested by 213, 10285(com.microsoft.skydrive), 4(FAIL), isBlocked=true, 0ms
05-24 01:05:44.027 E/HeatmapThread( 2062): ECT Thread time in milliseconds: 1779552344
05-24 01:05:44.027 D/HeatmapThread( 2062): !@ batteryplugType : 0
05-24 01:05:44.027 D/HeatmapThread( 2062): !@ batteryLevel : 0  batteryTemperature : 0 
05-24 01:05:44.027 D/HeatmapThread( 2062): !@ Heatmap currtime: 29659205
05-24 01:05:44.027 D/HeatmapThread( 2062): !@ Heatmap prevtime: 29659196
05-24 01:05:44.027 D/HeatmapThread( 2062): !@ Heatmap plugstarttime: 35791394
05-24 01:05:44.027 D/HeatmapThread( 2062): !@ Heatmap prevv_dsoh_update_time: 29653376
05-24 01:05:44.027 E/HeatmapThread( 2062): !@Could not open '/efs/FactoryApp/bsoh', errno = 13
05-24 01:05:44.028 E/HeatmapThread( 2062): !@ CAM Could not access BSOH EFS
05-24 01:05:44.028 E/HeatmapThread( 2062): !@ CAM New BSOH: 0
05-24 01:05:44.036 W/System.err(25279): FlagsHookHelper: skip hook flags method getInstanceHook
05-24 01:05:44.050 D/NetdEventListenerService( 2765): DNS Requested by 213, 10410(com.ss.android.ugc.trill), 4(FAIL), isBlocked=true, 0ms
05-24 01:05:44.085 V/CpEventLog(u150)(14571): [P] cp_state: [                 contacts = {contacts=867, raw_contacts=867, data=5873, account={secphone(1)=0, google(2)=867, sim(3)=0, agg(4)=0, vnd.sec.contact.phone_personal(5)=0, samsung(6)=0}, trash=0, trash_acc={}, trash_sync=0, database=contacts2.db} ]
05-24 01:05:44.085 V/CpEventLog(u150)(14571): [P] cp_state: [               aggregated = {[2]=867} ]
05-24 01:05:44.085 V/CpEventLog(u150)(14571): [P] cp_state: [                  request = {} ]
05-24 01:05:44.085 V/CpEventLog(u150)(14571): [P] cp_state: [                    calls = {types={}, database=calllog.db} ]
05-24 01:05:44.085 V/CpEventLog(u150)(14571): [P] cp_state: [                  profile = {contacts=0, raw_contacts=0, data=0, account={secphone(1)=0, google(2)=0, sim(3)=0, agg(4)=0, vnd.sec.contact.phone_personal(5)=0, samsung(6)=0}, trash=0, trash_acc={}, trash_sync=0, database=profile.db} ]
05-24 01:05:44.085 V/CpEventLog(u150)(14571): [P] cp_state: [               sa_profile = {contacts=0, raw_contacts=0, data=0, account={secphone(1)=0, google(2)=0, sim(3)=0, agg(4)=0, vnd.sec.contact.phone_personal(5)=0, samsung(6)=0}, trash=0, trash_acc={}, trash_sync=0, database=profile_sa.db} ]
05-24 01:05:44.085 V/CpEventLog(u150)(14571): [P] cp_state: [                      etc = {binders=0, country_iso=KR, version=15.6.28, db_version=2000, db_size=3, db_wal_size=0, csc=SKT/SKT, sec_enabled=false, is_roaming=false} ]
05-24 01:05:44.085 V/CpEventLog(u150)(14571): [P] cp_state: ------------------------------------------------------------------------------
05-24 01:05:44.092 D/InputDispatcher( 2765): Inject motion (12599/2000): action=0x0, time=340067177000000, f=0x0, d=0 dsdx=1.000000 dtdx=0.000000
05-24 01:05:44.094 I/InputDispatcher( 2765): Delivering touch to (3697): action: 0x4, f=0x0, d=0, '21d989a', t=1 
05-24 01:05:44.094 I/InputDispatcher( 2765): Delivering touch to (20825): action: 0x0, f=0x0, d=0, '92b540a', t=1 *(1.11)
05-24 01:05:44.095 D/PowerManagerService( 2765): [api] userActivityFromNative : touch displayId=0 eventTime=340067177
05-24 01:05:44.096 D/PowerManagerService( 2765): UserActivityStateListenerState: 1
05-24 01:05:44.096 I/VRI[MainActivity]@622cc1c(20825): ViewPostIme pointer 0
05-24 01:05:44.098 I/GestureDetector( 2765): obtain mCurrentDownEvent. id: -937105257 caller: com.android.server.wm.SystemGesturesPointerEventListener.onPointerEvent:17 com.android.server.wm.PointerEventDispatcher.onInputEvent:51 android.view.InputEventReceiver.dispatchInputEvent:392 
05-24 01:05:44.098 I/GestureDetector( 2765): obtain mCurrentDownEvent. id: -937105257 caller: com.android.server.wm.SystemPerformancePointerEventListener.onPointerEvent:13 com.android.server.wm.PointerEventDispatcher.onInputEvent:51 android.view.InputEventReceiver.dispatchInputEvent:392 
05-24 01:05:44.100 I/SemDvfsHyPerManager( 6703): acquire hyper - TABoost/6703@23, type = -999
05-24 01:05:44.100 I/VSyncReactor( 2066): Current= 120, Period= 120, Distance= 0
05-24 01:05:44.101 I/VRI[MainActivity]@622cc1c(20825): call setFrameRateCategory for touch hint category=high hint, reason=touch, vri=VRI[MainActivity]@622cc1c
05-24 01:05:44.101 D/InputDispatcher( 2765): Inject motion (12599/2000): action=0x1, time=340067177000000, f=0x0, d=0 dsdx=1.000000 dtdx=0.000000
05-24 01:05:44.102 I/HYPER-HAL( 1949): [RequestManager.cpp]acquire(): Acquired ID : 22622924  [6703 / 23]    HINT :      list : [TABoost / 1] [TIMEOUT / 1500] 
05-24 01:05:44.102 I/InputDispatcher( 2765): Delivering touch to (20825): action: 0x1, f=0x0, d=0, '92b540a', t=1 *(1.11)
05-24 01:05:44.102 I/VRI[MainActivity]@622cc1c(20825): ViewPostIme pointer 1
05-24 01:05:44.103 I/GestureDetector( 2765): obtain mCurrentMotionEventRaw. action: 1 id: -908611128
05-24 01:05:44.103 I/GestureDetector( 2765): obtain mCurrentMotionEventRaw. action: 1 id: -908611128
05-24 01:05:44.106 I/SurfaceFlinger( 2066): SFWD update time=340067191555012
05-24 01:05:44.107 I/SurfaceFlinger( 2066): [com.parkcheolhong.worldlinco/com.parkcheolhong.worldlinco.MainActivity$_20825#40977] setFrameRateCategory: HighHint
05-24 01:05:44.109 I/VSyncReactor( 2066): Current= 120, Period= 120, Distance= 120
05-24 01:05:44.128 I/ReactNativeJS(20825): '[VoIPFCM] register device failed', [Error: No Firebase App '[DEFAULT]' has been created - call firebase.initializeApp()]
05-24 01:05:44.128 I/ReactNativeJS(20825): '[VoIPFCM] subscribe failed', [Error: No Firebase App '[DEFAULT]' has been created - call firebase.initializeApp()]
05-24 01:05:44.140 D/NetdEventListenerService( 2765): DNS Requested by 213, 10533(com.parkcheolhong.worldlinco), SUCCESS, 1ms
05-24 01:05:44.142 I/BLASTBufferQueue_Java(20825): update, w= 1600 h= 3431 mName = VRI[MainActivity]@622cc1c mNativeObject= 0xb400007e09627750 sc.mNativeObject= 0xb400007dd9603c10 format= -1 caller= android.view.ViewRootImpl.updateBlastSurfaceIfNeeded:3574 android.view.ViewRootImpl.relayoutWindow:11685 android.view.ViewRootImpl.performTraversals:4804 android.view.ViewRootImpl.doTraversal:3924 android.view.ViewRootImpl$TraversalRunnable.run:12903 android.view.Choreographer$CallbackRecord.run:1901 
05-24 01:05:44.143 I/VRI[MainActivity]@622cc1c(20825): Relayout returned: old=(0,0,1600,3431) new=(0,0,1600,3431) relayoutAsync=true req=(1600,3431)0 dur=0 res=0x0 s={true 0xb400007d39687010} ch=false seqId=0
05-24 01:05:44.143 I/WindowManager( 2765): Relayout Window{92b540a u0 com.parkcheolhong.worldlinco/com.parkcheolhong.worldlinco.MainActivity}: viewVisibility=0 req=1600x3431 ty=1 d0
05-24 01:05:44.143 I/VRI[MainActivity]@622cc1c(20825): registerCallbackForPendingTransactions
05-24 01:05:44.144 D/SurfaceComposerClient( 2765): setCornerRadius ## 92b540a com.parkcheolhong.worldlinco/com.parkcheolhong.worldlinco.MainActivity#40683 cornerRadius=0.000000
05-24 01:05:44.145 D/SurfaceComposerClient( 2765): setCornerRadius ## 92b540a com.parkcheolhong.worldlinco/com.parkcheolhong.worldlinco.MainActivity#40683 cornerRadius=0.000000
05-24 01:05:44.146 I/VRI[MainActivity]@622cc1c(20825): mWNT: t=0xb400007d796a8950 mBlastBufferQueue=0xb400007e09627750 fn= 3 HdrRenderState mRenderHdrSdrRatio=1.0 caller= android.view.ViewRootImpl$10.onFrameDraw:6536 android.view.ViewRootImpl$4.onFrameDraw:2489 android.view.ThreadedRenderer$1.onFrameDraw:718 
05-24 01:05:44.148 I/WindowManager( 2765): Relayout hash=92b540a, pid=0, syncId=-1: mAttrs={(0,0)(fillxfill) sim={state=visible adjust=resize} layoutInDisplayCutoutMode=always ty=BASE_APPLICATION wanim=0x1030317
05-24 01:05:44.148 I/WindowManager( 2765):   fl=81810900
05-24 01:05:44.148 I/WindowManager( 2765):   pfl=10048040
05-24 01:05:44.148 I/WindowManager( 2765):   bhv=1
05-24 01:05:44.148 I/WindowManager( 2765):   fitSides=0
05-24 01:05:44.148 I/WindowManager( 2765):   frameRateBoostOnTouch=true
05-24 01:05:44.148 I/WindowManager( 2765):   dvrrWindowFrameRateHint=true naviIconColor=0}
05-24 01:05:44.193 I/ReactNativeJS(20825): '[UI_PRESS_PROBE]', '{"event":"VOIP_PRESENCE_ERROR","timestamp":"2026-05-23T16:05:44.172Z","token_ready":true,"user_ready":true,"show_login":false,"show_voip_tester":false,"selected_call_mode":"pstn_assist","voice_id":"nado-000140"}'
05-24 01:05:44.206 I/ReactNativeJS(20825): '[UI_PRESS_PROBE]', '{"event":"VOIP_PRESENCE_CLOSED","timestamp":"2026-05-23T16:05:44.193Z","token_ready":true,"user_ready":true,"show_login":false,"show_voip_tester":false,"selected_call_mode":"pstn_assist","voice_id":"nado-000140"}'
05-24 01:05:44.209 I/BLASTBufferQueue_Java(20825): update, w= 1600 h= 3431 mName = VRI[MainActivity]@622cc1c mNativeObject= 0xb400007e09627750 sc.mNativeObject= 0xb400007dd9603c10 format= -1 caller= android.view.ViewRootImpl.updateBlastSurfaceIfNeeded:3574 android.view.ViewRootImpl.relayoutWindow:11685 android.view.ViewRootImpl.performTraversals:4804 android.view.ViewRootImpl.doTraversal:3924 android.view.ViewRootImpl$TraversalRunnable.run:12903 android.view.Choreographer$CallbackRecord.run:1901 
05-24 01:05:44.209 I/VRI[MainActivity]@622cc1c(20825): Relayout returned: old=(0,0,1600,3431) new=(0,0,1600,3431) relayoutAsync=true req=(1600,3431)0 dur=0 res=0x0 s={true 0xb400007d39687010} ch=false seqId=0
05-24 01:05:44.210 I/WindowManager( 2765): Relayout Window{92b540a u0 com.parkcheolhong.worldlinco/com.parkcheolhong.worldlinco.MainActivity}: viewVisibility=0 req=1600x3431 ty=1 d0
05-24 01:05:44.210 D/SurfaceComposerClient( 2765): setCornerRadius ## 92b540a com.parkcheolhong.worldlinco/com.parkcheolhong.worldlinco.MainActivity#40683 cornerRadius=0.000000
05-24 01:05:44.210 I/VRI[MainActivity]@622cc1c(20825): registerCallbackForPendingTransactions
05-24 01:05:44.211 I/VRI[MainActivity]@622cc1c(20825): mWNT: t=0xb400007d796609d0 mBlastBufferQueue=0xb400007e09627750 fn= 5 HdrRenderState mRenderHdrSdrRatio=1.0 caller= android.view.ViewRootImpl$10.onFrameDraw:6536 android.view.ViewRootImpl$4.onFrameDraw:2489 android.view.ThreadedRenderer$1.onFrameDraw:718 
05-24 01:05:44.211 D/SurfaceComposerClient( 2765): setCornerRadius ## 92b540a com.parkcheolhong.worldlinco/com.parkcheolhong.worldlinco.MainActivity#40683 cornerRadius=0.000000
05-24 01:05:44.213 I/WindowManager( 2765): Relayout hash=92b540a, pid=0, syncId=-1: mAttrs={(0,0)(fillxfill) sim={state=visible adjust=resize} layoutInDisplayCutoutMode=always ty=BASE_APPLICATION wanim=0x1030317
05-24 01:05:44.213 I/WindowManager( 2765):   fl=81810900
05-24 01:05:44.213 I/WindowManager( 2765):   pfl=10048040
05-24 01:05:44.213 I/WindowManager( 2765):   bhv=1
05-24 01:05:44.213 I/WindowManager( 2765):   fitSides=0
05-24 01:05:44.213 I/WindowManager( 2765):   frameRateBoostOnTouch=true
05-24 01:05:44.213 I/WindowManager( 2765):   dvrrWindowFrameRateHint=true naviIconColor=0}
05-24 01:05:44.342 D/ActivityManager( 2765): unpendingScheduleServiceRestart: u=10670, drop=false
05-24 01:05:44.350 D/FreecessController( 2765): UFZ : com.openai.chatgpt(10670) [28558] reason: Binder(1)-android.accessibilityservice.IAccessibili
05-24 01:05:44.351 W/LocationManagerService( 2765): onFreezeStateChanged, uid[10670]=false
05-24 01:05:44.351 I/PowerManagerService( 2765): [PWL] SetWakeLockEnableDisable uid = 10670 , disable= false
05-24 01:05:44.351 I/PowerManagerService( 2765): [PWL] can not change uid =  10670
05-24 01:05:44.398 I/GestureDetector( 2765): handleMessage TAP
05-24 01:05:44.399 I/GestureDetector( 2765): handleMessage TAP
05-24 01:05:44.433 D/WifiStaIfaceHidlImpl( 2765): getCachedScanData is not implemented by HIDL
05-24 01:05:44.462 D/SemWifiUsabilityStatsMonitor( 2765): onWifiUsabilityStats - seqNum 96754, isSameBssidAndFreq true
05-24 01:05:44.467 I/SemWifiLinkQualityMonitor( 2765): Link stat: 691 / 39 / 1.00 (18) / 1200 / -28.0 || 100.0 : 1200.00 / 0.5 : 1.00 / 0.55 : 0.06 / G (G) || 6b020a812412: 0.083 / 96.416 / N || N N / 0 0 / N 2.0 / N X 0 / 340067547 0 || 2026-05-24 01:05:43  / 0: 0 0 0 0 0 0 / 0: 0 0 0 0 0 0 / 0: 0 0 0 0 0 0
05-24 01:05:44.497 D/SatelliteController( 3655): isInCarrierRoamingNbIotNtn: satellite is disabled
05-24 01:05:44.498 D/SemCellularStateManager( 2765): onSignalStrengthsChanged: mCellularSignalLevel=3
05-24 01:05:44.834 D/io_stats( 1146): !@   8,0 r 27150591 581400460 w 10330757 147750004 d 3392171 167694152 f 0 801422 iot 12898344 0 th 0 0 0 pt 0 inp 0 0 340067.918
05-24 01:05:44.834 D/io_stats( 1146): !@ Read_top(KB): hong.worldlinco(20825) 1100 system_server(2765) 104 sh(12597) 4
05-24 01:05:44.834 D/io_stats( 1146): !@ Write_top(KB): kworker/u16:1(23108) 76 henticator:auth(23399) 16 android.hardwar(1940) 8
05-24 01:05:44.939 I/SemWifiServiceDetector( 2765): Service det. resumed: T / T / 27646
05-24 01:05:45.027 E/HeatmapThread( 2062): ECT Thread time in milliseconds: 1779552345
05-24 01:05:45.027 D/HeatmapThread( 2062): !@ batteryplugType : 0
05-24 01:05:45.027 D/HeatmapThread( 2062): !@ batteryLevel : 0  batteryTemperature : 0 
05-24 01:05:45.027 D/HeatmapThread( 2062): !@ Heatmap currtime: 29659205
05-24 01:05:45.027 D/HeatmapThread( 2062): !@ Heatmap prevtime: 29659196
05-24 01:05:45.027 D/HeatmapThread( 2062): !@ Heatmap plugstarttime: 35791394
05-24 01:05:45.027 D/HeatmapThread( 2062): !@ Heatmap prevv_dsoh_update_time: 29653376
05-24 01:05:45.027 E/HeatmapThread( 2062): !@Could not open '/efs/FactoryApp/bsoh', errno = 13
05-24 01:05:45.027 E/HeatmapThread( 2062): !@ CAM Could not access BSOH EFS
05-24 01:05:45.027 E/HeatmapThread( 2062): !@ CAM New BSOH: 0
05-24 01:05:45.509 I/wpa_supplicant(10796): Heartbeat 33529
05-24 01:05:45.567 D/WifiConnectivityMonitor.NetworkStatsAnalyzer( 2765): Backhaul result - RSSI:-29, CE:12, PE:11, TI:42, PTI:41, TW:0, PTW:0, Tx:50, Rx:223, TxS:22, RxS:11, RESULT:true, IC:0, ICT:5, WC:0, WCT:5, R:0, RC:0, IE:0, EC:0
05-24 01:05:45.594 I/sensors-hal( 1942): handle_sns_std_sensor_event:311, [SSC_LIGHT] P: 46(46),m:7,c:2,b:250,c0:2704,l:46,f(r):82,u(bl):101,j:39
05-24 01:05:45.604 I/HYPER-HAL( 1949): [RequestManager.cpp]releaseLocked(): Released ID : 22622924
05-24 01:05:45.614 I/sensors-hal( 1942): handle_sns_client_event:550, [0][1935347] accel_sample [ 0.073, -0.111,  9.894] 349870171710036
05-24 01:05:45.661 D/WifiConnectivityMonitor.DnsThread( 2765):  [|213] []
05-24 01:05:45.663 D/WifiConnectivityMonitor.NetworkStatsAnalyzer( 2765): DNS resultType : 0, responseTime : 213
05-24 01:05:45.664 D/OpenNetworkQos[4.00]( 2765): updateBssidLatestDnsResultType - result: 0
05-24 01:05:45.664 D/OpenNetworkQos[4.00]( 2765): updateBssidNoInternet: mBssidNoInternet = false
05-24 01:05:45.664 D/OpenNetworkQos[4.00]( 2765): getOpenNetworkQosNoInternetStatus: false
05-24 01:05:45.664 D/OpenNetworkQos[4.00]( 2765): getOpenNetworkQosScores: 26 23 26 
05-24 01:05:45.664 D/KNOX_MDM_SettingsProvider( 2765): isChangeAllowed() : name = wifi_wcm_qos_sharing_score_summary
05-24 01:05:45.665 I/WifiProfileShare( 2765): network QoS data was changed (internet), updateQoSData networkType: true, qosData: false
05-24 01:05:45.666 V/WifiProfileShare.Caster( 2765): update wips network, size: 0
05-24 01:05:45.666 D/WifiProfileShare( 2765): nearby scanning settings run
05-24 01:05:45.666 D/WifiProfileShare( 2765): network score provider settings enabled
05-24 01:05:45.667 D/OpenNetworkQos[4.00]( 2765): getOpenNetworkQosScores: 26 23 26 
05-24 01:05:45.667 D/OpenNetworkQos[4.00]( 2765): getOpenNetworkQosNoInternetStatus: false
05-24 01:05:45.667 I/WifiProfileShare.Caster( 2765): current network type: 0, score: [26, 23, 26]
05-24 01:05:45.668 V/WifiProfileShare.Cache( 2765): update network score 16:e6:6b:**:**:81
05-24 01:05:45.668 D/WifiProfileShare.ScanMatcher( 2765): getMcfDataList size:2
05-24 01:05:45.669 I/WifiProfileShare.Caster( 2765): qos data was updated , before:type:QOS, pBssid:e4:61:97, qosData:77 after:type:QOS, pBssid:e4:61:97, qosData:77
05-24 01:05:45.669 D/[MCFServer]_McfMainController(10669): getBleStatus - true.
05-24 01:05:45.670 I/[MCFSDK_android_1.3.7026]_4_McfCasterImpl( 2765): isNetworkEnabled - type : 1 ret : true
05-24 01:05:45.671 D/WifiProfileShare.McfCast( 2765): -ME--- mIsNetworkEnabled :true
05-24 01:05:45.671 D/WifiProfileShare.McfCast( 2765): updateQoSData ignored, same contents
05-24 01:05:45.671 D/WifiProfileShare.MCF( 2765): success update QosData !
05-24 01:05:45.673 D/[MCFServer]_McfMainController(10669): getBleStatus - true.
05-24 01:05:45.673 I/[MCFSDK_android_1.3.7026]_4_McfCasterImpl( 2765): isNetworkEnabled - type : 1 ret : true
05-24 01:05:45.673 D/WifiProfileShare.McfCast( 2765): -ME--- mIsNetworkEnabled :true
05-24 01:05:45.673 D/WifiProfileShare.McfCast( 2765): -ME--- updatePasswordDate pwdData size:2
05-24 01:05:46.027 E/HeatmapThread( 2062): ECT Thread time in milliseconds: 1779552346
05-24 01:05:46.027 D/HeatmapThread( 2062): !@ batteryplugType : 0
05-24 01:05:46.027 D/HeatmapThread( 2062): !@ batteryLevel : 0  batteryTemperature : 0 
05-24 01:05:46.028 D/HeatmapThread( 2062): !@ Heatmap currtime: 29659205
05-24 01:05:46.028 D/HeatmapThread( 2062): !@ Heatmap prevtime: 29659196
05-24 01:05:46.028 D/HeatmapThread( 2062): !@ Heatmap plugstarttime: 35791394
05-24 01:05:46.028 D/HeatmapThread( 2062): !@ Heatmap prevv_dsoh_update_time: 29653376
05-24 01:05:46.028 E/HeatmapThread( 2062): !@Could not open '/efs/FactoryApp/bsoh', errno = 13
05-24 01:05:46.028 E/HeatmapThread( 2062): !@ CAM Could not access BSOH EFS
05-24 01:05:46.028 E/HeatmapThread( 2062): !@ CAM New BSOH: 0
05-24 01:05:46.835 D/io_stats( 1146): !@   8,0 r 27150591 581400460 w 10330765 147750028 d 3392171 167694152 f 0 801424 iot 12898352 0 th 0 0 0 pt 0 inp 0 0 340069.920
05-24 01:05:47.027 E/HeatmapThread( 2062): ECT Thread time in milliseconds: 1779552347
05-24 01:05:47.027 D/HeatmapThread( 2062): !@ batteryplugType : 0
05-24 01:05:47.028 D/HeatmapThread( 2062): !@ batteryLevel : 0  batteryTemperature : 0 
05-24 01:05:47.028 D/HeatmapThread( 2062): !@ Heatmap currtime: 29659205
05-24 01:05:47.028 D/HeatmapThread( 2062): !@ Heatmap prevtime: 29659196
05-24 01:05:47.028 D/HeatmapThread( 2062): !@ Heatmap plugstarttime: 35791394
05-24 01:05:47.028 D/HeatmapThread( 2062): !@ Heatmap prevv_dsoh_update_time: 29653376
05-24 01:05:47.029 E/HeatmapThread( 2062): !@Could not open '/efs/FactoryApp/bsoh', errno = 13
05-24 01:05:47.029 E/HeatmapThread( 2062): !@ CAM Could not access BSOH EFS
05-24 01:05:47.030 E/HeatmapThread( 2062): !@ CAM New BSOH: 0
05-24 01:05:47.097 D/PowerManagerService( 2765): UserActivityStateListenerState: 0
05-24 01:05:47.103 I/VRI[MainActivity]@622cc1c(20825): call setFrameRateCategory for touch hint category=no preference, reason=boost timeout, vri=VRI[MainActivity]@622cc1c
05-24 01:05:47.111 I/SurfaceFlinger( 2066): [com.parkcheolhong.worldlinco/com.parkcheolhong.worldlinco.MainActivity$_20825#40977] setFrameRateCategory: NoPreference
05-24 01:05:47.202 D/NetdEventListenerService( 2765): DNS Requested by 213, 10410(com.ss.android.ugc.trill), 4(FAIL), isBlocked=true, 0ms
05-24 01:05:47.213 D/NetdEventListenerService( 2765): DNS Requested by 213, 10410(com.ss.android.ugc.trill), 4(FAIL), isBlocked=true, 0ms
05-24 01:05:47.221 D/NetdEventListenerService( 2765): DNS Requested by 213, 10410(com.ss.android.ugc.trill), 4(FAIL), isBlocked=true, 0ms
05-24 01:05:47.473 D/NetdEventListenerService( 2765): DNS Requested by 213, 10512(com.microsoft.copilot), 4(FAIL), isBlocked=true, 0ms
05-24 01:05:47.516 D/WifiStaIfaceHidlImpl( 2765): getCachedScanData is not implemented by HIDL
05-24 01:05:47.546 D/SemWifiUsabilityStatsMonitor( 2765): onWifiUsabilityStats - seqNum 96755, isSameBssidAndFreq true
05-24 01:05:47.550 I/SemWifiLinkQualityMonitor( 2765): Link stat: 1255 / 73 / 1.00 (6) / 1134 / -29.0 || 100.0 : 1134.00 / 0.5 : 1.00 / 0.55 : 0.06 / G (G) || 6b020a812412: 0.084 / 95.807 / N || N N / 0 0 / N 2.0 / N X 0 / 340070631 0 || 2026-05-24 01:05:46  / 0: 0 0 0 0 0 0 / 0: 0 0 0 0 0 0 / 0: 0 0 0 0 0 0
05-24 01:05:47.629 I/sensors-hal( 1942): handle_sns_client_event:550, [0][1935556] accel_sample [ 0.092, -0.121,  9.896] 349872177880245
05-24 01:05:48.027 E/HeatmapThread( 2062): ECT Thread time in milliseconds: 1779552348
05-24 01:05:48.027 D/HeatmapThread( 2062): !@ batteryplugType : 0
05-24 01:05:48.027 D/HeatmapThread( 2062): !@ batteryLevel : 0  batteryTemperature : 0 
05-24 01:05:48.028 D/HeatmapThread( 2062): !@ Heatmap currtime: 29659205
05-24 01:05:48.028 D/HeatmapThread( 2062): !@ Heatmap prevtime: 29659196
05-24 01:05:48.028 D/HeatmapThread( 2062): !@ Heatmap plugstarttime: 35791394
05-24 01:05:48.028 D/HeatmapThread( 2062): !@ Heatmap prevv_dsoh_update_time: 29653376
05-24 01:05:48.028 E/HeatmapThread( 2062): !@Could not open '/efs/FactoryApp/bsoh', errno = 13
05-24 01:05:48.028 E/HeatmapThread( 2062): !@ CAM Could not access BSOH EFS
05-24 01:05:48.028 E/HeatmapThread( 2062): !@ CAM New BSOH: 0
05-24 01:05:48.177 I/sensors-hal( 1942): handle_sns_client_event:185, auto_rotation_debug_2 mode,255, type,1,0 acc,0.084,-0.103,9.885, ar,0, ver,14, pedo,1,e,1,i,3
05-24 01:05:48.837 D/io_stats( 1146): !@   8,0 r 27150591 581400460 w 10330779 147750124 d 3392171 167694152 f 0 801424 iot 12898360 0 th 0 0 0 pt 0 inp 0 0 340071.921
05-24 01:05:48.837 D/io_stats( 1146): !@ Write_top(KB): kworker/u16:6(1774) 96 soft.appmanager(18483) 16
05-24 01:05:49.027 E/HeatmapThread( 2062): ECT Thread time in milliseconds: 1779552349
05-24 01:05:49.027 D/HeatmapThread( 2062): !@ batteryplugType : 0
05-24 01:05:49.027 D/HeatmapThread( 2062): !@ batteryLevel : 0  batteryTemperature : 0 
05-24 01:05:49.028 D/HeatmapThread( 2062): !@ Heatmap currtime: 29659205
05-24 01:05:49.028 D/HeatmapThread( 2062): !@ Heatmap prevtime: 29659196
05-24 01:05:49.028 D/HeatmapThread( 2062): !@ Heatmap plugstarttime: 35791394
05-24 01:05:49.028 D/HeatmapThread( 2062): !@ Heatmap prevv_dsoh_update_time: 29653376
05-24 01:05:49.028 E/HeatmapThread( 2062): !@Could not open '/efs/FactoryApp/bsoh', errno = 13
05-24 01:05:49.028 E/HeatmapThread( 2062): !@ CAM Could not access BSOH EFS
05-24 01:05:49.028 E/HeatmapThread( 2062): !@ CAM New BSOH: 0
05-24 01:05:49.090 D/NetdEventListenerService( 2765): DNS Requested by 213, 10125(com.instagram.android), 4(FAIL), isBlocked=true, 0ms
05-24 01:05:49.095 E/msys    (21704): E[N mns:DGWClient]_LogError(289)=>Failed to resolve using system DNS resolver, getaddrinfo(): No address associated with hostname
05-24 01:05:49.099 E/msys    (21704): E[N mns:DGWClient]_LogError(289)=>Failed to resolve using system DNS resolver, getaddrinfo(): No address associated with hostname
05-24 01:05:49.100 D/NetdEventListenerService( 2765): DNS Requested by 213, 10125(com.instagram.android), 4(FAIL), isBlocked=true, 0ms
05-24 01:05:49.273 D/NetdEventListenerService( 2765): DNS Requested by 213, 10285(com.microsoft.skydrive), 4(FAIL), isBlocked=true, 0ms
05-24 01:05:49.635 I/sensors-hal( 1942): handle_sns_client_event:550, [0][1935765] accel_sample [ 0.097, -0.111,  9.891] 349874184050349
05-24 01:05:49.832 D/NetdEventListenerService( 2765): DNS Requested by 213, 10125(com.instagram.android), 4(FAIL), isBlocked=true, 0ms
05-24 01:05:49.838 E/msys    (21704): E[N mns:DGWClient]_LogError(289)=>Failed to resolve using system DNS resolver, getaddrinfo(): No address associated with hostname
05-24 01:05:49.914 I/sensors-hal( 1942): handle_sns_std_sensor_event:311, [SSC_LIGHT] P: 46(46),m:7,c:2,b:250,c0:2704,l:46,f(r):82,u(bl):101,j:40
05-24 01:05:50.027 E/HeatmapThread( 2062): ECT Thread time in milliseconds: 1779552350
05-24 01:05:50.027 D/HeatmapThread( 2062): !@ batteryplugType : 0
05-24 01:05:50.027 D/HeatmapThread( 2062): !@ batteryLevel : 0  batteryTemperature : 0 
05-24 01:05:50.027 D/HeatmapThread( 2062): !@ Heatmap currtime: 29659205
05-24 01:05:50.027 D/HeatmapThread( 2062): !@ Heatmap prevtime: 29659196
05-24 01:05:50.028 D/HeatmapThread( 2062): !@ Heatmap plugstarttime: 35791394
05-24 01:05:50.028 D/HeatmapThread( 2062): !@ Heatmap prevv_dsoh_update_time: 29653376
05-24 01:05:50.030 E/HeatmapThread( 2062): !@Could not open '/efs/FactoryApp/bsoh', errno = 13
05-24 01:05:50.030 E/HeatmapThread( 2062): !@ CAM Could not access BSOH EFS
05-24 01:05:50.030 E/HeatmapThread( 2062): !@ CAM New BSOH: 0
05-24 01:05:50.056 D/vendor.samsung.hardware.thermal@1.0-service( 2012): timer callback!
05-24 01:05:50.089 D/vendor.samsung.hardware.thermal@1.0-service( 2012): frontset.size = 0
05-24 01:05:50.359 I/NSLocationMonitor( 2765): getGPSUsingApps() called
05-24 01:05:50.360 I/NSLocationManager_FLP( 4527): getGPSUsingApps, No change
05-24 01:05:50.367 W/Binder  ( 2765): Outgoing transactions from this process must be FLAG_ONEWAY
05-24 01:05:50.367 W/Binder  ( 2765): java.lang.Throwable
05-24 01:05:50.367 W/Binder  ( 2765): 	at android.os.BinderProxy.transact(BinderProxy.java:566)
05-24 01:05:50.367 W/Binder  ( 2765): 	at android.bluetooth.IBluetoothGatt$Stub$Proxy.getAdvertisingSetUids(IBluetoothGatt.java:1678)
05-24 01:05:50.367 W/Binder  ( 2765): 	at android.bluetooth.BluetoothAdapter.getAdvertisingSetUids(BluetoothAdapter.java:8476)
05-24 01:05:50.367 W/Binder  ( 2765): 	at android.bluetooth.BluetoothAdapter.getHWUsingApps(BluetoothAdapter.java:1342)
05-24 01:05:50.367 W/Binder  ( 2765): 	at com.android.server.am.mars.filter.filter.BlueToothConnectedFilter.updateBTUsingPackages(qb/106571952 c4c4375f2809767d35c3924eb0560cb9c53861c2af8e84225184923cb2856e18:22)
05-24 01:05:50.367 W/Binder  ( 2765): 	at com.android.server.am.FreecessController.freeze(qb/106571952 c4c4375f2809767d35c3924eb0560cb9c53861c2af8e84225184923cb2856e18:117)
05-24 01:05:50.367 W/Binder  ( 2765): 	at com.android.server.am.FreecessHandler$MainHandler.handleLcdOnFreeze(qb/106571952 c4c4375f2809767d35c3924eb0560cb9c53861c2af8e84225184923cb2856e18:55)
05-24 01:05:50.367 W/Binder  ( 2765): 	at com.android.server.am.FreecessHandler$MainHandler.handleMessage(qb/106571952 c4c4375f2809767d35c3924eb0560cb9c53861c2af8e84225184923cb2856e18:793)
05-24 01:05:50.367 W/Binder  ( 2765): 	at android.os.Handler.dispatchMessage(Handler.java:110)
05-24 01:05:50.367 W/Binder  ( 2765): 	at android.os.Looper.loopOnce(Looper.java:273)
05-24 01:05:50.367 W/Binder  ( 2765): 	at android.os.Looper.loop(Looper.java:363)
05-24 01:05:50.367 W/Binder  ( 2765): 	at android.os.HandlerThread.run(HandlerThread.java:85)
05-24 01:05:50.380 D/FreecessController( 2765): FZ : com.openai.chatgpt(10670) [28558] reason: Bg [cached:X
05-24 01:05:50.380 D/FreecessHandler( 2765): freeze com.openai.chatgpt(10670) result : 0
05-24 01:05:50.381 W/LocationManagerService( 2765): onFreezeStateChanged, uid[10670]=true
05-24 01:05:50.381 I/PowerManagerService( 2765): [PWL] SetWakeLockEnableDisable uid = 10670 , disable= true
05-24 01:05:50.381 I/PowerManagerService( 2765): [PWL] can not change uid =  10670
05-24 01:05:50.600 D/WifiStaIfaceHidlImpl( 2765): getCachedScanData is not implemented by HIDL
05-24 01:05:50.631 D/SemWifiUsabilityStatsMonitor( 2765): onWifiUsabilityStats - seqNum 96756, isSameBssidAndFreq true
