05-24 01:04:17.027 D/HeatmapThread( 2062): !@ batteryplugType : 0
05-24 01:04:17.027 D/HeatmapThread( 2062): !@ batteryLevel : 0  batteryTemperature : 0 
05-24 01:04:17.027 D/HeatmapThread( 2062): !@ Heatmap currtime: 29659204
05-24 01:04:17.027 D/HeatmapThread( 2062): !@ Heatmap prevtime: 29659196
05-24 01:04:17.027 D/HeatmapThread( 2062): !@ Heatmap plugstarttime: 35791394
05-24 01:04:17.028 D/HeatmapThread( 2062): !@ Heatmap prevv_dsoh_update_time: 29653376
05-24 01:04:17.028 E/HeatmapThread( 2062): !@Could not open '/efs/FactoryApp/bsoh', errno = 13
05-24 01:04:17.028 E/HeatmapThread( 2062): !@ CAM Could not access BSOH EFS
05-24 01:04:17.028 E/HeatmapThread( 2062): !@ CAM New BSOH: 0
05-24 01:04:17.218 D/BoundBrokerSvc(24302): onUnbind: Intent { act=com.google.android.gms.libs.gmscorelogger.service.START dat=chimera-action:/... xflg=0x4 cmp=com.google.android.gms/.chimera.PersistentDirectBootAwareApiService }
05-24 01:04:17.352 I/sensors-hal( 1942): handle_sns_client_event:550, [0][1926151] accel_sample [ 0.147, -0.042,  9.912] 349781900080684
05-24 01:04:17.380 D/NetdEventListenerService( 2765): DNS Requested by 213, 10125(com.instagram.android), 4(FAIL), isBlocked=true, 0ms
05-24 01:04:17.387 E/msys    (21704): E[N mns:DGWClient]_LogError(289)=>Failed to resolve using system DNS resolver, getaddrinfo(): No address associated with hostname
05-24 01:04:17.633 W/System.err(25279): FlagsHookHelper: skip hook flags method getInstanceHook
05-24 01:04:17.644 W/NaviWarn(25279): StackPtr is not 8-byte aligned.
05-24 01:04:17.655 D/NetdEventListenerService( 2765): DNS Requested by 213, 10410(com.ss.android.ugc.trill), 4(FAIL), isBlocked=true, 0ms
05-24 01:04:17.905 D/WifiStaIfaceHidlImpl( 2765): getCachedScanData is not implemented by HIDL
05-24 01:04:17.956 D/SemWifiUsabilityStatsMonitor( 2765): onWifiUsabilityStats - seqNum 96726, isSameBssidAndFreq true
05-24 01:04:17.959 I/SemWifiLinkQualityMonitor( 2765): Link stat: 497 / 20 / 1.00 (4) / 1200 / -28.0 || 100.0 : 1200.00 / 0.5 : 1.00 / 0.55 : 0.04 / G (G) || 6b020a812412: 0.082 / 97.937 / N || N N / 0 0 / N 2.0 / N X 0 / 339981041 0 || 2026-05-24 01:04:17  / 0: 0 0 0 0 0 0 / 0: 0 0 0 0 0 0 / 0: 0 0 0 0 0 0
05-24 01:04:18.027 E/HeatmapThread( 2062): ECT Thread time in milliseconds: 1779552258
05-24 01:04:18.027 D/HeatmapThread( 2062): !@ batteryplugType : 0
05-24 01:04:18.027 D/HeatmapThread( 2062): !@ batteryLevel : 0  batteryTemperature : 0 
05-24 01:04:18.027 D/HeatmapThread( 2062): !@ Heatmap currtime: 29659204
05-24 01:04:18.028 D/HeatmapThread( 2062): !@ Heatmap prevtime: 29659196
05-24 01:04:18.028 D/HeatmapThread( 2062): !@ Heatmap plugstarttime: 35791394
05-24 01:04:18.028 D/HeatmapThread( 2062): !@ Heatmap prevv_dsoh_update_time: 29653376
05-24 01:04:18.028 E/HeatmapThread( 2062): !@Could not open '/efs/FactoryApp/bsoh', errno = 13
05-24 01:04:18.028 E/HeatmapThread( 2062): !@ CAM Could not access BSOH EFS
05-24 01:04:18.028 E/HeatmapThread( 2062): !@ CAM New BSOH: 0
05-24 01:04:18.160 D/NetdEventListenerService( 2765): DNS Requested by 213, 10481(com.hanaskcard.paycla), 4(FAIL), isBlocked=true, 0ms
05-24 01:04:18.529 D/NetdEventListenerService( 2765): DNS Requested by 213, 10512(com.microsoft.copilot), 4(FAIL), isBlocked=true, 0ms
05-24 01:04:18.716 I/sensors-hal( 1942): handle_sns_std_sensor_event:311, [SSC_LIGHT] P: 37(37),m:7,c:2,b:250,c0:2176,l:37,f(r):82,u(bl):101,j:29
05-24 01:04:19.027 E/HeatmapThread( 2062): ECT Thread time in milliseconds: 1779552259
05-24 01:04:19.027 D/HeatmapThread( 2062): !@ batteryplugType : 0
05-24 01:04:19.028 D/HeatmapThread( 2062): !@ batteryLevel : 0  batteryTemperature : 0 
05-24 01:04:19.028 D/HeatmapThread( 2062): !@ Heatmap currtime: 29659204
05-24 01:04:19.028 D/HeatmapThread( 2062): !@ Heatmap prevtime: 29659196
05-24 01:04:19.028 D/HeatmapThread( 2062): !@ Heatmap plugstarttime: 35791394
05-24 01:04:19.028 D/HeatmapThread( 2062): !@ Heatmap prevv_dsoh_update_time: 29653376
05-24 01:04:19.028 E/HeatmapThread( 2062): !@Could not open '/efs/FactoryApp/bsoh', errno = 13
05-24 01:04:19.028 E/HeatmapThread( 2062): !@ CAM Could not access BSOH EFS
05-24 01:04:19.028 E/HeatmapThread( 2062): !@ CAM New BSOH: 0
05-24 01:04:19.349 I/sensors-hal( 1942): handle_sns_client_event:550, [0][1926360] accel_sample [ 0.160, -0.073,  9.890] 349783906255684
05-24 01:04:20.027 E/HeatmapThread( 2062): ECT Thread time in milliseconds: 1779552260
05-24 01:04:20.027 D/HeatmapThread( 2062): !@ batteryplugType : 0
05-24 01:04:20.027 D/HeatmapThread( 2062): !@ batteryLevel : 0  batteryTemperature : 0 
05-24 01:04:20.028 D/HeatmapThread( 2062): !@ Heatmap currtime: 29659204
05-24 01:04:20.028 D/HeatmapThread( 2062): !@ Heatmap prevtime: 29659196
05-24 01:04:20.028 D/HeatmapThread( 2062): !@ Heatmap plugstarttime: 35791394
05-24 01:04:20.028 D/HeatmapThread( 2062): !@ Heatmap prevv_dsoh_update_time: 29653376
05-24 01:04:20.028 E/HeatmapThread( 2062): !@Could not open '/efs/FactoryApp/bsoh', errno = 13
05-24 01:04:20.028 E/HeatmapThread( 2062): !@ CAM Could not access BSOH EFS
05-24 01:04:20.028 E/HeatmapThread( 2062): !@ CAM New BSOH: 0
05-24 01:04:20.052 D/vendor.samsung.hardware.thermal@1.0-service( 2012): timer callback!
05-24 01:04:20.089 D/vendor.samsung.hardware.thermal@1.0-service( 2012): frontset.size = 0
05-24 01:04:20.501 D/BoundBrokerSvc(24302): onRebind: Intent { act=com.google.android.gms.clearcut.sampler.service.START dat=chimera-action:/... xflg=0x4 cmp=com.google.android.gms/.chimera.PersistentDirectBootAwareApiService }
05-24 01:04:20.782 D/io_stats( 1146): !@   8,0 r 27149052 581390560 w 10329588 147743736 d 3391694 167689652 f 0 801325 iot 12897140 0 th 0 0 0 pt 0 inp 0 0 339983.867
05-24 01:04:20.783 D/io_stats( 1146): !@ Write_top(KB): f2fs_ckpt-254:5(4251) 72 kworker/u16:0(8069) 60 init(1) 28
05-24 01:04:20.977 D/NetdEventListenerService( 2765): DNS Requested by 213, 10285(com.microsoft.skydrive), 4(FAIL), isBlocked=true, 0ms
05-24 01:04:21.010 D/WifiStaIfaceHidlImpl( 2765): getCachedScanData is not implemented by HIDL
05-24 01:04:21.027 E/HeatmapThread( 2062): ECT Thread time in milliseconds: 1779552261
05-24 01:04:21.027 D/HeatmapThread( 2062): !@ batteryplugType : 0
05-24 01:04:21.027 D/HeatmapThread( 2062): !@ batteryLevel : 0  batteryTemperature : 0 
05-24 01:04:21.027 D/HeatmapThread( 2062): !@ Heatmap currtime: 29659204
05-24 01:04:21.027 D/HeatmapThread( 2062): !@ Heatmap prevtime: 29659196
05-24 01:04:21.027 D/HeatmapThread( 2062): !@ Heatmap plugstarttime: 35791394
05-24 01:04:21.028 D/HeatmapThread( 2062): !@ Heatmap prevv_dsoh_update_time: 29653376
05-24 01:04:21.028 E/HeatmapThread( 2062): !@Could not open '/efs/FactoryApp/bsoh', errno = 13
05-24 01:04:21.028 E/HeatmapThread( 2062): !@ CAM Could not access BSOH EFS
05-24 01:04:21.028 E/HeatmapThread( 2062): !@ CAM New BSOH: 0
05-24 01:04:21.061 I/SDHMS:LOAD( 6703): type: LoadsFreqs, value: 5:0:0:806400:806400:806400:658944:1766400:633600:285:285:285
05-24 01:04:21.074 D/SemWifiUsabilityStatsMonitor( 2765): onWifiUsabilityStats - seqNum 96727, isSameBssidAndFreq true
05-24 01:04:21.078 I/SemWifiLinkQualityMonitor( 2765): Link stat: 1162 / 57 / 1.00 (7) / 1200 / -27.0 || 100.0 : 1200.00 / 0.5 : 1.00 / 0.55 : 0.05 / G (G) || 6b020a812412: 0.082 / 97.110 / N || N N / 0 0 / N 2.0 / N X 0 / 339984161 0 || 2026-05-24 01:04:20  / 0: 0 0 0 0 0 0 / 0: 0 0 0 0 0 0 / 0: 0 0 0 0 0 0
05-24 01:04:21.354 I/sensors-hal( 1942): handle_sns_client_event:550, [0][1926569] accel_sample [ 0.144, -0.053,  9.890] 349785912430476
05-24 01:04:21.787 I/sensors-hal( 1942): handle_sns_client_event:185, auto_rotation_debug_2 mode,255, type,1,0 acc,0.163,-0.033,9.897, ar,0, ver,14, pedo,1,e,1,i,3
05-24 01:04:22.027 E/HeatmapThread( 2062): ECT Thread time in milliseconds: 1779552262
05-24 01:04:22.028 D/HeatmapThread( 2062): !@ batteryplugType : 0
05-24 01:04:22.028 D/HeatmapThread( 2062): !@ batteryLevel : 0  batteryTemperature : 0 
05-24 01:04:22.028 D/HeatmapThread( 2062): !@ Heatmap currtime: 29659204
05-24 01:04:22.028 D/HeatmapThread( 2062): !@ Heatmap prevtime: 29659196
05-24 01:04:22.028 D/HeatmapThread( 2062): !@ Heatmap plugstarttime: 35791394
05-24 01:04:22.028 D/HeatmapThread( 2062): !@ Heatmap prevv_dsoh_update_time: 29653376
05-24 01:04:22.028 E/HeatmapThread( 2062): !@Could not open '/efs/FactoryApp/bsoh', errno = 13
05-24 01:04:22.029 E/HeatmapThread( 2062): !@ CAM Could not access BSOH EFS
05-24 01:04:22.029 E/HeatmapThread( 2062): !@ CAM New BSOH: 0
05-24 01:04:22.235 I/sensors-hal( 1942): handle_sns_std_sensor_event:311, [SSC_LIGHT] P: 36(36),m:7,c:2,b:250,c0:2096,l:36,f(r):82,u(bl):101,j:31
05-24 01:04:22.416 D/NetdEventListenerService( 2765): DNS Requested by 213, 10125(com.instagram.android), 4(FAIL), isBlocked=true, 0ms
05-24 01:04:22.422 E/msys    (21704): E[N mns:DGWClient]_LogError(289)=>Failed to resolve using system DNS resolver, getaddrinfo(): No address associated with hostname
05-24 01:04:22.428 E/msys    (21704): E[N mns:DGWClient]_LogError(289)=>Failed to resolve using system DNS resolver, getaddrinfo(): No address associated with hostname
05-24 01:04:22.429 D/NetdEventListenerService( 2765): DNS Requested by 213, 10125(com.instagram.android), 4(FAIL), isBlocked=true, 0ms
05-24 01:04:22.555 I/sensors-hal( 1942): handle_sns_std_sensor_event:311, [SSC_LIGHT] P: 24(24),m:7,c:2,b:250,c0:1392,l:23,f(r):82,u(bl):101,j:18
05-24 01:04:22.622 D/UsbStatsMonitor( 2765): 0 0 0 0 0 0 0 0 0 0 0 0 13 0 0 0 0 0 0 0 0 0 0 0 0 0 0 0 0 0 0 0 0 0 0 0 0 0 0 0 0 0 0 0 0 0 0 0 0 0 0 0 0 0 70841190580250
05-24 01:04:23.027 E/HeatmapThread( 2062): ECT Thread time in milliseconds: 1779552263
05-24 01:04:23.027 D/HeatmapThread( 2062): !@ batteryplugType : 0
05-24 01:04:23.027 D/HeatmapThread( 2062): !@ batteryLevel : 0  batteryTemperature : 0 
05-24 01:04:23.027 D/HeatmapThread( 2062): !@ Heatmap currtime: 29659204
05-24 01:04:23.028 D/HeatmapThread( 2062): !@ Heatmap prevtime: 29659196
05-24 01:04:23.028 D/HeatmapThread( 2062): !@ Heatmap plugstarttime: 35791394
05-24 01:04:23.028 D/HeatmapThread( 2062): !@ Heatmap prevv_dsoh_update_time: 29653376
05-24 01:04:23.028 E/HeatmapThread( 2062): !@Could not open '/efs/FactoryApp/bsoh', errno = 13
05-24 01:04:23.028 E/HeatmapThread( 2062): !@ CAM Could not access BSOH EFS
05-24 01:04:23.028 E/HeatmapThread( 2062): !@ CAM New BSOH: 0
05-24 01:04:23.354 I/sensors-hal( 1942): handle_sns_std_sensor_event:311, [SSC_LIGHT] P: 39(39),m:7,c:2,b:250,c0:2448,l:42,f(r):82,u(bl):101,j:32
05-24 01:04:23.361 I/sensors-hal( 1942): handle_sns_client_event:550, [0][1926778] accel_sample [ 0.092, -0.115,  9.898] 349787918605059
05-24 01:04:23.515 I/sensors-hal( 1942): handle_sns_client_event:45, light_seamless ts=349788081083914 ns, 46,40,2147483647, M:0,0, S:0,0
05-24 01:04:23.524 D/RefreshRateModeManager( 2765): onBrightnessChanged: brt=250, lux=46.0
05-24 01:04:24.027 E/HeatmapThread( 2062): ECT Thread time in milliseconds: 1779552264
05-24 01:04:24.027 D/HeatmapThread( 2062): !@ batteryplugType : 0
05-24 01:04:24.028 D/HeatmapThread( 2062): !@ batteryLevel : 0  batteryTemperature : 0 
05-24 01:04:24.028 D/HeatmapThread( 2062): !@ Heatmap currtime: 29659204
05-24 01:04:24.028 D/HeatmapThread( 2062): !@ Heatmap prevtime: 29659196
05-24 01:04:24.028 D/HeatmapThread( 2062): !@ Heatmap plugstarttime: 35791394
05-24 01:04:24.028 D/HeatmapThread( 2062): !@ Heatmap prevv_dsoh_update_time: 29653376
05-24 01:04:24.028 E/HeatmapThread( 2062): !@Could not open '/efs/FactoryApp/bsoh', errno = 13
05-24 01:04:24.028 E/HeatmapThread( 2062): !@ CAM Could not access BSOH EFS
05-24 01:04:24.028 E/HeatmapThread( 2062): !@ CAM New BSOH: 0
05-24 01:04:24.129 D/WifiStaIfaceHidlImpl( 2765): getCachedScanData is not implemented by HIDL
05-24 01:04:24.181 D/SemWifiUsabilityStatsMonitor( 2765): onWifiUsabilityStats - seqNum 96728, isSameBssidAndFreq true
05-24 01:04:24.185 I/SemWifiLinkQualityMonitor( 2765): Link stat: 958 / 61 / 1.00 (8) / 1200 / -29.0 || 100.0 : 1200.00 / 0.5 : 1.00 / 0.55 : 0.06 / G (G) || 6b020a812412: 0.084 / 95.736 / N || N N / 0 0 / N 2.0 / N X 0 / 339987266 0 || 2026-05-24 01:04:23  / 0: 0 0 0 0 0 0 / 0: 0 0 0 0 0 0 / 0: 0 0 0 0 0 0
05-24 01:04:24.270 D/NetdEventListenerService( 2765): DNS Requested by 213, 10512(com.microsoft.copilot), 4(FAIL), isBlocked=true, 0ms
05-24 01:04:24.309 D/NetdEventListenerService( 2765): DNS Requested by 213, 10125(com.instagram.android), 4(FAIL), isBlocked=true, 0ms
05-24 01:04:24.317 E/msys    (21704): E[N mns:DGWClient]_LogError(289)=>Failed to resolve using system DNS resolver, getaddrinfo(): No address associated with hostname
05-24 01:04:24.784 D/io_stats( 1146): !@   8,0 r 27149052 581390560 w 10329596 147743760 d 3391694 167689652 f 0 801327 iot 12897152 0 th 0 0 0 pt 0 inp 0 0 339987.869
05-24 01:04:24.784 D/io_stats( 1146): !@ Write_top(KB): henticator:auth(23399) 16
05-24 01:04:25.027 E/HeatmapThread( 2062): ECT Thread time in milliseconds: 1779552265
05-24 01:04:25.027 D/HeatmapThread( 2062): !@ batteryplugType : 0
05-24 01:04:25.027 D/HeatmapThread( 2062): !@ batteryLevel : 0  batteryTemperature : 0 
05-24 01:04:25.027 D/HeatmapThread( 2062): !@ Heatmap currtime: 29659204
05-24 01:04:25.028 D/HeatmapThread( 2062): !@ Heatmap prevtime: 29659196
05-24 01:04:25.028 D/HeatmapThread( 2062): !@ Heatmap plugstarttime: 35791394
05-24 01:04:25.028 D/HeatmapThread( 2062): !@ Heatmap prevv_dsoh_update_time: 29653376
05-24 01:04:25.028 E/HeatmapThread( 2062): !@Could not open '/efs/FactoryApp/bsoh', errno = 13
05-24 01:04:25.028 E/HeatmapThread( 2062): !@ CAM Could not access BSOH EFS
05-24 01:04:25.028 E/HeatmapThread( 2062): !@ CAM New BSOH: 0
05-24 01:04:25.376 I/sensors-hal( 1942): handle_sns_client_event:550, [0][1926987] accel_sample [ 0.081, -0.116,  9.884] 349789924779539
05-24 01:04:25.503 I/wpa_supplicant(10796): Heartbeat 33521
05-24 01:04:25.525 D/WifiConnectivityMonitor.NetworkStatsAnalyzer( 2765): Backhaul result - RSSI:-29, CE:14, PE:14, TI:36, PTI:37, TW:0, PTW:1, Tx:58, Rx:164, TxS:18, RxS:5, RESULT:true, IC:3, ICT:5, WC:2, WCT:5, R:0, RC:0, IE:0, EC:0
05-24 01:04:26.027 E/HeatmapThread( 2062): ECT Thread time in milliseconds: 1779552266
05-24 01:04:26.027 D/HeatmapThread( 2062): !@ batteryplugType : 0
05-24 01:04:26.027 D/HeatmapThread( 2062): !@ batteryLevel : 0  batteryTemperature : 0 
05-24 01:04:26.028 D/HeatmapThread( 2062): !@ Heatmap currtime: 29659204
05-24 01:04:26.028 D/HeatmapThread( 2062): !@ Heatmap prevtime: 29659196
05-24 01:04:26.028 D/HeatmapThread( 2062): !@ Heatmap plugstarttime: 35791394
05-24 01:04:26.028 D/HeatmapThread( 2062): !@ Heatmap prevv_dsoh_update_time: 29653376
05-24 01:04:26.028 E/HeatmapThread( 2062): !@Could not open '/efs/FactoryApp/bsoh', errno = 13
05-24 01:04:26.028 E/HeatmapThread( 2062): !@ CAM Could not access BSOH EFS
05-24 01:04:26.028 E/HeatmapThread( 2062): !@ CAM New BSOH: 0
05-24 01:04:26.091 D/NetdEventListenerService( 2765): DNS Requested by 213, 10285(com.microsoft.skydrive), 4(FAIL), isBlocked=true, 0ms
05-24 01:04:26.785 D/io_stats( 1146): !@   8,0 r 27149052 581390560 w 10329631 147743988 d 3391697 167689800 f 0 801329 iot 12897180 0 th 0 0 0 pt 0 inp 0 0 339989.870
05-24 01:04:27.028 E/HeatmapThread( 2062): ECT Thread time in milliseconds: 1779552267
05-24 01:04:27.028 D/HeatmapThread( 2062): !@ batteryplugType : 0
05-24 01:04:27.028 D/HeatmapThread( 2062): !@ batteryLevel : 0  batteryTemperature : 0 
05-24 01:04:27.028 D/HeatmapThread( 2062): !@ Heatmap currtime: 29659204
05-24 01:04:27.028 D/HeatmapThread( 2062): !@ Heatmap prevtime: 29659196
05-24 01:04:27.028 D/HeatmapThread( 2062): !@ Heatmap plugstarttime: 35791394
05-24 01:04:27.028 D/HeatmapThread( 2062): !@ Heatmap prevv_dsoh_update_time: 29653376
05-24 01:04:27.029 E/HeatmapThread( 2062): !@Could not open '/efs/FactoryApp/bsoh', errno = 13
05-24 01:04:27.029 E/HeatmapThread( 2062): !@ CAM Could not access BSOH EFS
05-24 01:04:27.029 E/HeatmapThread( 2062): !@ CAM New BSOH: 0
05-24 01:04:27.234 D/WifiStaIfaceHidlImpl( 2765): getCachedScanData is not implemented by HIDL
05-24 01:04:27.289 D/SemWifiUsabilityStatsMonitor( 2765): onWifiUsabilityStats - seqNum 96729, isSameBssidAndFreq true
05-24 01:04:27.294 I/SemWifiLinkQualityMonitor( 2765): Link stat: 1462 / 81 / 1.00 (7) / 1200 / -29.0 || 100.0 : 1200.00 / 0.5 : 1.00 / 0.55 : 0.06 / G (G) || 6b020a812412: 0.083 / 96.514 / N || N N / 0 0 / N 2.0 / N X 0 / 339990375 0 || 2026-05-24 01:04:26  / 0: 0 0 0 0 0 0 / 0: 0 0 0 0 0 0 / 0: 0 0 0 0 0 0
05-24 01:04:27.383 I/sensors-hal( 1942): handle_sns_client_event:550, [0][1927196] accel_sample [ 0.080, -0.103,  9.893] 349791930954018
05-24 01:04:27.834 I/sensors-hal( 1942): handle_sns_std_sensor_event:311, [SSC_LIGHT] P: 46(46),m:7,c:2,b:250,c0:2704,l:46,f(r):82,u(bl):101,j:40
05-24 01:04:28.027 E/HeatmapThread( 2062): ECT Thread time in milliseconds: 1779552268
05-24 01:04:28.027 D/HeatmapThread( 2062): !@ batteryplugType : 0
05-24 01:04:28.027 D/HeatmapThread( 2062): !@ batteryLevel : 0  batteryTemperature : 0 
05-24 01:04:28.027 D/HeatmapThread( 2062): !@ Heatmap currtime: 29659204
05-24 01:04:28.028 D/HeatmapThread( 2062): !@ Heatmap prevtime: 29659196
05-24 01:04:28.028 D/HeatmapThread( 2062): !@ Heatmap plugstarttime: 35791394
05-24 01:04:28.028 D/HeatmapThread( 2062): !@ Heatmap prevv_dsoh_update_time: 29653376
05-24 01:04:28.028 E/HeatmapThread( 2062): !@Could not open '/efs/FactoryApp/bsoh', errno = 13
05-24 01:04:28.028 E/HeatmapThread( 2062): !@ CAM Could not access BSOH EFS
05-24 01:04:28.028 E/HeatmapThread( 2062): !@ CAM New BSOH: 0
05-24 01:04:28.268 D/NetdEventListenerService( 2765): DNS Requested by 213, 10461(com.skt.nugu.apollo), SUCCESS, 21ms
05-24 01:04:28.786 D/io_stats( 1146): !@   8,0 r 27149061 581390596 w 10329631 147743988 d 3391697 167689800 f 0 801329 iot 12897196 0 th 0 0 0 pt 0 inp 0 0 339991.871
05-24 01:04:28.786 D/io_stats( 1146): !@ Read_top(KB): skt.nugu.apollo(29328) 36
05-24 01:04:28.786 D/io_stats( 1146): !@ Write_top(KB): kworker/u16:3(10369) 180 id.bixby.wakeup(16979) 24 soft.appmanager(18483) 16
05-24 01:04:28.804 W/System.err(25279): FlagsHookHelper: skip hook flags method getInstanceHook
05-24 01:04:28.819 D/NetdEventListenerService( 2765): DNS Requested by 213, 10410(com.ss.android.ugc.trill), 4(FAIL), isBlocked=true, 0ms
05-24 01:04:29.028 E/HeatmapThread( 2062): ECT Thread time in milliseconds: 1779552269
05-24 01:04:29.028 D/HeatmapThread( 2062): !@ batteryplugType : 0
05-24 01:04:29.028 D/HeatmapThread( 2062): !@ batteryLevel : 0  batteryTemperature : 0 
05-24 01:04:29.028 D/HeatmapThread( 2062): !@ Heatmap currtime: 29659204
05-24 01:04:29.028 D/HeatmapThread( 2062): !@ Heatmap prevtime: 29659196
05-24 01:04:29.028 D/HeatmapThread( 2062): !@ Heatmap plugstarttime: 35791394
05-24 01:04:29.028 D/HeatmapThread( 2062): !@ Heatmap prevv_dsoh_update_time: 29653376
05-24 01:04:29.029 E/HeatmapThread( 2062): !@Could not open '/efs/FactoryApp/bsoh', errno = 13
05-24 01:04:29.029 E/HeatmapThread( 2062): !@ CAM Could not access BSOH EFS
05-24 01:04:29.029 E/HeatmapThread( 2062): !@ CAM New BSOH: 0
05-24 01:04:29.379 I/sensors-hal( 1942): handle_sns_client_event:550, [0][1927405] accel_sample [ 0.080, -0.112,  9.888] 349793937128393
05-24 01:04:29.637 D/NetdEventListenerService( 2765): DNS Requested by 213, 10125(com.instagram.android), 4(FAIL), isBlocked=true, 0ms
05-24 01:04:29.638 E/msys    (21704): E[N mns:DGWClient]_LogError(289)=>Failed to resolve using system DNS resolver, getaddrinfo(): No address associated with hostname
05-24 01:04:29.642 E/msys    (21704): E[N mns:DGWClient]_LogError(289)=>Failed to resolve using system DNS resolver, getaddrinfo(): No address associated with hostname
05-24 01:04:29.642 D/NetdEventListenerService( 2765): DNS Requested by 213, 10125(com.instagram.android), 4(FAIL), isBlocked=true, 0ms
05-24 01:04:30.027 E/HeatmapThread( 2062): ECT Thread time in milliseconds: 1779552270
05-24 01:04:30.027 D/HeatmapThread( 2062): !@ batteryplugType : 0
05-24 01:04:30.027 D/HeatmapThread( 2062): !@ batteryLevel : 0  batteryTemperature : 0 
05-24 01:04:30.028 D/HeatmapThread( 2062): !@ Heatmap currtime: 29659204
05-24 01:04:30.028 D/HeatmapThread( 2062): !@ Heatmap prevtime: 29659196
05-24 01:04:30.028 D/HeatmapThread( 2062): !@ Heatmap plugstarttime: 35791394
05-24 01:04:30.028 D/HeatmapThread( 2062): !@ Heatmap prevv_dsoh_update_time: 29653376
05-24 01:04:30.028 E/HeatmapThread( 2062): !@Could not open '/efs/FactoryApp/bsoh', errno = 13
05-24 01:04:30.028 E/HeatmapThread( 2062): !@ CAM Could not access BSOH EFS
05-24 01:04:30.028 E/HeatmapThread( 2062): !@ CAM New BSOH: 0
05-24 01:04:30.052 D/vendor.samsung.hardware.thermal@1.0-service( 2012): timer callback!
05-24 01:04:30.083 D/vendor.samsung.hardware.thermal@1.0-service( 2012): frontset.size = 0
05-24 01:04:30.094 I/SDHMS:x ( 6703): SIOP:: AP:326 BAT:299 USB:294 CHG:326 PA:332 WIFI:327 CF:319 BLK:0 SUBBAT:0 SKIN:306 SKINF:306 SKINB:303 LRP:306 LRP2:306 LRF2:306 LRB2:303 AP2:306 CHG2:302 WIFI2:305 UANT2:302 RCV2:303 SPK2:292 FCAM:294 UPSPK:319 DNSPK:294 AMB:242 AVGCUR:0 AVGSYS:297 POWER:0
05-24 01:04:30.339 D/WifiStaIfaceHidlImpl( 2765): getCachedScanData is not implemented by HIDL
05-24 01:04:30.365 D/SemWifiUsabilityStatsMonitor( 2765): onWifiUsabilityStats - seqNum 96730, isSameBssidAndFreq true
05-24 01:04:30.370 I/SemWifiLinkQualityMonitor( 2765): Link stat: 885 / 46 / 1.04 (25) / 1134 / -29.0 || 100.0 : 1134.00 / 0.5 : 0.96 / 0.55 : 0.05 / G (G) || 6b020a812412: 0.083 / 96.383 / N || N N / 0 0 / N 2.0 / N X 0 / 339993450 0 || 2026-05-24 01:04:29  / 0: 0 0 0 0 0 0 / 0: 0 0 0 0 0 0 / 0: 0 0 0 0 0 0
05-24 01:04:30.664 D/NetdEventListenerService( 2765): DNS Requested by 213, 10125(com.instagram.android), 4(FAIL), isBlocked=true, 0ms
05-24 01:04:30.670 E/msys    (21704): E[N mns:DGWClient]_LogError(289)=>Failed to resolve using system DNS resolver, getaddrinfo(): No address associated with hostname
05-24 01:04:30.788 D/io_stats( 1146): !@   8,0 r 27149062 581390852 w 10329722 147744404 d 3391749 167690216 f 0 801333 iot 12897232 0 th 0 0 0 pt 0 inp 0 0 339993.872
05-24 01:04:31.027 E/HeatmapThread( 2062): ECT Thread time in milliseconds: 1779552271
05-24 01:04:31.027 D/HeatmapThread( 2062): !@ batteryplugType : 0
05-24 01:04:31.027 D/HeatmapThread( 2062): !@ batteryLevel : 0  batteryTemperature : 0 
05-24 01:04:31.028 D/HeatmapThread( 2062): !@ Heatmap currtime: 29659204
05-24 01:04:31.028 D/HeatmapThread( 2062): !@ Heatmap prevtime: 29659196
05-24 01:04:31.028 D/HeatmapThread( 2062): !@ Heatmap plugstarttime: 35791394
05-24 01:04:31.028 D/HeatmapThread( 2062): !@ Heatmap prevv_dsoh_update_time: 29653376
05-24 01:04:31.028 E/HeatmapThread( 2062): !@Could not open '/efs/FactoryApp/bsoh', errno = 13
05-24 01:04:31.028 E/HeatmapThread( 2062): !@ CAM Could not access BSOH EFS
05-24 01:04:31.028 E/HeatmapThread( 2062): !@ CAM New BSOH: 0
05-24 01:04:31.181 I/SDHMS:LOAD( 6703): type: LoadsFreqs, value: 6:0:0:806400:806400:806400:633600:633600:633600:285:285:285
05-24 01:04:31.236 I/WifiConnectivityMonitor.NetworkStatsAnalyzer( 2765): pull out the line???
05-24 01:04:31.307 D/NetdEventListenerService( 2765): DNS Requested by 213, 10512(com.microsoft.copilot), 4(FAIL), isBlocked=true, 0ms
05-24 01:04:31.386 I/sensors-hal( 1942): handle_sns_client_event:550, [0][1927614] accel_sample [ 0.089, -0.111,  9.894] 349795943302768
05-24 01:04:31.386 I/sensors-hal( 1942): handle_sns_client_event:185, auto_rotation_debug_2 mode,255, type,1,0 acc,0.072,-0.115,9.904, ar,0, ver,14, pedo,1,e,1,i,3
05-24 01:04:31.538 I/AfterimageCompensationService( 2765): AfcThread mLuminance : 487 , AfpcPeriodCount : 1943 , rotation : 0 , AOD : false
05-24 01:04:31.540 I/SurfaceComposerClient( 2765): captureDisplay:Display-4630947232161729154
05-24 01:04:31.544 I/SurfaceFlinger( 2066): Capture layer list: 	 com.parkcheolhong.worldlinco/com.parkcheolhong.worldlinco.MainActivity$_20825#40977(seamlessTransition:0)
05-24 01:04:31.544 I/SurfaceFlinger( 2066): Capture layer list: 	 StatusBar$_3697#118(seamlessTransition:0)
05-24 01:04:31.544 I/SurfaceFlinger( 2066): Capture layer list: 	 com.sec.android.app.launcher/com.samsung.app.honeyspace.edge.edgepanel.app.CocktailBarService$_4253#40986(seamlessTransition:0)
05-24 01:04:31.544 I/SurfaceFlinger( 2066): Capture layer list: 	 NavigationBar0$_3697#114(seamlessTransition:0)
05-24 01:04:31.545 I/CompositionEngine( 2066): [setDisplaySize] size=(1440, 3088)
05-24 01:04:31.545 E/HWComposer( 2066): getLuts: getLuts failed for display 4630947232161729154: UNSUPPORTED (8)
05-24 01:04:31.548 D/RenderEngine( 2066): [SEC_SF_EFFECTS] drawLayersInternal,1483, Rendering layer ScreenCaptureFillLayer at index 0
05-24 01:04:31.548 D/RenderEngine( 2066): [SEC_SF_EFFECTS] drawLayersInternal,1483, Rendering layer com.parkcheolhong.worldlinco/com.parkcheolhong.worldlinco.MainActivity$_20825#40977 at index 1
05-24 01:04:31.548 D/RenderEngine( 2066): [SEC_SF_EFFECTS] drawLayersInternal,1483, Rendering layer StatusBar$_3697#118 at index 2
05-24 01:04:31.549 D/RenderEngine( 2066): [SEC_SF_EFFECTS] drawLayersInternal,1483, Rendering layer com.sec.android.app.launcher/com.samsung.app.honeyspace.edge.edgepanel.app.CocktailBarService$_4253#40986 at index 3
05-24 01:04:31.549 D/RenderEngine( 2066): [SEC_SF_EFFECTS] drawLayersInternal,1483, Rendering layer NavigationBar0$_3697#114 at index 4
05-24 01:04:31.561 D/system_server( 2765): mAFPC_Read - w = 1440, h = 3088, s = 32, f = 4, s_size = 18182144, luminance = 487, count = 1943, captureOrientation = 0
05-24 01:04:32.027 E/HeatmapThread( 2062): ECT Thread time in milliseconds: 1779552272
05-24 01:04:32.027 D/HeatmapThread( 2062): !@ batteryplugType : 0
05-24 01:04:32.027 D/HeatmapThread( 2062): !@ batteryLevel : 0  batteryTemperature : 0 
05-24 01:04:32.027 D/HeatmapThread( 2062): !@ Heatmap currtime: 29659204
05-24 01:04:32.028 D/HeatmapThread( 2062): !@ Heatmap prevtime: 29659196
05-24 01:04:32.028 D/HeatmapThread( 2062): !@ Heatmap plugstarttime: 35791394
05-24 01:04:32.028 D/HeatmapThread( 2062): !@ Heatmap prevv_dsoh_update_time: 29653376
05-24 01:04:32.028 E/HeatmapThread( 2062): !@Entered the read from path function
05-24 01:04:32.028 E/HeatmapThread( 2062): !@Could not open '/efs/FactoryApp/extended_heatmap', errno = 13
05-24 01:04:32.028 E/HeatmapThread( 2062): !@Extended_heatmap efs Forced Reset
05-24 01:04:32.028 E/HeatmapThread( 2062): !@Read Extended_heatmap from efs is: 
05-24 01:04:32.029 E/HeatmapThread( 2062): !@Write Extended Heatmap to efs is: 0 0 0 0 0 0 0 0 0 0 0 0 0 0 0 0 0 0 0 0 0 0 0 0 0 0 0 0 0 0 0 0 0 0 0 0 0 0 0 0 0 0 0 0 0 0 0 0 0 0 0 0 0 0 0 0 0 0 0 0 0 0 0 0 0 0 0 0 0 0 0 0 0 0 0 0 0 0 0 0 0 0 0 0 0 0 0 0 0 0 0 0 0 0 0 0 0 0 0 0 0 0 0 0 0 0 0 0 0 0 0 0 0 0 0 0 0 0 0 0 0 0 0 0 0 0 0 0 0 0 0 0 0 0 0 0 0 0 0 0 0 0 0 0 0 0 0 0 0 0 0 0 0 0 0 0 0 0 0 0 0 0 0 0 0 0 0 0 0 0 0 0 0 0 0 0 0 0 0 0 0 0 0 0 0 0 0 0 0 0 0 0 0 0 0 0 0 0 0 0 0 0 0 0 0 0 0 0 0 0 0 0 0 0 0 0 0 0 0 0 0 0 0 0 0 0 0 0 0 0 0 0 0 0 0 0 0 0 0 0 0 0 0 0 0 0 0 0 0 0 0 0 0 0 0 0 0 0 0 0 0 0 0 0 0 0 0 0 0 0 0 0 0 0 0 0 0 0 0 0 0 0 0 0 0 0 0 0 0 0 0 0 0 0 0 0 0 0 0 0 0 0 0 0 0 0 0 0 0 0 0 0 0 0 0 0 0 0 0 0 0 0 0 0 0 0 0 0 0 0 0 0 0 0 0 0 0 0 0 0 0 0 0 0 0 0 0 0 0 0 0 0 0 0 0 0 0 0 0 0 0 0 0 0 0 0 0 0 0 0 0 0 0 0 0 0 0 0 0 0 0 0 0 0 0 0 0 0 0 0 0 0 0 0 0 0 0 0 0 0 0 0 0 0 0 0 0 0 0 0 0 0 0 0 0 0 0 0 0 0 0 0 0 0 0 0 0 0 0 0 0 0 0 0 0 0 0 0 0 0 0 0 0 0 0 0 0 0 0 0 0 0 0 0 0 0 0 0 0 0 0 0 0 0 0 0 0 0 0 0 0 0 0 0 0 0 0 0 0 0 0 0 0 0 0 0 0 0 0 0 0 0 0 0
05-24 01:04:32.029 E/HeatmapThread( 2062): !@Could not open '/efs/FactoryApp/extended_heatmap', errno = 13
05-24 01:04:32.029 E/HeatmapThread( 2062): !@Could not open '/efs/FactoryApp/bsoh', errno = 13
05-24 01:04:32.029 E/HeatmapThread( 2062): !@ CAM Could not access BSOH EFS
05-24 01:04:32.029 E/HeatmapThread( 2062): !@ CAM New BSOH: 0
05-24 01:04:32.154 I/sensors-hal( 1942): handle_sns_std_sensor_event:311, [SSC_LIGHT] P: 46(46),m:7,c:2,b:250,c0:2704,l:46,f(r):82,u(bl):101,j:40
05-24 01:04:32.237 I/WifiConnectivityMonitor.NetworkStatsAnalyzer( 2765): pull out the line???
05-24 01:04:32.619 D/NetdEventListenerService( 2765): DNS Requested by 213, 10285(com.microsoft.skydrive), 4(FAIL), isBlocked=true, 0ms
05-24 01:04:32.789 D/io_stats( 1146): !@ Read_top(KB): loop49(4719) 256
05-24 01:04:32.789 D/io_stats( 1146): !@ Write_top(KB): kworker/u16:0(8069) 80 f2fs_ckpt-254:5(4251) 80 init(1) 28
05-24 01:04:33.027 E/HeatmapThread( 2062): ECT Thread time in milliseconds: 1779552273
05-24 01:04:33.027 D/HeatmapThread( 2062): !@ batteryplugType : 0
05-24 01:04:33.028 D/HeatmapThread( 2062): !@ batteryLevel : 0  batteryTemperature : 0 
05-24 01:04:33.028 D/HeatmapThread( 2062): !@ Heatmap currtime: 29659204
05-24 01:04:33.028 D/HeatmapThread( 2062): !@ Heatmap prevtime: 29659196
05-24 01:04:33.028 D/HeatmapThread( 2062): !@ Heatmap plugstarttime: 35791394
05-24 01:04:33.028 D/HeatmapThread( 2062): !@ Heatmap prevv_dsoh_update_time: 29653376
05-24 01:04:33.028 E/HeatmapThread( 2062): !@Could not open '/efs/FactoryApp/bsoh', errno = 13
05-24 01:04:33.028 E/HeatmapThread( 2062): !@ CAM Could not access BSOH EFS
05-24 01:04:33.028 E/HeatmapThread( 2062): !@ CAM New BSOH: 0
05-24 01:04:33.401 I/sensors-hal( 1942): handle_sns_client_event:550, [0][1927823] accel_sample [ 0.095, -0.110,  9.891] 349797949477247
05-24 01:04:33.411 D/WifiStaIfaceHidlImpl( 2765): getCachedScanData is not implemented by HIDL
05-24 01:04:33.436 D/SemWifiUsabilityStatsMonitor( 2765): onWifiUsabilityStats - seqNum 96731, isSameBssidAndFreq true
05-24 01:04:33.441 I/SemWifiLinkQualityMonitor( 2765): Link stat: 2669 / 95 / 1.00 (18) / 1134 / -30.0 || 100.0 : 1134.00 / 0.5 : 1.00 / 0.55 : 0.04 / G (G) || 6b020a812412: 0.082 / 97.905 / N || N N / 0 0 / N 2.0 / N X 0 / 339996522 0 || 2026-05-24 01:04:32  / 0: 0 0 0 0 0 0 / 0: 0 0 0 0 0 0 / 0: 0 0 0 0 0 0
05-24 01:04:33.488 D/CustomizedBinderCallsStatsInternal( 2765): reportCpuUsage() : 1%
05-24 01:04:33.489 I/BinderCallsStats( 2765): Collected cpu time : 0us, collected call count : 0 for 36892735 ms
05-24 01:04:33.490 D/ProcessCpuUsage( 2765): [0] 739, {614=50750, 729=970, 844=250, 960=280, 1075=2260, 1171=250, 1267=190, 1363=410, 1785=4720}
05-24 01:04:33.490 D/ProcessCpuUsage( 2765): [4] 679, {633=57560, 768=510, 883=110, 1209=100, 1555=450, 1996=160, 2496=740}
05-24 01:04:33.490 D/ProcessCpuUsage( 2765): [7] 817, {806=59820, 2995=160}
05-24 01:04:33.842 D/NetdEventListenerService( 2765): DNS Requested by 213, 10410(com.ss.android.ugc.trill), 4(FAIL), isBlocked=true, 0ms
05-24 01:04:34.027 E/HeatmapThread( 2062): ECT Thread time in milliseconds: 1779552274
05-24 01:04:34.027 D/HeatmapThread( 2062): !@ batteryplugType : 0
05-24 01:04:34.028 D/HeatmapThread( 2062): !@ batteryLevel : 0  batteryTemperature : 0 
05-24 01:04:34.028 D/HeatmapThread( 2062): !@ Heatmap currtime: 29659204
05-24 01:04:34.028 D/HeatmapThread( 2062): !@ Heatmap prevtime: 29659196
05-24 01:04:34.028 D/HeatmapThread( 2062): !@ Heatmap plugstarttime: 35791394
05-24 01:04:34.028 D/HeatmapThread( 2062): !@ Heatmap prevv_dsoh_update_time: 29653376
05-24 01:04:34.028 E/HeatmapThread( 2062): !@Could not open '/efs/FactoryApp/bsoh', errno = 13
05-24 01:04:34.028 E/HeatmapThread( 2062): !@ CAM Could not access BSOH EFS
05-24 01:04:34.028 E/HeatmapThread( 2062): !@ CAM New BSOH: 0
05-24 01:04:34.455 D/SatelliteController( 3655): isInCarrierRoamingNbIotNtn: satellite is disabled
05-24 01:04:34.790 D/io_stats( 1146): !@   8,0 r 27149062 581390852 w 10329733 147744440 d 3391749 167690216 f 0 801335 iot 12897252 0 th 0 0 0 pt 0 inp 0 0 339997.875
05-24 01:04:35.027 E/HeatmapThread( 2062): ECT Thread time in milliseconds: 1779552275
05-24 01:04:35.027 D/HeatmapThread( 2062): !@ batteryplugType : 0
05-24 01:04:35.027 D/HeatmapThread( 2062): !@ batteryLevel : 0  batteryTemperature : 0 
05-24 01:04:35.027 D/HeatmapThread( 2062): !@ Heatmap currtime: 29659204
05-24 01:04:35.027 D/HeatmapThread( 2062): !@ Heatmap prevtime: 29659196
05-24 01:04:35.027 D/HeatmapThread( 2062): !@ Heatmap plugstarttime: 35791394
05-24 01:04:35.027 D/HeatmapThread( 2062): !@ Heatmap prevv_dsoh_update_time: 29653376
05-24 01:04:35.027 E/HeatmapThread( 2062): !@Could not open '/efs/FactoryApp/bsoh', errno = 13
05-24 01:04:35.027 E/HeatmapThread( 2062): !@ CAM Could not access BSOH EFS
05-24 01:04:35.027 E/HeatmapThread( 2062): !@ CAM New BSOH: 0
05-24 01:04:35.398 I/sensors-hal( 1942): handle_sns_client_event:550, [0][1928032] accel_sample [ 0.075, -0.110,  9.893] 349799955651934
05-24 01:04:35.504 I/wpa_supplicant(10796): Heartbeat 33522
05-24 01:04:35.531 D/WifiConnectivityMonitor.NetworkStatsAnalyzer( 2765): Backhaul result - RSSI:-29, CE:11, PE:14, TI:35, PTI:36, TW:0, PTW:0, Tx:83, Rx:112, TxS:36, RxS:15, RESULT:true, IC:3, ICT:5, WC:3, WCT:5, R:1, RC:0, IE:0, EC:0
05-24 01:04:35.557 D/BoundBrokerSvc(24302): onUnbind: Intent { act=com.google.android.gms.clearcut.sampler.service.START dat=chimera-action:/... xflg=0x4 cmp=com.google.android.gms/.chimera.PersistentDirectBootAwareApiService }
05-24 01:04:36.027 E/HeatmapThread( 2062): ECT Thread time in milliseconds: 1779552276
05-24 01:04:36.027 D/HeatmapThread( 2062): !@ batteryplugType : 0
05-24 01:04:36.027 D/HeatmapThread( 2062): !@ batteryLevel : 0  batteryTemperature : 0 
05-24 01:04:36.027 D/HeatmapThread( 2062): !@ Heatmap currtime: 29659204
05-24 01:04:36.028 D/HeatmapThread( 2062): !@ Heatmap prevtime: 29659196
05-24 01:04:36.028 D/HeatmapThread( 2062): !@ Heatmap plugstarttime: 35791394
05-24 01:04:36.028 D/HeatmapThread( 2062): !@ Heatmap prevv_dsoh_update_time: 29653376
05-24 01:04:36.028 E/HeatmapThread( 2062): !@Could not open '/efs/FactoryApp/bsoh', errno = 13
05-24 01:04:36.028 E/HeatmapThread( 2062): !@ CAM Could not access BSOH EFS
05-24 01:04:36.028 E/HeatmapThread( 2062): !@ CAM New BSOH: 0
05-24 01:04:36.474 I/sensors-hal( 1942): handle_sns_std_sensor_event:311, [SSC_LIGHT] P: 46(46),m:7,c:2,b:250,c0:2704,l:46,f(r):82,u(bl):101,j:35
05-24 01:04:36.492 D/WifiStaIfaceHidlImpl( 2765): getCachedScanData is not implemented by HIDL
05-24 01:04:36.523 D/SemWifiUsabilityStatsMonitor( 2765): onWifiUsabilityStats - seqNum 96732, isSameBssidAndFreq true
05-24 01:04:36.527 I/SemWifiLinkQualityMonitor( 2765): Link stat: 962 / 50 / 1.00 (8) / 1200 / -29.0 || 100.0 : 1200.00 / 0.5 : 1.00 / 0.55 : 0.05 / G (G) || 6b020a812412: 0.083 / 96.836 / N || N N / 0 0 / N 2.0 / N X 0 / 339999610 0 || 2026-05-24 01:04:35  / 0: 0 0 0 0 0 0 / 0: 0 0 0 0 0 0 / 0: 0 0 0 0 0 0
05-24 01:04:36.791 D/io_stats( 1146): !@   8,0 r 27149062 581390852 w 10329756 147744572 d 3391749 167690216 f 0 801337 iot 12897268 0 th 0 0 0 pt 0 inp 0 0 339999.876
05-24 01:04:36.792 D/io_stats( 1146): !@ Write_top(KB): kworker/u16:3(10369) 96 soft.appmanager(18483) 28 henticator:auth(23399) 16
05-24 01:04:36.858 D/NetdEventListenerService( 2765): DNS Requested by 213, 10125(com.instagram.android), 4(FAIL), isBlocked=true, 0ms
05-24 01:04:36.863 E/msys    (21704): E[N mns:DGWClient]_LogError(289)=>Failed to resolve using system DNS resolver, getaddrinfo(): No address associated with hostname
05-24 01:04:36.870 E/msys    (21704): E[N mns:DGWClient]_LogError(289)=>Failed to resolve using system DNS resolver, getaddrinfo(): No address associated with hostname
05-24 01:04:36.871 D/NetdEventListenerService( 2765): DNS Requested by 213, 10125(com.instagram.android), 4(FAIL), isBlocked=true, 0ms
05-24 01:04:37.027 E/HeatmapThread( 2062): ECT Thread time in milliseconds: 1779552277
05-24 01:04:37.027 D/HeatmapThread( 2062): !@ batteryplugType : 0
05-24 01:04:37.027 D/HeatmapThread( 2062): !@ batteryLevel : 0  batteryTemperature : 0 
05-24 01:04:37.027 D/HeatmapThread( 2062): !@ Heatmap currtime: 29659204
05-24 01:04:37.028 D/HeatmapThread( 2062): !@ Heatmap prevtime: 29659196
05-24 01:04:37.028 D/HeatmapThread( 2062): !@ Heatmap plugstarttime: 35791394
05-24 01:04:37.028 D/HeatmapThread( 2062): !@ Heatmap prevv_dsoh_update_time: 29653376
05-24 01:04:37.028 E/HeatmapThread( 2062): !@Could not open '/efs/FactoryApp/bsoh', errno = 13
05-24 01:04:37.028 E/HeatmapThread( 2062): !@ CAM Could not access BSOH EFS
05-24 01:04:37.028 E/HeatmapThread( 2062): !@ CAM New BSOH: 0
05-24 01:04:37.166 D/NetdEventListenerService( 2765): DNS Requested by 213, 10481(com.hanaskcard.paycla), 4(FAIL), isBlocked=true, 0ms
05-24 01:04:37.197 D/NetdEventListenerService( 2765): DNS Requested by 213, 10512(com.microsoft.copilot), 4(FAIL), isBlocked=true, 0ms
05-24 01:04:37.423 I/sensors-hal( 1942): handle_sns_client_event:550, [0][1928241] accel_sample [ 0.091, -0.108,  9.898] 349801961826830
05-24 01:04:38.027 E/HeatmapThread( 2062): ECT Thread time in milliseconds: 1779552278
05-24 01:04:38.027 D/HeatmapThread( 2062): !@ batteryplugType : 0
05-24 01:04:38.028 D/HeatmapThread( 2062): !@ batteryLevel : 0  batteryTemperature : 0 
05-24 01:04:38.028 D/HeatmapThread( 2062): !@ Heatmap currtime: 29659204
05-24 01:04:38.028 D/HeatmapThread( 2062): !@ Heatmap prevtime: 29659196
05-24 01:04:38.028 D/HeatmapThread( 2062): !@ Heatmap plugstarttime: 35791394
05-24 01:04:38.028 D/HeatmapThread( 2062): !@ Heatmap prevv_dsoh_update_time: 29653376
05-24 01:04:38.028 E/HeatmapThread( 2062): !@Could not open '/efs/FactoryApp/bsoh', errno = 13
05-24 01:04:38.028 E/HeatmapThread( 2062): !@ CAM Could not access BSOH EFS
05-24 01:04:38.029 E/HeatmapThread( 2062): !@ CAM New BSOH: 0
05-24 01:04:38.484 D/NetdEventListenerService( 2765): DNS Requested by 213, 10125(com.instagram.android), 4(FAIL), isBlocked=true, 0ms
05-24 01:04:38.491 E/msys    (21704): E[N mns:DGWClient]_LogError(289)=>Failed to resolve using system DNS resolver, getaddrinfo(): No address associated with hostname
05-24 01:04:38.793 D/io_stats( 1146): !@   8,0 r 27149062 581390852 w 10329757 147744576 d 3391749 167690216 f 0 801337 iot 12897272 0 th 0 0 0 pt 0 inp 0 0 340001.878
05-24 01:04:39.027 E/HeatmapThread( 2062): ECT Thread time in milliseconds: 1779552279
05-24 01:04:39.027 D/HeatmapThread( 2062): !@ batteryplugType : 0
05-24 01:04:39.027 D/HeatmapThread( 2062): !@ batteryLevel : 0  batteryTemperature : 0 
05-24 01:04:39.027 D/HeatmapThread( 2062): !@ Heatmap currtime: 29659204
05-24 01:04:39.028 D/HeatmapThread( 2062): !@ Heatmap prevtime: 29659196
05-24 01:04:39.028 D/HeatmapThread( 2062): !@ Heatmap plugstarttime: 35791394
05-24 01:04:39.028 D/HeatmapThread( 2062): !@ Heatmap prevv_dsoh_update_time: 29653376
05-24 01:04:39.028 E/HeatmapThread( 2062): !@Could not open '/efs/FactoryApp/bsoh', errno = 13
05-24 01:04:39.028 E/HeatmapThread( 2062): !@ CAM Could not access BSOH EFS
05-24 01:04:39.028 E/HeatmapThread( 2062): !@ CAM New BSOH: 0
05-24 01:04:39.420 I/sensors-hal( 1942): handle_sns_client_event:550, [0][1928450] accel_sample [ 0.108, -0.111,  9.894] 349803968001830
05-24 01:04:39.491 E/Watchdog( 2765): !@Sync: 11325 heap(MB): 203 / 226 FD: 1449 [2026-05-24 01:04:39.490]
05-24 01:04:39.581 D/WifiStaIfaceHidlImpl( 2765): getCachedScanData is not implemented by HIDL
05-24 01:04:39.614 D/SemWifiUsabilityStatsMonitor( 2765): onWifiUsabilityStats - seqNum 96733, isSameBssidAndFreq true
05-24 01:04:39.619 I/SemWifiLinkQualityMonitor( 2765): Link stat: 1318 / 68 / 1.00 (8) / 1200 / -29.0 || 100.0 : 1200.00 / 0.5 : 1.00 / 0.55 : 0.05 / G (G) || 6b020a812412: 0.083 / 96.872 / N || N N / 0 0 / N 2.0 / N X 0 / 340002700 0 || 2026-05-24 01:04:38  / 0: 0 0 0 0 0 0 / 0: 0 0 0 0 0 0 / 0: 0 0 0 0 0 0
05-24 01:04:39.966 D/NetdEventListenerService( 2765): DNS Requested by 213, 10285(com.microsoft.skydrive), 4(FAIL), isBlocked=true, 0ms
05-24 01:04:40.027 E/HeatmapThread( 2062): ECT Thread time in milliseconds: 1779552280
05-24 01:04:40.027 D/HeatmapThread( 2062): !@ batteryplugType : 0
05-24 01:04:40.027 D/HeatmapThread( 2062): !@ batteryLevel : 0  batteryTemperature : 0 
05-24 01:04:40.027 D/HeatmapThread( 2062): !@ Heatmap currtime: 29659204
05-24 01:04:40.028 D/HeatmapThread( 2062): !@ Heatmap prevtime: 29659196
05-24 01:04:40.028 D/HeatmapThread( 2062): !@ Heatmap plugstarttime: 35791394
05-24 01:04:40.028 D/HeatmapThread( 2062): !@ Heatmap prevv_dsoh_update_time: 29653376
05-24 01:04:40.028 E/HeatmapThread( 2062): !@Could not open '/efs/FactoryApp/bsoh', errno = 13
05-24 01:04:40.028 E/HeatmapThread( 2062): !@ CAM Could not access BSOH EFS
05-24 01:04:40.028 E/HeatmapThread( 2062): !@ CAM New BSOH: 0
05-24 01:04:40.052 D/vendor.samsung.hardware.thermal@1.0-service( 2012): timer callback!
05-24 01:04:40.091 D/vendor.samsung.hardware.thermal@1.0-service( 2012): frontset.size = 0
05-24 01:04:40.794 D/io_stats( 1146): !@   8,0 r 27149062 581390852 w 10329845 147744940 d 3391802 167690596 f 0 801345 iot 12897304 0 th 0 0 0 pt 0 inp 0 0 340003.879
05-24 01:04:40.794 I/sensors-hal( 1942): handle_sns_std_sensor_event:311, [SSC_LIGHT] P: 46(46),m:7,c:2,b:250,c0:2704,l:46,f(r):82,u(bl):101,j:40
05-24 01:04:40.795 D/io_stats( 1146): !@ Write_top(KB): f2fs_ckpt-254:5(4251) 64 kworker/u16:1(23108) 48 init(1) 28
05-24 01:04:40.985 I/sensors-hal( 1942): handle_sns_client_event:185, auto_rotation_debug_2 mode,255, type,1,0 acc,0.091,-0.100,9.909, ar,0, ver,14, pedo,1,e,1,i,3
05-24 01:04:41.027 E/HeatmapThread( 2062): ECT Thread time in milliseconds: 1779552281
05-24 01:04:41.027 D/HeatmapThread( 2062): !@ batteryplugType : 0
05-24 01:04:41.027 D/HeatmapThread( 2062): !@ batteryLevel : 0  batteryTemperature : 0 
05-24 01:04:41.027 D/HeatmapThread( 2062): !@ Heatmap currtime: 29659204
05-24 01:04:41.028 D/HeatmapThread( 2062): !@ Heatmap prevtime: 29659196
05-24 01:04:41.028 D/HeatmapThread( 2062): !@ Heatmap plugstarttime: 35791394
05-24 01:04:41.028 D/HeatmapThread( 2062): !@ Heatmap prevv_dsoh_update_time: 29653376
05-24 01:04:41.028 E/HeatmapThread( 2062): !@Could not open '/efs/FactoryApp/bsoh', errno = 13
05-24 01:04:41.028 E/HeatmapThread( 2062): !@ CAM Could not access BSOH EFS
05-24 01:04:41.028 E/HeatmapThread( 2062): !@ CAM New BSOH: 0
05-24 01:04:41.291 I/SDHMS:LOAD( 6703): type: LoadsFreqs, value: 5:0:0:806400:806400:806400:703104:2496000:633600:285:285:285
05-24 01:04:41.417 I/sensors-hal( 1942): handle_sns_client_event:550, [0][1928659] accel_sample [ 0.089, -0.141,  9.891] 349805974177039
05-24 01:04:41.425 I/android.hardware.health@2.1-service-samsung( 1940): updateLrpSysfs: write: 306
05-24 01:04:41.428 V/[SS]SleepChargingTimeController( 2765): [isActivated]mSleepChargingStatus Confident False => false
05-24 01:04:41.542 E/BatteryDump( 1940): !@new_battery_dump : 4247,-4,1666,4490,100,298,294,326,298,0,306,323,0,Full,NO_CHARGING,None,Good,PDIC_APDO,0,Normal,0,0,8700,0x0,0xf0000,0x0,0,0,0000,0000,00000000,0,0,0,0,1769,4246,10000,990,0,
05-24 01:04:42.027 E/HeatmapThread( 2062): ECT Thread time in milliseconds: 1779552282
05-24 01:04:42.027 D/HeatmapThread( 2062): !@ batteryplugType : 0
05-24 01:04:42.028 D/HeatmapThread( 2062): !@ batteryLevel : 0  batteryTemperature : 0 
05-24 01:04:42.028 D/HeatmapThread( 2062): !@ Heatmap currtime: 29659204
05-24 01:04:42.028 D/HeatmapThread( 2062): !@ Heatmap prevtime: 29659196
05-24 01:04:42.028 D/HeatmapThread( 2062): !@ Heatmap plugstarttime: 35791394
05-24 01:04:42.028 D/HeatmapThread( 2062): !@ Heatmap prevv_dsoh_update_time: 29653376
05-24 01:04:42.028 E/HeatmapThread( 2062): !@Could not open '/efs/FactoryApp/bsoh', errno = 13
05-24 01:04:42.028 E/HeatmapThread( 2062): !@ CAM Could not access BSOH EFS
05-24 01:04:42.028 E/HeatmapThread( 2062): !@ CAM New BSOH: 0
05-24 01:04:42.052 D/SatelliteController( 3655): isInCarrierRoamingNbIotNtn: satellite is disabled
05-24 01:04:42.054 D/SemCellularStateManager( 2765): onSignalStrengthsChanged: mCellularSignalLevel=3
05-24 01:04:42.073 D/ConnectivityService( 2765): notifyType CALLBACK_CAP_CHANGED for [101 CELLULAR]
05-24 01:04:42.075 I/PdnController<0>( 4152): onCapabilitiesChanged: network 101 networkCapabilities [ Transports: CELLULAR Capabilities: MMS&IMS&NOT_METERED&TRUSTED&NOT_VPN&VALIDATED&NOT_ROAMING&FOREGROUND&NOT_CONGESTED&NOT_SUSPENDED&NOT_VCN_MANAGED&MMTEL&NOT_BANDWIDTH_CONSTRAINED LinkUpBandwidth>=7146Kbps LinkDnBandwidth>=23567Kbps Specifier: <TelephonyNetworkSpecifier [mSubId = 2]> AdminUids: [10185, 10334, 10335, 10337, 10338, 10346, 10461, 15010185, 15010335, 15010337, 15010346, 15010461] SubscriptionIds: {2} UnderlyingNetworks: Null]
05-24 01:04:42.077 D/ConnectivityService( 2765): notifyType CALLBACK_CAP_CHANGED for [100 CELLULAR]
05-24 01:04:42.081 E/Connection4Water( 9200): ProxyManager.requestSetNetworkSuspended() : watch is not connected
05-24 01:04:42.086 I/PdnController<0>( 4152): onCapabilitiesChanged: network 100 networkCapabilities [ Transports: CELLULAR Capabilities: SUPL&RCS&INTERNET&NOT_RESTRICTED&TRUSTED&NOT_VPN&VALIDATED&NOT_ROAMING&FOREGROUND&NOT_CONGESTED&NOT_SUSPENDED&NOT_VCN_MANAGED&NOT_BANDWIDTH_CONSTRAINED LinkUpBandwidth>=7146Kbps LinkDnBandwidth>=23567Kbps Specifier: <TelephonyNetworkSpecifier [mSubId = 2]> AdminUids: [10185, 10334, 10335, 10337, 10338, 10346, 10461, 15010185, 15010335, 15010337, 15010346, 15010461] SubscriptionIds: {2} UnderlyingNetworks: Null]
05-24 01:04:42.589 I/NearbySharing(24302): Network state changed: NetworkState(isRestricted=false, isOnline=true, isCongested=false, isMetered=false, isWifiConnected=true)
05-24 01:04:42.590 I/NearbySharing(24302): Network state changed: NetworkState(isRestricted=false, isOnline=true, isCongested=false, isMetered=false, isWifiConnected=true)
05-24 01:04:42.706 D/WifiStaIfaceHidlImpl( 2765): getCachedScanData is not implemented by HIDL
05-24 01:04:42.738 D/SemWifiUsabilityStatsMonitor( 2765): onWifiUsabilityStats - seqNum 96734, isSameBssidAndFreq true
05-24 01:04:42.741 I/SemWifiLinkQualityMonitor( 2765): Link stat: 283 / 25 / 1.00 (4) / 1200 / -32.0 || 100.0 : 1200.00 / 0.5 : 1.00 / 0.55 : 0.09 / G (G) || 6b020a812412: 0.086 / 93.411 / N || N N / 0 0 / N 2.0 / N X 0 / 340005822 0 || 2026-05-24 01:04:41  / 0: 0 0 0 0 0 0 / 0: 0 0 0 0 0 0 / 0: 0 0 0 0 0 0
05-24 01:04:42.796 D/io_stats( 1146): !@   8,0 r 27149067 581390908 w 10329847 147744948 d 3391802 167690596 f 0 801345 iot 12897316 0 th 0 0 0 pt 0 inp 0 0 340005.880
05-24 01:04:43.027 E/HeatmapThread( 2062): ECT Thread time in milliseconds: 1779552283
05-24 01:04:43.028 D/HeatmapThread( 2062): !@ batteryplugType : 0
05-24 01:04:43.028 D/HeatmapThread( 2062): !@ batteryLevel : 0  batteryTemperature : 0 
05-24 01:04:43.028 D/HeatmapThread( 2062): !@ Heatmap currtime: 29659204
05-24 01:04:43.028 D/HeatmapThread( 2062): !@ Heatmap prevtime: 29659196
05-24 01:04:43.028 D/HeatmapThread( 2062): !@ Heatmap plugstarttime: 35791394
05-24 01:04:43.028 D/HeatmapThread( 2062): !@ Heatmap prevv_dsoh_update_time: 29653376
05-24 01:04:43.028 E/HeatmapThread( 2062): !@Could not open '/efs/FactoryApp/bsoh', errno = 13
05-24 01:04:43.029 E/HeatmapThread( 2062): !@ CAM Could not access BSOH EFS
05-24 01:04:43.029 E/HeatmapThread( 2062): !@ CAM New BSOH: 0
05-24 01:04:43.422 I/sensors-hal( 1942): handle_sns_client_event:550, [0][1928868] accel_sample [ 0.092, -0.100,  9.899] 349807980352247
05-24 01:04:43.848 W/System.err(25279): FlagsHookHelper: skip hook flags method getInstanceHook
05-24 01:04:43.863 D/NetdEventListenerService( 2765): DNS Requested by 213, 10410(com.ss.android.ugc.trill), 4(FAIL), isBlocked=true, 0ms
05-24 01:04:43.949 D/NetdEventListenerService( 2765): DNS Requested by 213, 10512(com.microsoft.copilot), 4(FAIL), isBlocked=true, 0ms
05-24 01:04:44.028 E/HeatmapThread( 2062): ECT Thread time in milliseconds: 1779552284
05-24 01:04:44.028 D/HeatmapThread( 2062): !@ batteryplugType : 0
05-24 01:04:44.028 D/HeatmapThread( 2062): !@ batteryLevel : 0  batteryTemperature : 0 
05-24 01:04:44.028 D/HeatmapThread( 2062): !@ Heatmap currtime: 29659204
05-24 01:04:44.028 D/HeatmapThread( 2062): !@ Heatmap prevtime: 29659196
05-24 01:04:44.028 D/HeatmapThread( 2062): !@ Heatmap plugstarttime: 35791394
05-24 01:04:44.028 D/HeatmapThread( 2062): !@ Heatmap prevv_dsoh_update_time: 29653376
05-24 01:04:44.029 E/HeatmapThread( 2062): !@Could not open '/efs/FactoryApp/bsoh', errno = 13
05-24 01:04:44.029 E/HeatmapThread( 2062): !@ CAM Could not access BSOH EFS
05-24 01:04:44.029 E/HeatmapThread( 2062): !@ CAM New BSOH: 0
05-24 01:04:44.079 D/NetdEventListenerService( 2765): DNS Requested by 213, 10125(com.instagram.android), 4(FAIL), isBlocked=true, 0ms
05-24 01:04:44.082 E/msys    (21704): E[N mns:DGWClient]_LogError(289)=>Failed to resolve using system DNS resolver, getaddrinfo(): No address associated with hostname
05-24 01:04:44.087 E/msys    (21704): E[N mns:DGWClient]_LogError(289)=>Failed to resolve using system DNS resolver, getaddrinfo(): No address associated with hostname
05-24 01:04:44.088 D/NetdEventListenerService( 2765): DNS Requested by 213, 10125(com.instagram.android), 4(FAIL), isBlocked=true, 0ms
05-24 01:04:44.092 I/IPCThreadState( 6626): oneway function results for code 2 on binder at 0xb400007d19607460 will be dropped but finished with status UNKNOWN_TRANSACTION
05-24 01:04:44.097 V/CpEventLog(u150)(14571): [P] cp_state: [                 contacts = {contacts=867, raw_contacts=867, data=5873, account={secphone(1)=0, google(2)=867, sim(3)=0, agg(4)=0, vnd.sec.contact.phone_personal(5)=0, samsung(6)=0}, trash=0, trash_acc={}, trash_sync=0, database=contacts2.db} ]
05-24 01:04:44.097 V/CpEventLog(u150)(14571): [P] cp_state: [               aggregated = {[2]=867} ]
05-24 01:04:44.097 V/CpEventLog(u150)(14571): [P] cp_state: [                  request = {} ]
05-24 01:04:44.097 V/CpEventLog(u150)(14571): [P] cp_state: [                    calls = {types={}, database=calllog.db} ]
05-24 01:04:44.097 V/CpEventLog(u150)(14571): [P] cp_state: [                  profile = {contacts=0, raw_contacts=0, data=0, account={secphone(1)=0, google(2)=0, sim(3)=0, agg(4)=0, vnd.sec.contact.phone_personal(5)=0, samsung(6)=0}, trash=0, trash_acc={}, trash_sync=0, database=profile.db} ]
