05-24 01:05:07.213 E/Tethering( 1005): 	at com.android.networkstack.tethering.BpfCoordinator.$r8$lambda$11zi2so53-tPlRpKnlSkWOpxReo(Unknown Source:0)
05-24 01:05:07.213 E/Tethering( 1005): 	at com.android.networkstack.tethering.BpfCoordinator$$ExternalSyntheticLambda0.run(Unknown Source:2)
05-24 01:05:07.213 E/Tethering( 1005): 	at android.os.Handler.handleCallback(Handler.java:938)
05-24 01:05:07.213 E/Tethering( 1005): 	at android.os.Handler.dispatchMessage(Handler.java:99)
05-24 01:05:07.213 E/Tethering( 1005): 	at android.os.Looper.loopOnce(Looper.java:226)
05-24 01:05:07.213 E/Tethering( 1005): 	at android.os.Looper.loop(Looper.java:313)
05-24 01:05:07.213 E/Tethering( 1005): 	at android.os.HandlerThread.run(HandlerThread.java:67)
05-24 01:05:07.213 E/Tethering( 1005): [BpfCoordinator] ERROR Problem fetching tethering stats
05-24 01:05:07.496 D/SemNscXgbMsL1( 1005): Probability - Cloud gaming: [0.036759056]
05-24 01:05:07.497 D/SemNscXgbMsL1( 1005): Probability - Real time: [0.8843358]
05-24 01:05:07.497 D/SemNscXgbMsL1( 1005): Probability - Non real time: [0.72598577]
05-24 01:05:07.497 D/SemNscXgbMsL1( 1005): 1 sample inference time: 1.256884 msecs
05-24 01:05:07.500 D/SemNscXgbL2Rt( 1005): L2 RT 1 sample inference time: 2.36777 msecs
05-24 01:05:07.503 D/SemNscXgbL2Nrt( 1005): L2 NRT 1 sample inference time: 2.125962 msecs
05-24 01:05:07.503 I/SemWifiServiceDetector( 1005): NSD results: [0, 1, 1, 0, 1, 0, 1, 1] Traff. type 1 Thr 4
05-24 01:05:07.506 D/SemWifiOptimizer( 1005): enable=1 state=0x10 prev=0x00 new=0x10 force=0
05-24 01:05:08.008 D/SemNscXgbMsL1( 1005): Probability - Cloud gaming: [0.008011267]
05-24 01:05:08.009 D/SemNscXgbMsL1( 1005): Probability - Real time: [0.89433545]
05-24 01:05:08.009 D/SemNscXgbMsL1( 1005): Probability - Non real time: [0.16014345]
05-24 01:05:08.009 D/SemNscXgbMsL1( 1005): 1 sample inference time: 1.602961 msecs
05-24 01:05:08.012 D/SemNscXgbL2Rt( 1005): L2 RT 1 sample inference time: 2.137692 msecs
05-24 01:05:08.014 D/SemNscXgbL2Nrt( 1005): L2 NRT 1 sample inference time: 1.835346 msecs
05-24 01:05:08.519 D/SemNscXgbMsL1( 1005): Probability - Cloud gaming: [0.011853333]
05-24 01:05:08.520 D/SemNscXgbMsL1( 1005): Probability - Real time: [0.8859747]
05-24 01:05:08.520 D/SemNscXgbMsL1( 1005): Probability - Non real time: [0.06562915]
05-24 01:05:08.520 D/SemNscXgbMsL1( 1005): 1 sample inference time: 1.539538 msecs
05-24 01:05:08.523 D/SemNscXgbL2Rt( 1005): L2 RT 1 sample inference time: 2.149692 msecs
05-24 01:05:08.525 D/SemNscXgbL2Nrt( 1005): L2 NRT 1 sample inference time: 2.021039 msecs
05-24 01:05:09.028 D/SemNscXgbMsL1( 1005): Probability - Cloud gaming: [0.024118304]
05-24 01:05:09.028 D/SemNscXgbMsL1( 1005): Probability - Real time: [0.95413893]
05-24 01:05:09.029 D/SemNscXgbMsL1( 1005): Probability - Non real time: [0.2587629]
05-24 01:05:09.029 D/SemNscXgbMsL1( 1005): 1 sample inference time: 1.295 msecs
05-24 01:05:09.031 D/SemNscXgbL2Rt( 1005): L2 RT 1 sample inference time: 2.287693 msecs
05-24 01:05:09.033 D/SemNscXgbL2Nrt( 1005): L2 NRT 1 sample inference time: 2.0845 msecs
05-24 01:05:09.074 D/io_stats(  457): !@   8,0 r 2445891 95670684 w 2026902 53799376 d 0 0 f 0 0 iot 1479112 0 th 0 0 0 pt 0 inp 0 0 192675.470
05-24 01:05:09.539 D/SemNscXgbMsL1( 1005): Probability - Cloud gaming: [0.025664309]
05-24 01:05:09.539 D/SemNscXgbMsL1( 1005): Probability - Real time: [0.8992333]
05-24 01:05:09.540 D/SemNscXgbMsL1( 1005): Probability - Non real time: [0.25951025]
05-24 01:05:09.540 D/SemNscXgbMsL1( 1005): 1 sample inference time: 1.66277 msecs
05-24 01:05:09.542 D/SemNscXgbL2Rt( 1005): L2 RT 1 sample inference time: 2.346077 msecs
05-24 01:05:09.545 D/SemNscXgbL2Nrt( 1005): L2 NRT 1 sample inference time: 1.939961 msecs
05-24 01:05:10.049 D/SemNscXgbMsL1( 1005): Probability - Cloud gaming: [0.021370327]
05-24 01:05:10.050 D/SemNscXgbMsL1( 1005): Probability - Real time: [0.9200236]
05-24 01:05:10.050 D/SemNscXgbMsL1( 1005): Probability - Non real time: [0.30812383]
05-24 01:05:10.050 D/SemNscXgbMsL1( 1005): 1 sample inference time: 1.555154 msecs
05-24 01:05:10.053 D/SemNscXgbL2Rt( 1005): L2 RT 1 sample inference time: 2.247961 msecs
05-24 01:05:10.055 D/SemNscXgbL2Nrt( 1005): L2 NRT 1 sample inference time: 1.840654 msecs
05-24 01:05:10.195 D/vendor.samsung.hardware.thermal@1.0-service(  574): timer callback!
05-24 01:05:10.558 D/SemNscXgbMsL1( 1005): Probability - Cloud gaming: [0.007189852]
05-24 01:05:10.559 D/SemNscXgbMsL1( 1005): Probability - Real time: [0.9893441]
05-24 01:05:10.559 D/SemNscXgbMsL1( 1005): Probability - Non real time: [0.05878798]
05-24 01:05:10.559 D/SemNscXgbMsL1( 1005): 1 sample inference time: 1.370308 msecs
05-24 01:05:10.562 D/SemNscXgbL2Rt( 1005): L2 RT 1 sample inference time: 2.156385 msecs
05-24 01:05:10.564 D/SemNscXgbL2Nrt( 1005): L2 NRT 1 sample inference time: 2.01127 msecs
05-24 01:05:11.067 D/SemNscXgbMsL1( 1005): Probability - Cloud gaming: [0.010129666]
05-24 01:05:11.068 D/SemNscXgbMsL1( 1005): Probability - Real time: [0.9177759]
05-24 01:05:11.069 D/SemNscXgbMsL1( 1005): Probability - Non real time: [0.18257524]
05-24 01:05:11.069 D/SemNscXgbMsL1( 1005): 1 sample inference time: 1.724654 msecs
05-24 01:05:11.071 D/SemNscXgbL2Rt( 1005): L2 RT 1 sample inference time: 2.588769 msecs
05-24 01:05:11.074 D/SemNscXgbL2Nrt( 1005): L2 NRT 1 sample inference time: 2.024 msecs
05-24 01:05:11.076 D/io_stats(  457): !@   8,0 r 2445891 95670684 w 2026904 53799444 d 0 0 f 0 0 iot 1479116 0 th 0 0 0 pt 0 inp 0 0 192677.472
05-24 01:05:11.578 D/SemNscXgbMsL1( 1005): Probability - Cloud gaming: [0.011410278]
05-24 01:05:11.579 D/SemNscXgbMsL1( 1005): Probability - Real time: [0.76032627]
05-24 01:05:11.579 D/SemNscXgbMsL1( 1005): Probability - Non real time: [0.36731452]
05-24 01:05:11.579 D/SemNscXgbMsL1( 1005): 1 sample inference time: 1.399346 msecs
05-24 01:05:11.582 D/SemNscXgbL2Rt( 1005): L2 RT 1 sample inference time: 2.291269 msecs
05-24 01:05:11.584 D/SemNscXgbL2Nrt( 1005): L2 NRT 1 sample inference time: 2.020116 msecs
05-24 01:05:11.821 E/Watchdog( 1005): !@Sync: 6420 heap: 101 / 116 objects: 2044492 WaitTime: 0.000 GCcnt: 0 FD: 1006 [2026-05-24 01:05:11.820] sdogWay:softdog
05-24 01:05:12.087 D/SemNscXgbMsL1( 1005): Probability - Cloud gaming: [0.011380712]
05-24 01:05:12.088 D/SemNscXgbMsL1( 1005): Probability - Real time: [0.8555759]
05-24 01:05:12.088 D/SemNscXgbMsL1( 1005): Probability - Non real time: [0.5974244]
05-24 01:05:12.088 D/SemNscXgbMsL1( 1005): 1 sample inference time: 1.510192 msecs
05-24 01:05:12.091 D/SemNscXgbL2Rt( 1005): L2 RT 1 sample inference time: 2.561 msecs
05-24 01:05:12.093 D/SemNscXgbL2Nrt( 1005): L2 NRT 1 sample inference time: 1.961346 msecs
05-24 01:05:12.219 E/Tethering( 1005): [api31.BpfCoordinatorShimImpl] ERROR Fail to fetch tethering stats from BPF map: : getNextMapKey failed: EBADF (Bad file descriptor)
05-24 01:05:12.219 E/Tethering( 1005): android.system.ErrnoException: getNextMapKey failed: EBADF (Bad file descriptor)
05-24 01:05:12.219 E/Tethering( 1005): 	at com.android.networkstack.tethering.BpfMap.getNextMapKey(Native Method)
05-24 01:05:12.219 E/Tethering( 1005): 	at com.android.networkstack.tethering.BpfMap.getNextRawKey(BpfMap.java:199)
05-24 01:05:12.219 E/Tethering( 1005): 	at com.android.networkstack.tethering.BpfMap.getNextKeyInternal(BpfMap.java:177)
05-24 01:05:12.219 E/Tethering( 1005): 	at com.android.networkstack.tethering.BpfMap.getFirstKey(BpfMap.java:206)
05-24 01:05:12.219 E/Tethering( 1005): 	at com.android.networkstack.tethering.BpfMap.forEach(BpfMap.java:243)
05-24 01:05:12.219 E/Tethering( 1005): 	at com.android.networkstack.tethering.apishim.api31.BpfCoordinatorShimImpl.tetherOffloadGetStats(BpfCoordinatorShimImpl.java:241)
05-24 01:05:12.219 E/Tethering( 1005): 	at com.android.networkstack.tethering.BpfCoordinator.updateForwardedStats(BpfCoordinator.java:1844)
05-24 01:05:12.219 E/Tethering( 1005): 	at com.android.networkstack.tethering.BpfCoordinator.lambda$new$0(BpfCoordinator.java:249)
05-24 01:05:12.219 E/Tethering( 1005): 	at com.android.networkstack.tethering.BpfCoordinator.$r8$lambda$11zi2so53-tPlRpKnlSkWOpxReo(Unknown Source:0)
05-24 01:05:12.219 E/Tethering( 1005): 	at com.android.networkstack.tethering.BpfCoordinator$$ExternalSyntheticLambda0.run(Unknown Source:2)
05-24 01:05:12.219 E/Tethering( 1005): 	at android.os.Handler.handleCallback(Handler.java:938)
05-24 01:05:12.219 E/Tethering( 1005): 	at android.os.Handler.dispatchMessage(Handler.java:99)
05-24 01:05:12.219 E/Tethering( 1005): 	at android.os.Looper.loopOnce(Looper.java:226)
05-24 01:05:12.219 E/Tethering( 1005): 	at android.os.Looper.loop(Looper.java:313)
05-24 01:05:12.219 E/Tethering( 1005): 	at android.os.HandlerThread.run(HandlerThread.java:67)
05-24 01:05:12.220 E/Tethering( 1005): [BpfCoordinator] ERROR Problem fetching tethering stats
05-24 01:05:12.598 D/SemNscXgbMsL1( 1005): Probability - Cloud gaming: [0.019462999]
05-24 01:05:12.599 D/SemNscXgbMsL1( 1005): Probability - Real time: [0.66796577]
05-24 01:05:12.599 D/SemNscXgbMsL1( 1005): Probability - Non real time: [0.67428714]
05-24 01:05:12.599 D/SemNscXgbMsL1( 1005): 1 sample inference time: 2.828384 msecs
05-24 01:05:12.601 D/SemNscXgbL2Rt( 1005): L2 RT 1 sample inference time: 1.872961 msecs
05-24 01:05:12.603 D/SemNscXgbL2Nrt( 1005): L2 NRT 1 sample inference time: 1.724884 msecs
05-24 01:05:13.078 D/io_stats(  457): !@   8,0 r 2445891 95670684 w 2026914 53799492 d 0 0 f 0 0 iot 1479120 0 th 0 0 0 pt 0 inp 0 0 192679.474
05-24 01:05:13.106 D/SemNscXgbMsL1( 1005): Probability - Cloud gaming: [0.013884336]
05-24 01:05:13.107 D/SemNscXgbMsL1( 1005): Probability - Real time: [0.8406329]
05-24 01:05:13.107 D/SemNscXgbMsL1( 1005): Probability - Non real time: [0.36697134]
05-24 01:05:13.107 D/SemNscXgbMsL1( 1005): 1 sample inference time: 1.604385 msecs
05-24 01:05:13.109 D/SemNscXgbL2Rt( 1005): L2 RT 1 sample inference time: 2.0565 msecs
05-24 01:05:13.112 D/SemNscXgbL2Nrt( 1005): L2 NRT 1 sample inference time: 2.347346 msecs
05-24 01:05:13.500 I/wpa_supplicant( 1392): Heartbeat 19263
05-24 01:05:13.615 D/SemNscXgbMsL1( 1005): Probability - Cloud gaming: [0.024776496]
05-24 01:05:13.616 D/SemNscXgbMsL1( 1005): Probability - Real time: [0.5871294]
05-24 01:05:13.616 D/SemNscXgbMsL1( 1005): Probability - Non real time: [0.8770447]
05-24 01:05:13.616 D/SemNscXgbMsL1( 1005): 1 sample inference time: 1.188808 msecs
05-24 01:05:13.619 D/SemNscXgbL2Rt( 1005): L2 RT 1 sample inference time: 1.744693 msecs
05-24 01:05:13.620 D/SemNscXgbL2Nrt( 1005): L2 NRT 1 sample inference time: 1.711269 msecs
05-24 01:05:14.125 D/SemNscXgbMsL1( 1005): Probability - Cloud gaming: [0.014821653]
05-24 01:05:14.126 D/SemNscXgbMsL1( 1005): Probability - Real time: [0.4646345]
05-24 01:05:14.126 D/SemNscXgbMsL1( 1005): Probability - Non real time: [0.2220815]
05-24 01:05:14.126 D/SemNscXgbMsL1( 1005): 1 sample inference time: 1.585116 msecs
05-24 01:05:14.129 D/SemNscXgbL2Rt( 1005): L2 RT 1 sample inference time: 2.921308 msecs
05-24 01:05:14.132 D/SemNscXgbL2Nrt( 1005): L2 NRT 1 sample inference time: 2.167538 msecs
05-24 01:05:14.636 D/SemNscXgbMsL1( 1005): Probability - Cloud gaming: [0.019359985]
05-24 01:05:14.637 D/SemNscXgbMsL1( 1005): Probability - Real time: [0.7656136]
05-24 01:05:14.638 D/SemNscXgbMsL1( 1005): Probability - Non real time: [0.11767001]
05-24 01:05:14.638 D/SemNscXgbMsL1( 1005): 1 sample inference time: 1.983847 msecs
05-24 01:05:14.641 D/SemNscXgbL2Rt( 1005): L2 RT 1 sample inference time: 2.410077 msecs
05-24 01:05:14.643 D/SemNscXgbL2Nrt( 1005): L2 NRT 1 sample inference time: 1.995269 msecs
05-24 01:05:15.146 D/SemNscXgbMsL1( 1005): Probability - Cloud gaming: [0.0554973]
05-24 01:05:15.147 D/SemNscXgbMsL1( 1005): Probability - Real time: [0.52875143]
05-24 01:05:15.147 D/SemNscXgbMsL1( 1005): Probability - Non real time: [0.23136485]
05-24 01:05:15.147 D/SemNscXgbMsL1( 1005): 1 sample inference time: 1.678731 msecs
05-24 01:05:15.150 D/SemNscXgbL2Rt( 1005): L2 RT 1 sample inference time: 2.1265 msecs
05-24 01:05:15.152 D/SemNscXgbL2Nrt( 1005): L2 NRT 1 sample inference time: 2.007692 msecs
05-24 01:05:15.654 D/SemNscXgbMsL1( 1005): Probability - Cloud gaming: [0.10149043]
05-24 01:05:15.655 D/SemNscXgbMsL1( 1005): Probability - Real time: [0.23308039]
05-24 01:05:15.655 D/SemNscXgbMsL1( 1005): Probability - Non real time: [0.4043345]
05-24 01:05:15.655 D/SemNscXgbMsL1( 1005): 1 sample inference time: 1.456769 msecs
05-24 01:05:15.658 D/SemNscXgbL2Rt( 1005): L2 RT 1 sample inference time: 2.502847 msecs
05-24 01:05:15.660 D/SemNscXgbL2Nrt( 1005): L2 NRT 1 sample inference time: 2.107346 msecs
05-24 01:05:15.924 I/NearbyMediums(15725): No BLE Fast/GATT advertisements found in the latest cycle.
05-24 01:05:15.925 I/NearbyMediums(15725): Current Tracked Scanning Clients are : {NearbyConnections.EnvironmentMonitor, NearbySharing, NearbyConnections.TxAdvertisement}
05-24 01:05:16.163 D/SemNscXgbMsL1( 1005): Probability - Cloud gaming: [0.02710165]
05-24 01:05:16.164 D/SemNscXgbMsL1( 1005): Probability - Real time: [0.92775595]
05-24 01:05:16.164 D/SemNscXgbMsL1( 1005): Probability - Non real time: [0.6667473]
05-24 01:05:16.164 D/SemNscXgbMsL1( 1005): 1 sample inference time: 1.676615 msecs
05-24 01:05:16.167 D/SemNscXgbL2Rt( 1005): L2 RT 1 sample inference time: 2.659539 msecs
05-24 01:05:16.170 D/SemNscXgbL2Nrt( 1005): L2 NRT 1 sample inference time: 2.417346 msecs
05-24 01:05:16.526 D/WifiConnectivityMonitor.NetworkStatsAnalyzer( 1005): Backhaul result - RSSI:-127, CE:9, PE:9, TI:44, PTI:44, TW:0, PTW:0, Tx:100, Rx:222, TxS:74, RxS:65, RESULT:true, IC:0, ICT:2, WC:0, WCT:2, R:0, RC:0, IE:0, EC:0
05-24 01:05:16.673 D/SemNscXgbMsL1( 1005): Probability - Cloud gaming: [0.0076549747]
05-24 01:05:16.673 D/SemNscXgbMsL1( 1005): Probability - Real time: [0.40436256]
05-24 01:05:16.674 D/SemNscXgbMsL1( 1005): Probability - Non real time: [0.344245]
05-24 01:05:16.674 D/SemNscXgbMsL1( 1005): 1 sample inference time: 1.579039 msecs
05-24 01:05:16.677 D/SemNscXgbL2Rt( 1005): L2 RT 1 sample inference time: 2.669461 msecs
05-24 01:05:16.680 D/SemNscXgbL2Nrt( 1005): L2 NRT 1 sample inference time: 2.824769 msecs
05-24 01:05:17.081 D/io_stats(  457): !@   8,0 r 2445891 95670684 w 2026916 53799548 d 0 0 f 0 0 iot 1479128 0 th 0 0 0 pt 0 inp 0 0 192683.477
05-24 01:05:17.183 D/SemNscXgbMsL1( 1005): Probability - Cloud gaming: [0.009583262]
05-24 01:05:17.184 D/SemNscXgbMsL1( 1005): Probability - Real time: [0.5744186]
05-24 01:05:17.184 D/SemNscXgbMsL1( 1005): Probability - Non real time: [0.2856978]
05-24 01:05:17.184 D/SemNscXgbMsL1( 1005): 1 sample inference time: 1.284192 msecs
05-24 01:05:17.187 D/SemNscXgbL2Rt( 1005): L2 RT 1 sample inference time: 2.132731 msecs
05-24 01:05:17.189 D/SemNscXgbL2Nrt( 1005): L2 NRT 1 sample inference time: 1.835192 msecs
05-24 01:05:17.224 E/Tethering( 1005): [api31.BpfCoordinatorShimImpl] ERROR Fail to fetch tethering stats from BPF map: : getNextMapKey failed: EBADF (Bad file descriptor)
05-24 01:05:17.224 E/Tethering( 1005): android.system.ErrnoException: getNextMapKey failed: EBADF (Bad file descriptor)
05-24 01:05:17.224 E/Tethering( 1005): 	at com.android.networkstack.tethering.BpfMap.getNextMapKey(Native Method)
05-24 01:05:17.224 E/Tethering( 1005): 	at com.android.networkstack.tethering.BpfMap.getNextRawKey(BpfMap.java:199)
05-24 01:05:17.224 E/Tethering( 1005): 	at com.android.networkstack.tethering.BpfMap.getNextKeyInternal(BpfMap.java:177)
05-24 01:05:17.224 E/Tethering( 1005): 	at com.android.networkstack.tethering.BpfMap.getFirstKey(BpfMap.java:206)
05-24 01:05:17.224 E/Tethering( 1005): 	at com.android.networkstack.tethering.BpfMap.forEach(BpfMap.java:243)
05-24 01:05:17.224 E/Tethering( 1005): 	at com.android.networkstack.tethering.apishim.api31.BpfCoordinatorShimImpl.tetherOffloadGetStats(BpfCoordinatorShimImpl.java:241)
05-24 01:05:17.224 E/Tethering( 1005): 	at com.android.networkstack.tethering.BpfCoordinator.updateForwardedStats(BpfCoordinator.java:1844)
05-24 01:05:17.224 E/Tethering( 1005): 	at com.android.networkstack.tethering.BpfCoordinator.lambda$new$0(BpfCoordinator.java:249)
05-24 01:05:17.224 E/Tethering( 1005): 	at com.android.networkstack.tethering.BpfCoordinator.$r8$lambda$11zi2so53-tPlRpKnlSkWOpxReo(Unknown Source:0)
05-24 01:05:17.224 E/Tethering( 1005): 	at com.android.networkstack.tethering.BpfCoordinator$$ExternalSyntheticLambda0.run(Unknown Source:2)
05-24 01:05:17.224 E/Tethering( 1005): 	at android.os.Handler.handleCallback(Handler.java:938)
05-24 01:05:17.224 E/Tethering( 1005): 	at android.os.Handler.dispatchMessage(Handler.java:99)
05-24 01:05:17.224 E/Tethering( 1005): 	at android.os.Looper.loopOnce(Looper.java:226)
05-24 01:05:17.224 E/Tethering( 1005): 	at android.os.Looper.loop(Looper.java:313)
05-24 01:05:17.224 E/Tethering( 1005): 	at android.os.HandlerThread.run(HandlerThread.java:67)
05-24 01:05:17.224 E/Tethering( 1005): [BpfCoordinator] ERROR Problem fetching tethering stats
05-24 01:05:17.692 D/SemNscXgbMsL1( 1005): Probability - Cloud gaming: [0.029342087]
05-24 01:05:17.692 D/SemNscXgbMsL1( 1005): Probability - Real time: [0.86319053]
05-24 01:05:17.693 D/SemNscXgbMsL1( 1005): Probability - Non real time: [0.64184856]
05-24 01:05:17.693 D/SemNscXgbMsL1( 1005): 1 sample inference time: 1.32 msecs
05-24 01:05:17.696 D/SemNscXgbL2Rt( 1005): L2 RT 1 sample inference time: 3.117077 msecs
05-24 01:05:17.698 D/SemNscXgbL2Nrt( 1005): L2 NRT 1 sample inference time: 1.704192 msecs
05-24 01:05:18.201 D/SemNscXgbMsL1( 1005): Probability - Cloud gaming: [0.05213984]
05-24 01:05:18.202 D/SemNscXgbMsL1( 1005): Probability - Real time: [0.30558676]
05-24 01:05:18.203 D/SemNscXgbMsL1( 1005): Probability - Non real time: [0.64530134]
05-24 01:05:18.203 D/SemNscXgbMsL1( 1005): 1 sample inference time: 1.852192 msecs
05-24 01:05:18.205 D/SemNscXgbL2Rt( 1005): L2 RT 1 sample inference time: 2.209423 msecs
05-24 01:05:18.208 D/SemNscXgbL2Nrt( 1005): L2 NRT 1 sample inference time: 2.135 msecs
05-24 01:05:18.711 D/SemNscXgbMsL1( 1005): Probability - Cloud gaming: [0.03247047]
05-24 01:05:18.714 D/SemNscXgbMsL1( 1005): Probability - Real time: [0.54835445]
05-24 01:05:18.715 D/SemNscXgbMsL1( 1005): Probability - Non real time: [0.6628229]
05-24 01:05:18.715 D/SemNscXgbMsL1( 1005): 1 sample inference time: 4.350269 msecs
05-24 01:05:18.718 D/SemNscXgbL2Rt( 1005): L2 RT 1 sample inference time: 2.788808 msecs
05-24 01:05:18.720 D/SemNscXgbL2Nrt( 1005): L2 NRT 1 sample inference time: 1.898692 msecs
05-24 01:05:19.224 D/SemNscXgbMsL1( 1005): Probability - Cloud gaming: [0.012700926]
05-24 01:05:19.225 D/SemNscXgbMsL1( 1005): Probability - Real time: [0.80649877]
05-24 01:05:19.225 D/SemNscXgbMsL1( 1005): Probability - Non real time: [0.3835208]
05-24 01:05:19.225 D/SemNscXgbMsL1( 1005): 1 sample inference time: 1.464962 msecs
05-24 01:05:19.227 D/SemNscXgbL2Rt( 1005): L2 RT 1 sample inference time: 2.269923 msecs
05-24 01:05:19.229 D/SemNscXgbL2Nrt( 1005): L2 NRT 1 sample inference time: 1.731231 msecs
05-24 01:05:19.733 D/SemNscXgbMsL1( 1005): Probability - Cloud gaming: [0.0221561]
05-24 01:05:19.734 D/SemNscXgbMsL1( 1005): Probability - Real time: [0.7109632]
05-24 01:05:19.734 D/SemNscXgbMsL1( 1005): Probability - Non real time: [0.59273577]
05-24 01:05:19.734 D/SemNscXgbMsL1( 1005): 1 sample inference time: 1.646462 msecs
05-24 01:05:19.737 D/SemNscXgbL2Rt( 1005): L2 RT 1 sample inference time: 2.463231 msecs
05-24 01:05:19.740 D/SemNscXgbL2Nrt( 1005): L2 NRT 1 sample inference time: 2.722 msecs
05-24 01:05:19.913 E/audit   (  514): type=1400 audit(1779552319.907:30596): avc:  denied  { write } for  pid=13696 comm="ThreadPoolForeg" name="traced_producer" dev="tmpfs" ino=26790 scontext=u:r:gmscore_app:s0:c512,c768 tcontext=u:object_r:traced_producer_socket:s0 tclass=sock_file permissive=0 SEPF_SM-G973N_12_0001 audit_filtered
05-24 01:05:19.913 E/audit   (  514): type=1300 audit(1779552319.907:30596): arch=c00000b7 syscall=203 success=no exit=-13 a0=bf a1=6e815d29c0 a2=1e a3=ffffffff95f1206e items=0 ppid=534 pid=13696 auid=4294967295 uid=10076 gid=10076 euid=10076 suid=10076 fsuid=10076 egid=10076 sgid=10076 fsgid=10076 tty=(none) ses=4294967295 comm="ThreadPoolForeg" exe="/system/bin/app_process64" subj=u:r:gmscore_app:s0:c512,c768 key=(null)
05-24 01:05:19.913 E/audit   (  514): type=1327 audit(1779552319.907:30596): proctitle="com.google.android.gms"
05-24 01:05:20.138 D/SemCellularStateManager( 1005): onSignalStrengthsChanged: mCellularSignalLevel=3
05-24 01:05:20.139 D/MobileStatusTracker(0/1)( 1415): onSignalStrengthsChanged signalStrength=SignalStrength:{mCdma=Invalid,mGsm=Invalid,mWcdma=CellSignalStrengthWcdma: ss=-81 ber=99 rscp=-80 ecno=0 level=3,mTdscdma=Invalid,mLte=Invalid,mNr=Invalid,SignalBarInfo{ wcdmaLevel=4 },rat=3,primary=CellSignalStrengthWcdma} level=4
05-24 01:05:20.142 D/NetworkController( 1415): SignalStrength from intent slotId=0
05-24 01:05:20.195 D/vendor.samsung.hardware.thermal@1.0-service(  574): timer callback!
05-24 01:05:20.212 I/SDHMS:C ( 3236): SIOP:: AP:169(277,110) BAT:282(282,0) USB:285(285,0) CHG:283(283,0) PA:303(303,0) WIFI:278(278,0) LRP:269(269,0) LRF:269(269) LRB:269(269) 
05-24 01:05:20.244 D/SemNscXgbMsL1( 1005): Probability - Cloud gaming: [0.015955618]
05-24 01:05:20.244 D/SemNscXgbMsL1( 1005): Probability - Real time: [0.9003255]
05-24 01:05:20.244 D/SemNscXgbMsL1( 1005): Probability - Non real time: [0.387918]
05-24 01:05:20.244 D/SemNscXgbMsL1( 1005): 1 sample inference time: 0.853423 msecs
05-24 01:05:20.246 D/SemNscXgbL2Rt( 1005): L2 RT 1 sample inference time: 1.313231 msecs
05-24 01:05:20.247 D/SemNscXgbL2Nrt( 1005): L2 NRT 1 sample inference time: 1.2885 msecs
05-24 01:05:20.752 D/SemNscXgbMsL1( 1005): Probability - Cloud gaming: [0.04650484]
05-24 01:05:20.753 D/SemNscXgbMsL1( 1005): Probability - Real time: [0.8292253]
05-24 01:05:20.753 D/SemNscXgbMsL1( 1005): Probability - Non real time: [0.08564757]
05-24 01:05:20.753 D/SemNscXgbMsL1( 1005): 1 sample inference time: 1.615577 msecs
05-24 01:05:20.755 D/SemNscXgbL2Rt( 1005): L2 RT 1 sample inference time: 2.196885 msecs
05-24 01:05:20.757 D/SemNscXgbL2Nrt( 1005): L2 NRT 1 sample inference time: 1.887385 msecs
05-24 01:05:21.085 D/io_stats(  457): !@   8,0 r 2445891 95670684 w 2026928 53799644 d 0 0 f 0 0 iot 1479132 0 th 0 0 0 pt 0 inp 0 0 192687.481
05-24 01:05:21.260 D/SemNscXgbMsL1( 1005): Probability - Cloud gaming: [0.039976712]
05-24 01:05:21.263 D/SemNscXgbMsL1( 1005): Probability - Real time: [0.8809494]
05-24 01:05:21.263 D/SemNscXgbMsL1( 1005): Probability - Non real time: [0.06927956]
05-24 01:05:21.263 D/SemNscXgbMsL1( 1005): 1 sample inference time: 3.508654 msecs
05-24 01:05:21.266 D/SemNscXgbL2Rt( 1005): L2 RT 1 sample inference time: 2.173962 msecs
05-24 01:05:21.268 D/SemNscXgbL2Nrt( 1005): L2 NRT 1 sample inference time: 2.088192 msecs
05-24 01:05:21.772 D/SemNscXgbMsL1( 1005): Probability - Cloud gaming: [0.028653977]
05-24 01:05:21.772 D/SemNscXgbMsL1( 1005): Probability - Real time: [0.6070303]
05-24 01:05:21.773 D/SemNscXgbMsL1( 1005): Probability - Non real time: [0.15928355]
05-24 01:05:21.773 D/SemNscXgbMsL1( 1005): 1 sample inference time: 1.266577 msecs
05-24 01:05:21.776 D/SemNscXgbL2Rt( 1005): L2 RT 1 sample inference time: 2.929731 msecs
05-24 01:05:21.778 D/SemNscXgbL2Nrt( 1005): L2 NRT 1 sample inference time: 2.297346 msecs
05-24 01:05:22.228 E/Tethering( 1005): [api31.BpfCoordinatorShimImpl] ERROR Fail to fetch tethering stats from BPF map: : getNextMapKey failed: EBADF (Bad file descriptor)
05-24 01:05:22.228 E/Tethering( 1005): android.system.ErrnoException: getNextMapKey failed: EBADF (Bad file descriptor)
05-24 01:05:22.228 E/Tethering( 1005): 	at com.android.networkstack.tethering.BpfMap.getNextMapKey(Native Method)
05-24 01:05:22.228 E/Tethering( 1005): 	at com.android.networkstack.tethering.BpfMap.getNextRawKey(BpfMap.java:199)
05-24 01:05:22.228 E/Tethering( 1005): 	at com.android.networkstack.tethering.BpfMap.getNextKeyInternal(BpfMap.java:177)
05-24 01:05:22.228 E/Tethering( 1005): 	at com.android.networkstack.tethering.BpfMap.getFirstKey(BpfMap.java:206)
05-24 01:05:22.228 E/Tethering( 1005): 	at com.android.networkstack.tethering.BpfMap.forEach(BpfMap.java:243)
05-24 01:05:22.228 E/Tethering( 1005): 	at com.android.networkstack.tethering.apishim.api31.BpfCoordinatorShimImpl.tetherOffloadGetStats(BpfCoordinatorShimImpl.java:241)
05-24 01:05:22.228 E/Tethering( 1005): 	at com.android.networkstack.tethering.BpfCoordinator.updateForwardedStats(BpfCoordinator.java:1844)
05-24 01:05:22.228 E/Tethering( 1005): 	at com.android.networkstack.tethering.BpfCoordinator.lambda$new$0(BpfCoordinator.java:249)
05-24 01:05:22.228 E/Tethering( 1005): 	at com.android.networkstack.tethering.BpfCoordinator.$r8$lambda$11zi2so53-tPlRpKnlSkWOpxReo(Unknown Source:0)
05-24 01:05:22.228 E/Tethering( 1005): 	at com.android.networkstack.tethering.BpfCoordinator$$ExternalSyntheticLambda0.run(Unknown Source:2)
05-24 01:05:22.228 E/Tethering( 1005): 	at android.os.Handler.handleCallback(Handler.java:938)
05-24 01:05:22.228 E/Tethering( 1005): 	at android.os.Handler.dispatchMessage(Handler.java:99)
05-24 01:05:22.228 E/Tethering( 1005): 	at android.os.Looper.loopOnce(Looper.java:226)
05-24 01:05:22.228 E/Tethering( 1005): 	at android.os.Looper.loop(Looper.java:313)
05-24 01:05:22.228 E/Tethering( 1005): 	at android.os.HandlerThread.run(HandlerThread.java:67)
05-24 01:05:22.228 E/Tethering( 1005): [BpfCoordinator] ERROR Problem fetching tethering stats
05-24 01:05:22.281 D/SemNscXgbMsL1( 1005): Probability - Cloud gaming: [0.029112367]
05-24 01:05:22.282 D/SemNscXgbMsL1( 1005): Probability - Real time: [0.95378697]
05-24 01:05:22.283 D/SemNscXgbMsL1( 1005): Probability - Non real time: [0.20561084]
05-24 01:05:22.283 D/SemNscXgbMsL1( 1005): 1 sample inference time: 1.646539 msecs
05-24 01:05:22.285 D/SemNscXgbL2Rt( 1005): L2 RT 1 sample inference time: 2.225192 msecs
05-24 01:05:22.287 D/SemNscXgbL2Nrt( 1005): L2 NRT 1 sample inference time: 2.034346 msecs
05-24 01:05:22.790 D/SemNscXgbMsL1( 1005): Probability - Cloud gaming: [0.010138453]
05-24 01:05:22.791 D/SemNscXgbMsL1( 1005): Probability - Real time: [0.9028181]
05-24 01:05:22.791 D/SemNscXgbMsL1( 1005): Probability - Non real time: [0.039199352]
05-24 01:05:22.791 D/SemNscXgbMsL1( 1005): 1 sample inference time: 1.387538 msecs
05-24 01:05:22.793 D/SemNscXgbL2Rt( 1005): L2 RT 1 sample inference time: 1.830193 msecs
05-24 01:05:22.795 D/SemNscXgbL2Nrt( 1005): L2 NRT 1 sample inference time: 2.204923 msecs
05-24 01:05:23.298 D/SemNscXgbMsL1( 1005): Probability - Cloud gaming: [0.021524314]
05-24 01:05:23.299 D/SemNscXgbMsL1( 1005): Probability - Real time: [0.7597292]
05-24 01:05:23.299 D/SemNscXgbMsL1( 1005): Probability - Non real time: [0.5869588]
05-24 01:05:23.299 D/SemNscXgbMsL1( 1005): 1 sample inference time: 1.793115 msecs
05-24 01:05:23.301 D/SemNscXgbL2Rt( 1005): L2 RT 1 sample inference time: 2.053538 msecs
05-24 01:05:23.303 D/SemNscXgbL2Nrt( 1005): L2 NRT 1 sample inference time: 2.015231 msecs
05-24 01:05:23.501 I/wpa_supplicant( 1392): Heartbeat 19264
05-24 01:05:23.551 D/BatteryDump(  552): wait_for_battery_event : occurred : change@/devices/platform/battery/power_supply/battery 
05-24 01:05:23.565 I/android.hardware.health@2.1-service-samsung(  552): updateLrpSysfs: write: 269
05-24 01:05:23.808 D/SemNscXgbMsL1( 1005): Probability - Cloud gaming: [0.025336988]
05-24 01:05:23.808 D/SemNscXgbMsL1( 1005): Probability - Real time: [0.5557063]
05-24 01:05:23.809 D/SemNscXgbMsL1( 1005): Probability - Non real time: [0.4032113]
05-24 01:05:23.809 D/SemNscXgbMsL1( 1005): 1 sample inference time: 1.323808 msecs
05-24 01:05:23.811 D/SemNscXgbL2Rt( 1005): L2 RT 1 sample inference time: 2.478269 msecs
05-24 01:05:23.813 D/SemNscXgbL2Nrt( 1005): L2 NRT 1 sample inference time: 1.81773 msecs
05-24 01:05:23.986 D/SemCellularStateManager( 1005): onSignalStrengthsChanged: mCellularSignalLevel=3
05-24 01:05:23.987 D/MobileStatusTracker(0/1)( 1415): onSignalStrengthsChanged signalStrength=SignalStrength:{mCdma=Invalid,mGsm=Invalid,mWcdma=CellSignalStrengthWcdma: ss=-79 ber=99 rscp=-78 ecno=0 level=3,mTdscdma=Invalid,mLte=Invalid,mNr=Invalid,SignalBarInfo{ wcdmaLevel=4 },rat=3,primary=CellSignalStrengthWcdma} level=4
05-24 01:05:23.990 D/NetworkController( 1415): SignalStrength from intent slotId=0
05-24 01:05:24.318 D/SemNscXgbMsL1( 1005): Probability - Cloud gaming: [0.010918088]
05-24 01:05:24.319 D/SemNscXgbMsL1( 1005): Probability - Real time: [0.74324083]
05-24 01:05:24.319 D/SemNscXgbMsL1( 1005): Probability - Non real time: [0.7702868]
05-24 01:05:24.319 D/SemNscXgbMsL1( 1005): 1 sample inference time: 2.643577 msecs
05-24 01:05:24.321 D/SemNscXgbL2Rt( 1005): L2 RT 1 sample inference time: 2.108693 msecs
05-24 01:05:24.324 D/SemNscXgbL2Nrt( 1005): L2 NRT 1 sample inference time: 2.014077 msecs
05-24 01:05:24.828 D/SemNscXgbMsL1( 1005): Probability - Cloud gaming: [0.008060104]
05-24 01:05:24.829 D/SemNscXgbMsL1( 1005): Probability - Real time: [0.6940402]
05-24 01:05:24.829 D/SemNscXgbMsL1( 1005): Probability - Non real time: [0.34113833]
05-24 01:05:24.829 D/SemNscXgbMsL1( 1005): 1 sample inference time: 1.840116 msecs
05-24 01:05:24.833 D/SemNscXgbL2Rt( 1005): L2 RT 1 sample inference time: 3.021154 msecs
05-24 01:05:24.835 D/SemNscXgbL2Nrt( 1005): L2 NRT 1 sample inference time: 2.533231 msecs
05-24 01:05:25.088 D/io_stats(  457): !@   8,0 r 2445891 95670684 w 2026933 53799668 d 0 0 f 0 0 iot 1479136 0 th 0 0 0 pt 0 inp 0 0 192691.484
05-24 01:05:25.341 D/SemNscXgbMsL1( 1005): Probability - Cloud gaming: [0.017997444]
05-24 01:05:25.342 D/SemNscXgbMsL1( 1005): Probability - Real time: [0.29306242]
05-24 01:05:25.342 D/SemNscXgbMsL1( 1005): Probability - Non real time: [0.5371799]
05-24 01:05:25.342 D/SemNscXgbMsL1( 1005): 1 sample inference time: 1.506308 msecs
05-24 01:05:25.345 D/SemNscXgbL2Rt( 1005): L2 RT 1 sample inference time: 2.44577 msecs
05-24 01:05:25.348 D/SemNscXgbL2Nrt( 1005): L2 NRT 1 sample inference time: 2.417962 msecs
05-24 01:05:25.519 E/audit   (  514): type=1400 audit(1779552325.511:30597): avc:  denied  { write } for  pid=15725 comm="ThreadPoolForeg" name="traced_producer" dev="tmpfs" ino=26790 scontext=u:r:gmscore_app:s0:c512,c768 tcontext=u:object_r:traced_producer_socket:s0 tclass=sock_file permissive=0 SEPF_SM-G973N_12_0001 audit_filtered
05-24 01:05:25.519 E/audit   (  514): type=1300 audit(1779552325.511:30597): arch=c00000b7 syscall=203 success=no exit=-13 a0=b5 a1=6e81619760 a2=1e a3=ffffffff95f1206e items=0 ppid=534 pid=15725 auid=4294967295 uid=10076 gid=10076 euid=10076 suid=10076 fsuid=10076 egid=10076 sgid=10076 fsgid=10076 tty=(none) ses=4294967295 comm="ThreadPoolForeg" exe="/system/bin/app_process64" subj=u:r:gmscore_app:s0:c512,c768 key=(null)
05-24 01:05:25.519 E/audit   (  514): type=1327 audit(1779552325.511:30597): proctitle="com.google.android.gms.persistent"
05-24 01:05:25.851 D/SemNscXgbMsL1( 1005): Probability - Cloud gaming: [0.007380259]
05-24 01:05:25.851 D/SemNscXgbMsL1( 1005): Probability - Real time: [0.5443763]
05-24 01:05:25.852 D/SemNscXgbMsL1( 1005): Probability - Non real time: [0.41159502]
05-24 01:05:25.852 D/SemNscXgbMsL1( 1005): 1 sample inference time: 1.361308 msecs
05-24 01:05:25.855 D/SemNscXgbL2Rt( 1005): L2 RT 1 sample inference time: 3.524616 msecs
05-24 01:05:25.859 D/SemNscXgbL2Nrt( 1005): L2 NRT 1 sample inference time: 3.248884 msecs
05-24 01:05:25.928 I/NearbyMediums(15725): No BLE Fast/GATT advertisements found in the latest cycle.
05-24 01:05:25.928 I/NearbyMediums(15725): Current Tracked Scanning Clients are : {NearbyConnections.EnvironmentMonitor, NearbySharing, NearbyConnections.TxAdvertisement}
05-24 01:05:26.362 D/SemNscXgbMsL1( 1005): Probability - Cloud gaming: [0.011350204]
05-24 01:05:26.363 D/SemNscXgbMsL1( 1005): Probability - Real time: [0.76167023]
05-24 01:05:26.363 D/SemNscXgbMsL1( 1005): Probability - Non real time: [0.05985781]
05-24 01:05:26.363 D/SemNscXgbMsL1( 1005): 1 sample inference time: 1.741231 msecs
05-24 01:05:26.365 D/SemNscXgbL2Rt( 1005): L2 RT 1 sample inference time: 1.767731 msecs
05-24 01:05:26.367 D/SemNscXgbL2Nrt( 1005): L2 NRT 1 sample inference time: 1.70577 msecs
05-24 01:05:26.534 D/WifiConnectivityMonitor.NetworkStatsAnalyzer( 1005): Backhaul result - RSSI:-127, CE:9, PE:9, TI:44, PTI:44, TW:0, PTW:0, Tx:87, Rx:299, TxS:79, RxS:70, RESULT:true, IC:0, ICT:2, WC:0, WCT:2, R:0, RC:0, IE:0, EC:0
05-24 01:05:26.869 D/SemNscXgbMsL1( 1005): Probability - Cloud gaming: [0.007096865]
05-24 01:05:26.870 D/SemNscXgbMsL1( 1005): Probability - Real time: [0.7457876]
05-24 01:05:26.870 D/SemNscXgbMsL1( 1005): Probability - Non real time: [0.33875594]
05-24 01:05:26.870 D/SemNscXgbMsL1( 1005): 1 sample inference time: 1.310192 msecs
05-24 01:05:26.873 D/SemNscXgbL2Rt( 1005): L2 RT 1 sample inference time: 2.482423 msecs
05-24 01:05:26.875 D/SemNscXgbL2Nrt( 1005): L2 NRT 1 sample inference time: 2.03677 msecs
05-24 01:05:27.091 D/io_stats(  457): !@   8,0 r 2445891 95670684 w 2026935 53799724 d 0 0 f 0 0 iot 1479140 0 th 0 0 0 pt 0 inp 0 0 192693.487
05-24 01:05:27.232 E/Tethering( 1005): [api31.BpfCoordinatorShimImpl] ERROR Fail to fetch tethering stats from BPF map: : getNextMapKey failed: EBADF (Bad file descriptor)
05-24 01:05:27.232 E/Tethering( 1005): android.system.ErrnoException: getNextMapKey failed: EBADF (Bad file descriptor)
05-24 01:05:27.232 E/Tethering( 1005): 	at com.android.networkstack.tethering.BpfMap.getNextMapKey(Native Method)
05-24 01:05:27.232 E/Tethering( 1005): 	at com.android.networkstack.tethering.BpfMap.getNextRawKey(BpfMap.java:199)
05-24 01:05:27.232 E/Tethering( 1005): 	at com.android.networkstack.tethering.BpfMap.getNextKeyInternal(BpfMap.java:177)
05-24 01:05:27.232 E/Tethering( 1005): 	at com.android.networkstack.tethering.BpfMap.getFirstKey(BpfMap.java:206)
05-24 01:05:27.232 E/Tethering( 1005): 	at com.android.networkstack.tethering.BpfMap.forEach(BpfMap.java:243)
05-24 01:05:27.232 E/Tethering( 1005): 	at com.android.networkstack.tethering.apishim.api31.BpfCoordinatorShimImpl.tetherOffloadGetStats(BpfCoordinatorShimImpl.java:241)
05-24 01:05:27.232 E/Tethering( 1005): 	at com.android.networkstack.tethering.BpfCoordinator.updateForwardedStats(BpfCoordinator.java:1844)
05-24 01:05:27.232 E/Tethering( 1005): 	at com.android.networkstack.tethering.BpfCoordinator.lambda$new$0(BpfCoordinator.java:249)
05-24 01:05:27.232 E/Tethering( 1005): 	at com.android.networkstack.tethering.BpfCoordinator.$r8$lambda$11zi2so53-tPlRpKnlSkWOpxReo(Unknown Source:0)
05-24 01:05:27.232 E/Tethering( 1005): 	at com.android.networkstack.tethering.BpfCoordinator$$ExternalSyntheticLambda0.run(Unknown Source:2)
05-24 01:05:27.232 E/Tethering( 1005): 	at android.os.Handler.handleCallback(Handler.java:938)
05-24 01:05:27.232 E/Tethering( 1005): 	at android.os.Handler.dispatchMessage(Handler.java:99)
05-24 01:05:27.232 E/Tethering( 1005): 	at android.os.Looper.loopOnce(Looper.java:226)
05-24 01:05:27.232 E/Tethering( 1005): 	at android.os.Looper.loop(Looper.java:313)
05-24 01:05:27.232 E/Tethering( 1005): 	at android.os.HandlerThread.run(HandlerThread.java:67)
05-24 01:05:27.232 E/Tethering( 1005): [BpfCoordinator] ERROR Problem fetching tethering stats
05-24 01:05:27.376 E/audit   (  514): type=1400 audit(1779552327.371:30598): avc:  denied  { read } for  pid=21817 comm="cat" name="threads-max" dev="proc" ino=34454960 scontext=u:r:untrusted_app:s0:c181,c256,c512,c768 tcontext=u:object_r:proc:s0 tclass=file permissive=0 SEPF_SM-G973N_12_0001 audit_filtered
05-24 01:05:27.376 E/audit   (  514): type=1300 audit(1779552327.371:30598): arch=c00000b7 syscall=56 success=no exit=-13 a0=ffffff9c a1=7fc8730233 a2=80000 a3=0 items=0 ppid=29846 pid=21817 auid=4294967295 uid=10181 gid=10181 euid=10181 suid=10181 fsuid=10181 egid=10181 sgid=10181 fsgid=10181 tty=(none) ses=4294967295 comm="cat" exe="/system/bin/toybox" subj=u:r:untrusted_app:s0:c181,c256,c512,c768 key=(null)
05-24 01:05:27.376 E/audit   (  514): type=1327 audit(1779552327.371:30598): proctitle=636174002F70726F632F7379732F6B65726E656C2F746872656164732D6D6178
05-24 01:05:27.378 D/SemNscXgbMsL1( 1005): Probability - Cloud gaming: [0.017783096]
05-24 01:05:27.379 D/SemNscXgbMsL1( 1005): Probability - Real time: [0.65764076]
05-24 01:05:27.379 D/SemNscXgbMsL1( 1005): Probability - Non real time: [0.34370077]
05-24 01:05:27.379 D/SemNscXgbMsL1( 1005): 1 sample inference time: 1.210077 msecs
05-24 01:05:27.381 D/SemNscXgbL2Rt( 1005): L2 RT 1 sample inference time: 2.025231 msecs
05-24 01:05:27.385 D/SemNscXgbL2Nrt( 1005): L2 NRT 1 sample inference time: 3.245423 msecs
05-24 01:05:27.414 E/audit   (  514): type=1400 audit(1779552327.407:30599): avc:  denied  { read } for  pid=21821 comm="cat" name="threads-max" dev="proc" ino=34454960 scontext=u:r:untrusted_app:s0:c181,c256,c512,c768 tcontext=u:object_r:proc:s0 tclass=file permissive=0 SEPF_SM-G973N_12_0001 audit_filtered
05-24 01:05:27.888 D/SemNscXgbMsL1( 1005): Probability - Cloud gaming: [0.00935841]
05-24 01:05:27.889 D/SemNscXgbMsL1( 1005): Probability - Real time: [0.64942575]
05-24 01:05:27.889 D/SemNscXgbMsL1( 1005): Probability - Non real time: [0.29503042]
05-24 01:05:27.890 D/SemNscXgbMsL1( 1005): 1 sample inference time: 1.397539 msecs
05-24 01:05:27.892 D/SemNscXgbL2Rt( 1005): L2 RT 1 sample inference time: 2.307962 msecs
05-24 01:05:27.894 D/SemNscXgbL2Nrt( 1005): L2 NRT 1 sample inference time: 1.980807 msecs
05-24 01:05:28.397 D/SemNscXgbMsL1( 1005): Probability - Cloud gaming: [0.0058883606]
05-24 01:05:28.398 D/SemNscXgbMsL1( 1005): Probability - Real time: [0.43965003]
05-24 01:05:28.398 D/SemNscXgbMsL1( 1005): Probability - Non real time: [0.16445363]
05-24 01:05:28.398 D/SemNscXgbMsL1( 1005): 1 sample inference time: 1.569116 msecs
05-24 01:05:28.401 D/SemNscXgbL2Rt( 1005): L2 RT 1 sample inference time: 2.31373 msecs
05-24 01:05:28.404 D/SemNscXgbL2Nrt( 1005): L2 NRT 1 sample inference time: 2.322538 msecs
05-24 01:05:28.908 D/SemNscXgbMsL1( 1005): Probability - Cloud gaming: [0.003973406]
05-24 01:05:28.909 D/SemNscXgbMsL1( 1005): Probability - Real time: [0.40991312]
05-24 01:05:28.909 D/SemNscXgbMsL1( 1005): Probability - Non real time: [0.54852563]
05-24 01:05:28.909 D/SemNscXgbMsL1( 1005): 1 sample inference time: 1.854192 msecs
05-24 01:05:28.912 D/SemNscXgbL2Rt( 1005): L2 RT 1 sample inference time: 2.931616 msecs
05-24 01:05:28.915 D/SemNscXgbL2Nrt( 1005): L2 NRT 1 sample inference time: 2.327385 msecs
05-24 01:05:29.105 D/AndroidRuntime(21824): >>>>>> START com.android.internal.os.RuntimeInit uid 2000 <<<<<<
05-24 01:05:29.110 I/AndroidRuntime(21824): Using default boot image
05-24 01:05:29.110 I/AndroidRuntime(21824): Leaving lock profiling enabled
05-24 01:05:29.111 D/SecNativeFeatureCppIf(21824): encoded
05-24 01:05:29.111 D/SecNativeFeatureCppIf(21824): decoding and unzip finish
05-24 01:05:29.111 D/SecNativeFeatureCppIf(21824): use unCompDataBuff. encoded
05-24 01:05:29.111 D/SecNativeFeatureCppIf(21824): Free unCompDataBuff
05-24 01:05:29.111 D/AndroidRuntime(21824): addProductProperty: pBrand1 is not null
05-24 01:05:29.111 D/AndroidRuntime(21824): addProductProperty: not brand or 7
05-24 01:05:29.114 W/app_process(21824): ART APEX data files are untrusted.
05-24 01:05:29.225 D/app_process(21824): Time zone APEX ICU file found: /apex/com.android.tzdata/etc/icu/icu_tzdata.dat
05-24 01:05:29.225 D/app_process(21824): I18n APEX ICU file found: /apex/com.android.i18n/etc/icu/icudt68l.dat
05-24 01:05:29.236 W/app_process(21824): ClassLoaderContext classpath size mismatch. expected=0, found=1 (PCL[] | PCL[/system/framework/android.test.runner.jar*1585996318])
05-24 01:05:29.251 E/SemDvfsManager_JNI(21824): SemDvfsManager: registerfunction enter
05-24 01:05:29.251 E/SemAffinityControl(21824): SemAffinityControl: registerfunction enter
05-24 01:05:29.257 D/ProcessState(21824): Binder ioctl to enable oneway spam detection failed: Invalid argument
05-24 01:05:29.258 D/AndroidRuntime(21824): Calling main entry com.android.commands.uiautomator.Launcher
05-24 01:05:29.266 I/SurfaceFlinger(  597): id=34971 createSurf (0x0),-1 flag=80004, WindowToken{5a86f00 android.os.Binder@cd07183}#0
05-24 01:05:29.268 D/SettingsProvider( 1005): isChangeAllowed() : name = accessibility_enabled
05-24 01:05:29.269 I/SurfaceFlinger(  597): SFWD update time=192695667015404
05-24 01:05:29.287 I/GenerationRegistry( 1005): mBackingStore.isClosed() : false
05-24 01:05:29.293 W/NetlinkSocket( 1005): maximum read
05-24 01:05:29.295 D/FreecessController( 1005): UFZ : com.sec.android.app.camera(9340)
05-24 01:05:29.297 W/LocationManagerService( 1005): onFreezeStateChanged, uid[10110]=false
05-24 01:05:29.298 D/FreecessController( 1005): UFZ : com.sec.android.app.camera(0), reason: Binder(1)-android.view.accessibility.IAccessibility
05-24 01:05:29.299 E/TrafficController(  533): FREECESS
05-24 01:05:29.300 D/FreecessController( 1005): com.sec.android.app.camera(state: Initial -> Freezeable, Reason: Binder(1)-android.view.accessibility.IAccessibility)
05-24 01:05:29.300 I/PowerManagerService( 1005): [PWL] SetWakeLockEnableDisable uid = 10110 , disable= false
05-24 01:05:29.300 I/PowerManagerService( 1005): [PWL] can not change uid =  10110
05-24 01:05:29.301 W/NetlinkSocket( 1005): maximum read
05-24 01:05:29.302 D/FreecessController( 1005): UFZ : com.google.android.youtube(32057)
05-24 01:05:29.305 D/BatterySaverPolicy( 1005): accessibility changed to true, updating policy.
05-24 01:05:29.305 W/LocationManagerService( 1005): onFreezeStateChanged, uid[10206]=false
05-24 01:05:29.305 D/FreecessController( 1005): UFZ : com.google.android.youtube(0), reason: Binder(1)-android.view.accessibility.IAccessibility
05-24 01:05:29.306 E/TrafficController(  533): FREECESS
05-24 01:05:29.300 W/BtGatt.GattService( 1412): unfreezeScan() - No AppScanStats found with uid: 10110
05-24 01:05:29.307 D/FreecessController( 1005): com.google.android.youtube(state: Initial -> Freezeable, Reason: Binder(1)-android.view.accessibility.IAccessibility)
05-24 01:05:29.307 W/NetlinkSocket( 1005): maximum read
05-24 01:05:29.308 D/FreecessController( 1005): UFZ : com.hellomarket.chat(19864)
05-24 01:05:29.311 I/PowerManagerService( 1005): [PWL] SetWakeLockEnableDisable uid = 10206 , disable= false
05-24 01:05:29.311 I/PowerManagerService( 1005): [PWL] can not change uid =  10206
05-24 01:05:29.313 D/FreecessController( 1005): UFZ : com.hellomarket.chat(0), reason: Binder(1)-android.view.accessibility.IAccessibility
05-24 01:05:29.315 W/BtGatt.GattService( 1412): unfreezeScan() - No AppScanStats found with uid: 10206
05-24 01:05:29.315 W/BtGatt.GattService( 1412): unfreezeScan() - No AppScanStats found with uid: 10381
05-24 01:05:29.315 E/TrafficController(  533): FREECESS
05-24 01:05:29.316 D/FreecessController( 1005): com.hellomarket.chat(state: Initial -> Freezeable, Reason: Binder(1)-android.view.accessibility.IAccessibility)
05-24 01:05:29.316 W/LocationManagerService( 1005): onFreezeStateChanged, uid[10381]=false
05-24 01:05:29.316 I/PowerManagerService( 1005): [PWL] SetWakeLockEnableDisable uid = 10381 , disable= false
05-24 01:05:29.316 I/PowerManagerService( 1005): [PWL] can not change uid =  10381
05-24 01:05:29.316 W/NetlinkSocket( 1005): maximum read
05-24 01:05:29.317 W/NetlinkSocket( 1005): maximum read
05-24 01:05:29.317 W/NetlinkSocket( 1005): maximum read
05-24 01:05:29.317 W/NetlinkSocket( 1005): maximum read
05-24 01:05:29.317 D/SettingsProvider( 1005): isChangeAllowed() : name = accessibility_enabled
05-24 01:05:29.318 I/GenerationRegistry( 1005): mBackingStore.isClosed() : false
05-24 01:05:29.321 I/AccessibilityManagerService( 1005): semIsAccessibilityServiceEnabled()
05-24 01:05:29.321 I/AccessibilityManagerService( 1005): semIsAccessibilityServiceEnabled()
05-24 01:05:29.321 D/AS.AudioService( 1005): Accessibility volume enabled = false
05-24 01:05:29.327 W/ellomarket.cha(19864): Suspending all threads took: 11.227ms
05-24 01:05:29.328 I/CameraManagerGlobal( 9340): Camera 1 facing CAMERA_FACING_FRONT state now CAMERA_STATE_OPEN for client com.samsung.android.smartface API Level 2
05-24 01:05:29.329 I/CameraManagerGlobal( 9340): Camera 1 facing CAMERA_FACING_FRONT state now CAMERA_STATE_ACTIVE for client com.samsung.android.smartface API Level 2
05-24 01:05:29.330 I/CameraManagerGlobal( 9340): Camera 1 facing CAMERA_FACING_FRONT state now CAMERA_STATE_IDLE for client com.samsung.android.smartface API Level 2
05-24 01:05:29.330 I/CameraManagerGlobal( 9340): Camera 1 facing CAMERA_FACING_FRONT state now CAMERA_STATE_CLOSED for client com.samsung.android.smartface API Level 2
05-24 01:05:29.340 V/Navbar.Store( 1415): ----handleEvent [EventType] ON_UPDATE_REMOTEVIEW [Module] SamsungNavigationBarView  KEYS_NAVBAR_DARK_INTENSITY=1.0  KEYS_RIGHT_REMOTEVIEW_CONTAINER=android.widget.LinearLayout{a3f554b I.E...... ......I. 962,0-1080,162 #7f0b070a app:id/right_remoteview}  KEYS_CONTEXTUALBUTTON_VISIBLE=false  KEYS_LEFT_REMOTEVIEW_CONTAINER=android.widget.LinearLayout{bf65b28 I.E...... ......I. 0,0-118,162 #7f0b0478 app:id/left_remoteview}
05-24 01:05:29.340 V/Navbar.Store( 1415): ------[Band]REMOTE_VIEW_PACK_SET_REMOTEVIEW_CONTAINER
05-24 01:05:29.340 V/Navbar.Store( 1415): --------apply(UPDATE_NAVBAR_REMOTEVIEW_CONTAINER)
05-24 01:05:29.340 I/TouchInteractionService( 1885): onActiveNavBarRegionChanges, region : SkRegion((0,2118,388,2280)(389,2118,690,2280)(691,2118,961,2280))
05-24 01:05:29.340 V/Navbar.Store( 1415): --------apply(UPDATE_NAVBAR_RIGHT_REMOTEVIEW_VISIBILITY)
05-24 01:05:29.340 V/Navbar.Store( 1415): --------getValue(FLOAT_REMOTEVIEW_DARK_INTENSITY)=1.0
05-24 01:05:29.340 V/Navbar.Store( 1415): handleEvent [EventType] ON_NAVBAR_UPDATE_A11Y_SERVICE [Module] NavigationBar  KEYS_CLICKABLE=false  KEYS_LONG_CLICKABLE=false
05-24 01:05:29.340 V/Navbar.Store( 1415): --[Band]SETUPWIZARD_PACK_UPDATE_A11Y_SERVICE
05-24 01:05:29.340 V/Navbar.Store( 1415): ----getValue(BOOL_NAVBAR_BUTTON_FORCED_VISIBLE)=false
05-24 01:05:29.340 V/Navbar.Store( 1415): ----getValue(BOOL_NAVBAR_SETUPWIZARD_STYLE)=false
05-24 01:05:29.341 I/CameraManagerGlobal( 9340): Camera 1 facing CAMERA_FACING_FRONT state now CAMERA_STATE_OPEN for client com.samsung.android.smartface API Level 2
05-24 01:05:29.345 D/BoundBrokerSvc(13696): onBind: Intent { act=com.google.android.gms.potokens.service.START dat=chimera-action: cmp=com.google.android.gms/.chimera.GmsApiService }
05-24 01:05:29.345 D/BoundBrokerSvc(13696): Loading bound service for intent: Intent { act=com.google.android.gms.potokens.service.START dat=chimera-action: cmp=com.google.android.gms/.chimera.GmsApiService }
05-24 01:05:29.351 I/CameraManagerGlobal( 9340): Camera 1 facing CAMERA_FACING_FRONT state now CAMERA_STATE_ACTIVE for client com.samsung.android.smartface API Level 2
05-24 01:05:29.352 I/CameraManagerGlobal( 9340): Camera 1 facing CAMERA_FACING_FRONT state now CAMERA_STATE_IDLE for client com.samsung.android.smartface API Level 2
05-24 01:05:29.352 I/CameraManagerGlobal( 9340): Camera 1 facing CAMERA_FACING_FRONT state now CAMERA_STATE_CLOSED for client com.samsung.android.smartface API Level 2
05-24 01:05:29.353 V/Navbar.Store( 1415): handleEvent [EventType] GET_BOOL_NAVBAR_CAN_MOVE_STATE [Module] SamsungNavigationBarView  KEYS_DEFAULT=true
05-24 01:05:29.353 I/CameraManagerGlobal( 9340): Camera 1 facing CAMERA_FACING_FRONT state now CAMERA_STATE_OPEN for client com.samsung.android.smartface API Level 2
05-24 01:05:29.353 V/Navbar.Store( 1415): --[Band]CONFIG_PACK_GET_NAVBAR_CAN_MOVE
05-24 01:05:29.353 V/Navbar.Store( 1415): ----getValue(BOOL_NAVBAR_CAN_MOVE)=true
05-24 01:05:29.353 I/CameraManagerGlobal( 9340): Camera 1 facing CAMERA_FACING_FRONT state now CAMERA_STATE_ACTIVE for client com.samsung.android.smartface API Level 2
05-24 01:05:29.354 I/CameraManagerGlobal( 9340): Camera 1 facing CAMERA_FACING_FRONT state now CAMERA_STATE_IDLE for client com.samsung.android.smartface API Level 2
05-24 01:05:29.354 I/CameraManagerGlobal( 9340): Camera 1 facing CAMERA_FACING_FRONT state now CAMERA_STATE_CLOSED for client com.samsung.android.smartface API Level 2
05-24 01:05:29.354 I/TouchInteractionService( 1885): onActiveNavBarRegionChanges, region : SkRegion((0,2118,388,2280)(389,2118,690,2280)(691,2118,961,2280))
05-24 01:05:29.358 D/NetdEventListenerService( 1005): DNS Requested by : 100, 10381, 0
05-24 01:05:29.417 D/SemNscXgbMsL1( 1005): Probability - Cloud gaming: [0.008588919]
05-24 01:05:29.417 D/SemNscXgbMsL1( 1005): Probability - Real time: [0.61195403]
05-24 01:05:29.417 D/SemNscXgbMsL1( 1005): Probability - Non real time: [0.65527636]
05-24 01:05:29.417 D/SemNscXgbMsL1( 1005): 1 sample inference time: 0.948577 msecs
05-24 01:05:29.419 D/SemNscXgbL2Rt( 1005): L2 RT 1 sample inference time: 1.346577 msecs
05-24 01:05:29.420 D/SemNscXgbL2Nrt( 1005): L2 NRT 1 sample inference time: 0.831616 msecs
05-24 01:05:29.518 V/SamsungAlarmManager( 1005): setLocked to kernel - W:193171670 / NW:192726397, now=192695915
05-24 01:05:29.559 I/system_server( 1005): Background concurrent copying GC freed 230451(11MB) AllocSpace objects, 98(15MB) LOS objects, 20% free, 92MB/116MB, paused 95us,156us total 277.447ms
05-24 01:05:29.924 D/SemNscXgbMsL1( 1005): Probability - Cloud gaming: [0.0065690987]
05-24 01:05:29.925 D/SemNscXgbMsL1( 1005): Probability - Real time: [0.2424257]
05-24 01:05:29.925 D/SemNscXgbMsL1( 1005): Probability - Non real time: [0.43988052]
05-24 01:05:29.925 D/SemNscXgbMsL1( 1005): 1 sample inference time: 1.604654 msecs
05-24 01:05:29.927 D/SemNscXgbL2Rt( 1005): L2 RT 1 sample inference time: 2.349538 msecs
05-24 01:05:29.930 D/SemNscXgbL2Nrt( 1005): L2 NRT 1 sample inference time: 1.929693 msecs
05-24 01:05:30.196 D/vendor.samsung.hardware.thermal@1.0-service(  574): timer callback!
05-24 01:05:30.364 D/SemCscFeature(21824): Encoded
05-24 01:05:30.432 D/SemNscXgbMsL1( 1005): Probability - Cloud gaming: [0.004886957]
