Starting project at C:\Users\WORK\source\repos\parkcheolhong\codeAI\apps\mobile-nadotongryoksa
Logs: C:\Users\WORK\source\repos\parkcheolhong\codeAI\apps\mobile-nadotongryoksa\.expo\dev\logs\start.log
Using src/app as the root directory for Expo Router.
Starting Metro Bundler

Waiting on http://localhost:8081
An update for expo is available: 56.0.12 → ~56.0.19
16 other packages may need updating. Run npx expo install --check for details.
Logs for your project will appear below.
 WARN  Attempted to import the module "C:\Users\WORK\source\repos\parkcheolhong\codeAI\apps\mobile-nadotongryoksa\node_modules\react-native-webrtc\node_modules\event-target-shim\index" which is not listed in the "exports" of "C:\Users\WORK\source\repos\parkcheolhong\codeAI\apps\mobile-nadotongryoksa\node_modules\react-native-webrtc\node_modules\event-target-shim" under the requested subpath "./index". Falling back to file-based resolution. Consider updating the call site or asking the package maintainer(s) to expose this API.
Android Bundled 608ms index.js (1028 modules)
 WARN  Require cycle: src/features/navigation/sectionRegistry.ts -> src/features/i18n/featureUiCatalog.ts -> src/features/i18n/uiI18n.ts -> src/features/i18n/uiStringCatalog.ts -> src/features/navigation/sectionRegistry.ts

Require cycles are allowed, but can result in uninitialized values. Consider refactoring to remove the need for a cycle.
 LOG  [VoIP] WebRTC module loaded {"hasMediaDevices": true, "hasPeerConnection": true, "module": "react-native-webrtc"}
 WARN  This method is deprecated (as well as all React Native Firebase namespaced API) and will be removed in the next major release as part of move to match Firebase Web modular SDK API. Please see migration guide for more details: https://rnfirebase.io/migrating-to-v22 Please use `getApps()` instead.
 WARN  This method is deprecated (as well as all React Native Firebase namespaced API) and will be removed in the next major release as part of move to match Firebase Web modular SDK API. Please see migration guide for more details: https://rnfirebase.io/migrating-to-v22 Please use `initializeApp()` instead.
 WARN  This method is deprecated (as well as all React Native Firebase namespaced API) and will be removed in the next major release as part of move to match Firebase Web modular SDK API. Please see migration guide for more details: https://rnfirebase.io/migrating-to-v22 Please use `getApps()` instead.
 WARN  This method is deprecated (as well as all React Native Firebase namespaced API) and will be removed in the next major release as part of move to match Firebase Web modular SDK API. Please see migration guide for more details: https://rnfirebase.io/migrating-to-v22 Please use `getApp()` instead.
 LOG  [UI_PRESS_PROBE] {"event":"NETWORK_TRANSPORT_CHANGED","timestamp":"2026-08-15T15:49:27.992Z","token_ready":false,"user_ready":false,"show_login":false,"show_voip_tester":false,"selected_call_mode":"pstn_assist","transport":"unknown","cellular_generation":null,"label":"알 수 없음","is_connected":false,"is_internet_reachable":null,"carrier":null,"ssid":null,"is_accurate_voip_test_ready":false,"previous_label":null}
 LOG  [WORLDLINGCO_API] base_url https://metanova1004.com
 LOG  [VoIPToneService] AudioContext not available (React Native environment)
 LOG  [FACE_CONVERSATION] {"event":"silero_probe","supported":false}
 LOG  [WORLDLINGCO_TUNING] {"event":"remote_loaded","updated_at":"2026-08-14T06:06:31Z","version":6}
 LOG  [AUTH_FLOW] {"event":"AUTH_STORAGE_RESTORE_FOUND","user_id":6,"user_email":"119cash@naver.com"}
 LOG  [AUTH_FLOW] {"event":"AUTH_STORAGE_RESTORE_APPLIED","user_id":6,"user_email":"119cash@naver.com"}
 WARN  This method is deprecated (as well as all React Native Firebase namespaced API) and will be removed in the next major release as part of move to match Firebase Web modular SDK API. Please see migration guide for more details: https://rnfirebase.io/migrating-to-v22 Please use `getApps()` instead.
 WARN  This method is deprecated (as well as all React Native Firebase namespaced API) and will be removed in the next major release as part of move to match Firebase Web modular SDK API. Please see migration guide for more details: https://rnfirebase.io/migrating-to-v22 Please use `getApps()` instead.
 WARN  This method is deprecated (as well as all React Native Firebase namespaced API) and will be removed in the next major release as part of move to match Firebase Web modular SDK API. Please see migration guide for more details: https://rnfirebase.io/migrating-to-v22 Please use `getApps()` instead.
 WARN  This method is deprecated (as well as all React Native Firebase namespaced API) and will be removed in the next major release as part of move to match Firebase Web modular SDK API. Please see migration guide for more details: https://rnfirebase.io/migrating-to-v22 Please use `getApps()` instead.
 LOG  [VoIPPendingIncoming] {"event":"REQUEST_START","source":"pending_call_initial","token_summary":"len:30:passke...en_331","user_id":6,"has_pending_call":false,"has_active_call":false}
 LOG  [UI_PRESS_PROBE] {"event":"VOIP_PRESENCE_CONNECT_ATTEMPT","timestamp":"2026-08-15T15:49:31.717Z","token_ready":true,"user_ready":true,"show_login":false,"show_voip_tester":false,"selected_call_mode":"pstn_assist","voice_id":"nado-000006","token_summary":"len:30:passke...en_331","reason":"effect_start","api_base":"https://metanova1004.com"}
 WARN  This method is deprecated (as well as all React Native Firebase namespaced API) and will be removed in the next major release as part of move to match Firebase Web modular SDK API. Please see migration guide for more details: https://rnfirebase.io/migrating-to-v22 Please use `getApp()` instead.
 WARN  This method is deprecated (as well as all React Native Firebase namespaced API) and will be removed in the next major release as part of move to match Firebase Web modular SDK API. Please see migration guide for more details: https://rnfirebase.io/migrating-to-v22 Please use `getApp()` instead.
 WARN  This method is deprecated (as well as all React Native Firebase namespaced API) and will be removed in the next major release as part of move to match Firebase Web modular SDK API. Please see migration guide for more details: https://rnfirebase.io/migrating-to-v22 Please use `getApp()` instead.
 WARN  This method is deprecated (as well as all React Native Firebase namespaced API) and will be removed in the next major release as part of move to match Firebase Web modular SDK API. Please see migration guide for more details: https://rnfirebase.io/migrating-to-v22 Please use `getApp()` instead.
 LOG  [UI_PRESS_PROBE] {"event":"VOIP_NOTIFICATION_PERMISSION_STATUS","timestamp":"2026-08-15T15:49:31.857Z","token_ready":true,"user_ready":true,"show_login":false,"show_voip_tester":false,"selected_call_mode":"pstn_assist","notifications_enabled":true}
Android Bundled 33ms index.js (1 module)
 WARN  Require cycle: src/features/navigation/sectionRegistry.ts -> src/features/i18n/featureUiCatalog.ts -> src/features/i18n/uiI18n.ts -> src/features/i18n/uiStringCatalog.ts -> src/features/navigation/sectionRegistry.ts

Require cycles are allowed, but can result in uninitialized values. Consider refactoring to remove the need for a cycle.
 LOG  [VoIP] WebRTC module loaded {"hasMediaDevices": true, "hasPeerConnection": true, "module": "react-native-webrtc"}
 WARN  This method is deprecated (as well as all React Native Firebase namespaced API) and will be removed in the next major release as part of move to match Firebase Web modular SDK API. Please see migration guide for more details: https://rnfirebase.io/migrating-to-v22 Please use `getApps()` instead.
 WARN  This method is deprecated (as well as all React Native Firebase namespaced API) and will be removed in the next major release as part of move to match Firebase Web modular SDK API. Please see migration guide for more details: https://rnfirebase.io/migrating-to-v22 Please use `initializeApp()` instead.
 WARN  This method is deprecated (as well as all React Native Firebase namespaced API) and will be removed in the next major release as part of move to match Firebase Web modular SDK API. Please see migration guide for more details: https://rnfirebase.io/migrating-to-v22 Please use `getApps()` instead.
 WARN  This method is deprecated (as well as all React Native Firebase namespaced API) and will be removed in the next major release as part of move to match Firebase Web modular SDK API. Please see migration guide for more details: https://rnfirebase.io/migrating-to-v22 Please use `getApp()` instead.
 LOG  [UI_PRESS_PROBE] {"event":"NETWORK_TRANSPORT_CHANGED","timestamp":"2026-08-15T15:49:53.452Z","token_ready":false,"user_ready":false,"show_login":false,"show_voip_tester":false,"selected_call_mode":"pstn_assist","transport":"unknown","cellular_generation":null,"label":"알 수 없음","is_connected":false,"is_internet_reachable":null,"carrier":null,"ssid":null,"is_accurate_voip_test_ready":false,"previous_label":null}
 LOG  [WORLDLINGCO_API] base_url https://metanova1004.com
 LOG  [VoIPToneService] AudioContext not available (React Native environment)
 LOG  [FACE_CONVERSATION] {"event":"silero_probe","supported":false}
 LOG  [WORLDLINGCO_TUNING] {"event":"remote_loaded","updated_at":"2026-08-14T06:06:31Z","version":6}
 LOG  [AUTH_FLOW] {"event":"AUTH_STORAGE_RESTORE_FOUND","user_id":6,"user_email":"119cash@naver.com"}
 LOG  [AUTH_FLOW] {"event":"AUTH_STORAGE_RESTORE_APPLIED","user_id":6,"user_email":"119cash@naver.com"}
 WARN  This method is deprecated (as well as all React Native Firebase namespaced API) and will be removed in the next major release as part of move to match Firebase Web modular SDK API. Please see migration guide for more details: https://rnfirebase.io/migrating-to-v22 Please use `getApps()` instead.
 WARN  This method is deprecated (as well as all React Native Firebase namespaced API) and will be removed in the next major release as part of move to match Firebase Web modular SDK API. Please see migration guide for more details: https://rnfirebase.io/migrating-to-v22 Please use `getApps()` instead.
 WARN  This method is deprecated (as well as all React Native Firebase namespaced API) and will be removed in the next major release as part of move to match Firebase Web modular SDK API. Please see migration guide for more details: https://rnfirebase.io/migrating-to-v22 Please use `getApps()` instead.
 WARN  This method is deprecated (as well as all React Native Firebase namespaced API) and will be removed in the next major release as part of move to match Firebase Web modular SDK API. Please see migration guide for more details: https://rnfirebase.io/migrating-to-v22 Please use `getApps()` instead.
 LOG  [VoIPPendingIncoming] {"event":"REQUEST_START","source":"pending_call_initial","token_summary":"len:30:passke...en_331","user_id":6,"has_pending_call":false,"has_active_call":false}
 LOG  [UI_PRESS_PROBE] {"event":"VOIP_PRESENCE_CONNECT_ATTEMPT","timestamp":"2026-08-15T15:49:57.336Z","token_ready":true,"user_ready":true,"show_login":false,"show_voip_tester":false,"selected_call_mode":"pstn_assist","voice_id":"nado-000006","token_summary":"len:30:passke...en_331","reason":"effect_start","api_base":"https://metanova1004.com"}
 WARN  This method is deprecated (as well as all React Native Firebase namespaced API) and will be removed in the next major release as part of move to match Firebase Web modular SDK API. Please see migration guide for more details: https://rnfirebase.io/migrating-to-v22 Please use `getApp()` instead.
 WARN  This method is deprecated (as well as all React Native Firebase namespaced API) and will be removed in the next major release as part of move to match Firebase Web modular SDK API. Please see migration guide for more details: https://rnfirebase.io/migrating-to-v22 Please use `getApp()` instead.
 WARN  This method is deprecated (as well as all React Native Firebase namespaced API) and will be removed in the next major release as part of move to match Firebase Web modular SDK API. Please see migration guide for more details: https://rnfirebase.io/migrating-to-v22 Please use `getApp()` instead.
 WARN  This method is deprecated (as well as all React Native Firebase namespaced API) and will be removed in the next major release as part of move to match Firebase Web modular SDK API. Please see migration guide for more details: https://rnfirebase.io/migrating-to-v22 Please use `getApp()` instead.
 LOG  [UI_PRESS_PROBE] {"event":"VOIP_NOTIFICATION_PERMISSION_STATUS","timestamp":"2026-08-15T15:49:57.467Z","token_ready":true,"user_ready":true,"show_login":false,"show_voip_tester":false,"selected_call_mode":"pstn_assist","notifications_enabled":true}
 LOG  [UI_PRESS_PROBE] {"event":"NETWORK_TRANSPORT_CHANGED","timestamp":"2026-08-15T15:49:59.275Z","token_ready":true,"user_ready":true,"show_login":false,"show_voip_tester":false,"selected_call_mode":"pstn_assist","transport":"wifi","cellular_generation":null,"label":"WiFi","is_connected":true,"is_internet_reachable":true,"carrier":null,"ssid":"KT_WiFi_7_0A7C","is_accurate_voip_test_ready":false,"previous_label":"알 수 없음"}
 LOG  [GPS_DEBUG_TRACE] {"ts":"2026-08-15T15:49:59.383Z","event":"resolve-start","attemptId":"1786808999375-b17gtb","platform":"android"}
 LOG  [UI_PRESS_PROBE] {"event":"VOIP_PRESENCE_ERROR","timestamp":"2026-08-15T15:49:59.413Z","token_ready":true,"user_ready":true,"show_login":false,"show_voip_tester":false,"selected_call_mode":"pstn_assist","voice_id":"nado-000006","token_summary":"len:30:passke...en_331","reason":"effect_start"}
 LOG  [UI_PRESS_PROBE] {"event":"VOIP_PRESENCE_CLOSED","timestamp":"2026-08-15T15:49:59.421Z","token_ready":true,"user_ready":true,"show_login":false,"show_voip_tester":false,"selected_call_mode":"pstn_assist","voice_id":"nado-000006","token_summary":"len:30:passke...en_331","reason":"effect_start","code":1006}
 LOG  [UI_PRESS_PROBE] {"event":"VOIP_PRESENCE_RETRY_SCHEDULED","timestamp":"2026-08-15T15:49:59.429Z","token_ready":true,"user_ready":true,"show_login":false,"show_voip_tester":false,"selected_call_mode":"pstn_assist","voice_id":"nado-000006","token_summary":"len:30:passke...en_331","reason":"close:1006"}
 LOG  [MISSED_CALL] {"event":"fetch","count":0}
 LOG  [VoIPPendingIncoming] {"event":"REQUEST_RESULT","source":"pending_call_initial","token_summary":"len:30:passke...en_331","user_id":6,"status":401,"ok":false}
 LOG  [VoIPPendingIncoming] fetch failed 401
 WARN  This method is deprecated (as well as all React Native Firebase namespaced API) and will be removed in the next major release as part of move to match Firebase Web modular SDK API. Please see migration guide for more details: https://rnfirebase.io/migrating-to-v22 Please use `getApps()` instead.
 LOG  [VoIPPendingIncoming] {"event":"REQUEST_START","source":"pending_call_poll","token_summary":"len:30:passke...en_331","user_id":6,"has_pending_call":false,"has_active_call":false}
 WARN  This method is deprecated (as well as all React Native Firebase namespaced API) and will be removed in the next major release as part of move to match Firebase Web modular SDK API. Please see migration guide for more details: https://rnfirebase.io/migrating-to-v22 Please use `getApp()` instead.
 LOG  [UI_PRESS_PROBE] {"event":"VOIP_PRESENCE_CONNECT_ATTEMPT","timestamp":"2026-08-15T15:50:02.449Z","token_ready":true,"user_ready":true,"show_login":false,"show_voip_tester":false,"selected_call_mode":"pstn_assist","voice_id":"nado-000006","token_summary":"len:30:passke...en_331","reason":"retry:close:1006","api_base":"https://metanova1004.com"}
 LOG  [UI_PRESS_PROBE] {"event":"VOIP_ACTIVE_CALL_RESUME_SKIPPED_AUTH","timestamp":"2026-08-15T15:50:03.042Z","token_ready":true,"user_ready":true,"show_login":false,"show_voip_tester":false,"selected_call_mode":"pstn_assist","source":"app_launch_resume","status":401,"last_call_id":null}
 WARN  This method is deprecated (as well as all React Native Firebase namespaced API) and will be removed in the next major release as part of move to match Firebase Web modular SDK API. Please see migration guide for more details: https://rnfirebase.io/migrating-to-v22 Please use `getApp()` instead.
 WARN  This method is deprecated (as well as all React Native Firebase namespaced API) and will be removed in the next major release as part of move to match Firebase Web modular SDK API. Please see migration guide for more details: https://rnfirebase.io/migrating-to-v22 Please use `getApps()` instead.
 WARN  This method is deprecated (as well as all React Native Firebase namespaced API) and will be removed in the next major release as part of move to match Firebase Web modular SDK API. Please see migration guide for more details: https://rnfirebase.io/migrating-to-v22 Please use `getApp()` instead.
 WARN  This method is deprecated (as well as all React Native Firebase namespaced API) and will be removed in the next major release as part of move to match Firebase Web modular SDK API. Please see migration guide for more details: https://rnfirebase.io/migrating-to-v22 Please use `getApp()` instead.
 LOG  [VoIPPendingIncoming] {"event":"REQUEST_RESULT","source":"pending_call_poll","token_summary":"len:30:passke...en_331","user_id":6,"status":401,"ok":false}
 LOG  [VoIPPendingIncoming] fetch failed 401
 WARN  This method is deprecated (as well as all React Native Firebase namespaced API) and will be removed in the next major release as part of move to match Firebase Web modular SDK API. Please see migration guide for more details: https://rnfirebase.io/migrating-to-v22 Please use `getApp()` instead.
 LOG  [VoIPPendingIncoming] {"event":"REQUEST_START","source":"pending_call_poll","token_summary":"len:30:passke...en_331","user_id":6,"has_pending_call":false,"has_active_call":false}
 LOG  [UI_PRESS_PROBE] {"event":"VOIP_PRESENCE_ERROR","timestamp":"2026-08-15T15:50:04.262Z","token_ready":true,"user_ready":true,"show_login":false,"show_voip_tester":false,"selected_call_mode":"pstn_assist","voice_id":"nado-000006","token_summary":"len:30:passke...en_331","reason":"retry:close:1006"}
 LOG  [UI_PRESS_PROBE] {"event":"VOIP_PRESENCE_CLOSED","timestamp":"2026-08-15T15:50:04.266Z","token_ready":true,"user_ready":true,"show_login":false,"show_voip_tester":false,"selected_call_mode":"pstn_assist","voice_id":"nado-000006","token_summary":"len:30:passke...en_331","reason":"retry:close:1006","code":1006}
 LOG  [UI_PRESS_PROBE] {"event":"VOIP_PRESENCE_RETRY_SCHEDULED","timestamp":"2026-08-15T15:50:04.269Z","token_ready":true,"user_ready":true,"show_login":false,"show_voip_tester":false,"selected_call_mode":"pstn_assist","voice_id":"nado-000006","token_summary":"len:30:passke...en_331","reason":"close:1006"}
 LOG  [GPS_DEBUG_TRACE] {"ts":"2026-08-15T15:50:04.864Z","event":"adb-override-miss","attemptId":"1786808999375-b17gtb","path":"file:///storage/emulated/0/Android/media/com.parkcheolhong.worldlinco/worldlingo_mock_location.json"}
 LOG  [VoIPPendingIncoming] {"event":"REQUEST_RESULT","source":"pending_call_poll","token_summary":"len:30:passke...en_331","user_id":6,"status":401,"ok":false}
 LOG  [VoIPPendingIncoming] fetch failed 401
 LOG  [VoIPPendingIncoming] {"event":"REQUEST_START","source":"pending_call_poll","token_summary":"len:30:passke...en_331","user_id":6,"has_pending_call":false,"has_active_call":false}
 LOG  [UI_PRESS_PROBE] {"event":"VOIP_FCM_TOPIC_READY","timestamp":"2026-08-15T15:50:06.633Z","token_ready":true,"user_ready":true,"show_login":false,"show_voip_tester":false,"selected_call_mode":"pstn_assist","topic":"worldlingo_voip_nado_000006","push_token_present":true}
 LOG  [UI_PRESS_PROBE] {"event":"VOIP_PRESENCE_CONNECT_ATTEMPT","timestamp":"2026-08-15T15:50:07.212Z","token_ready":true,"user_ready":true,"show_login":false,"show_voip_tester":false,"selected_call_mode":"pstn_assist","voice_id":"nado-000006","token_summary":"len:30:passke...en_331","reason":"retry:close:1006","api_base":"https://metanova1004.com"}
 LOG  [VoIPPendingIncoming] {"event":"REQUEST_RESULT","source":"pending_call_poll","token_summary":"len:30:passke...en_331","user_id":6,"status":401,"ok":false}
 LOG  [VoIPPendingIncoming] fetch failed 401
 LOG  [UI_PRESS_PROBE] {"event":"VOIP_PRESENCE_ERROR","timestamp":"2026-08-15T15:50:08.369Z","token_ready":true,"user_ready":true,"show_login":false,"show_voip_tester":false,"selected_call_mode":"pstn_assist","voice_id":"nado-000006","token_summary":"len:30:passke...en_331","reason":"retry:close:1006"}
 LOG  [UI_PRESS_PROBE] {"event":"VOIP_PRESENCE_CLOSED","timestamp":"2026-08-15T15:50:08.373Z","token_ready":true,"user_ready":true,"show_login":false,"show_voip_tester":false,"selected_call_mode":"pstn_assist","voice_id":"nado-000006","token_summary":"len:30:passke...en_331","reason":"retry:close:1006","code":1006}
 LOG  [UI_PRESS_PROBE] {"event":"VOIP_PRESENCE_RETRY_SCHEDULED","timestamp":"2026-08-15T15:50:08.375Z","token_ready":true,"user_ready":true,"show_login":false,"show_voip_tester":false,"selected_call_mode":"pstn_assist","voice_id":"nado-000006","token_summary":"len:30:passke...en_331","reason":"close:1006"}
 LOG  [VoIPPendingIncoming] {"event":"REQUEST_START","source":"pending_call_poll","token_summary":"len:30:passke...en_331","user_id":6,"has_pending_call":false,"has_active_call":false}
 LOG  [GPS_DEBUG_TRACE] {"ts":"2026-08-15T15:50:08.992Z","event":"services-enabled","attemptId":"1786808999375-b17gtb","servicesEnabled":true}
 LOG  [VoIPPendingIncoming] {"event":"REQUEST_RESULT","source":"pending_call_poll","token_summary":"len:30:passke...en_331","user_id":6,"status":401,"ok":false}
 LOG  [VoIPPendingIncoming] fetch failed 401
 LOG  [VoIPPendingIncoming] {"event":"REQUEST_START","source":"pending_call_poll","token_summary":"len:30:passke...en_331","user_id":6,"has_pending_call":false,"has_active_call":false}
 LOG  [UI_PRESS_PROBE] {"event":"VOIP_PRESENCE_CONNECT_ATTEMPT","timestamp":"2026-08-15T15:50:11.266Z","token_ready":true,"user_ready":true,"show_login":false,"show_voip_tester":false,"selected_call_mode":"pstn_assist","voice_id":"nado-000006","token_summary":"len:30:passke...en_331","reason":"retry:close:1006","api_base":"https://metanova1004.com"}
 LOG  [UI_PRESS_PROBE] {"event":"VOIP_PRESENCE_ERROR","timestamp":"2026-08-15T15:50:13.058Z","token_ready":true,"user_ready":true,"show_login":false,"show_voip_tester":false,"selected_call_mode":"pstn_assist","voice_id":"nado-000006","token_summary":"len:30:passke...en_331","reason":"retry:close:1006"}
 LOG  [UI_PRESS_PROBE] {"event":"VOIP_PRESENCE_CLOSED","timestamp":"2026-08-15T15:50:13.060Z","token_ready":true,"user_ready":true,"show_login":false,"show_voip_tester":false,"selected_call_mode":"pstn_assist","voice_id":"nado-000006","token_summary":"len:30:passke...en_331","reason":"retry:close:1006","code":1006}
 LOG  [UI_PRESS_PROBE] {"event":"VOIP_PRESENCE_RETRY_SCHEDULED","timestamp":"2026-08-15T15:50:13.063Z","token_ready":true,"user_ready":true,"show_login":false,"show_voip_tester":false,"selected_call_mode":"pstn_assist","voice_id":"nado-000006","token_summary":"len:30:passke...en_331","reason":"close:1006"}
 LOG  [VoIPPendingIncoming] {"event":"REQUEST_RESULT","source":"pending_call_poll","token_summary":"len:30:passke...en_331","user_id":6,"status":401,"ok":false}
 LOG  [VoIPPendingIncoming] fetch failed 401
 LOG  [VoIPPendingIncoming] {"event":"REQUEST_START","source":"pending_call_poll","token_summary":"len:30:passke...en_331","user_id":6,"has_pending_call":false,"has_active_call":false}
 LOG  [VoIPPendingIncoming] {"event":"REQUEST_RESULT","source":"pending_call_poll","token_summary":"len:30:passke...en_331","user_id":6,"status":401,"ok":false}
 LOG  [VoIPPendingIncoming] fetch failed 401
 LOG  [UI_PRESS_PROBE] {"event":"VOIP_PRESENCE_CONNECT_ATTEMPT","timestamp":"2026-08-15T15:50:16.015Z","token_ready":true,"user_ready":true,"show_login":false,"show_voip_tester":false,"selected_call_mode":"pstn_assist","voice_id":"nado-000006","token_summary":"len:30:passke...en_331","reason":"retry:close:1006","api_base":"https://metanova1004.com"}
 LOG  [VoIPPendingIncoming] {"event":"REQUEST_START","source":"pending_call_poll","token_summary":"len:30:passke...en_331","user_id":6,"has_pending_call":false,"has_active_call":false}
 LOG  [UI_PRESS_PROBE] {"event":"VOIP_PRESENCE_ERROR","timestamp":"2026-08-15T15:50:17.817Z","token_ready":true,"user_ready":true,"show_login":false,"show_voip_tester":false,"selected_call_mode":"pstn_assist","voice_id":"nado-000006","token_summary":"len:30:passke...en_331","reason":"retry:close:1006"}
 LOG  [UI_PRESS_PROBE] {"event":"VOIP_PRESENCE_CLOSED","timestamp":"2026-08-15T15:50:17.827Z","token_ready":true,"user_ready":true,"show_login":false,"show_voip_tester":false,"selected_call_mode":"pstn_assist","voice_id":"nado-000006","token_summary":"len:30:passke...en_331","reason":"retry:close:1006","code":1006}
 LOG  [UI_PRESS_PROBE] {"event":"VOIP_PRESENCE_RETRY_SCHEDULED","timestamp":"2026-08-15T15:50:17.828Z","token_ready":true,"user_ready":true,"show_login":false,"show_voip_tester":false,"selected_call_mode":"pstn_assist","voice_id":"nado-000006","token_summary":"len:30:passke...en_331","reason":"close:1006"}
 LOG  [VoIPPendingIncoming] {"event":"REQUEST_RESULT","source":"pending_call_poll","token_summary":"len:30:passke...en_331","user_id":6,"status":401,"ok":false}
 LOG  [VoIPPendingIncoming] fetch failed 401
 LOG  [VoIPPendingIncoming] {"event":"REQUEST_START","source":"pending_call_poll","token_summary":"len:30:passke...en_331","user_id":6,"has_pending_call":false,"has_active_call":false}
 LOG  [GPS_DEBUG_TRACE] {"ts":"2026-08-15T15:50:20.141Z","event":"current-position-success","attemptId":"1786808999375-b17gtb","source":"gps_high","accuracy":20,"latitude":37.9083642,"longitude":127.9327755,"timestamp":1786809018653}
 LOG  [VoIPPendingIncoming] {"event":"REQUEST_RESULT","source":"pending_call_poll","token_summary":"len:30:passke...en_331","user_id":6,"status":401,"ok":false}
 LOG  [VoIPPendingIncoming] fetch failed 401
 LOG  [UI_PRESS_PROBE] {"event":"VOIP_PRESENCE_CONNECT_ATTEMPT","timestamp":"2026-08-15T15:50:20.706Z","token_ready":true,"user_ready":true,"show_login":false,"show_voip_tester":false,"selected_call_mode":"pstn_assist","voice_id":"nado-000006","token_summary":"len:30:passke...en_331","reason":"retry:close:1006","api_base":"https://metanova1004.com"}
 LOG  [VoIPPendingIncoming] {"event":"REQUEST_START","source":"pending_call_poll","token_summary":"len:30:passke...en_331","user_id":6,"has_pending_call":false,"has_active_call":false}
 LOG  [UI_PRESS_PROBE] {"event":"VOIP_PRESENCE_ERROR","timestamp":"2026-08-15T15:50:22.375Z","token_ready":true,"user_ready":true,"show_login":false,"show_voip_tester":false,"selected_call_mode":"pstn_assist","voice_id":"nado-000006","token_summary":"len:30:passke...en_331","reason":"retry:close:1006"}
 LOG  [UI_PRESS_PROBE] {"event":"VOIP_PRESENCE_CLOSED","timestamp":"2026-08-15T15:50:22.378Z","token_ready":true,"user_ready":true,"show_login":false,"show_voip_tester":false,"selected_call_mode":"pstn_assist","voice_id":"nado-000006","token_summary":"len:30:passke...en_331","reason":"retry:close:1006","code":1006}
 LOG  [UI_PRESS_PROBE] {"event":"VOIP_PRESENCE_RETRY_SCHEDULED","timestamp":"2026-08-15T15:50:22.381Z","token_ready":true,"user_ready":true,"show_login":false,"show_voip_tester":false,"selected_call_mode":"pstn_assist","voice_id":"nado-000006","token_summary":"len:30:passke...en_331","reason":"close:1006"}
 LOG  [VoIPPendingIncoming] {"event":"REQUEST_RESULT","source":"pending_call_poll","token_summary":"len:30:passke...en_331","user_id":6,"status":401,"ok":false}
 LOG  [VoIPPendingIncoming] fetch failed 401
 LOG  [VoIPPendingIncoming] {"event":"REQUEST_START","source":"pending_call_poll","token_summary":"len:30:passke...en_331","user_id":6,"has_pending_call":false,"has_active_call":false}
 LOG  [GPS_DEBUG_TRACE] {"ts":"2026-08-15T15:50:25.179Z","event":"last-known-snapshot","attemptId":"1786808999375-b17gtb","phase":"after-gps-high-success","servicesEnabled":true,"hasSnapshot":true,"latitude":37.9083642,"longitude":127.9327755,"accuracy":20,"mocked":false,"timestamp":1786809018653}
 LOG  [UI_PRESS_PROBE] {"event":"VOIP_PRESENCE_CONNECT_ATTEMPT","timestamp":"2026-08-15T15:50:25.183Z","token_ready":true,"user_ready":true,"show_login":false,"show_voip_tester":false,"selected_call_mode":"pstn_assist","voice_id":"nado-000006","token_summary":"len:30:passke...en_331","reason":"retry:close:1006","api_base":"https://metanova1004.com"}
 LOG  [VoIPPendingIncoming] {"event":"REQUEST_RESULT","source":"pending_call_poll","token_summary":"len:30:passke...en_331","user_id":6,"status":401,"ok":false}
 LOG  [VoIPPendingIncoming] fetch failed 401
 LOG  [VoIPPendingIncoming] {"event":"REQUEST_START","source":"pending_call_poll","token_summary":"len:30:passke...en_331","user_id":6,"has_pending_call":false,"has_active_call":false}
 LOG  [UI_PRESS_PROBE] {"event":"VOIP_PRESENCE_ERROR","timestamp":"2026-08-15T15:50:26.966Z","token_ready":true,"user_ready":true,"show_login":false,"show_voip_tester":false,"selected_call_mode":"pstn_assist","voice_id":"nado-000006","token_summary":"len:30:passke...en_331","reason":"retry:close:1006"}
 LOG  [UI_PRESS_PROBE] {"event":"VOIP_PRESENCE_CLOSED","timestamp":"2026-08-15T15:50:26.971Z","token_ready":true,"user_ready":true,"show_login":false,"show_voip_tester":false,"selected_call_mode":"pstn_assist","voice_id":"nado-000006","token_summary":"len:30:passke...en_331","reason":"retry:close:1006","code":1006}
 LOG  [UI_PRESS_PROBE] {"event":"VOIP_PRESENCE_RETRY_SCHEDULED","timestamp":"2026-08-15T15:50:26.974Z","token_ready":true,"user_ready":true,"show_login":false,"show_voip_tester":false,"selected_call_mode":"pstn_assist","voice_id":"nado-000006","token_summary":"len:30:passke...en_331","reason":"close:1006"}
 LOG  [VoIPPendingIncoming] {"event":"REQUEST_RESULT","source":"pending_call_poll","token_summary":"len:30:passke...en_331","user_id":6,"status":401,"ok":false}
 LOG  [VoIPPendingIncoming] fetch failed 401
 LOG  [VoIPPendingIncoming] {"event":"REQUEST_START","source":"pending_call_poll","token_summary":"len:30:passke...en_331","user_id":6,"has_pending_call":false,"has_active_call":false}
 LOG  [UI_PRESS_PROBE] {"event":"VOIP_PRESENCE_CONNECT_ATTEMPT","timestamp":"2026-08-15T15:50:29.682Z","token_ready":true,"user_ready":true,"show_login":false,"show_voip_tester":false,"selected_call_mode":"pstn_assist","voice_id":"nado-000006","token_summary":"len:30:passke...en_331","reason":"retry:close:1006","api_base":"https://metanova1004.com"}
 LOG  [GPS_DEBUG_TRACE] {"ts":"2026-08-15T15:50:30.233Z","event":"persisted-location-saved","attemptId":"1786808999375-b17gtb","source":"gps_high","accuracy":20,"latitude":37.9083642,"longitude":127.9327755}
 LOG  [VoIPPendingIncoming] {"event":"REQUEST_RESULT","source":"pending_call_poll","token_summary":"len:30:passke...en_331","user_id":6,"status":401,"ok":false}
 LOG  [VoIPPendingIncoming] fetch failed 401
 LOG  [UI_PRESS_PROBE] {"event":"VOIP_PRESENCE_ERROR","timestamp":"2026-08-15T15:50:31.346Z","token_ready":true,"user_ready":true,"show_login":false,"show_voip_tester":false,"selected_call_mode":"pstn_assist","voice_id":"nado-000006","token_summary":"len:30:passke...en_331","reason":"retry:close:1006"}
 LOG  [UI_PRESS_PROBE] {"event":"VOIP_PRESENCE_CLOSED","timestamp":"2026-08-15T15:50:31.349Z","token_ready":true,"user_ready":true,"show_login":false,"show_voip_tester":false,"selected_call_mode":"pstn_assist","voice_id":"nado-000006","token_summary":"len:30:passke...en_331","reason":"retry:close:1006","code":1006}
 LOG  [UI_PRESS_PROBE] {"event":"VOIP_PRESENCE_RETRY_SCHEDULED","timestamp":"2026-08-15T15:50:31.351Z","token_ready":true,"user_ready":true,"show_login":false,"show_voip_tester":false,"selected_call_mode":"pstn_assist","voice_id":"nado-000006","token_summary":"len:30:passke...en_331","reason":"close:1006"}
 LOG  [VoIPPendingIncoming] {"event":"REQUEST_START","source":"pending_call_poll","token_summary":"len:30:passke...en_331","user_id":6,"has_pending_call":false,"has_active_call":false}
 LOG  [VoIPPendingIncoming] {"event":"REQUEST_RESULT","source":"pending_call_poll","token_summary":"len:30:passke...en_331","user_id":6,"status":401,"ok":false}
 LOG  [VoIPPendingIncoming] fetch failed 401
 LOG  [VoIPPendingIncoming] {"event":"REQUEST_START","source":"pending_call_poll","token_summary":"len:30:passke...en_331","user_id":6,"has_pending_call":false,"has_active_call":false}
 LOG  [UI_PRESS_PROBE] {"event":"VOIP_PRESENCE_CONNECT_ATTEMPT","timestamp":"2026-08-15T15:50:34.105Z","token_ready":true,"user_ready":true,"show_login":false,"show_voip_tester":false,"selected_call_mode":"pstn_assist","voice_id":"nado-000006","token_summary":"len:30:passke...en_331","reason":"retry:close:1006","api_base":"https://metanova1004.com"}
 LOG  [UI_PRESS_PROBE] {"event":"VOIP_PRESENCE_ERROR","timestamp":"2026-08-15T15:50:35.799Z","token_ready":true,"user_ready":true,"show_login":false,"show_voip_tester":false,"selected_call_mode":"pstn_assist","voice_id":"nado-000006","token_summary":"len:30:passke...en_331","reason":"retry:close:1006"}
 LOG  [UI_PRESS_PROBE] {"event":"VOIP_PRESENCE_CLOSED","timestamp":"2026-08-15T15:50:35.801Z","token_ready":true,"user_ready":true,"show_login":false,"show_voip_tester":false,"selected_call_mode":"pstn_assist","voice_id":"nado-000006","token_summary":"len:30:passke...en_331","reason":"retry:close:1006","code":1006}
 LOG  [UI_PRESS_PROBE] {"event":"VOIP_PRESENCE_RETRY_SCHEDULED","timestamp":"2026-08-15T15:50:35.804Z","token_ready":true,"user_ready":true,"show_login":false,"show_voip_tester":false,"selected_call_mode":"pstn_assist","voice_id":"nado-000006","token_summary":"len:30:passke...en_331","reason":"close:1006"}
 LOG  [VoIPPendingIncoming] {"event":"REQUEST_RESULT","source":"pending_call_poll","token_summary":"len:30:passke...en_331","user_id":6,"status":401,"ok":false}
 LOG  [VoIPPendingIncoming] fetch failed 401
 LOG  [VoIPPendingIncoming] {"event":"REQUEST_START","source":"pending_call_poll","token_summary":"len:30:passke...en_331","user_id":6,"has_pending_call":false,"has_active_call":false}
 LOG  [VoIPPendingIncoming] {"event":"REQUEST_RESULT","source":"pending_call_poll","token_summary":"len:30:passke...en_331","user_id":6,"status":401,"ok":false}
 LOG  [VoIPPendingIncoming] fetch failed 401
 LOG  [UI_PRESS_PROBE] {"event":"VOIP_PRESENCE_CONNECT_ATTEMPT","timestamp":"2026-08-15T15:50:38.537Z","token_ready":true,"user_ready":true,"show_login":false,"show_voip_tester":false,"selected_call_mode":"pstn_assist","voice_id":"nado-000006","token_summary":"len:30:passke...en_331","reason":"retry:close:1006","api_base":"https://metanova1004.com"}
 LOG  [VoIPPendingIncoming] {"event":"REQUEST_START","source":"pending_call_poll","token_summary":"len:30:passke...en_331","user_id":6,"has_pending_call":false,"has_active_call":false}
 LOG  [UI_PRESS_PROBE] {"event":"VOIP_PRESENCE_ERROR","timestamp":"2026-08-15T15:50:40.167Z","token_ready":true,"user_ready":true,"show_login":false,"show_voip_tester":false,"selected_call_mode":"pstn_assist","voice_id":"nado-000006","token_summary":"len:30:passke...en_331","reason":"retry:close:1006"}
 LOG  [UI_PRESS_PROBE] {"event":"VOIP_PRESENCE_CLOSED","timestamp":"2026-08-15T15:50:40.170Z","token_ready":true,"user_ready":true,"show_login":false,"show_voip_tester":false,"selected_call_mode":"pstn_assist","voice_id":"nado-000006","token_summary":"len:30:passke...en_331","reason":"retry:close:1006","code":1006}
 LOG  [UI_PRESS_PROBE] {"event":"VOIP_PRESENCE_RETRY_SCHEDULED","timestamp":"2026-08-15T15:50:40.172Z","token_ready":true,"user_ready":true,"show_login":false,"show_voip_tester":false,"selected_call_mode":"pstn_assist","voice_id":"nado-000006","token_summary":"len:30:passke...en_331","reason":"close:1006"}
 LOG  [VoIPPendingIncoming] {"event":"REQUEST_RESULT","source":"pending_call_poll","token_summary":"len:30:passke...en_331","user_id":6,"status":401,"ok":false}
 LOG  [VoIPPendingIncoming] fetch failed 401
 LOG  [VoIPPendingIncoming] {"event":"REQUEST_START","source":"pending_call_poll","token_summary":"len:30:passke...en_331","user_id":6,"has_pending_call":false,"has_active_call":false}
 LOG  [VoIPPendingIncoming] {"event":"REQUEST_RESULT","source":"pending_call_poll","token_summary":"len:30:passke...en_331","user_id":6,"status":401,"ok":false}
 LOG  [VoIPPendingIncoming] fetch failed 401
 LOG  [UI_PRESS_PROBE] {"event":"VOIP_PRESENCE_CONNECT_ATTEMPT","timestamp":"2026-08-15T15:50:42.813Z","token_ready":true,"user_ready":true,"show_login":false,"show_voip_tester":false,"selected_call_mode":"pstn_assist","voice_id":"nado-000006","token_summary":"len:30:passke...en_331","reason":"retry:close:1006","api_base":"https://metanova1004.com"}
 LOG  [VoIPPendingIncoming] {"event":"REQUEST_START","source":"pending_call_poll","token_summary":"len:30:passke...en_331","user_id":6,"has_pending_call":false,"has_active_call":false}
 LOG  [UI_PRESS_PROBE] {"event":"VOIP_PRESENCE_ERROR","timestamp":"2026-08-15T15:50:44.399Z","token_ready":true,"user_ready":true,"show_login":false,"show_voip_tester":false,"selected_call_mode":"pstn_assist","voice_id":"nado-000006","token_summary":"len:30:passke...en_331","reason":"retry:close:1006"}
 LOG  [UI_PRESS_PROBE] {"event":"VOIP_PRESENCE_CLOSED","timestamp":"2026-08-15T15:50:44.403Z","token_ready":true,"user_ready":true,"show_login":false,"show_voip_tester":false,"selected_call_mode":"pstn_assist","voice_id":"nado-000006","token_summary":"len:30:passke...en_331","reason":"retry:close:1006","code":1006}
 LOG  [UI_PRESS_PROBE] {"event":"VOIP_PRESENCE_RETRY_SCHEDULED","timestamp":"2026-08-15T15:50:44.406Z","token_ready":true,"user_ready":true,"show_login":false,"show_voip_tester":false,"selected_call_mode":"pstn_assist","voice_id":"nado-000006","token_summary":"len:30:passke...en_331","reason":"close:1006"}
 LOG  [VoIPPendingIncoming] {"event":"REQUEST_RESULT","source":"pending_call_poll","token_summary":"len:30:passke...en_331","user_id":6,"status":401,"ok":false}
 LOG  [VoIPPendingIncoming] fetch failed 401
 LOG  [VoIPPendingIncoming] {"event":"REQUEST_START","source":"pending_call_poll","token_summary":"len:30:passke...en_331","user_id":6,"has_pending_call":false,"has_active_call":false}
 LOG  [UI_PRESS_PROBE] {"event":"VOIP_PRESENCE_CONNECT_ATTEMPT","timestamp":"2026-08-15T15:50:47.374Z","token_ready":true,"user_ready":true,"show_login":false,"show_voip_tester":false,"selected_call_mode":"pstn_assist","voice_id":"nado-000006","token_summary":"len:30:passke...en_331","reason":"retry:close:1006","api_base":"https://metanova1004.com"}
 LOG  [VoIPPendingIncoming] {"event":"REQUEST_RESULT","source":"pending_call_poll","token_summary":"len:30:passke...en_331","user_id":6,"status":401,"ok":false}
 LOG  [VoIPPendingIncoming] fetch failed 401
 LOG  [UI_PRESS_PROBE] {"event":"VOIP_PRESENCE_ERROR","timestamp":"2026-08-15T15:50:48.929Z","token_ready":true,"user_ready":true,"show_login":false,"show_voip_tester":false,"selected_call_mode":"pstn_assist","voice_id":"nado-000006","token_summary":"len:30:passke...en_331","reason":"retry:close:1006"}
 LOG  [UI_PRESS_PROBE] {"event":"VOIP_PRESENCE_CLOSED","timestamp":"2026-08-15T15:50:48.932Z","token_ready":true,"user_ready":true,"show_login":false,"show_voip_tester":false,"selected_call_mode":"pstn_assist","voice_id":"nado-000006","token_summary":"len:30:passke...en_331","reason":"retry:close:1006","code":1006}
 LOG  [UI_PRESS_PROBE] {"event":"VOIP_PRESENCE_RETRY_SCHEDULED","timestamp":"2026-08-15T15:50:48.934Z","token_ready":true,"user_ready":true,"show_login":false,"show_voip_tester":false,"selected_call_mode":"pstn_assist","voice_id":"nado-000006","token_summary":"len:30:passke...en_331","reason":"close:1006"}
 LOG  [VoIPPendingIncoming] {"event":"REQUEST_START","source":"pending_call_poll","token_summary":"len:30:passke...en_331","user_id":6,"has_pending_call":false,"has_active_call":false}
 LOG  [VoIPPendingIncoming] {"event":"REQUEST_RESULT","source":"pending_call_poll","token_summary":"len:30:passke...en_331","user_id":6,"status":401,"ok":false}
 LOG  [VoIPPendingIncoming] fetch failed 401
 LOG  [VoIPPendingIncoming] {"event":"REQUEST_START","source":"pending_call_poll","token_summary":"len:30:passke...en_331","user_id":6,"has_pending_call":false,"has_active_call":false}
 LOG  [UI_PRESS_PROBE] {"event":"VOIP_PRESENCE_CONNECT_ATTEMPT","timestamp":"2026-08-15T15:50:51.523Z","token_ready":true,"user_ready":true,"show_login":false,"show_voip_tester":false,"selected_call_mode":"pstn_assist","voice_id":"nado-000006","token_summary":"len:30:passke...en_331","reason":"retry:close:1006","api_base":"https://metanova1004.com"}
Android Bundled 28ms index.js (1 module)
 WARN  Require cycle: src/features/navigation/sectionRegistry.ts -> src/features/i18n/featureUiCatalog.ts -> src/features/i18n/uiI18n.ts -> src/features/i18n/uiStringCatalog.ts -> src/features/navigation/sectionRegistry.ts

Require cycles are allowed, but can result in uninitialized values. Consider refactoring to remove the need for a cycle.
 LOG  [VoIP] WebRTC module loaded {"hasMediaDevices": true, "hasPeerConnection": true, "module": "react-native-webrtc"}
 WARN  This method is deprecated (as well as all React Native Firebase namespaced API) and will be removed in the next major release as part of move to match Firebase Web modular SDK API. Please see migration guide for more details: https://rnfirebase.io/migrating-to-v22 Please use `getApps()` instead.
 WARN  This method is deprecated (as well as all React Native Firebase namespaced API) and will be removed in the next major release as part of move to match Firebase Web modular SDK API. Please see migration guide for more details: https://rnfirebase.io/migrating-to-v22 Please use `initializeApp()` instead.
 WARN  This method is deprecated (as well as all React Native Firebase namespaced API) and will be removed in the next major release as part of move to match Firebase Web modular SDK API. Please see migration guide for more details: https://rnfirebase.io/migrating-to-v22 Please use `getApps()` instead.
 WARN  This method is deprecated (as well as all React Native Firebase namespaced API) and will be removed in the next major release as part of move to match Firebase Web modular SDK API. Please see migration guide for more details: https://rnfirebase.io/migrating-to-v22 Please use `getApp()` instead.
 LOG  [UI_PRESS_PROBE] {"event":"NETWORK_TRANSPORT_CHANGED","timestamp":"2026-08-15T15:51:13.046Z","token_ready":false,"user_ready":false,"show_login":false,"show_voip_tester":false,"selected_call_mode":"pstn_assist","transport":"unknown","cellular_generation":null,"label":"알 수 없음","is_connected":false,"is_internet_reachable":null,"carrier":null,"ssid":null,"is_accurate_voip_test_ready":false,"previous_label":null}
 LOG  [WORLDLINGCO_API] base_url https://metanova1004.com
 LOG  [VoIPToneService] AudioContext not available (React Native environment)
 LOG  [FACE_CONVERSATION] {"event":"silero_probe","supported":false}
 LOG  [WORLDLINGCO_TUNING] {"event":"remote_loaded","updated_at":"2026-08-14T06:06:31Z","version":6}
 LOG  [AUTH_FLOW] {"event":"AUTH_STORAGE_RESTORE_FOUND","user_id":6,"user_email":"119cash@naver.com"}
 LOG  [AUTH_FLOW] {"event":"AUTH_STORAGE_RESTORE_APPLIED","user_id":6,"user_email":"119cash@naver.com"}
 WARN  This method is deprecated (as well as all React Native Firebase namespaced API) and will be removed in the next major release as part of move to match Firebase Web modular SDK API. Please see migration guide for more details: https://rnfirebase.io/migrating-to-v22 Please use `getApps()` instead.
 WARN  This method is deprecated (as well as all React Native Firebase namespaced API) and will be removed in the next major release as part of move to match Firebase Web modular SDK API. Please see migration guide for more details: https://rnfirebase.io/migrating-to-v22 Please use `getApps()` instead.
 WARN  This method is deprecated (as well as all React Native Firebase namespaced API) and will be removed in the next major release as part of move to match Firebase Web modular SDK API. Please see migration guide for more details: https://rnfirebase.io/migrating-to-v22 Please use `getApps()` instead.
 WARN  This method is deprecated (as well as all React Native Firebase namespaced API) and will be removed in the next major release as part of move to match Firebase Web modular SDK API. Please see migration guide for more details: https://rnfirebase.io/migrating-to-v22 Please use `getApps()` instead.
 LOG  [VoIPPendingIncoming] {"event":"REQUEST_START","source":"pending_call_initial","token_summary":"len:30:passke...en_331","user_id":6,"has_pending_call":false,"has_active_call":false}
 LOG  [UI_PRESS_PROBE] {"event":"VOIP_PRESENCE_CONNECT_ATTEMPT","timestamp":"2026-08-15T15:51:16.703Z","token_ready":true,"user_ready":true,"show_login":false,"show_voip_tester":false,"selected_call_mode":"pstn_assist","voice_id":"nado-000006","token_summary":"len:30:passke...en_331","reason":"effect_start","api_base":"https://metanova1004.com"}
 WARN  This method is deprecated (as well as all React Native Firebase namespaced API) and will be removed in the next major release as part of move to match Firebase Web modular SDK API. Please see migration guide for more details: https://rnfirebase.io/migrating-to-v22 Please use `getApp()` instead.
 WARN  This method is deprecated (as well as all React Native Firebase namespaced API) and will be removed in the next major release as part of move to match Firebase Web modular SDK API. Please see migration guide for more details: https://rnfirebase.io/migrating-to-v22 Please use `getApp()` instead.
 WARN  This method is deprecated (as well as all React Native Firebase namespaced API) and will be removed in the next major release as part of move to match Firebase Web modular SDK API. Please see migration guide for more details: https://rnfirebase.io/migrating-to-v22 Please use `getApp()` instead.
 WARN  This method is deprecated (as well as all React Native Firebase namespaced API) and will be removed in the next major release as part of move to match Firebase Web modular SDK API. Please see migration guide for more details: https://rnfirebase.io/migrating-to-v22 Please use `getApp()` instead.
 LOG  [UI_PRESS_PROBE] {"event":"VOIP_NOTIFICATION_PERMISSION_STATUS","timestamp":"2026-08-15T15:51:16.834Z","token_ready":true,"user_ready":true,"show_login":false,"show_voip_tester":false,"selected_call_mode":"pstn_assist","notifications_enabled":true}
 LOG  [UI_PRESS_PROBE] {"event":"NETWORK_TRANSPORT_CHANGED","timestamp":"2026-08-15T15:51:18.617Z","token_ready":true,"user_ready":true,"show_login":false,"show_voip_tester":false,"selected_call_mode":"pstn_assist","transport":"wifi","cellular_generation":null,"label":"WiFi","is_connected":true,"is_internet_reachable":true,"carrier":null,"ssid":"KT_WiFi_7_0A7C","is_accurate_voip_test_ready":false,"previous_label":"알 수 없음"}
 LOG  [GPS_DEBUG_TRACE] {"ts":"2026-08-15T15:51:18.722Z","event":"resolve-start","attemptId":"1786809078715-svv07g","platform":"android"}
 LOG  [UI_PRESS_PROBE] {"event":"VOIP_PRESENCE_ERROR","timestamp":"2026-08-15T15:51:18.742Z","token_ready":true,"user_ready":true,"show_login":false,"show_voip_tester":false,"selected_call_mode":"pstn_assist","voice_id":"nado-000006","token_summary":"len:30:passke...en_331","reason":"effect_start"}
 LOG  [UI_PRESS_PROBE] {"event":"VOIP_PRESENCE_CLOSED","timestamp":"2026-08-15T15:51:18.750Z","token_ready":true,"user_ready":true,"show_login":false,"show_voip_tester":false,"selected_call_mode":"pstn_assist","voice_id":"nado-000006","token_summary":"len:30:passke...en_331","reason":"effect_start","code":1006}
 LOG  [UI_PRESS_PROBE] {"event":"VOIP_PRESENCE_RETRY_SCHEDULED","timestamp":"2026-08-15T15:51:18.757Z","token_ready":true,"user_ready":true,"show_login":false,"show_voip_tester":false,"selected_call_mode":"pstn_assist","voice_id":"nado-000006","token_summary":"len:30:passke...en_331","reason":"close:1006"}
 LOG  [MISSED_CALL] {"event":"fetch","count":0}
 LOG  [VoIPPendingIncoming] {"event":"REQUEST_RESULT","source":"pending_call_initial","token_summary":"len:30:passke...en_331","user_id":6,"status":401,"ok":false}
 LOG  [VoIPPendingIncoming] fetch failed 401
 WARN  This method is deprecated (as well as all React Native Firebase namespaced API) and will be removed in the next major release as part of move to match Firebase Web modular SDK API. Please see migration guide for more details: https://rnfirebase.io/migrating-to-v22 Please use `getApps()` instead.
 LOG  [VoIPPendingIncoming] {"event":"REQUEST_START","source":"pending_call_poll","token_summary":"len:30:passke...en_331","user_id":6,"has_pending_call":false,"has_active_call":false}
 WARN  This method is deprecated (as well as all React Native Firebase namespaced API) and will be removed in the next major release as part of move to match Firebase Web modular SDK API. Please see migration guide for more details: https://rnfirebase.io/migrating-to-v22 Please use `getApp()` instead.
 LOG  [UI_PRESS_PROBE] {"event":"VOIP_PRESENCE_CONNECT_ATTEMPT","timestamp":"2026-08-15T15:51:21.958Z","token_ready":true,"user_ready":true,"show_login":false,"show_voip_tester":false,"selected_call_mode":"pstn_assist","voice_id":"nado-000006","token_summary":"len:30:passke...en_331","reason":"retry:close:1006","api_base":"https://metanova1004.com"}
 LOG  [UI_PRESS_PROBE] {"event":"VOIP_ACTIVE_CALL_RESUME_SKIPPED_AUTH","timestamp":"2026-08-15T15:51:22.750Z","token_ready":true,"user_ready":true,"show_login":false,"show_voip_tester":false,"selected_call_mode":"pstn_assist","source":"app_launch_resume","status":401,"last_call_id":null}
 WARN  This method is deprecated (as well as all React Native Firebase namespaced API) and will be removed in the next major release as part of move to match Firebase Web modular SDK API. Please see migration guide for more details: https://rnfirebase.io/migrating-to-v22 Please use `getApp()` instead.
 WARN  This method is deprecated (as well as all React Native Firebase namespaced API) and will be removed in the next major release as part of move to match Firebase Web modular SDK API. Please see migration guide for more details: https://rnfirebase.io/migrating-to-v22 Please use `getApps()` instead.
 WARN  This method is deprecated (as well as all React Native Firebase namespaced API) and will be removed in the next major release as part of move to match Firebase Web modular SDK API. Please see migration guide for more details: https://rnfirebase.io/migrating-to-v22 Please use `getApp()` instead.
 WARN  This method is deprecated (as well as all React Native Firebase namespaced API) and will be removed in the next major release as part of move to match Firebase Web modular SDK API. Please see migration guide for more details: https://rnfirebase.io/migrating-to-v22 Please use `getApp()` instead.
 LOG  [VoIPPendingIncoming] {"event":"REQUEST_RESULT","source":"pending_call_poll","token_summary":"len:30:passke...en_331","user_id":6,"status":401,"ok":false}
 LOG  [VoIPPendingIncoming] fetch failed 401
 WARN  This method is deprecated (as well as all React Native Firebase namespaced API) and will be removed in the next major release as part of move to match Firebase Web modular SDK API. Please see migration guide for more details: https://rnfirebase.io/migrating-to-v22 Please use `getApp()` instead.
 LOG  [VoIPPendingIncoming] {"event":"REQUEST_START","source":"pending_call_poll","token_summary":"len:30:passke...en_331","user_id":6,"has_pending_call":false,"has_active_call":false}
 LOG  [UI_PRESS_PROBE] {"event":"VOIP_PRESENCE_ERROR","timestamp":"2026-08-15T15:51:24.186Z","token_ready":true,"user_ready":true,"show_login":false,"show_voip_tester":false,"selected_call_mode":"pstn_assist","voice_id":"nado-000006","token_summary":"len:30:passke...en_331","reason":"retry:close:1006"}
 LOG  [UI_PRESS_PROBE] {"event":"VOIP_PRESENCE_CLOSED","timestamp":"2026-08-15T15:51:24.189Z","token_ready":true,"user_ready":true,"show_login":false,"show_voip_tester":false,"selected_call_mode":"pstn_assist","voice_id":"nado-000006","token_summary":"len:30:passke...en_331","reason":"retry:close:1006","code":1006}
 LOG  [UI_PRESS_PROBE] {"event":"VOIP_PRESENCE_RETRY_SCHEDULED","timestamp":"2026-08-15T15:51:24.192Z","token_ready":true,"user_ready":true,"show_login":false,"show_voip_tester":false,"selected_call_mode":"pstn_assist","voice_id":"nado-000006","token_summary":"len:30:passke...en_331","reason":"close:1006"}
 LOG  [GPS_DEBUG_TRACE] {"ts":"2026-08-15T15:51:24.819Z","event":"adb-override-miss","attemptId":"1786809078715-svv07g","path":"file:///storage/emulated/0/Android/media/com.parkcheolhong.worldlinco/worldlingo_mock_location.json"}
 LOG  [VoIPPendingIncoming] {"event":"REQUEST_RESULT","source":"pending_call_poll","token_summary":"len:30:passke...en_331","user_id":6,"status":401,"ok":false}
 LOG  [VoIPPendingIncoming] fetch failed 401
 LOG  [VoIPPendingIncoming] {"event":"REQUEST_START","source":"pending_call_poll","token_summary":"len:30:passke...en_331","user_id":6,"has_pending_call":false,"has_active_call":false}
 LOG  [UI_PRESS_PROBE] {"event":"VOIP_FCM_TOPIC_READY","timestamp":"2026-08-15T15:51:26.053Z","token_ready":true,"user_ready":true,"show_login":false,"show_voip_tester":false,"selected_call_mode":"pstn_assist","topic":"worldlingo_voip_nado_000006","push_token_present":true}
Android Bundled 29ms index.js (1 module)
 WARN  Require cycle: src/features/navigation/sectionRegistry.ts -> src/features/i18n/featureUiCatalog.ts -> src/features/i18n/uiI18n.ts -> src/features/i18n/uiStringCatalog.ts -> src/features/navigation/sectionRegistry.ts

Require cycles are allowed, but can result in uninitialized values. Consider refactoring to remove the need for a cycle.
 LOG  [VoIP] WebRTC module loaded {"hasMediaDevices": true, "hasPeerConnection": true, "module": "react-native-webrtc"}
 WARN  This method is deprecated (as well as all React Native Firebase namespaced API) and will be removed in the next major release as part of move to match Firebase Web modular SDK API. Please see migration guide for more details: https://rnfirebase.io/migrating-to-v22 Please use `getApps()` instead.
 WARN  This method is deprecated (as well as all React Native Firebase namespaced API) and will be removed in the next major release as part of move to match Firebase Web modular SDK API. Please see migration guide for more details: https://rnfirebase.io/migrating-to-v22 Please use `initializeApp()` instead.
 WARN  This method is deprecated (as well as all React Native Firebase namespaced API) and will be removed in the next major release as part of move to match Firebase Web modular SDK API. Please see migration guide for more details: https://rnfirebase.io/migrating-to-v22 Please use `getApps()` instead.
 WARN  This method is deprecated (as well as all React Native Firebase namespaced API) and will be removed in the next major release as part of move to match Firebase Web modular SDK API. Please see migration guide for more details: https://rnfirebase.io/migrating-to-v22 Please use `getApp()` instead.
 LOG  [UI_PRESS_PROBE] {"event":"NETWORK_TRANSPORT_CHANGED","timestamp":"2026-08-15T15:51:47.027Z","token_ready":false,"user_ready":false,"show_login":false,"show_voip_tester":false,"selected_call_mode":"pstn_assist","transport":"unknown","cellular_generation":null,"label":"알 수 없음","is_connected":false,"is_internet_reachable":null,"carrier":null,"ssid":null,"is_accurate_voip_test_ready":false,"previous_label":null}
 LOG  [WORLDLINGCO_API] base_url https://metanova1004.com
 LOG  [VoIPToneService] AudioContext not available (React Native environment)
 LOG  [FACE_CONVERSATION] {"event":"silero_probe","supported":false}
 LOG  [WORLDLINGCO_TUNING] {"event":"remote_loaded","updated_at":"2026-08-14T06:06:31Z","version":6}
 LOG  [AUTH_FLOW] {"event":"AUTH_STORAGE_RESTORE_FOUND","user_id":6,"user_email":"119cash@naver.com"}
 LOG  [AUTH_FLOW] {"event":"AUTH_STORAGE_RESTORE_APPLIED","user_id":6,"user_email":"119cash@naver.com"}
 WARN  This method is deprecated (as well as all React Native Firebase namespaced API) and will be removed in the next major release as part of move to match Firebase Web modular SDK API. Please see migration guide for more details: https://rnfirebase.io/migrating-to-v22 Please use `getApps()` instead.
 WARN  This method is deprecated (as well as all React Native Firebase namespaced API) and will be removed in the next major release as part of move to match Firebase Web modular SDK API. Please see migration guide for more details: https://rnfirebase.io/migrating-to-v22 Please use `getApps()` instead.
 WARN  This method is deprecated (as well as all React Native Firebase namespaced API) and will be removed in the next major release as part of move to match Firebase Web modular SDK API. Please see migration guide for more details: https://rnfirebase.io/migrating-to-v22 Please use `getApps()` instead.
 WARN  This method is deprecated (as well as all React Native Firebase namespaced API) and will be removed in the next major release as part of move to match Firebase Web modular SDK API. Please see migration guide for more details: https://rnfirebase.io/migrating-to-v22 Please use `getApps()` instead.
 LOG  [VoIPPendingIncoming] {"event":"REQUEST_START","source":"pending_call_initial","token_summary":"len:30:passke...en_331","user_id":6,"has_pending_call":false,"has_active_call":false}
 LOG  [UI_PRESS_PROBE] {"event":"VOIP_PRESENCE_CONNECT_ATTEMPT","timestamp":"2026-08-15T15:51:50.721Z","token_ready":true,"user_ready":true,"show_login":false,"show_voip_tester":false,"selected_call_mode":"pstn_assist","voice_id":"nado-000006","token_summary":"len:30:passke...en_331","reason":"effect_start","api_base":"https://metanova1004.com"}
 WARN  This method is deprecated (as well as all React Native Firebase namespaced API) and will be removed in the next major release as part of move to match Firebase Web modular SDK API. Please see migration guide for more details: https://rnfirebase.io/migrating-to-v22 Please use `getApp()` instead.
 WARN  This method is deprecated (as well as all React Native Firebase namespaced API) and will be removed in the next major release as part of move to match Firebase Web modular SDK API. Please see migration guide for more details: https://rnfirebase.io/migrating-to-v22 Please use `getApp()` instead.
 WARN  This method is deprecated (as well as all React Native Firebase namespaced API) and will be removed in the next major release as part of move to match Firebase Web modular SDK API. Please see migration guide for more details: https://rnfirebase.io/migrating-to-v22 Please use `getApp()` instead.
 WARN  This method is deprecated (as well as all React Native Firebase namespaced API) and will be removed in the next major release as part of move to match Firebase Web modular SDK API. Please see migration guide for more details: https://rnfirebase.io/migrating-to-v22 Please use `getApp()` instead.
 LOG  [UI_PRESS_PROBE] {"event":"VOIP_NOTIFICATION_PERMISSION_STATUS","timestamp":"2026-08-15T15:51:50.848Z","token_ready":true,"user_ready":true,"show_login":false,"show_voip_tester":false,"selected_call_mode":"pstn_assist","notifications_enabled":true}
 LOG  [UI_PRESS_PROBE] {"event":"NETWORK_TRANSPORT_CHANGED","timestamp":"2026-08-15T15:51:52.621Z","token_ready":true,"user_ready":true,"show_login":false,"show_voip_tester":false,"selected_call_mode":"pstn_assist","transport":"wifi","cellular_generation":null,"label":"WiFi","is_connected":true,"is_internet_reachable":true,"carrier":null,"ssid":"KT_WiFi_7_0A7C","is_accurate_voip_test_ready":false,"previous_label":"알 수 없음"}
 LOG  [GPS_DEBUG_TRACE] {"ts":"2026-08-15T15:51:52.729Z","event":"resolve-start","attemptId":"1786809112721-zer9e4","platform":"android"}
 LOG  [UI_PRESS_PROBE] {"event":"VOIP_PRESENCE_ERROR","timestamp":"2026-08-15T15:51:52.751Z","token_ready":true,"user_ready":true,"show_login":false,"show_voip_tester":false,"selected_call_mode":"pstn_assist","voice_id":"nado-000006","token_summary":"len:30:passke...en_331","reason":"effect_start"}
 LOG  [UI_PRESS_PROBE] {"event":"VOIP_PRESENCE_CLOSED","timestamp":"2026-08-15T15:51:52.759Z","token_ready":true,"user_ready":true,"show_login":false,"show_voip_tester":false,"selected_call_mode":"pstn_assist","voice_id":"nado-000006","token_summary":"len:30:passke...en_331","reason":"effect_start","code":1006}
 LOG  [UI_PRESS_PROBE] {"event":"VOIP_PRESENCE_RETRY_SCHEDULED","timestamp":"2026-08-15T15:51:52.766Z","token_ready":true,"user_ready":true,"show_login":false,"show_voip_tester":false,"selected_call_mode":"pstn_assist","voice_id":"nado-000006","token_summary":"len:30:passke...en_331","reason":"close:1006"}
 LOG  [MISSED_CALL] {"event":"fetch","count":0}
 LOG  [VoIPPendingIncoming] {"event":"REQUEST_RESULT","source":"pending_call_initial","token_summary":"len:30:passke...en_331","user_id":6,"status":401,"ok":false}
 LOG  [VoIPPendingIncoming] fetch failed 401
 WARN  This method is deprecated (as well as all React Native Firebase namespaced API) and will be removed in the next major release as part of move to match Firebase Web modular SDK API. Please see migration guide for more details: https://rnfirebase.io/migrating-to-v22 Please use `getApps()` instead.
 LOG  [VoIPPendingIncoming] {"event":"REQUEST_START","source":"pending_call_poll","token_summary":"len:30:passke...en_331","user_id":6,"has_pending_call":false,"has_active_call":false}
 WARN  This method is deprecated (as well as all React Native Firebase namespaced API) and will be removed in the next major release as part of move to match Firebase Web modular SDK API. Please see migration guide for more details: https://rnfirebase.io/migrating-to-v22 Please use `getApp()` instead.
 LOG  [UI_PRESS_PROBE] {"event":"VOIP_PRESENCE_CONNECT_ATTEMPT","timestamp":"2026-08-15T15:51:55.919Z","token_ready":true,"user_ready":true,"show_login":false,"show_voip_tester":false,"selected_call_mode":"pstn_assist","voice_id":"nado-000006","token_summary":"len:30:passke...en_331","reason":"retry:close:1006","api_base":"https://metanova1004.com"}
 LOG  [UI_PRESS_PROBE] {"event":"VOIP_ACTIVE_CALL_RESUME_SKIPPED_AUTH","timestamp":"2026-08-15T15:51:56.641Z","token_ready":true,"user_ready":true,"show_login":false,"show_voip_tester":false,"selected_call_mode":"pstn_assist","source":"app_launch_resume","status":401,"last_call_id":null}
 WARN  This method is deprecated (as well as all React Native Firebase namespaced API) and will be removed in the next major release as part of move to match Firebase Web modular SDK API. Please see migration guide for more details: https://rnfirebase.io/migrating-to-v22 Please use `getApp()` instead.
 WARN  This method is deprecated (as well as all React Native Firebase namespaced API) and will be removed in the next major release as part of move to match Firebase Web modular SDK API. Please see migration guide for more details: https://rnfirebase.io/migrating-to-v22 Please use `getApps()` instead.
 WARN  This method is deprecated (as well as all React Native Firebase namespaced API) and will be removed in the next major release as part of move to match Firebase Web modular SDK API. Please see migration guide for more details: https://rnfirebase.io/migrating-to-v22 Please use `getApp()` instead.
 WARN  This method is deprecated (as well as all React Native Firebase namespaced API) and will be removed in the next major release as part of move to match Firebase Web modular SDK API. Please see migration guide for more details: https://rnfirebase.io/migrating-to-v22 Please use `getApp()` instead.
 LOG  [VoIPPendingIncoming] {"event":"REQUEST_RESULT","source":"pending_call_poll","token_summary":"len:30:passke...en_331","user_id":6,"status":401,"ok":false}
 LOG  [VoIPPendingIncoming] fetch failed 401
 WARN  This method is deprecated (as well as all React Native Firebase namespaced API) and will be removed in the next major release as part of move to match Firebase Web modular SDK API. Please see migration guide for more details: https://rnfirebase.io/migrating-to-v22 Please use `getApp()` instead.
 LOG  [VoIPPendingIncoming] {"event":"REQUEST_START","source":"pending_call_poll","token_summary":"len:30:passke...en_331","user_id":6,"has_pending_call":false,"has_active_call":false}
 LOG  [UI_PRESS_PROBE] {"event":"VOIP_PRESENCE_ERROR","timestamp":"2026-08-15T15:51:58.011Z","token_ready":true,"user_ready":true,"show_login":false,"show_voip_tester":false,"selected_call_mode":"pstn_assist","voice_id":"nado-000006","token_summary":"len:30:passke...en_331","reason":"retry:close:1006"}
 LOG  [UI_PRESS_PROBE] {"event":"VOIP_PRESENCE_CLOSED","timestamp":"2026-08-15T15:51:58.014Z","token_ready":true,"user_ready":true,"show_login":false,"show_voip_tester":false,"selected_call_mode":"pstn_assist","voice_id":"nado-000006","token_summary":"len:30:passke...en_331","reason":"retry:close:1006","code":1006}
 LOG  [UI_PRESS_PROBE] {"event":"VOIP_PRESENCE_RETRY_SCHEDULED","timestamp":"2026-08-15T15:51:58.019Z","token_ready":true,"user_ready":true,"show_login":false,"show_voip_tester":false,"selected_call_mode":"pstn_assist","voice_id":"nado-000006","token_summary":"len:30:passke...en_331","reason":"close:1006"}
 LOG  [GPS_DEBUG_TRACE] {"ts":"2026-08-15T15:51:58.638Z","event":"adb-override-miss","attemptId":"1786809112721-zer9e4","path":"file:///storage/emulated/0/Android/media/com.parkcheolhong.worldlinco/worldlingo_mock_location.json"}
 LOG  [VoIPPendingIncoming] {"event":"REQUEST_RESULT","source":"pending_call_poll","token_summary":"len:30:passke...en_331","user_id":6,"status":401,"ok":false}
 LOG  [VoIPPendingIncoming] fetch failed 401
 LOG  [VoIPPendingIncoming] {"event":"REQUEST_START","source":"pending_call_poll","token_summary":"len:30:passke...en_331","user_id":6,"has_pending_call":false,"has_active_call":false}
 LOG  [UI_PRESS_PROBE] {"event":"VOIP_FCM_TOPIC_READY","timestamp":"2026-08-15T15:51:59.876Z","token_ready":true,"user_ready":true,"show_login":false,"show_voip_tester":false,"selected_call_mode":"pstn_assist","topic":"worldlingo_voip_nado_000006","push_token_present":true}
 LOG  [UI_PRESS_PROBE] {"event":"VOIP_PRESENCE_CONNECT_ATTEMPT","timestamp":"2026-08-15T15:52:01.048Z","token_ready":true,"user_ready":true,"show_login":false,"show_voip_tester":false,"selected_call_mode":"pstn_assist","voice_id":"nado-000006","token_summary":"len:30:passke...en_331","reason":"retry:close:1006","api_base":"https://metanova1004.com"}
 LOG  [VoIPPendingIncoming] {"event":"REQUEST_RESULT","source":"pending_call_poll","token_summary":"len:30:passke...en_331","user_id":6,"status":401,"ok":false}
 LOG  [VoIPPendingIncoming] fetch failed 401
 LOG  [VoIPPendingIncoming] {"event":"REQUEST_START","source":"pending_call_poll","token_summary":"len:30:passke...en_331","user_id":6,"has_pending_call":false,"has_active_call":false}
 LOG  [UI_PRESS_PROBE] {"event":"VOIP_PRESENCE_ERROR","timestamp":"2026-08-15T15:52:02.845Z","token_ready":true,"user_ready":true,"show_login":false,"show_voip_tester":false,"selected_call_mode":"pstn_assist","voice_id":"nado-000006","token_summary":"len:30:passke...en_331","reason":"retry:close:1006"}
 LOG  [UI_PRESS_PROBE] {"event":"VOIP_PRESENCE_CLOSED","timestamp":"2026-08-15T15:52:02.848Z","token_ready":true,"user_ready":true,"show_login":false,"show_voip_tester":false,"selected_call_mode":"pstn_assist","voice_id":"nado-000006","token_summary":"len:30:passke...en_331","reason":"retry:close:1006","code":1006}
 LOG  [UI_PRESS_PROBE] {"event":"VOIP_PRESENCE_RETRY_SCHEDULED","timestamp":"2026-08-15T15:52:02.850Z","token_ready":true,"user_ready":true,"show_login":false,"show_voip_tester":false,"selected_call_mode":"pstn_assist","voice_id":"nado-000006","token_summary":"len:30:passke...en_331","reason":"close:1006"}
 LOG  [GPS_DEBUG_TRACE] {"ts":"2026-08-15T15:52:02.854Z","event":"services-enabled","attemptId":"1786809112721-zer9e4","servicesEnabled":true}
 LOG  [VoIPPendingIncoming] {"event":"REQUEST_RESULT","source":"pending_call_poll","token_summary":"len:30:passke...en_331","user_id":6,"status":401,"ok":false}
 LOG  [VoIPPendingIncoming] fetch failed 401
 LOG  [VoIPPendingIncoming] {"event":"REQUEST_START","source":"pending_call_poll","token_summary":"len:30:passke...en_331","user_id":6,"has_pending_call":false,"has_active_call":false}
 LOG  [UI_PRESS_PROBE] {"event":"VOIP_PRESENCE_CONNECT_ATTEMPT","timestamp":"2026-08-15T15:52:05.707Z","token_ready":true,"user_ready":true,"show_login":false,"show_voip_tester":false,"selected_call_mode":"pstn_assist","voice_id":"nado-000006","token_summary":"len:30:passke...en_331","reason":"retry:close:1006","api_base":"https://metanova1004.com"}
 LOG  [VoIPPendingIncoming] {"event":"REQUEST_RESULT","source":"pending_call_poll","token_summary":"len:30:passke...en_331","user_id":6,"status":401,"ok":false}
 LOG  [VoIPPendingIncoming] fetch failed 401
 LOG  [UI_PRESS_PROBE] {"event":"VOIP_PRESENCE_ERROR","timestamp":"2026-08-15T15:52:07.555Z","token_ready":true,"user_ready":true,"show_login":false,"show_voip_tester":false,"selected_call_mode":"pstn_assist","voice_id":"nado-000006","token_summary":"len:30:passke...en_331","reason":"retry:close:1006"}
 LOG  [UI_PRESS_PROBE] {"event":"VOIP_PRESENCE_CLOSED","timestamp":"2026-08-15T15:52:07.560Z","token_ready":true,"user_ready":true,"show_login":false,"show_voip_tester":false,"selected_call_mode":"pstn_assist","voice_id":"nado-000006","token_summary":"len:30:passke...en_331","reason":"retry:close:1006","code":1006}
 LOG  [UI_PRESS_PROBE] {"event":"VOIP_PRESENCE_RETRY_SCHEDULED","timestamp":"2026-08-15T15:52:07.563Z","token_ready":true,"user_ready":true,"show_login":false,"show_voip_tester":false,"selected_call_mode":"pstn_assist","voice_id":"nado-000006","token_summary":"len:30:passke...en_331","reason":"close:1006"}
 LOG  [VoIPPendingIncoming] {"event":"REQUEST_START","source":"pending_call_poll","token_summary":"len:30:passke...en_331","user_id":6,"has_pending_call":false,"has_active_call":false}
 LOG  [VoIPPendingIncoming] {"event":"REQUEST_RESULT","source":"pending_call_poll","token_summary":"len:30:passke...en_331","user_id":6,"status":401,"ok":false}
 LOG  [VoIPPendingIncoming] fetch failed 401
 LOG  [VoIPPendingIncoming] {"event":"REQUEST_START","source":"pending_call_poll","token_summary":"len:30:passke...en_331","user_id":6,"has_pending_call":false,"has_active_call":false}
 LOG  [UI_PRESS_PROBE] {"event":"VOIP_PRESENCE_CONNECT_ATTEMPT","timestamp":"2026-08-15T15:52:10.515Z","token_ready":true,"user_ready":true,"show_login":false,"show_voip_tester":false,"selected_call_mode":"pstn_assist","voice_id":"nado-000006","token_summary":"len:30:passke...en_331","reason":"retry:close:1006","api_base":"https://metanova1004.com"}
 LOG  [VoIPPendingIncoming] {"event":"REQUEST_RESULT","source":"pending_call_poll","token_summary":"len:30:passke...en_331","user_id":6,"status":401,"ok":false}
 LOG  [VoIPPendingIncoming] fetch failed 401
 LOG  [UI_PRESS_PROBE] {"event":"VOIP_PRESENCE_ERROR","timestamp":"2026-08-15T15:52:12.253Z","token_ready":true,"user_ready":true,"show_login":false,"show_voip_tester":false,"selected_call_mode":"pstn_assist","voice_id":"nado-000006","token_summary":"len:30:passke...en_331","reason":"retry:close:1006"}
 LOG  [UI_PRESS_PROBE] {"event":"VOIP_PRESENCE_CLOSED","timestamp":"2026-08-15T15:52:12.256Z","token_ready":true,"user_ready":true,"show_login":false,"show_voip_tester":false,"selected_call_mode":"pstn_assist","voice_id":"nado-000006","token_summary":"len:30:passke...en_331","reason":"retry:close:1006","code":1006}
 LOG  [UI_PRESS_PROBE] {"event":"VOIP_PRESENCE_RETRY_SCHEDULED","timestamp":"2026-08-15T15:52:12.257Z","token_ready":true,"user_ready":true,"show_login":false,"show_voip_tester":false,"selected_call_mode":"pstn_assist","voice_id":"nado-000006","token_summary":"len:30:passke...en_331","reason":"close:1006"}
 LOG  [VoIPPendingIncoming] {"event":"REQUEST_START","source":"pending_call_poll","token_summary":"len:30:passke...en_331","user_id":6,"has_pending_call":false,"has_active_call":false}
 LOG  [VoIPPendingIncoming] {"event":"REQUEST_RESULT","source":"pending_call_poll","token_summary":"len:30:passke...en_331","user_id":6,"status":401,"ok":false}
 LOG  [VoIPPendingIncoming] fetch failed 401
 LOG  [GPS_DEBUG_TRACE] {"ts":"2026-08-15T15:52:14.117Z","event":"current-position-success","attemptId":"1786809112721-zer9e4","source":"gps_high","accuracy":20,"latitude":37.9083641,"longitude":127.9327754,"timestamp":1786809132528}
 LOG  [VoIPPendingIncoming] {"event":"REQUEST_START","source":"pending_call_poll","token_summary":"len:30:passke...en_331","user_id":6,"has_pending_call":false,"has_active_call":false}
 LOG  [UI_PRESS_PROBE] {"event":"VOIP_PRESENCE_CONNECT_ATTEMPT","timestamp":"2026-08-15T15:52:15.198Z","token_ready":true,"user_ready":true,"show_login":false,"show_voip_tester":false,"selected_call_mode":"pstn_assist","voice_id":"nado-000006","token_summary":"len:30:passke...en_331","reason":"retry:close:1006","api_base":"https://metanova1004.com"}
 LOG  [VoIPPendingIncoming] {"event":"REQUEST_RESULT","source":"pending_call_poll","token_summary":"len:30:passke...en_331","user_id":6,"status":401,"ok":false}
 LOG  [VoIPPendingIncoming] fetch failed 401
 LOG  [UI_PRESS_PROBE] {"event":"VOIP_PRESENCE_ERROR","timestamp":"2026-08-15T15:52:16.826Z","token_ready":true,"user_ready":true,"show_login":false,"show_voip_tester":false,"selected_call_mode":"pstn_assist","voice_id":"nado-000006","token_summary":"len:30:passke...en_331","reason":"retry:close:1006"}
 LOG  [UI_PRESS_PROBE] {"event":"VOIP_PRESENCE_CLOSED","timestamp":"2026-08-15T15:52:16.829Z","token_ready":true,"user_ready":true,"show_login":false,"show_voip_tester":false,"selected_call_mode":"pstn_assist","voice_id":"nado-000006","token_summary":"len:30:passke...en_331","reason":"retry:close:1006","code":1006}
 LOG  [UI_PRESS_PROBE] {"event":"VOIP_PRESENCE_RETRY_SCHEDULED","timestamp":"2026-08-15T15:52:16.831Z","token_ready":true,"user_ready":true,"show_login":false,"show_voip_tester":false,"selected_call_mode":"pstn_assist","voice_id":"nado-000006","token_summary":"len:30:passke...en_331","reason":"close:1006"}
 LOG  [VoIPPendingIncoming] {"event":"REQUEST_START","source":"pending_call_poll","token_summary":"len:30:passke...en_331","user_id":6,"has_pending_call":false,"has_active_call":false}
 LOG  [GPS_DEBUG_TRACE] {"ts":"2026-08-15T15:52:19.019Z","event":"last-known-snapshot","attemptId":"1786809112721-zer9e4","phase":"after-gps-high-success","servicesEnabled":true,"hasSnapshot":true,"latitude":37.9083641,"longitude":127.9327754,"accuracy":20,"mocked":false,"timestamp":1786809132528}
 LOG  [VoIPPendingIncoming] {"event":"REQUEST_RESULT","source":"pending_call_poll","token_summary":"len:30:passke...en_331","user_id":6,"status":401,"ok":false}
 LOG  [VoIPPendingIncoming] fetch failed 401
 LOG  [UI_PRESS_PROBE] {"event":"VOIP_PRESENCE_CONNECT_ATTEMPT","timestamp":"2026-08-15T15:52:19.637Z","token_ready":true,"user_ready":true,"show_login":false,"show_voip_tester":false,"selected_call_mode":"pstn_assist","voice_id":"nado-000006","token_summary":"len:30:passke...en_331","reason":"retry:close:1006","api_base":"https://metanova1004.com"}
 LOG  [VoIPPendingIncoming] {"event":"REQUEST_START","source":"pending_call_poll","token_summary":"len:30:passke...en_331","user_id":6,"has_pending_call":false,"has_active_call":false}
 LOG  [UI_PRESS_PROBE] {"event":"VOIP_PRESENCE_ERROR","timestamp":"2026-08-15T15:52:21.268Z","token_ready":true,"user_ready":true,"show_login":false,"show_voip_tester":false,"selected_call_mode":"pstn_assist","voice_id":"nado-000006","token_summary":"len:30:passke...en_331","reason":"retry:close:1006"}
 LOG  [UI_PRESS_PROBE] {"event":"VOIP_PRESENCE_CLOSED","timestamp":"2026-08-15T15:52:21.271Z","token_ready":true,"user_ready":true,"show_login":false,"show_voip_tester":false,"selected_call_mode":"pstn_assist","voice_id":"nado-000006","token_summary":"len:30:passke...en_331","reason":"retry:close:1006","code":1006}
 LOG  [UI_PRESS_PROBE] {"event":"VOIP_PRESENCE_RETRY_SCHEDULED","timestamp":"2026-08-15T15:52:21.273Z","token_ready":true,"user_ready":true,"show_login":false,"show_voip_tester":false,"selected_call_mode":"pstn_assist","voice_id":"nado-000006","token_summary":"len:30:passke...en_331","reason":"close:1006"}
 LOG  [VoIPPendingIncoming] {"event":"REQUEST_RESULT","source":"pending_call_poll","token_summary":"len:30:passke...en_331","user_id":6,"status":401,"ok":false}
 LOG  [VoIPPendingIncoming] fetch failed 401
 LOG  [VoIPPendingIncoming] {"event":"REQUEST_START","source":"pending_call_poll","token_summary":"len:30:passke...en_331","user_id":6,"has_pending_call":false,"has_active_call":false}
 LOG  [GPS_DEBUG_TRACE] {"ts":"2026-08-15T15:52:24.012Z","event":"persisted-location-saved","attemptId":"1786809112721-zer9e4","source":"gps_high","accuracy":20,"latitude":37.9083641,"longitude":127.9327754}
 LOG  [VoIPPendingIncoming] {"event":"REQUEST_RESULT","source":"pending_call_poll","token_summary":"len:30:passke...en_331","user_id":6,"status":401,"ok":false}
 LOG  [VoIPPendingIncoming] fetch failed 401
 LOG  [UI_PRESS_PROBE] {"event":"VOIP_PRESENCE_CONNECT_ATTEMPT","timestamp":"2026-08-15T15:52:24.028Z","token_ready":true,"user_ready":true,"show_login":false,"show_voip_tester":false,"selected_call_mode":"pstn_assist","voice_id":"nado-000006","token_summary":"len:30:passke...en_331","reason":"retry:close:1006","api_base":"https://metanova1004.com"}
 LOG  [VoIPPendingIncoming] {"event":"REQUEST_START","source":"pending_call_poll","token_summary":"len:30:passke...en_331","user_id":6,"has_pending_call":false,"has_active_call":false}
 LOG  [UI_PRESS_PROBE] {"event":"VOIP_PRESENCE_ERROR","timestamp":"2026-08-15T15:52:25.650Z","token_ready":true,"user_ready":true,"show_login":false,"show_voip_tester":false,"selected_call_mode":"pstn_assist","voice_id":"nado-000006","token_summary":"len:30:passke...en_331","reason":"retry:close:1006"}
 LOG  [UI_PRESS_PROBE] {"event":"VOIP_PRESENCE_CLOSED","timestamp":"2026-08-15T15:52:25.652Z","token_ready":true,"user_ready":true,"show_login":false,"show_voip_tester":false,"selected_call_mode":"pstn_assist","voice_id":"nado-000006","token_summary":"len:30:passke...en_331","reason":"retry:close:1006","code":1006}
 LOG  [UI_PRESS_PROBE] {"event":"VOIP_PRESENCE_RETRY_SCHEDULED","timestamp":"2026-08-15T15:52:25.654Z","token_ready":true,"user_ready":true,"show_login":false,"show_voip_tester":false,"selected_call_mode":"pstn_assist","voice_id":"nado-000006","token_summary":"len:30:passke...en_331","reason":"close:1006"}
 LOG  [VoIPPendingIncoming] {"event":"REQUEST_RESULT","source":"pending_call_poll","token_summary":"len:30:passke...en_331","user_id":6,"status":401,"ok":false}
 LOG  [VoIPPendingIncoming] fetch failed 401
 LOG  [VoIPPendingIncoming] {"event":"REQUEST_START","source":"pending_call_poll","token_summary":"len:30:passke...en_331","user_id":6,"has_pending_call":false,"has_active_call":false}
 LOG  [UI_PRESS_PROBE] {"event":"VOIP_PRESENCE_CONNECT_ATTEMPT","timestamp":"2026-08-15T15:52:28.484Z","token_ready":true,"user_ready":true,"show_login":false,"show_voip_tester":false,"selected_call_mode":"pstn_assist","voice_id":"nado-000006","token_summary":"len:30:passke...en_331","reason":"retry:close:1006","api_base":"https://metanova1004.com"}
 LOG  [VoIPPendingIncoming] {"event":"REQUEST_RESULT","source":"pending_call_poll","token_summary":"len:30:passke...en_331","user_id":6,"status":401,"ok":false}
 LOG  [VoIPPendingIncoming] fetch failed 401
 LOG  [VoIPPendingIncoming] {"event":"REQUEST_START","source":"pending_call_poll","token_summary":"len:30:passke...en_331","user_id":6,"has_pending_call":false,"has_active_call":false}
 LOG  [UI_PRESS_PROBE] {"event":"VOIP_PRESENCE_ERROR","timestamp":"2026-08-15T15:52:30.178Z","token_ready":true,"user_ready":true,"show_login":false,"show_voip_tester":false,"selected_call_mode":"pstn_assist","voice_id":"nado-000006","token_summary":"len:30:passke...en_331","reason":"retry:close:1006"}
 LOG  [UI_PRESS_PROBE] {"event":"VOIP_PRESENCE_CLOSED","timestamp":"2026-08-15T15:52:30.181Z","token_ready":true,"user_ready":true,"show_login":false,"show_voip_tester":false,"selected_call_mode":"pstn_assist","voice_id":"nado-000006","token_summary":"len:30:passke...en_331","reason":"retry:close:1006","code":1006}
 LOG  [UI_PRESS_PROBE] {"event":"VOIP_PRESENCE_RETRY_SCHEDULED","timestamp":"2026-08-15T15:52:30.184Z","token_ready":true,"user_ready":true,"show_login":false,"show_voip_tester":false,"selected_call_mode":"pstn_assist","voice_id":"nado-000006","token_summary":"len:30:passke...en_331","reason":"close:1006"}
 LOG  [VoIPPendingIncoming] {"event":"REQUEST_RESULT","source":"pending_call_poll","token_summary":"len:30:passke...en_331","user_id":6,"status":401,"ok":false}
 LOG  [VoIPPendingIncoming] fetch failed 401
 LOG  [VoIPPendingIncoming] {"event":"REQUEST_START","source":"pending_call_poll","token_summary":"len:30:passke...en_331","user_id":6,"has_pending_call":false,"has_active_call":false}
 LOG  [UI_PRESS_PROBE] {"event":"VOIP_PRESENCE_CONNECT_ATTEMPT","timestamp":"2026-08-15T15:52:32.803Z","token_ready":true,"user_ready":true,"show_login":false,"show_voip_tester":false,"selected_call_mode":"pstn_assist","voice_id":"nado-000006","token_summary":"len:30:passke...en_331","reason":"retry:close:1006","api_base":"https://metanova1004.com"}
 LOG  [VoIPPendingIncoming] {"event":"REQUEST_RESULT","source":"pending_call_poll","token_summary":"len:30:passke...en_331","user_id":6,"status":401,"ok":false}
 LOG  [VoIPPendingIncoming] fetch failed 401
 LOG  [UI_PRESS_PROBE] {"event":"VOIP_PRESENCE_ERROR","timestamp":"2026-08-15T15:52:34.381Z","token_ready":true,"user_ready":true,"show_login":false,"show_voip_tester":false,"selected_call_mode":"pstn_assist","voice_id":"nado-000006","token_summary":"len:30:passke...en_331","reason":"retry:close:1006"}
 LOG  [UI_PRESS_PROBE] {"event":"VOIP_PRESENCE_CLOSED","timestamp":"2026-08-15T15:52:34.383Z","token_ready":true,"user_ready":true,"show_login":false,"show_voip_tester":false,"selected_call_mode":"pstn_assist","voice_id":"nado-000006","token_summary":"len:30:passke...en_331","reason":"retry:close:1006","code":1006}
 LOG  [UI_PRESS_PROBE] {"event":"VOIP_PRESENCE_RETRY_SCHEDULED","timestamp":"2026-08-15T15:52:34.385Z","token_ready":true,"user_ready":true,"show_login":false,"show_voip_tester":false,"selected_call_mode":"pstn_assist","voice_id":"nado-000006","token_summary":"len:30:passke...en_331","reason":"close:1006"}
 LOG  [VoIPPendingIncoming] {"event":"REQUEST_START","source":"pending_call_poll","token_summary":"len:30:passke...en_331","user_id":6,"has_pending_call":false,"has_active_call":false}
 LOG  [VoIPPendingIncoming] {"event":"REQUEST_RESULT","source":"pending_call_poll","token_summary":"len:30:passke...en_331","user_id":6,"status":401,"ok":false}
 LOG  [VoIPPendingIncoming] fetch failed 401
 LOG  [UI_PRESS_PROBE] {"event":"VOIP_PRESENCE_CONNECT_ATTEMPT","timestamp":"2026-08-15T15:52:37.021Z","token_ready":true,"user_ready":true,"show_login":false,"show_voip_tester":false,"selected_call_mode":"pstn_assist","voice_id":"nado-000006","token_summary":"len:30:passke...en_331","reason":"retry:close:1006","api_base":"https://metanova1004.com"}
 LOG  [VoIPPendingIncoming] {"event":"REQUEST_START","source":"pending_call_poll","token_summary":"len:30:passke...en_331","user_id":6,"has_pending_call":false,"has_active_call":false}
 LOG  [UI_PRESS_PROBE] {"event":"VOIP_PRESENCE_ERROR","timestamp":"2026-08-15T15:52:38.525Z","token_ready":true,"user_ready":true,"show_login":false,"show_voip_tester":false,"selected_call_mode":"pstn_assist","voice_id":"nado-000006","token_summary":"len:30:passke...en_331","reason":"retry:close:1006"}
 LOG  [UI_PRESS_PROBE] {"event":"VOIP_PRESENCE_CLOSED","timestamp":"2026-08-15T15:52:38.528Z","token_ready":true,"user_ready":true,"show_login":false,"show_voip_tester":false,"selected_call_mode":"pstn_assist","voice_id":"nado-000006","token_summary":"len:30:passke...en_331","reason":"retry:close:1006","code":1006}
 LOG  [UI_PRESS_PROBE] {"event":"VOIP_PRESENCE_RETRY_SCHEDULED","timestamp":"2026-08-15T15:52:38.530Z","token_ready":true,"user_ready":true,"show_login":false,"show_voip_tester":false,"selected_call_mode":"pstn_assist","voice_id":"nado-000006","token_summary":"len:30:passke...en_331","reason":"close:1006"}
 LOG  [VoIPPendingIncoming] {"event":"REQUEST_RESULT","source":"pending_call_poll","token_summary":"len:30:passke...en_331","user_id":6,"status":401,"ok":false}
 LOG  [VoIPPendingIncoming] fetch failed 401
 LOG  [VoIPPendingIncoming] {"event":"REQUEST_START","source":"pending_call_poll","token_summary":"len:30:passke...en_331","user_id":6,"has_pending_call":false,"has_active_call":false}
 LOG  [VoIPPendingIncoming] {"event":"REQUEST_RESULT","source":"pending_call_poll","token_summary":"len:30:passke...en_331","user_id":6,"status":401,"ok":false}
 LOG  [VoIPPendingIncoming] fetch failed 401
 LOG  [UI_PRESS_PROBE] {"event":"VOIP_PRESENCE_CONNECT_ATTEMPT","timestamp":"2026-08-15T15:52:41.487Z","token_ready":true,"user_ready":true,"show_login":false,"show_voip_tester":false,"selected_call_mode":"pstn_assist","voice_id":"nado-000006","token_summary":"len:30:passke...en_331","reason":"retry:close:1006","api_base":"https://metanova1004.com"}
 LOG  [VoIPPendingIncoming] {"event":"REQUEST_START","source":"pending_call_poll","token_summary":"len:30:passke...en_331","user_id":6,"has_pending_call":false,"has_active_call":false}
 LOG  [UI_PRESS_PROBE] {"event":"VOIP_PRESENCE_ERROR","timestamp":"2026-08-15T15:52:43.106Z","token_ready":true,"user_ready":true,"show_login":false,"show_voip_tester":false,"selected_call_mode":"pstn_assist","voice_id":"nado-000006","token_summary":"len:30:passke...en_331","reason":"retry:close:1006"}
 LOG  [UI_PRESS_PROBE] {"event":"VOIP_PRESENCE_CLOSED","timestamp":"2026-08-15T15:52:43.109Z","token_ready":true,"user_ready":true,"show_login":false,"show_voip_tester":false,"selected_call_mode":"pstn_assist","voice_id":"nado-000006","token_summary":"len:30:passke...en_331","reason":"retry:close:1006","code":1006}
 LOG  [UI_PRESS_PROBE] {"event":"VOIP_PRESENCE_RETRY_SCHEDULED","timestamp":"2026-08-15T15:52:43.112Z","token_ready":true,"user_ready":true,"show_login":false,"show_voip_tester":false,"selected_call_mode":"pstn_assist","voice_id":"nado-000006","token_summary":"len:30:passke...en_331","reason":"close:1006"}
 LOG  [VoIPPendingIncoming] {"event":"REQUEST_RESULT","source":"pending_call_poll","token_summary":"len:30:passke...en_331","user_id":6,"status":401,"ok":false}
 LOG  [VoIPPendingIncoming] fetch failed 401
 LOG  [VoIPPendingIncoming] {"event":"REQUEST_START","source":"pending_call_poll","token_summary":"len:30:passke...en_331","user_id":6,"has_pending_call":false,"has_active_call":false}
 LOG  [UI_PRESS_PROBE] {"event":"VOIP_PRESENCE_CONNECT_ATTEMPT","timestamp":"2026-08-15T15:52:45.681Z","token_ready":true,"user_ready":true,"show_login":false,"show_voip_tester":false,"selected_call_mode":"pstn_assist","voice_id":"nado-000006","token_summary":"len:30:passke...en_331","reason":"retry:close:1006","api_base":"https://metanova1004.com"}
 LOG  [VoIPPendingIncoming] {"event":"REQUEST_RESULT","source":"pending_call_poll","token_summary":"len:30:passke...en_331","user_id":6,"status":401,"ok":false}
 LOG  [VoIPPendingIncoming] fetch failed 401
 LOG  [UI_PRESS_PROBE] {"event":"VOIP_PRESENCE_ERROR","timestamp":"2026-08-15T15:52:47.159Z","token_ready":true,"user_ready":true,"show_login":false,"show_voip_tester":false,"selected_call_mode":"pstn_assist","voice_id":"nado-000006","token_summary":"len:30:passke...en_331","reason":"retry:close:1006"}
 LOG  [UI_PRESS_PROBE] {"event":"VOIP_PRESENCE_CLOSED","timestamp":"2026-08-15T15:52:47.162Z","token_ready":true,"user_ready":true,"show_login":false,"show_voip_tester":false,"selected_call_mode":"pstn_assist","voice_id":"nado-000006","token_summary":"len:30:passke...en_331","reason":"retry:close:1006","code":1006}
 LOG  [UI_PRESS_PROBE] {"event":"VOIP_PRESENCE_RETRY_SCHEDULED","timestamp":"2026-08-15T15:52:47.164Z","token_ready":true,"user_ready":true,"show_login":false,"show_voip_tester":false,"selected_call_mode":"pstn_assist","voice_id":"nado-000006","token_summary":"len:30:passke...en_331","reason":"close:1006"}
 LOG  [VoIPPendingIncoming] {"event":"REQUEST_START","source":"pending_call_poll","token_summary":"len:30:passke...en_331","user_id":6,"has_pending_call":false,"has_active_call":false}
 LOG  [VoIPPendingIncoming] {"event":"REQUEST_RESULT","source":"pending_call_poll","token_summary":"len:30:passke...en_331","user_id":6,"status":401,"ok":false}
 LOG  [VoIPPendingIncoming] fetch failed 401
 LOG  [VoIPPendingIncoming] {"event":"REQUEST_START","source":"pending_call_poll","token_summary":"len:30:passke...en_331","user_id":6,"has_pending_call":false,"has_active_call":false}
Error [ERR_STREAM_UNABLE_TO_PIPE]: Cannot pipe to a closed or destroyed stream
Error [ERR_STREAM_UNABLE_TO_PIPE]: Cannot pipe to a closed or destroyed stream
Error [ERR_STREAM_UNABLE_TO_PIPE]: Cannot pipe to a closed or destroyed stream

<--- Last few GCs --->

[65516:0000027D2F94A000] 42080315 ms: Scavenge (during sweeping) 4073.2 (4084.4) -> 4067.0 (4085.1) MB, pooled: 0.0 MB, 3.17 / 0.00 ms (average mu = 0.288, current mu = 0.260) allocation failure; 
[65516:0000027D2F94A000] 42081602 ms: Mark-Compact (reduce) 4079.2 (4090.4) -> 4067.9 (4072.1) MB, pooled: 0.0 MB, 221.08 / 0.00 ms (+ 963.8 ms in 193 steps since start of marking, biggest step 6.9 ms, walltime since start of marking 1287 ms) (average mu 
FATAL ERROR: Ineffective mark-compacts near heap limit Allocation failed - JavaScript heap out of memory
----- Native stack trace -----

 1: 00007FF774E4B106 node::OnFatalError+1318
 2: 00007FF7759E9C67 v8::Function::NewInstance+423
 3: 00007FF7757F8077 EVP_PKEY_asn1_set_get_priv_key+463063
 4: 00007FF7757FBF87 EVP_PKEY_asn1_set_get_priv_key+479207
 5: 00007FF77580DB88 v8::internal::StrongRootAllocatorBase::deallocate_impl+19176
 6: 00007FF77580D3BB v8::internal::StrongRootAllocatorBase::deallocate_impl+17179
 7: 00007FF776DCF9AD v8::base::DiyFp::Multiply+10628941
 8: 00007FF7757F59A8 EVP_PKEY_asn1_set_get_priv_key+453128
 9: 00007FF7757F56B6 EVP_PKEY_asn1_set_get_priv_key+452374
10: 00007FF77587EED9 v8::Unlocker::~Unlocker+9081
11: 00007FF77541FA02 v8::String::Utf8Value::~Utf8Value+151490
12: 0000027D67FFB4FA 
