auth-duplicate-login-gate / enforce-single-session	UNKNOWN STEP	﻿2026-08-14T17:21:26.4323770Z Current runner version: '2.336.0'
auth-duplicate-login-gate / enforce-single-session	UNKNOWN STEP	2026-08-14T17:21:26.4342209Z ##[group]Runner Image Provisioner
auth-duplicate-login-gate / enforce-single-session	UNKNOWN STEP	2026-08-14T17:21:26.4342956Z Hosted Compute Agent
auth-duplicate-login-gate / enforce-single-session	UNKNOWN STEP	2026-08-14T17:21:26.4343434Z Version: 20260729.566
auth-duplicate-login-gate / enforce-single-session	UNKNOWN STEP	2026-08-14T17:21:26.4343929Z Commit: cf7153fe6e25b664e8693c24944bf2b00355d109
auth-duplicate-login-gate / enforce-single-session	UNKNOWN STEP	2026-08-14T17:21:26.4344708Z Build Date: 2026-07-29T19:17:02Z
auth-duplicate-login-gate / enforce-single-session	UNKNOWN STEP	2026-08-14T17:21:26.4345301Z Worker ID: {8b6000be-8aaa-4797-a3c7-2ff3050dbc0c}
auth-duplicate-login-gate / enforce-single-session	UNKNOWN STEP	2026-08-14T17:21:26.4345927Z Azure Region: centralus
auth-duplicate-login-gate / enforce-single-session	UNKNOWN STEP	2026-08-14T17:21:26.4346642Z ##[endgroup]
auth-duplicate-login-gate / enforce-single-session	UNKNOWN STEP	2026-08-14T17:21:26.4347778Z ##[group]Operating System
auth-duplicate-login-gate / enforce-single-session	UNKNOWN STEP	2026-08-14T17:21:26.4348287Z Ubuntu
auth-duplicate-login-gate / enforce-single-session	UNKNOWN STEP	2026-08-14T17:21:26.4348735Z 24.04.4
auth-duplicate-login-gate / enforce-single-session	UNKNOWN STEP	2026-08-14T17:21:26.4349241Z LTS
auth-duplicate-login-gate / enforce-single-session	UNKNOWN STEP	2026-08-14T17:21:26.4349660Z ##[endgroup]
auth-duplicate-login-gate / enforce-single-session	UNKNOWN STEP	2026-08-14T17:21:26.4350138Z ##[group]Runner Image
auth-duplicate-login-gate / enforce-single-session	UNKNOWN STEP	2026-08-14T17:21:26.4350674Z Image: ubuntu-24.04
auth-duplicate-login-gate / enforce-single-session	UNKNOWN STEP	2026-08-14T17:21:26.4351145Z Version: 20260810.271.1
auth-duplicate-login-gate / enforce-single-session	UNKNOWN STEP	2026-08-14T17:21:26.4352141Z Included Software: https://github.com/actions/runner-images/blob/ubuntu24/20260810.271/images/ubuntu/Ubuntu2404-Readme.md
auth-duplicate-login-gate / enforce-single-session	UNKNOWN STEP	2026-08-14T17:21:26.4353335Z Image Release: https://github.com/actions/runner-images/releases/tag/ubuntu24%2F20260810.271
auth-duplicate-login-gate / enforce-single-session	UNKNOWN STEP	2026-08-14T17:21:26.4354159Z ##[endgroup]
auth-duplicate-login-gate / enforce-single-session	UNKNOWN STEP	2026-08-14T17:21:26.4355481Z ##[group]GITHUB_TOKEN Permissions
auth-duplicate-login-gate / enforce-single-session	UNKNOWN STEP	2026-08-14T17:21:26.4357541Z Contents: read
auth-duplicate-login-gate / enforce-single-session	UNKNOWN STEP	2026-08-14T17:21:26.4358026Z Metadata: read
auth-duplicate-login-gate / enforce-single-session	UNKNOWN STEP	2026-08-14T17:21:26.4358502Z Packages: read
auth-duplicate-login-gate / enforce-single-session	UNKNOWN STEP	2026-08-14T17:21:26.4358964Z ##[endgroup]
auth-duplicate-login-gate / enforce-single-session	UNKNOWN STEP	2026-08-14T17:21:26.4360602Z Secret source: Actions
auth-duplicate-login-gate / enforce-single-session	UNKNOWN STEP	2026-08-14T17:21:26.4361546Z Prepare workflow directory
auth-duplicate-login-gate / enforce-single-session	UNKNOWN STEP	2026-08-14T17:21:26.4828174Z Prepare all required actions
auth-duplicate-login-gate / enforce-single-session	UNKNOWN STEP	2026-08-14T17:21:26.4868285Z Getting action download info
auth-duplicate-login-gate / enforce-single-session	UNKNOWN STEP	2026-08-14T17:21:26.6881723Z Download action repository 'actions/checkout@v4' (SHA:11d5960a326750d5838078e36cf38b85af677262)
auth-duplicate-login-gate / enforce-single-session	UNKNOWN STEP	2026-08-14T17:21:27.1267861Z Download action repository 'actions/setup-python@v5' (SHA:a26af69be951a213d495a4c3e4e4022e16d87065)
auth-duplicate-login-gate / enforce-single-session	UNKNOWN STEP	2026-08-14T17:21:28.0622142Z Complete job name: auth-duplicate-login-gate / enforce-single-session
auth-duplicate-login-gate / enforce-single-session	UNKNOWN STEP	2026-08-14T17:21:28.1215894Z Node 20 is being deprecated. This workflow is running with Node 24 by default. If you need to temporarily use Node 20, you can set the ACTIONS_ALLOW_USE_UNSECURE_NODE_VERSION=true environment variable. For more information see: https://github.blog/changelog/2025-09-19-deprecation-of-node-20-on-github-actions-runners/
auth-duplicate-login-gate / enforce-single-session	UNKNOWN STEP	2026-08-14T17:21:28.1223891Z ##[group]Run actions/checkout@v4
auth-duplicate-login-gate / enforce-single-session	UNKNOWN STEP	2026-08-14T17:21:28.1225033Z with:
auth-duplicate-login-gate / enforce-single-session	UNKNOWN STEP	2026-08-14T17:21:28.1225628Z   repository: parkcheolhong/Sorisae-AI
auth-duplicate-login-gate / enforce-single-session	UNKNOWN STEP	2026-08-14T17:21:28.1230047Z   token: ***
auth-duplicate-login-gate / enforce-single-session	UNKNOWN STEP	2026-08-14T17:21:28.1230609Z   ssh-strict: true
auth-duplicate-login-gate / enforce-single-session	UNKNOWN STEP	2026-08-14T17:21:28.1231140Z   ssh-user: git
auth-duplicate-login-gate / enforce-single-session	UNKNOWN STEP	2026-08-14T17:21:28.1231683Z   persist-credentials: true
auth-duplicate-login-gate / enforce-single-session	UNKNOWN STEP	2026-08-14T17:21:28.1232283Z   clean: true
auth-duplicate-login-gate / enforce-single-session	UNKNOWN STEP	2026-08-14T17:21:28.1232841Z   sparse-checkout-cone-mode: true
auth-duplicate-login-gate / enforce-single-session	UNKNOWN STEP	2026-08-14T17:21:28.1233480Z   fetch-depth: 1
auth-duplicate-login-gate / enforce-single-session	UNKNOWN STEP	2026-08-14T17:21:28.1234000Z   fetch-tags: false
auth-duplicate-login-gate / enforce-single-session	UNKNOWN STEP	2026-08-14T17:21:28.1234767Z   show-progress: true
auth-duplicate-login-gate / enforce-single-session	UNKNOWN STEP	2026-08-14T17:21:28.1235373Z   lfs: false
auth-duplicate-login-gate / enforce-single-session	UNKNOWN STEP	2026-08-14T17:21:28.1236019Z   submodules: false
auth-duplicate-login-gate / enforce-single-session	UNKNOWN STEP	2026-08-14T17:21:28.1236606Z   set-safe-directory: true
auth-duplicate-login-gate / enforce-single-session	UNKNOWN STEP	2026-08-14T17:21:28.1237209Z   allow-unsafe-pr-checkout: false
auth-duplicate-login-gate / enforce-single-session	UNKNOWN STEP	2026-08-14T17:21:28.1238038Z env:
auth-duplicate-login-gate / enforce-single-session	UNKNOWN STEP	2026-08-14T17:21:28.1238547Z   AUTH_E2E_EMAIL: 
auth-duplicate-login-gate / enforce-single-session	UNKNOWN STEP	2026-08-14T17:21:28.1239100Z   AUTH_E2E_PASSWORD: 
auth-duplicate-login-gate / enforce-single-session	UNKNOWN STEP	2026-08-14T17:21:28.1239685Z   E2E_BASE_URL: http://127.0.0.1:8000
auth-duplicate-login-gate / enforce-single-session	UNKNOWN STEP	2026-08-14T17:21:28.1240321Z ##[endgroup]
auth-duplicate-login-gate / enforce-single-session	UNKNOWN STEP	2026-08-14T17:21:28.2126652Z Syncing repository: parkcheolhong/Sorisae-AI
auth-duplicate-login-gate / enforce-single-session	UNKNOWN STEP	2026-08-14T17:21:28.2129527Z ##[group]Getting Git version info
auth-duplicate-login-gate / enforce-single-session	UNKNOWN STEP	2026-08-14T17:21:28.2130784Z Working directory is '/home/runner/work/Sorisae-AI/Sorisae-AI'
auth-duplicate-login-gate / enforce-single-session	UNKNOWN STEP	2026-08-14T17:21:28.2132627Z [command]/usr/bin/git version
auth-duplicate-login-gate / enforce-single-session	UNKNOWN STEP	2026-08-14T17:21:28.4117780Z git version 2.54.0
auth-duplicate-login-gate / enforce-single-session	UNKNOWN STEP	2026-08-14T17:21:28.4133830Z ##[endgroup]
auth-duplicate-login-gate / enforce-single-session	UNKNOWN STEP	2026-08-14T17:21:28.4145546Z Temporarily overriding HOME='/home/runner/work/_temp/f1d3e8f2-bc9d-4caf-b634-ea40eafbdb88' before making global git config changes
auth-duplicate-login-gate / enforce-single-session	UNKNOWN STEP	2026-08-14T17:21:28.4148863Z Adding repository directory to the temporary git global config as a safe directory
auth-duplicate-login-gate / enforce-single-session	UNKNOWN STEP	2026-08-14T17:21:28.4151506Z [command]/usr/bin/git config --global --add safe.directory /home/runner/work/Sorisae-AI/Sorisae-AI
auth-duplicate-login-gate / enforce-single-session	UNKNOWN STEP	2026-08-14T17:21:28.4298331Z Deleting the contents of '/home/runner/work/Sorisae-AI/Sorisae-AI'
auth-duplicate-login-gate / enforce-single-session	UNKNOWN STEP	2026-08-14T17:21:28.4300525Z ##[group]Initializing the repository
auth-duplicate-login-gate / enforce-single-session	UNKNOWN STEP	2026-08-14T17:21:28.4303466Z [command]/usr/bin/git init /home/runner/work/Sorisae-AI/Sorisae-AI
auth-duplicate-login-gate / enforce-single-session	UNKNOWN STEP	2026-08-14T17:21:28.4598925Z hint: Using 'master' as the name for the initial branch. This default branch name
auth-duplicate-login-gate / enforce-single-session	UNKNOWN STEP	2026-08-14T17:21:28.4602232Z hint: will change to "main" in Git 3.0. To configure the initial branch name
auth-duplicate-login-gate / enforce-single-session	UNKNOWN STEP	2026-08-14T17:21:28.4605160Z hint: to use in all of your new repositories, which will suppress this warning,
auth-duplicate-login-gate / enforce-single-session	UNKNOWN STEP	2026-08-14T17:21:28.4607192Z hint: call:
auth-duplicate-login-gate / enforce-single-session	UNKNOWN STEP	2026-08-14T17:21:28.4608148Z hint:
auth-duplicate-login-gate / enforce-single-session	UNKNOWN STEP	2026-08-14T17:21:28.4609354Z hint: 	git config --global init.defaultBranch <name>
auth-duplicate-login-gate / enforce-single-session	UNKNOWN STEP	2026-08-14T17:21:28.4611042Z hint:
auth-duplicate-login-gate / enforce-single-session	UNKNOWN STEP	2026-08-14T17:21:28.4612314Z hint: Names commonly chosen instead of 'master' are 'main', 'trunk' and
auth-duplicate-login-gate / enforce-single-session	UNKNOWN STEP	2026-08-14T17:21:28.4615101Z hint: 'development'. The just-created branch can be renamed via this command:
auth-duplicate-login-gate / enforce-single-session	UNKNOWN STEP	2026-08-14T17:21:28.4617111Z hint:
auth-duplicate-login-gate / enforce-single-session	UNKNOWN STEP	2026-08-14T17:21:28.4617818Z hint: 	git branch -m <name>
auth-duplicate-login-gate / enforce-single-session	UNKNOWN STEP	2026-08-14T17:21:28.4618599Z hint:
auth-duplicate-login-gate / enforce-single-session	UNKNOWN STEP	2026-08-14T17:21:28.4619744Z hint: Disable this message with "git config set advice.defaultBranchName false"
auth-duplicate-login-gate / enforce-single-session	UNKNOWN STEP	2026-08-14T17:21:28.4621988Z Initialized empty Git repository in /home/runner/work/Sorisae-AI/Sorisae-AI/.git/
auth-duplicate-login-gate / enforce-single-session	UNKNOWN STEP	2026-08-14T17:21:28.4626301Z [command]/usr/bin/git remote add origin https://github.com/parkcheolhong/Sorisae-AI
auth-duplicate-login-gate / enforce-single-session	UNKNOWN STEP	2026-08-14T17:21:28.4696093Z ##[endgroup]
auth-duplicate-login-gate / enforce-single-session	UNKNOWN STEP	2026-08-14T17:21:28.4697577Z ##[group]Disabling automatic garbage collection
auth-duplicate-login-gate / enforce-single-session	UNKNOWN STEP	2026-08-14T17:21:28.4699132Z [command]/usr/bin/git config --local gc.auto 0
auth-duplicate-login-gate / enforce-single-session	UNKNOWN STEP	2026-08-14T17:21:28.4713983Z ##[endgroup]
auth-duplicate-login-gate / enforce-single-session	UNKNOWN STEP	2026-08-14T17:21:28.4715569Z ##[group]Setting up auth
auth-duplicate-login-gate / enforce-single-session	UNKNOWN STEP	2026-08-14T17:21:28.4719058Z [command]/usr/bin/git config --local --name-only --get-regexp core\.sshCommand
auth-duplicate-login-gate / enforce-single-session	UNKNOWN STEP	2026-08-14T17:21:28.4748752Z [command]/usr/bin/git submodule foreach --recursive sh -c "git config --local --name-only --get-regexp 'core\.sshCommand' && git config --local --unset-all 'core.sshCommand' || :"
auth-duplicate-login-gate / enforce-single-session	UNKNOWN STEP	2026-08-14T17:21:28.5076923Z [command]/usr/bin/git config --local --name-only --get-regexp http\.https\:\/\/github\.com\/\.extraheader
auth-duplicate-login-gate / enforce-single-session	UNKNOWN STEP	2026-08-14T17:21:28.5105982Z [command]/usr/bin/git submodule foreach --recursive sh -c "git config --local --name-only --get-regexp 'http\.https\:\/\/github\.com\/\.extraheader' && git config --local --unset-all 'http.https://github.com/.extraheader' || :"
auth-duplicate-login-gate / enforce-single-session	UNKNOWN STEP	2026-08-14T17:21:28.5260393Z [command]/usr/bin/git config --local --name-only --get-regexp ^includeIf\.gitdir:
auth-duplicate-login-gate / enforce-single-session	UNKNOWN STEP	2026-08-14T17:21:28.5285176Z [command]/usr/bin/git submodule foreach --recursive git config --local --show-origin --name-only --get-regexp remote.origin.url
auth-duplicate-login-gate / enforce-single-session	UNKNOWN STEP	2026-08-14T17:21:28.5443182Z [command]/usr/bin/git config --local http.https://github.com/.extraheader AUTHORIZATION: basic ***
auth-duplicate-login-gate / enforce-single-session	UNKNOWN STEP	2026-08-14T17:21:28.5468662Z ##[endgroup]
auth-duplicate-login-gate / enforce-single-session	UNKNOWN STEP	2026-08-14T17:21:28.5469790Z ##[group]Fetching the repository
auth-duplicate-login-gate / enforce-single-session	UNKNOWN STEP	2026-08-14T17:21:28.5477734Z [command]/usr/bin/git -c protocol.version=2 fetch --no-tags --prune --no-recurse-submodules --depth=1 origin +9e6e45c0ef68a3c08afcf2cab6d0a4da6ca4bc49:refs/remotes/pull/111/merge
auth-duplicate-login-gate / enforce-single-session	UNKNOWN STEP	2026-08-14T17:22:08.2807779Z ##[error]The operation was canceled.
auth-duplicate-login-gate / enforce-single-session	UNKNOWN STEP	2026-08-14T17:22:08.2910767Z ##[group]Run docker compose down --remove-orphans
auth-duplicate-login-gate / enforce-single-session	UNKNOWN STEP	2026-08-14T17:22:08.2911311Z [36;1mdocker compose down --remove-orphans[0m
auth-duplicate-login-gate / enforce-single-session	UNKNOWN STEP	2026-08-14T17:22:08.2936002Z shell: /usr/bin/bash --noprofile --norc -e -o pipefail {0}
auth-duplicate-login-gate / enforce-single-session	UNKNOWN STEP	2026-08-14T17:22:08.2936435Z env:
auth-duplicate-login-gate / enforce-single-session	UNKNOWN STEP	2026-08-14T17:22:08.2936808Z   AUTH_E2E_EMAIL: 
auth-duplicate-login-gate / enforce-single-session	UNKNOWN STEP	2026-08-14T17:22:08.2937114Z   AUTH_E2E_PASSWORD: 
auth-duplicate-login-gate / enforce-single-session	UNKNOWN STEP	2026-08-14T17:22:08.2937520Z   E2E_BASE_URL: http://127.0.0.1:8000
auth-duplicate-login-gate / enforce-single-session	UNKNOWN STEP	2026-08-14T17:22:08.2937910Z ##[endgroup]
auth-duplicate-login-gate / enforce-single-session	UNKNOWN STEP	2026-08-14T17:22:08.4271280Z no configuration file provided: not found
auth-duplicate-login-gate / enforce-single-session	UNKNOWN STEP	2026-08-14T17:22:08.4291304Z ##[error]Process completed with exit code 1.
auth-duplicate-login-gate / enforce-single-session	UNKNOWN STEP	2026-08-14T17:22:08.4410403Z Node 20 is being deprecated. This workflow is running with Node 24 by default. If you need to temporarily use Node 20, you can set the ACTIONS_ALLOW_USE_UNSECURE_NODE_VERSION=true environment variable. For more information see: https://github.blog/changelog/2025-09-19-deprecation-of-node-20-on-github-actions-runners/
auth-duplicate-login-gate / enforce-single-session	UNKNOWN STEP	2026-08-14T17:22:08.4411867Z Post job cleanup.
auth-duplicate-login-gate / enforce-single-session	UNKNOWN STEP	2026-08-14T17:22:08.5165729Z [command]/usr/bin/git version
auth-duplicate-login-gate / enforce-single-session	UNKNOWN STEP	2026-08-14T17:22:08.5182350Z git version 2.54.0
auth-duplicate-login-gate / enforce-single-session	UNKNOWN STEP	2026-08-14T17:22:08.5216101Z Temporarily overriding HOME='/home/runner/work/_temp/94596472-b2ce-49ab-9a71-0c6cb903cee7' before making global git config changes
auth-duplicate-login-gate / enforce-single-session	UNKNOWN STEP	2026-08-14T17:22:08.5217379Z Adding repository directory to the temporary git global config as a safe directory
auth-duplicate-login-gate / enforce-single-session	UNKNOWN STEP	2026-08-14T17:22:08.5222507Z [command]/usr/bin/git config --global --add safe.directory /home/runner/work/Sorisae-AI/Sorisae-AI
auth-duplicate-login-gate / enforce-single-session	UNKNOWN STEP	2026-08-14T17:22:08.5251679Z [command]/usr/bin/git config --local --name-only --get-regexp core\.sshCommand
auth-duplicate-login-gate / enforce-single-session	UNKNOWN STEP	2026-08-14T17:22:08.5278598Z [command]/usr/bin/git submodule foreach --recursive sh -c "git config --local --name-only --get-regexp 'core\.sshCommand' && git config --local --unset-all 'core.sshCommand' || :"
auth-duplicate-login-gate / enforce-single-session	UNKNOWN STEP	2026-08-14T17:22:08.5449249Z [command]/usr/bin/git config --local --name-only --get-regexp http\.https\:\/\/github\.com\/\.extraheader
auth-duplicate-login-gate / enforce-single-session	UNKNOWN STEP	2026-08-14T17:22:08.5464678Z http.https://github.com/.extraheader
auth-duplicate-login-gate / enforce-single-session	UNKNOWN STEP	2026-08-14T17:22:08.5473679Z [command]/usr/bin/git config --local --unset-all http.https://github.com/.extraheader
auth-duplicate-login-gate / enforce-single-session	UNKNOWN STEP	2026-08-14T17:22:08.5498443Z [command]/usr/bin/git submodule foreach --recursive sh -c "git config --local --name-only --get-regexp 'http\.https\:\/\/github\.com\/\.extraheader' && git config --local --unset-all 'http.https://github.com/.extraheader' || :"
auth-duplicate-login-gate / enforce-single-session	UNKNOWN STEP	2026-08-14T17:22:08.5723942Z [command]/usr/bin/git config --local --name-only --get-regexp ^includeIf\.gitdir:
auth-duplicate-login-gate / enforce-single-session	UNKNOWN STEP	2026-08-14T17:22:08.5726578Z [command]/usr/bin/git submodule foreach --recursive git config --local --show-origin --name-only --get-regexp remote.origin.url
auth-duplicate-login-gate / enforce-single-session	UNKNOWN STEP	2026-08-14T17:22:08.6119425Z Cleaning up orphan processes
auth-duplicate-login-gate / enforce-single-session	UNKNOWN STEP	2026-08-14T17:22:08.6341111Z Terminate orphan process: pid (2079) (git)
auth-duplicate-login-gate / enforce-single-session	UNKNOWN STEP	2026-08-14T17:22:08.6414356Z Terminate orphan process: pid (2080) (git)
auth-duplicate-login-gate / enforce-single-session	UNKNOWN STEP	2026-08-14T17:22:08.6483494Z Terminate orphan process: pid (2081) (git-remote-https)
auth-duplicate-login-gate / enforce-single-session	UNKNOWN STEP	2026-08-14T17:22:08.6496276Z ##[warning]Node.js 20 is deprecated. The following actions target Node.js 20 but are being forced to run on Node.js 24: actions/checkout@v4. For more information see: https://github.blog/changelog/2025-09-19-deprecation-of-node-20-on-github-actions-runners/
