#12 DONE 19.1s

#13 [runner 2/6] COPY --from=build /app/package.json ./package.json
#13 DONE 0.1s

#14 [runner 3/6] COPY --from=build /app/next.config.js ./next.config.js
#14 DONE 0.1s

#15 [runner 4/6] COPY --from=build /app/.next ./.next
#15 DONE 0.2s

#16 [runner 5/6] COPY --from=build /app/node_modules ./node_modules
#16 DONE 3.4s

#17 [runner 6/6] COPY --from=build /app/public ./public
#17 DONE 0.2s

#18 exporting to image
#18 exporting layers
#18 exporting layers 13.9s done
#18 exporting manifest sha256:24d2bd5dddfce32fd645988d12615d9e797145c0ed60ebaca
bb67b835c32aedc 0.0s done
#18 exporting config sha256:7f15699df757b32c58dd848862c42942b445f2373297617dcbc
84edfea59c514 0.0s done
#18 exporting attestation manifest sha256:d0962955dc24ee0ece8736dbd091d89d878bd
3d421baf382888978fc3369202c 0.0s done
#18 exporting manifest list sha256:d72dc16b7201de7e7452459f0ce054c82f3c04ec3c6f
8719c1a3defd1cb48f2f 0.0s done
#18 naming to docker.io/library/devanalysis114-frontend-admin:latest done
#18 unpacking to docker.io/library/devanalysis114-frontend-admin:latest
#18 unpacking to docker.io/library/devanalysis114-frontend-admin:latest 6.9s do
ne
#18 DONE 20.9s

View build details: docker-desktop://dashboard/build/desktop-linux/desktop-linu
x/ax44eaxywanuvylytaavwefzo
