--------- beginning of main
08-17 13:06:20.819 W/ReactNativeJS(30884): Require cycle: src/features/navigation/sectionRegistry.ts -> src/features/i18n/featureUiCatalog.ts -> src/features/i18n/uiI18n.ts -> src/features/i18n/uiStringCatalog.ts -> src/features/navigation/sectionRegistry.ts
08-17 13:06:20.819 W/ReactNativeJS(30884): 
08-17 13:06:20.819 W/ReactNativeJS(30884): Require cycles are allowed, but can result in uninitialized values. Consider refactoring to remove the need for a cycle.
08-17 13:06:22.200 I/ReactNativeJS(30884): '[VoIP] WebRTC module loaded', { module: 'react-native-webrtc',
08-17 13:06:22.200 I/ReactNativeJS(30884):   hasPeerConnection: true,
08-17 13:06:22.200 I/ReactNativeJS(30884):   hasMediaDevices: true }
08-17 13:06:22.984 W/ReactNativeJS(30884): This method is deprecated (as well as all React Native Firebase namespaced API) and will be removed in the next major release as part of move to match Firebase Web modular SDK API. Please see migration guide for more details: https://rnfirebase.io/migrating-to-v22 Please use `getApps()` instead.
08-17 13:06:23.005 W/ReactNativeJS(30884): This method is deprecated (as well as all React Native Firebase namespaced API) and will be removed in the next major release as part of move to match Firebase Web modular SDK API. Please see migration guide for more details: https://rnfirebase.io/migrating-to-v22 Please use `initializeApp()` instead.
08-17 13:06:23.019 W/ReactNativeJS(30884): This method is deprecated (as well as all React Native Firebase namespaced API) and will be removed in the next major release as part of move to match Firebase Web modular SDK API. Please see migration guide for more details: https://rnfirebase.io/migrating-to-v22 Please use `getApps()` instead.
08-17 13:06:23.032 W/ReactNativeJS(30884): This method is deprecated (as well as all React Native Firebase namespaced API) and will be removed in the next major release as part of move to match Firebase Web modular SDK API. Please see migration guide for more details: https://rnfirebase.io/migrating-to-v22 Please use `getApp()` instead.
08-17 13:06:23.204 I/ReactNativeJS(30884): Running "main" with {"rootTag":1,"initialProps":{},"fabric":true}
08-17 13:06:28.560 I/ReactNativeJS(30884): '[UI_PRESS_PROBE]', '{"event":"NETWORK_TRANSPORT_CHANGED","timestamp":"2026-08-17T04:06:28.557Z","token_ready":false,"user_ready":false,"show_login":false,"show_voip_tester":false,"selected_call_mode":"pstn_assist","transport":"unknown","cellular_generation":null,"label":"알 수 없음","is_connected":false,"is_internet_reachable":null,"carrier":null,"ssid":null,"is_accurate_voip_test_ready":false,"previous_label":null}'
08-17 13:06:28.674 I/ReactNativeJS(30884): '[WORLDLINGCO_API] base_url', 'https://metanova1004.com'
08-17 13:06:28.806 I/ReactNativeJS(30884): [VoIPToneService] AudioContext not available (React Native environment)
08-17 13:06:29.025 I/ReactNativeJS(30884): '[UI_PRESS_PROBE]', '{"event":"SORISAE_FAB_VISIBLE_EVAL","timestamp":"2026-08-17T04:06:29.022Z","token_ready":false,"user_ready":false,"show_login":false,"show_voip_tester":false,"selected_call_mode":"pstn_assist","visible":false,"platform":"android","sorisae_fab_setting":true,"pending_incoming_voip":false,"voip_call_active":false,"sorisae_window_open":false}'
08-17 13:06:29.078 I/ReactNativeJS(30884): '[FACE_CONVERSATION]', '{"event":"silero_probe","supported":false}'
08-17 13:06:30.185 I/ReactNativeJS(30884): '[WORLDLINGCO_TUNING]', '{"event":"remote_loaded","updated_at":"2026-08-14T06:06:31Z","version":6}'
08-17 13:06:45.232 I/ReactNativeJS(30884): '[UI_PRESS_PROBE]', '{"event":"LOGIN_BUTTON_PRESS","timestamp":"2026-08-17T04:06:45.229Z","token_ready":false,"user_ready":false,"show_login":false,"show_voip_tester":false,"selected_call_mode":"pstn_assist","source":"header_account_row"}'
08-17 13:06:52.766 I/ReactNativeJS(30884): '[AUTH_INPUT_PROBE]', '{"event":"EMAIL_FOCUS","timestamp":"2026-08-17T04:06:52.763Z","show_login":true,"focus_field":"NONE","email_length":0,"password_length":0}'
08-17 13:07:04.020 I/ReactNativeJS(30884): '[AUTH_INPUT_PROBE]', '{"event":"EMAIL_CHANGE","timestamp":"2026-08-17T04:07:04.018Z","show_login":true,"focus_field":"EMAIL","email_length":0,"password_length":0,"next_length":1}'
08-17 13:07:04.498 I/ReactNativeJS(30884): '[AUTH_INPUT_PROBE]', '{"event":"EMAIL_CHANGE","timestamp":"2026-08-17T04:07:04.496Z","show_login":true,"focus_field":"EMAIL","email_length":1,"password_length":0,"next_length":2}'
08-17 13:07:04.501 I/ReactNativeJS(30884): '[AUTH_INPUT_PROBE]', '{"event":"EMAIL_CHANGE","timestamp":"2026-08-17T04:07:04.499Z","show_login":true,"focus_field":"EMAIL","email_length":1,"password_length":0,"next_length":3}'
08-17 13:07:04.504 I/ReactNativeJS(30884): '[AUTH_INPUT_PROBE]', '{"event":"EMAIL_CHANGE","timestamp":"2026-08-17T04:07:04.502Z","show_login":true,"focus_field":"EMAIL","email_length":1,"password_length":0,"next_length":4}'
08-17 13:07:04.509 I/ReactNativeJS(30884): '[AUTH_INPUT_PROBE]', '{"event":"EMAIL_CHANGE","timestamp":"2026-08-17T04:07:04.506Z","show_login":true,"focus_field":"EMAIL","email_length":1,"password_length":0,"next_length":5}'
08-17 13:07:04.511 I/ReactNativeJS(30884): '[AUTH_INPUT_PROBE]', '{"event":"EMAIL_CHANGE","timestamp":"2026-08-17T04:07:04.510Z","show_login":true,"focus_field":"EMAIL","email_length":1,"password_length":0,"next_length":6}'
08-17 13:07:04.514 I/ReactNativeJS(30884): '[AUTH_INPUT_PROBE]', '{"event":"EMAIL_CHANGE","timestamp":"2026-08-17T04:07:04.512Z","show_login":true,"focus_field":"EMAIL","email_length":1,"password_length":0,"next_length":7}'
08-17 13:07:04.516 I/ReactNativeJS(30884): '[AUTH_INPUT_PROBE]', '{"event":"EMAIL_CHANGE","timestamp":"2026-08-17T04:07:04.515Z","show_login":true,"focus_field":"EMAIL","email_length":1,"password_length":0,"next_length":8}'
08-17 13:07:04.519 I/ReactNativeJS(30884): '[AUTH_INPUT_PROBE]', '{"event":"EMAIL_CHANGE","timestamp":"2026-08-17T04:07:04.517Z","show_login":true,"focus_field":"EMAIL","email_length":1,"password_length":0,"next_length":9}'
08-17 13:07:04.521 I/ReactNativeJS(30884): '[AUTH_INPUT_PROBE]', '{"event":"EMAIL_CHANGE","timestamp":"2026-08-17T04:07:04.520Z","show_login":true,"focus_field":"EMAIL","email_length":1,"password_length":0,"next_length":10}'
08-17 13:07:04.998 I/ReactNativeJS(30884): '[AUTH_INPUT_PROBE]', '{"event":"EMAIL_CHANGE","timestamp":"2026-08-17T04:07:04.997Z","show_login":true,"focus_field":"EMAIL","email_length":10,"password_length":0,"next_length":11}'
08-17 13:07:05.001 I/ReactNativeJS(30884): '[AUTH_INPUT_PROBE]', '{"event":"EMAIL_CHANGE","timestamp":"2026-08-17T04:07:04.999Z","show_login":true,"focus_field":"EMAIL","email_length":10,"password_length":0,"next_length":12}'
08-17 13:07:05.003 I/ReactNativeJS(30884): '[AUTH_INPUT_PROBE]', '{"event":"EMAIL_CHANGE","timestamp":"2026-08-17T04:07:05.002Z","show_login":true,"focus_field":"EMAIL","email_length":10,"password_length":0,"next_length":13}'
08-17 13:07:05.005 I/ReactNativeJS(30884): '[AUTH_INPUT_PROBE]', '{"event":"EMAIL_CHANGE","timestamp":"2026-08-17T04:07:05.004Z","show_login":true,"focus_field":"EMAIL","email_length":10,"password_length":0,"next_length":14}'
08-17 13:07:05.007 I/ReactNativeJS(30884): '[AUTH_INPUT_PROBE]', '{"event":"EMAIL_CHANGE","timestamp":"2026-08-17T04:07:05.006Z","show_login":true,"focus_field":"EMAIL","email_length":10,"password_length":0,"next_length":15}'
08-17 13:07:05.010 I/ReactNativeJS(30884): '[AUTH_INPUT_PROBE]', '{"event":"EMAIL_CHANGE","timestamp":"2026-08-17T04:07:05.008Z","show_login":true,"focus_field":"EMAIL","email_length":10,"password_length":0,"next_length":16}'
08-17 13:07:05.012 I/ReactNativeJS(30884): '[AUTH_INPUT_PROBE]', '{"event":"EMAIL_CHANGE","timestamp":"2026-08-17T04:07:05.010Z","show_login":true,"focus_field":"EMAIL","email_length":10,"password_length":0,"next_length":17}'
08-17 13:07:08.554 I/ReactNativeJS(30884): '[AUTH_INPUT_PROBE]', '{"event":"EMAIL_BLUR","timestamp":"2026-08-17T04:07:08.552Z","show_login":true,"focus_field":"EMAIL","email_length":17,"password_length":0}'
08-17 13:07:08.559 I/ReactNativeJS(30884): '[AUTH_INPUT_PROBE]', '{"event":"PASSWORD_FOCUS","timestamp":"2026-08-17T04:07:08.556Z","show_login":true,"focus_field":"EMAIL","email_length":17,"password_length":0}'
08-17 13:07:19.709 I/ReactNativeJS(30884): '[AUTH_INPUT_PROBE]', '{"event":"PASSWORD_CHANGE","timestamp":"2026-08-17T04:07:19.706Z","show_login":true,"focus_field":"PASSWORD","email_length":17,"password_length":0,"next_length":1}'
08-17 13:07:20.211 I/ReactNativeJS(30884): '[AUTH_INPUT_PROBE]', '{"event":"PASSWORD_CHANGE","timestamp":"2026-08-17T04:07:20.209Z","show_login":true,"focus_field":"PASSWORD","email_length":17,"password_length":1,"next_length":2}'
08-17 13:07:20.214 I/ReactNativeJS(30884): '[AUTH_INPUT_PROBE]', '{"event":"PASSWORD_CHANGE","timestamp":"2026-08-17T04:07:20.212Z","show_login":true,"focus_field":"PASSWORD","email_length":17,"password_length":1,"next_length":3}'
08-17 13:07:20.217 I/ReactNativeJS(30884): '[AUTH_INPUT_PROBE]', '{"event":"PASSWORD_CHANGE","timestamp":"2026-08-17T04:07:20.215Z","show_login":true,"focus_field":"PASSWORD","email_length":17,"password_length":1,"next_length":4}'
08-17 13:07:20.221 I/ReactNativeJS(30884): '[AUTH_INPUT_PROBE]', '{"event":"PASSWORD_CHANGE","timestamp":"2026-08-17T04:07:20.218Z","show_login":true,"focus_field":"PASSWORD","email_length":17,"password_length":1,"next_length":5}'
08-17 13:07:20.225 I/ReactNativeJS(30884): '[AUTH_INPUT_PROBE]', '{"event":"PASSWORD_CHANGE","timestamp":"2026-08-17T04:07:20.223Z","show_login":true,"focus_field":"PASSWORD","email_length":17,"password_length":1,"next_length":6}'
08-17 13:07:20.227 I/ReactNativeJS(30884): '[AUTH_INPUT_PROBE]', '{"event":"PASSWORD_CHANGE","timestamp":"2026-08-17T04:07:20.225Z","show_login":true,"focus_field":"PASSWORD","email_length":17,"password_length":1,"next_length":7}'
08-17 13:07:20.230 I/ReactNativeJS(30884): '[AUTH_INPUT_PROBE]', '{"event":"PASSWORD_CHANGE","timestamp":"2026-08-17T04:07:20.228Z","show_login":true,"focus_field":"PASSWORD","email_length":17,"password_length":1,"next_length":8}'
08-17 13:07:20.768 I/ReactNativeJS(30884): '[AUTH_INPUT_PROBE]', '{"event":"PASSWORD_CHANGE","timestamp":"2026-08-17T04:07:20.766Z","show_login":true,"focus_field":"PASSWORD","email_length":17,"password_length":8,"next_length":9}'
08-17 13:07:20.770 I/ReactNativeJS(30884): '[AUTH_INPUT_PROBE]', '{"event":"PASSWORD_CHANGE","timestamp":"2026-08-17T04:07:20.769Z","show_login":true,"focus_field":"PASSWORD","email_length":17,"password_length":8,"next_length":10}'
08-17 13:07:20.773 I/ReactNativeJS(30884): '[AUTH_INPUT_PROBE]', '{"event":"PASSWORD_CHANGE","timestamp":"2026-08-17T04:07:20.771Z","show_login":true,"focus_field":"PASSWORD","email_length":17,"password_length":8,"next_length":11}'
08-17 13:07:20.775 I/ReactNativeJS(30884): '[AUTH_INPUT_PROBE]', '{"event":"PASSWORD_CHANGE","timestamp":"2026-08-17T04:07:20.774Z","show_login":true,"focus_field":"PASSWORD","email_length":17,"password_length":8,"next_length":12}'
08-17 13:07:20.778 I/ReactNativeJS(30884): '[AUTH_INPUT_PROBE]', '{"event":"PASSWORD_CHANGE","timestamp":"2026-08-17T04:07:20.776Z","show_login":true,"focus_field":"PASSWORD","email_length":17,"password_length":8,"next_length":13}'
08-17 13:07:21.503 I/ReactNativeJS(30884): '[WORLDLINGCO_TUNING]', '{"event":"remote_loaded","updated_at":"2026-08-14T06:06:31Z","version":6}'
08-17 13:07:26.056 I/ReactNativeJS(30884): '[WORLDLINGCO_TUNING]', '{"event":"remote_loaded","updated_at":"2026-08-14T06:06:31Z","version":6}'
08-17 13:07:34.427 I/ReactNativeJS(30884): '[WORLDLINGCO_TUNING]', '{"event":"remote_loaded","updated_at":"2026-08-14T06:06:31Z","version":6}'
08-17 13:07:38.656 I/ReactNativeJS(30884): '[WORLDLINGCO_TUNING]', '{"event":"remote_loaded","updated_at":"2026-08-14T06:06:31Z","version":6}'
08-17 13:07:50.828 I/ReactNativeJS(30884): '[WORLDLINGCO_TUNING]', '{"event":"remote_loaded","updated_at":"2026-08-14T06:06:31Z","version":6}'
08-17 13:08:02.868 I/ReactNativeJS(30884): '[WORLDLINGCO_TUNING]', '{"event":"remote_loaded","updated_at":"2026-08-14T06:06:31Z","version":6}'
08-17 13:08:15.051 I/ReactNativeJS(30884): '[WORLDLINGCO_TUNING]', '{"event":"remote_loaded","updated_at":"2026-08-14T06:06:31Z","version":6}'
08-17 13:08:19.659 I/ReactNativeJS(30884): '[WORLDLINGCO_TUNING]', '{"event":"remote_loaded","updated_at":"2026-08-14T06:06:31Z","version":6}'
08-17 13:08:24.295 I/ReactNativeJS(30884): '[WORLDLINGCO_TUNING]', '{"event":"remote_loaded","updated_at":"2026-08-14T06:06:31Z","version":6}'
