--------- beginning of main
08-17 14:50:24.070 W/ReactNativeJS(25937): Require cycle: src/features/navigation/sectionRegistry.ts -> src/features/i18n/featureUiCatalog.ts -> src/features/i18n/uiI18n.ts -> src/features/i18n/uiStringCatalog.ts -> src/features/navigation/sectionRegistry.ts
08-17 14:50:24.070 W/ReactNativeJS(25937): 
08-17 14:50:24.070 W/ReactNativeJS(25937): Require cycles are allowed, but can result in uninitialized values. Consider refactoring to remove the need for a cycle.
08-17 14:50:25.487 I/ReactNativeJS(25937): '[VoIP] WebRTC module loaded', { module: 'react-native-webrtc',
08-17 14:50:25.487 I/ReactNativeJS(25937):   hasPeerConnection: true,
08-17 14:50:25.487 I/ReactNativeJS(25937):   hasMediaDevices: true }
08-17 14:50:26.254 W/ReactNativeJS(25937): This method is deprecated (as well as all React Native Firebase namespaced API) and will be removed in the next major release as part of move to match Firebase Web modular SDK API. Please see migration guide for more details: https://rnfirebase.io/migrating-to-v22 Please use `getApps()` instead.
08-17 14:50:26.276 W/ReactNativeJS(25937): This method is deprecated (as well as all React Native Firebase namespaced API) and will be removed in the next major release as part of move to match Firebase Web modular SDK API. Please see migration guide for more details: https://rnfirebase.io/migrating-to-v22 Please use `initializeApp()` instead.
08-17 14:50:26.290 W/ReactNativeJS(25937): This method is deprecated (as well as all React Native Firebase namespaced API) and will be removed in the next major release as part of move to match Firebase Web modular SDK API. Please see migration guide for more details: https://rnfirebase.io/migrating-to-v22 Please use `getApps()` instead.
08-17 14:50:26.302 W/ReactNativeJS(25937): This method is deprecated (as well as all React Native Firebase namespaced API) and will be removed in the next major release as part of move to match Firebase Web modular SDK API. Please see migration guide for more details: https://rnfirebase.io/migrating-to-v22 Please use `getApp()` instead.
08-17 14:50:26.493 I/ReactNativeJS(25937): Running "main" with {"rootTag":1,"initialProps":{},"fabric":true}
08-17 14:50:31.831 I/ReactNativeJS(25937): '[UI_PRESS_PROBE]', '{"event":"NETWORK_TRANSPORT_CHANGED","timestamp":"2026-08-17T05:50:31.829Z","token_ready":false,"user_ready":false,"show_login":false,"show_voip_tester":false,"selected_call_mode":"pstn_assist","transport":"unknown","cellular_generation":null,"label":"알 수 없음","is_connected":false,"is_internet_reachable":null,"carrier":null,"ssid":null,"is_accurate_voip_test_ready":false,"previous_label":null}'
08-17 14:50:31.944 I/ReactNativeJS(25937): '[WORLDLINGCO_API] base_url', 'https://metanova1004.com'
08-17 14:50:32.073 I/ReactNativeJS(25937): [VoIPToneService] AudioContext not available (React Native environment)
08-17 14:50:32.284 I/ReactNativeJS(25937): '[UI_PRESS_PROBE]', '{"event":"SORISAE_FAB_VISIBLE_EVAL","timestamp":"2026-08-17T05:50:32.280Z","token_ready":false,"user_ready":false,"show_login":false,"show_voip_tester":false,"selected_call_mode":"pstn_assist","visible":false,"platform":"android","sorisae_fab_setting":true,"pending_incoming_voip":false,"voip_call_active":false,"sorisae_window_open":false}'
08-17 14:50:32.333 I/ReactNativeJS(25937): '[FACE_CONVERSATION]', '{"event":"silero_probe","supported":false}'
08-17 14:50:33.445 I/ReactNativeJS(25937): '[WORLDLINGCO_TUNING]', '{"event":"remote_loaded","updated_at":"2026-08-14T06:06:31Z","version":6}'
08-17 14:50:48.314 I/ReactNativeJS(25937): '[UI_PRESS_PROBE]', '{"event":"LOGIN_BUTTON_PRESS","timestamp":"2026-08-17T05:50:48.311Z","token_ready":false,"user_ready":false,"show_login":false,"show_voip_tester":false,"selected_call_mode":"pstn_assist","source":"header_account_row"}'
08-17 14:50:55.891 I/ReactNativeJS(25937): '[AUTH_INPUT_PROBE]', '{"event":"EMAIL_FOCUS","timestamp":"2026-08-17T05:50:55.889Z","show_login":true,"focus_field":"NONE","email_length":0,"password_length":0}'
08-17 14:51:07.164 I/ReactNativeJS(25937): '[AUTH_INPUT_PROBE]', '{"event":"EMAIL_CHANGE","timestamp":"2026-08-17T05:51:07.163Z","show_login":true,"focus_field":"EMAIL","email_length":0,"password_length":0,"next_length":1}'
08-17 14:51:07.590 I/ReactNativeJS(25937): '[AUTH_INPUT_PROBE]', '{"event":"EMAIL_CHANGE","timestamp":"2026-08-17T05:51:07.588Z","show_login":true,"focus_field":"EMAIL","email_length":1,"password_length":0,"next_length":2}'
08-17 14:51:07.592 I/ReactNativeJS(25937): '[AUTH_INPUT_PROBE]', '{"event":"EMAIL_CHANGE","timestamp":"2026-08-17T05:51:07.591Z","show_login":true,"focus_field":"EMAIL","email_length":1,"password_length":0,"next_length":3}'
08-17 14:51:07.595 I/ReactNativeJS(25937): '[AUTH_INPUT_PROBE]', '{"event":"EMAIL_CHANGE","timestamp":"2026-08-17T05:51:07.593Z","show_login":true,"focus_field":"EMAIL","email_length":1,"password_length":0,"next_length":4}'
08-17 14:51:07.597 I/ReactNativeJS(25937): '[AUTH_INPUT_PROBE]', '{"event":"EMAIL_CHANGE","timestamp":"2026-08-17T05:51:07.596Z","show_login":true,"focus_field":"EMAIL","email_length":1,"password_length":0,"next_length":5}'
08-17 14:51:07.600 I/ReactNativeJS(25937): '[AUTH_INPUT_PROBE]', '{"event":"EMAIL_CHANGE","timestamp":"2026-08-17T05:51:07.598Z","show_login":true,"focus_field":"EMAIL","email_length":1,"password_length":0,"next_length":6}'
08-17 14:51:07.603 I/ReactNativeJS(25937): '[AUTH_INPUT_PROBE]', '{"event":"EMAIL_CHANGE","timestamp":"2026-08-17T05:51:07.601Z","show_login":true,"focus_field":"EMAIL","email_length":1,"password_length":0,"next_length":7}'
08-17 14:51:07.605 I/ReactNativeJS(25937): '[AUTH_INPUT_PROBE]', '{"event":"EMAIL_CHANGE","timestamp":"2026-08-17T05:51:07.604Z","show_login":true,"focus_field":"EMAIL","email_length":1,"password_length":0,"next_length":8}'
08-17 14:51:07.608 I/ReactNativeJS(25937): '[AUTH_INPUT_PROBE]', '{"event":"EMAIL_CHANGE","timestamp":"2026-08-17T05:51:07.606Z","show_login":true,"focus_field":"EMAIL","email_length":1,"password_length":0,"next_length":9}'
08-17 14:51:08.061 I/ReactNativeJS(25937): '[AUTH_INPUT_PROBE]', '{"event":"EMAIL_CHANGE","timestamp":"2026-08-17T05:51:08.059Z","show_login":true,"focus_field":"EMAIL","email_length":9,"password_length":0,"next_length":10}'
08-17 14:51:08.063 I/ReactNativeJS(25937): '[AUTH_INPUT_PROBE]', '{"event":"EMAIL_CHANGE","timestamp":"2026-08-17T05:51:08.062Z","show_login":true,"focus_field":"EMAIL","email_length":9,"password_length":0,"next_length":11}'
08-17 14:51:08.066 I/ReactNativeJS(25937): '[AUTH_INPUT_PROBE]', '{"event":"EMAIL_CHANGE","timestamp":"2026-08-17T05:51:08.064Z","show_login":true,"focus_field":"EMAIL","email_length":9,"password_length":0,"next_length":12}'
08-17 14:51:08.068 I/ReactNativeJS(25937): '[AUTH_INPUT_PROBE]', '{"event":"EMAIL_CHANGE","timestamp":"2026-08-17T05:51:08.067Z","show_login":true,"focus_field":"EMAIL","email_length":9,"password_length":0,"next_length":13}'
08-17 14:51:08.071 I/ReactNativeJS(25937): '[AUTH_INPUT_PROBE]', '{"event":"EMAIL_CHANGE","timestamp":"2026-08-17T05:51:08.069Z","show_login":true,"focus_field":"EMAIL","email_length":9,"password_length":0,"next_length":14}'
08-17 14:51:08.073 I/ReactNativeJS(25937): '[AUTH_INPUT_PROBE]', '{"event":"EMAIL_CHANGE","timestamp":"2026-08-17T05:51:08.072Z","show_login":true,"focus_field":"EMAIL","email_length":9,"password_length":0,"next_length":15}'
08-17 14:51:08.076 I/ReactNativeJS(25937): '[AUTH_INPUT_PROBE]', '{"event":"EMAIL_CHANGE","timestamp":"2026-08-17T05:51:08.074Z","show_login":true,"focus_field":"EMAIL","email_length":9,"password_length":0,"next_length":16}'
08-17 14:51:08.078 I/ReactNativeJS(25937): '[AUTH_INPUT_PROBE]', '{"event":"EMAIL_CHANGE","timestamp":"2026-08-17T05:51:08.077Z","show_login":true,"focus_field":"EMAIL","email_length":9,"password_length":0,"next_length":17}'
08-17 14:51:11.976 I/ReactNativeJS(25937): '[AUTH_INPUT_PROBE]', '{"event":"EMAIL_BLUR","timestamp":"2026-08-17T05:51:11.974Z","show_login":true,"focus_field":"EMAIL","email_length":17,"password_length":0}'
08-17 14:51:11.979 I/ReactNativeJS(25937): '[AUTH_INPUT_PROBE]', '{"event":"PASSWORD_FOCUS","timestamp":"2026-08-17T05:51:11.977Z","show_login":true,"focus_field":"EMAIL","email_length":17,"password_length":0}'
08-17 14:51:23.045 I/ReactNativeJS(25937): '[AUTH_INPUT_PROBE]', '{"event":"PASSWORD_CHANGE","timestamp":"2026-08-17T05:51:23.043Z","show_login":true,"focus_field":"PASSWORD","email_length":17,"password_length":0,"next_length":1}'
08-17 14:51:23.519 I/ReactNativeJS(25937): '[AUTH_INPUT_PROBE]', '{"event":"PASSWORD_CHANGE","timestamp":"2026-08-17T05:51:23.518Z","show_login":true,"focus_field":"PASSWORD","email_length":17,"password_length":1,"next_length":2}'
08-17 14:51:23.522 I/ReactNativeJS(25937): '[AUTH_INPUT_PROBE]', '{"event":"PASSWORD_CHANGE","timestamp":"2026-08-17T05:51:23.520Z","show_login":true,"focus_field":"PASSWORD","email_length":17,"password_length":1,"next_length":3}'
08-17 14:51:23.524 I/ReactNativeJS(25937): '[AUTH_INPUT_PROBE]', '{"event":"PASSWORD_CHANGE","timestamp":"2026-08-17T05:51:23.523Z","show_login":true,"focus_field":"PASSWORD","email_length":17,"password_length":1,"next_length":4}'
08-17 14:51:23.527 I/ReactNativeJS(25937): '[AUTH_INPUT_PROBE]', '{"event":"PASSWORD_CHANGE","timestamp":"2026-08-17T05:51:23.525Z","show_login":true,"focus_field":"PASSWORD","email_length":17,"password_length":1,"next_length":5}'
08-17 14:51:23.529 I/ReactNativeJS(25937): '[AUTH_INPUT_PROBE]', '{"event":"PASSWORD_CHANGE","timestamp":"2026-08-17T05:51:23.528Z","show_login":true,"focus_field":"PASSWORD","email_length":17,"password_length":1,"next_length":6}'
08-17 14:51:23.532 I/ReactNativeJS(25937): '[AUTH_INPUT_PROBE]', '{"event":"PASSWORD_CHANGE","timestamp":"2026-08-17T05:51:23.530Z","show_login":true,"focus_field":"PASSWORD","email_length":17,"password_length":1,"next_length":7}'
08-17 14:51:24.084 I/ReactNativeJS(25937): '[AUTH_INPUT_PROBE]', '{"event":"PASSWORD_CHANGE","timestamp":"2026-08-17T05:51:24.082Z","show_login":true,"focus_field":"PASSWORD","email_length":17,"password_length":7,"next_length":8}'
08-17 14:51:24.086 I/ReactNativeJS(25937): '[AUTH_INPUT_PROBE]', '{"event":"PASSWORD_CHANGE","timestamp":"2026-08-17T05:51:24.085Z","show_login":true,"focus_field":"PASSWORD","email_length":17,"password_length":7,"next_length":9}'
08-17 14:51:24.088 I/ReactNativeJS(25937): '[AUTH_INPUT_PROBE]', '{"event":"PASSWORD_CHANGE","timestamp":"2026-08-17T05:51:24.087Z","show_login":true,"focus_field":"PASSWORD","email_length":17,"password_length":7,"next_length":10}'
08-17 14:51:24.091 I/ReactNativeJS(25937): '[AUTH_INPUT_PROBE]', '{"event":"PASSWORD_CHANGE","timestamp":"2026-08-17T05:51:24.089Z","show_login":true,"focus_field":"PASSWORD","email_length":17,"password_length":7,"next_length":11}'
08-17 14:51:24.093 I/ReactNativeJS(25937): '[AUTH_INPUT_PROBE]', '{"event":"PASSWORD_CHANGE","timestamp":"2026-08-17T05:51:24.092Z","show_login":true,"focus_field":"PASSWORD","email_length":17,"password_length":7,"next_length":12}'
08-17 14:51:24.096 I/ReactNativeJS(25937): '[AUTH_INPUT_PROBE]', '{"event":"PASSWORD_CHANGE","timestamp":"2026-08-17T05:51:24.094Z","show_login":true,"focus_field":"PASSWORD","email_length":17,"password_length":7,"next_length":13}'
08-17 14:51:24.820 I/ReactNativeJS(25937): '[WORLDLINGCO_TUNING]', '{"event":"remote_loaded","updated_at":"2026-08-14T06:06:31Z","version":6}'
08-17 14:51:28.767 I/ReactNativeJS(25937): '[AUTH_INPUT_PROBE]', '{"event":"PASSWORD_CHANGE","timestamp":"2026-08-17T05:51:28.762Z","show_login":true,"focus_field":"PASSWORD","email_length":17,"password_length":13,"next_length":14}'
08-17 14:51:32.611 I/ReactNativeJS(25937): '[AUTH_INPUT_PROBE]', '{"event":"PASSWORD_CHANGE","timestamp":"2026-08-17T05:51:32.609Z","show_login":true,"focus_field":"PASSWORD","email_length":17,"password_length":14,"next_length":15}'
08-17 14:51:36.385 I/ReactNativeJS(25937): '[AUTH_INPUT_PROBE]', '{"event":"PASSWORD_CHANGE","timestamp":"2026-08-17T05:51:36.383Z","show_login":true,"focus_field":"PASSWORD","email_length":17,"password_length":15,"next_length":16}'
08-17 14:51:40.875 I/ReactNativeJS(25937): '[WORLDLINGCO_TUNING]', '{"event":"remote_loaded","updated_at":"2026-08-14T06:06:31Z","version":6}'
08-17 14:51:48.404 I/ReactNativeJS(25937): '[UI_PRESS_PROBE]', '{"event":"LOGIN_SUBMIT_PRESS","timestamp":"2026-08-17T05:51:48.401Z","token_ready":false,"user_ready":false,"show_login":true,"show_voip_tester":false,"selected_call_mode":"pstn_assist","email_filled":true,"password_filled":true}'
08-17 14:51:48.416 I/ReactNativeJS(25937): '[AUTH_FLOW]', '{"event":"LOGIN_API_REQUEST","endpoint":"https://metanova1004.com/api/auth/login","email":"119cash@naver.com"}'
08-17 14:51:49.191 I/ReactNativeJS(25937): '[AUTH_FLOW]', '{"event":"LOGIN_API_FAIL","endpoint":"https://metanova1004.com/api/auth/login","email":"119cash@naver.com","status":401}'
08-17 14:51:49.201 I/ReactNativeJS(25937): '[UI_PRESS_PROBE]', '{"event":"LOGIN_SUBMIT_FAIL","timestamp":"2026-08-17T05:51:49.199Z","token_ready":false,"user_ready":false,"show_login":true,"show_voip_tester":false,"selected_call_mode":"pstn_assist","error":"이메일 또는 비밀번호가 올바르지 않습니다"}'
08-17 14:51:52.745 I/ReactNativeJS(25937): '[WORLDLINGCO_TUNING]', '{"event":"remote_loaded","updated_at":"2026-08-14T06:06:31Z","version":6}'
08-17 14:51:57.021 I/ReactNativeJS(25937): '[WORLDLINGCO_TUNING]', '{"event":"remote_loaded","updated_at":"2026-08-14T06:06:31Z","version":6}'
08-17 14:52:01.302 I/ReactNativeJS(25937): '[WORLDLINGCO_TUNING]', '{"event":"remote_loaded","updated_at":"2026-08-14T06:06:31Z","version":6}'
08-17 14:52:10.909 I/ReactNativeJS(25937): '[WORLDLINGCO_TUNING]', '{"event":"remote_loaded","updated_at":"2026-08-14T06:06:31Z","version":6}'
08-17 14:52:15.548 I/ReactNativeJS(25937): '[WORLDLINGCO_TUNING]', '{"event":"remote_loaded","updated_at":"2026-08-14T06:06:31Z","version":6}'
08-17 14:52:19.867 I/ReactNativeJS(25937): '[WORLDLINGCO_TUNING]', '{"event":"remote_loaded","updated_at":"2026-08-14T06:06:31Z","version":6}'
08-17 14:52:24.427 I/ReactNativeJS(25937): '[WORLDLINGCO_TUNING]', '{"event":"remote_loaded","updated_at":"2026-08-14T06:06:31Z","version":6}'
08-17 14:52:28.938 I/ReactNativeJS(25937): '[WORLDLINGCO_TUNING]', '{"event":"remote_loaded","updated_at":"2026-08-14T06:06:31Z","version":6}'
08-17 14:52:33.418 I/ReactNativeJS(25937): '[WORLDLINGCO_TUNING]', '{"event":"remote_loaded","updated_at":"2026-08-14T06:06:31Z","version":6}'
08-17 14:52:37.805 I/ReactNativeJS(25937): '[WORLDLINGCO_TUNING]', '{"event":"remote_loaded","updated_at":"2026-08-14T06:06:31Z","version":6}'
