--------- beginning of main
08-17 14:28:42.442 W/ReactNativeJS(18985): Require cycle: src/features/navigation/sectionRegistry.ts -> src/features/i18n/featureUiCatalog.ts -> src/features/i18n/uiI18n.ts -> src/features/i18n/uiStringCatalog.ts -> src/features/navigation/sectionRegistry.ts
08-17 14:28:42.442 W/ReactNativeJS(18985): 
08-17 14:28:42.442 W/ReactNativeJS(18985): Require cycles are allowed, but can result in uninitialized values. Consider refactoring to remove the need for a cycle.
08-17 14:28:43.881 I/ReactNativeJS(18985): '[VoIP] WebRTC module loaded', { module: 'react-native-webrtc',
08-17 14:28:43.881 I/ReactNativeJS(18985):   hasPeerConnection: true,
08-17 14:28:43.881 I/ReactNativeJS(18985):   hasMediaDevices: true }
08-17 14:28:44.671 W/ReactNativeJS(18985): This method is deprecated (as well as all React Native Firebase namespaced API) and will be removed in the next major release as part of move to match Firebase Web modular SDK API. Please see migration guide for more details: https://rnfirebase.io/migrating-to-v22 Please use `getApps()` instead.
08-17 14:28:44.696 W/ReactNativeJS(18985): This method is deprecated (as well as all React Native Firebase namespaced API) and will be removed in the next major release as part of move to match Firebase Web modular SDK API. Please see migration guide for more details: https://rnfirebase.io/migrating-to-v22 Please use `initializeApp()` instead.
08-17 14:28:44.712 W/ReactNativeJS(18985): This method is deprecated (as well as all React Native Firebase namespaced API) and will be removed in the next major release as part of move to match Firebase Web modular SDK API. Please see migration guide for more details: https://rnfirebase.io/migrating-to-v22 Please use `getApps()` instead.
08-17 14:28:44.724 W/ReactNativeJS(18985): This method is deprecated (as well as all React Native Firebase namespaced API) and will be removed in the next major release as part of move to match Firebase Web modular SDK API. Please see migration guide for more details: https://rnfirebase.io/migrating-to-v22 Please use `getApp()` instead.
08-17 14:28:44.905 I/ReactNativeJS(18985): Running "main" with {"rootTag":1,"initialProps":{},"fabric":true}
08-17 14:28:50.246 I/ReactNativeJS(18985): '[UI_PRESS_PROBE]', '{"event":"NETWORK_TRANSPORT_CHANGED","timestamp":"2026-08-17T05:28:50.243Z","token_ready":false,"user_ready":false,"show_login":false,"show_voip_tester":false,"selected_call_mode":"pstn_assist","transport":"unknown","cellular_generation":null,"label":"알 수 없음","is_connected":false,"is_internet_reachable":null,"carrier":null,"ssid":null,"is_accurate_voip_test_ready":false,"previous_label":null}'
08-17 14:28:50.355 I/ReactNativeJS(18985): '[WORLDLINGCO_API] base_url', 'https://metanova1004.com'
08-17 14:28:50.484 I/ReactNativeJS(18985): [VoIPToneService] AudioContext not available (React Native environment)
08-17 14:28:50.710 I/ReactNativeJS(18985): '[UI_PRESS_PROBE]', '{"event":"SORISAE_FAB_VISIBLE_EVAL","timestamp":"2026-08-17T05:28:50.706Z","token_ready":false,"user_ready":false,"show_login":false,"show_voip_tester":false,"selected_call_mode":"pstn_assist","visible":false,"platform":"android","sorisae_fab_setting":true,"pending_incoming_voip":false,"voip_call_active":false,"sorisae_window_open":false}'
08-17 14:28:50.763 I/ReactNativeJS(18985): '[FACE_CONVERSATION]', '{"event":"silero_probe","supported":false}'
08-17 14:28:51.807 I/ReactNativeJS(18985): '[WORLDLINGCO_TUNING]', '{"event":"remote_loaded","updated_at":"2026-08-14T06:06:31Z","version":6}'
08-17 14:29:07.018 I/ReactNativeJS(18985): '[UI_PRESS_PROBE]', '{"event":"LOGIN_BUTTON_PRESS","timestamp":"2026-08-17T05:29:07.016Z","token_ready":false,"user_ready":false,"show_login":false,"show_voip_tester":false,"selected_call_mode":"pstn_assist","source":"header_account_row"}'
08-17 14:29:14.638 I/ReactNativeJS(18985): '[AUTH_INPUT_PROBE]', '{"event":"EMAIL_FOCUS","timestamp":"2026-08-17T05:29:14.636Z","show_login":true,"focus_field":"NONE","email_length":0,"password_length":0}'
08-17 14:29:25.604 I/ReactNativeJS(18985): '[AUTH_INPUT_PROBE]', '{"event":"EMAIL_CHANGE","timestamp":"2026-08-17T05:29:25.602Z","show_login":true,"focus_field":"EMAIL","email_length":0,"password_length":0,"next_length":1}'
08-17 14:29:26.226 I/ReactNativeJS(18985): '[AUTH_INPUT_PROBE]', '{"event":"EMAIL_CHANGE","timestamp":"2026-08-17T05:29:26.224Z","show_login":true,"focus_field":"EMAIL","email_length":1,"password_length":0,"next_length":2}'
08-17 14:29:26.229 I/ReactNativeJS(18985): '[AUTH_INPUT_PROBE]', '{"event":"EMAIL_CHANGE","timestamp":"2026-08-17T05:29:26.227Z","show_login":true,"focus_field":"EMAIL","email_length":1,"password_length":0,"next_length":3}'
08-17 14:29:26.232 I/ReactNativeJS(18985): '[AUTH_INPUT_PROBE]', '{"event":"EMAIL_CHANGE","timestamp":"2026-08-17T05:29:26.230Z","show_login":true,"focus_field":"EMAIL","email_length":1,"password_length":0,"next_length":4}'
08-17 14:29:26.235 I/ReactNativeJS(18985): '[AUTH_INPUT_PROBE]', '{"event":"EMAIL_CHANGE","timestamp":"2026-08-17T05:29:26.233Z","show_login":true,"focus_field":"EMAIL","email_length":1,"password_length":0,"next_length":5}'
08-17 14:29:26.238 I/ReactNativeJS(18985): '[AUTH_INPUT_PROBE]', '{"event":"EMAIL_CHANGE","timestamp":"2026-08-17T05:29:26.236Z","show_login":true,"focus_field":"EMAIL","email_length":1,"password_length":0,"next_length":6}'
08-17 14:29:26.242 I/ReactNativeJS(18985): '[AUTH_INPUT_PROBE]', '{"event":"EMAIL_CHANGE","timestamp":"2026-08-17T05:29:26.240Z","show_login":true,"focus_field":"EMAIL","email_length":1,"password_length":0,"next_length":7}'
08-17 14:29:26.245 I/ReactNativeJS(18985): '[AUTH_INPUT_PROBE]', '{"event":"EMAIL_CHANGE","timestamp":"2026-08-17T05:29:26.244Z","show_login":true,"focus_field":"EMAIL","email_length":1,"password_length":0,"next_length":8}'
08-17 14:29:26.248 I/ReactNativeJS(18985): '[AUTH_INPUT_PROBE]', '{"event":"EMAIL_CHANGE","timestamp":"2026-08-17T05:29:26.246Z","show_login":true,"focus_field":"EMAIL","email_length":1,"password_length":0,"next_length":9}'
08-17 14:29:26.251 I/ReactNativeJS(18985): '[AUTH_INPUT_PROBE]', '{"event":"EMAIL_CHANGE","timestamp":"2026-08-17T05:29:26.249Z","show_login":true,"focus_field":"EMAIL","email_length":1,"password_length":0,"next_length":10}'
08-17 14:29:26.254 I/ReactNativeJS(18985): '[AUTH_INPUT_PROBE]', '{"event":"EMAIL_CHANGE","timestamp":"2026-08-17T05:29:26.252Z","show_login":true,"focus_field":"EMAIL","email_length":1,"password_length":0,"next_length":11}'
08-17 14:29:26.256 I/ReactNativeJS(18985): '[AUTH_INPUT_PROBE]', '{"event":"EMAIL_CHANGE","timestamp":"2026-08-17T05:29:26.255Z","show_login":true,"focus_field":"EMAIL","email_length":1,"password_length":0,"next_length":12}'
08-17 14:29:26.259 I/ReactNativeJS(18985): '[AUTH_INPUT_PROBE]', '{"event":"EMAIL_CHANGE","timestamp":"2026-08-17T05:29:26.257Z","show_login":true,"focus_field":"EMAIL","email_length":1,"password_length":0,"next_length":13}'
08-17 14:29:26.776 I/ReactNativeJS(18985): '[AUTH_INPUT_PROBE]', '{"event":"EMAIL_CHANGE","timestamp":"2026-08-17T05:29:26.774Z","show_login":true,"focus_field":"EMAIL","email_length":13,"password_length":0,"next_length":14}'
08-17 14:29:26.778 I/ReactNativeJS(18985): '[AUTH_INPUT_PROBE]', '{"event":"EMAIL_CHANGE","timestamp":"2026-08-17T05:29:26.777Z","show_login":true,"focus_field":"EMAIL","email_length":13,"password_length":0,"next_length":15}'
08-17 14:29:26.781 I/ReactNativeJS(18985): '[AUTH_INPUT_PROBE]', '{"event":"EMAIL_CHANGE","timestamp":"2026-08-17T05:29:26.779Z","show_login":true,"focus_field":"EMAIL","email_length":13,"password_length":0,"next_length":16}'
08-17 14:29:26.783 I/ReactNativeJS(18985): '[AUTH_INPUT_PROBE]', '{"event":"EMAIL_CHANGE","timestamp":"2026-08-17T05:29:26.782Z","show_login":true,"focus_field":"EMAIL","email_length":13,"password_length":0,"next_length":17}'
08-17 14:29:30.164 I/ReactNativeJS(18985): '[AUTH_INPUT_PROBE]', '{"event":"EMAIL_BLUR","timestamp":"2026-08-17T05:29:30.162Z","show_login":true,"focus_field":"EMAIL","email_length":17,"password_length":0}'
08-17 14:29:30.167 I/ReactNativeJS(18985): '[AUTH_INPUT_PROBE]', '{"event":"PASSWORD_FOCUS","timestamp":"2026-08-17T05:29:30.165Z","show_login":true,"focus_field":"EMAIL","email_length":17,"password_length":0}'
08-17 14:29:41.161 I/ReactNativeJS(18985): '[AUTH_INPUT_PROBE]', '{"event":"PASSWORD_CHANGE","timestamp":"2026-08-17T05:29:41.160Z","show_login":true,"focus_field":"PASSWORD","email_length":17,"password_length":0,"next_length":1}'
08-17 14:29:41.647 I/ReactNativeJS(18985): '[AUTH_INPUT_PROBE]', '{"event":"PASSWORD_CHANGE","timestamp":"2026-08-17T05:29:41.646Z","show_login":true,"focus_field":"PASSWORD","email_length":17,"password_length":1,"next_length":2}'
08-17 14:29:41.650 I/ReactNativeJS(18985): '[AUTH_INPUT_PROBE]', '{"event":"PASSWORD_CHANGE","timestamp":"2026-08-17T05:29:41.648Z","show_login":true,"focus_field":"PASSWORD","email_length":17,"password_length":1,"next_length":3}'
08-17 14:29:41.653 I/ReactNativeJS(18985): '[AUTH_INPUT_PROBE]', '{"event":"PASSWORD_CHANGE","timestamp":"2026-08-17T05:29:41.651Z","show_login":true,"focus_field":"PASSWORD","email_length":17,"password_length":1,"next_length":4}'
08-17 14:29:41.657 I/ReactNativeJS(18985): '[AUTH_INPUT_PROBE]', '{"event":"PASSWORD_CHANGE","timestamp":"2026-08-17T05:29:41.654Z","show_login":true,"focus_field":"PASSWORD","email_length":17,"password_length":1,"next_length":5}'
08-17 14:29:41.660 I/ReactNativeJS(18985): '[AUTH_INPUT_PROBE]', '{"event":"PASSWORD_CHANGE","timestamp":"2026-08-17T05:29:41.658Z","show_login":true,"focus_field":"PASSWORD","email_length":17,"password_length":1,"next_length":6}'
08-17 14:29:41.662 I/ReactNativeJS(18985): '[AUTH_INPUT_PROBE]', '{"event":"PASSWORD_CHANGE","timestamp":"2026-08-17T05:29:41.661Z","show_login":true,"focus_field":"PASSWORD","email_length":17,"password_length":1,"next_length":7}'
08-17 14:29:42.204 I/ReactNativeJS(18985): '[AUTH_INPUT_PROBE]', '{"event":"PASSWORD_CHANGE","timestamp":"2026-08-17T05:29:42.203Z","show_login":true,"focus_field":"PASSWORD","email_length":17,"password_length":7,"next_length":8}'
08-17 14:29:42.206 I/ReactNativeJS(18985): '[AUTH_INPUT_PROBE]', '{"event":"PASSWORD_CHANGE","timestamp":"2026-08-17T05:29:42.205Z","show_login":true,"focus_field":"PASSWORD","email_length":17,"password_length":7,"next_length":9}'
08-17 14:29:42.209 I/ReactNativeJS(18985): '[AUTH_INPUT_PROBE]', '{"event":"PASSWORD_CHANGE","timestamp":"2026-08-17T05:29:42.208Z","show_login":true,"focus_field":"PASSWORD","email_length":17,"password_length":7,"next_length":10}'
08-17 14:29:42.212 I/ReactNativeJS(18985): '[AUTH_INPUT_PROBE]', '{"event":"PASSWORD_CHANGE","timestamp":"2026-08-17T05:29:42.210Z","show_login":true,"focus_field":"PASSWORD","email_length":17,"password_length":7,"next_length":11}'
08-17 14:29:42.214 I/ReactNativeJS(18985): '[AUTH_INPUT_PROBE]', '{"event":"PASSWORD_CHANGE","timestamp":"2026-08-17T05:29:42.213Z","show_login":true,"focus_field":"PASSWORD","email_length":17,"password_length":7,"next_length":12}'
08-17 14:29:42.216 I/ReactNativeJS(18985): '[AUTH_INPUT_PROBE]', '{"event":"PASSWORD_CHANGE","timestamp":"2026-08-17T05:29:42.215Z","show_login":true,"focus_field":"PASSWORD","email_length":17,"password_length":7,"next_length":13}'
08-17 14:29:42.945 I/ReactNativeJS(18985): '[WORLDLINGCO_TUNING]', '{"event":"remote_loaded","updated_at":"2026-08-14T06:06:31Z","version":6}'
08-17 14:29:46.904 I/ReactNativeJS(18985): '[AUTH_INPUT_PROBE]', '{"event":"PASSWORD_CHANGE","timestamp":"2026-08-17T05:29:46.902Z","show_login":true,"focus_field":"PASSWORD","email_length":17,"password_length":13,"next_length":14}'
08-17 14:29:50.726 I/ReactNativeJS(18985): '[AUTH_INPUT_PROBE]', '{"event":"PASSWORD_CHANGE","timestamp":"2026-08-17T05:29:50.724Z","show_login":true,"focus_field":"PASSWORD","email_length":17,"password_length":14,"next_length":15}'
08-17 14:29:54.538 I/ReactNativeJS(18985): '[AUTH_INPUT_PROBE]', '{"event":"PASSWORD_CHANGE","timestamp":"2026-08-17T05:29:54.537Z","show_login":true,"focus_field":"PASSWORD","email_length":17,"password_length":15,"next_length":16}'
08-17 14:29:59.026 I/ReactNativeJS(18985): '[WORLDLINGCO_TUNING]', '{"event":"remote_loaded","updated_at":"2026-08-14T06:06:31Z","version":6}'
08-17 14:30:06.448 I/ReactNativeJS(18985): '[UI_PRESS_PROBE]', '{"event":"LOGIN_SUBMIT_PRESS","timestamp":"2026-08-17T05:30:06.445Z","token_ready":false,"user_ready":false,"show_login":true,"show_voip_tester":false,"selected_call_mode":"pstn_assist","email_filled":true,"password_filled":true}'
08-17 14:30:06.463 I/ReactNativeJS(18985): '[AUTH_FLOW]', '{"event":"LOGIN_API_REQUEST","endpoint":"https://metanova1004.com/api/auth/login","email":"119cash@naver.com"}'
08-17 14:30:07.306 I/ReactNativeJS(18985): '[AUTH_FLOW]', '{"event":"LOGIN_API_FAIL","endpoint":"https://metanova1004.com/api/auth/login","email":"119cash@naver.com","status":401}'
08-17 14:30:07.316 I/ReactNativeJS(18985): '[UI_PRESS_PROBE]', '{"event":"LOGIN_SUBMIT_FAIL","timestamp":"2026-08-17T05:30:07.313Z","token_ready":false,"user_ready":false,"show_login":true,"show_voip_tester":false,"selected_call_mode":"pstn_assist","error":"이메일 또는 비밀번호가 올바르지 않습니다"}'
08-17 14:30:10.891 I/ReactNativeJS(18985): '[WORLDLINGCO_TUNING]', '{"event":"remote_loaded","updated_at":"2026-08-14T06:06:31Z","version":6}'
08-17 14:30:15.230 I/ReactNativeJS(18985): '[WORLDLINGCO_TUNING]', '{"event":"remote_loaded","updated_at":"2026-08-14T06:06:31Z","version":6}'
08-17 14:30:19.523 I/ReactNativeJS(18985): '[WORLDLINGCO_TUNING]', '{"event":"remote_loaded","updated_at":"2026-08-14T06:06:31Z","version":6}'
