--------- beginning of main
08-17 14:25:43.991 W/ReactNativeJS(15222): Require cycle: src/features/navigation/sectionRegistry.ts -> src/features/i18n/featureUiCatalog.ts -> src/features/i18n/uiI18n.ts -> src/features/i18n/uiStringCatalog.ts -> src/features/navigation/sectionRegistry.ts
08-17 14:25:43.991 W/ReactNativeJS(15222): 
08-17 14:25:43.991 W/ReactNativeJS(15222): Require cycles are allowed, but can result in uninitialized values. Consider refactoring to remove the need for a cycle.
08-17 14:25:45.367 I/ReactNativeJS(15222): '[VoIP] WebRTC module loaded', { module: 'react-native-webrtc',
08-17 14:25:45.367 I/ReactNativeJS(15222):   hasPeerConnection: true,
08-17 14:25:45.367 I/ReactNativeJS(15222):   hasMediaDevices: true }
08-17 14:25:46.138 W/ReactNativeJS(15222): This method is deprecated (as well as all React Native Firebase namespaced API) and will be removed in the next major release as part of move to match Firebase Web modular SDK API. Please see migration guide for more details: https://rnfirebase.io/migrating-to-v22 Please use `getApps()` instead.
08-17 14:25:46.163 W/ReactNativeJS(15222): This method is deprecated (as well as all React Native Firebase namespaced API) and will be removed in the next major release as part of move to match Firebase Web modular SDK API. Please see migration guide for more details: https://rnfirebase.io/migrating-to-v22 Please use `initializeApp()` instead.
08-17 14:25:46.179 W/ReactNativeJS(15222): This method is deprecated (as well as all React Native Firebase namespaced API) and will be removed in the next major release as part of move to match Firebase Web modular SDK API. Please see migration guide for more details: https://rnfirebase.io/migrating-to-v22 Please use `getApps()` instead.
08-17 14:25:46.193 W/ReactNativeJS(15222): This method is deprecated (as well as all React Native Firebase namespaced API) and will be removed in the next major release as part of move to match Firebase Web modular SDK API. Please see migration guide for more details: https://rnfirebase.io/migrating-to-v22 Please use `getApp()` instead.
08-17 14:25:46.385 I/ReactNativeJS(15222): Running "main" with {"rootTag":1,"initialProps":{},"fabric":true}
08-17 14:25:52.242 I/ReactNativeJS(15222): '[UI_PRESS_PROBE]', '{"event":"NETWORK_TRANSPORT_CHANGED","timestamp":"2026-08-17T05:25:52.238Z","token_ready":false,"user_ready":false,"show_login":false,"show_voip_tester":false,"selected_call_mode":"pstn_assist","transport":"unknown","cellular_generation":null,"label":"알 수 없음","is_connected":false,"is_internet_reachable":null,"carrier":null,"ssid":null,"is_accurate_voip_test_ready":false,"previous_label":null}'
08-17 14:25:52.371 I/ReactNativeJS(15222): '[WORLDLINGCO_API] base_url', 'https://metanova1004.com'
08-17 14:25:52.581 I/ReactNativeJS(15222): [VoIPToneService] AudioContext not available (React Native environment)
08-17 14:25:52.973 I/ReactNativeJS(15222): '[UI_PRESS_PROBE]', '{"event":"SORISAE_FAB_VISIBLE_EVAL","timestamp":"2026-08-17T05:25:52.970Z","token_ready":false,"user_ready":false,"show_login":false,"show_voip_tester":false,"selected_call_mode":"pstn_assist","visible":false,"platform":"android","sorisae_fab_setting":true,"pending_incoming_voip":false,"voip_call_active":false,"sorisae_window_open":false}'
08-17 14:25:53.025 I/ReactNativeJS(15222): '[FACE_CONVERSATION]', '{"event":"silero_probe","supported":false}'
08-17 14:25:54.487 I/ReactNativeJS(15222): '[WORLDLINGCO_TUNING]', '{"event":"remote_loaded","updated_at":"2026-08-14T06:06:31Z","version":6}'
08-17 14:26:11.535 I/ReactNativeJS(15222): '[UI_PRESS_PROBE]', '{"event":"LOGIN_BUTTON_PRESS","timestamp":"2026-08-17T05:26:11.532Z","token_ready":false,"user_ready":false,"show_login":false,"show_voip_tester":false,"selected_call_mode":"pstn_assist","source":"header_account_row"}'
08-17 14:26:19.094 I/ReactNativeJS(15222): '[AUTH_INPUT_PROBE]', '{"event":"EMAIL_FOCUS","timestamp":"2026-08-17T05:26:19.091Z","show_login":true,"focus_field":"NONE","email_length":0,"password_length":0}'
08-17 14:26:30.326 I/ReactNativeJS(15222): '[AUTH_INPUT_PROBE]', '{"event":"EMAIL_CHANGE","timestamp":"2026-08-17T05:26:30.325Z","show_login":true,"focus_field":"EMAIL","email_length":0,"password_length":0,"next_length":1}'
08-17 14:26:30.791 I/ReactNativeJS(15222): '[AUTH_INPUT_PROBE]', '{"event":"EMAIL_CHANGE","timestamp":"2026-08-17T05:26:30.788Z","show_login":true,"focus_field":"EMAIL","email_length":1,"password_length":0,"next_length":2}'
08-17 14:26:30.794 I/ReactNativeJS(15222): '[AUTH_INPUT_PROBE]', '{"event":"EMAIL_CHANGE","timestamp":"2026-08-17T05:26:30.792Z","show_login":true,"focus_field":"EMAIL","email_length":1,"password_length":0,"next_length":3}'
08-17 14:26:30.796 I/ReactNativeJS(15222): '[AUTH_INPUT_PROBE]', '{"event":"EMAIL_CHANGE","timestamp":"2026-08-17T05:26:30.794Z","show_login":true,"focus_field":"EMAIL","email_length":1,"password_length":0,"next_length":4}'
08-17 14:26:30.799 I/ReactNativeJS(15222): '[AUTH_INPUT_PROBE]', '{"event":"EMAIL_CHANGE","timestamp":"2026-08-17T05:26:30.797Z","show_login":true,"focus_field":"EMAIL","email_length":1,"password_length":0,"next_length":5}'
08-17 14:26:30.801 I/ReactNativeJS(15222): '[AUTH_INPUT_PROBE]', '{"event":"EMAIL_CHANGE","timestamp":"2026-08-17T05:26:30.800Z","show_login":true,"focus_field":"EMAIL","email_length":1,"password_length":0,"next_length":6}'
08-17 14:26:30.804 I/ReactNativeJS(15222): '[AUTH_INPUT_PROBE]', '{"event":"EMAIL_CHANGE","timestamp":"2026-08-17T05:26:30.802Z","show_login":true,"focus_field":"EMAIL","email_length":1,"password_length":0,"next_length":7}'
08-17 14:26:30.806 I/ReactNativeJS(15222): '[AUTH_INPUT_PROBE]', '{"event":"EMAIL_CHANGE","timestamp":"2026-08-17T05:26:30.805Z","show_login":true,"focus_field":"EMAIL","email_length":1,"password_length":0,"next_length":8}'
08-17 14:26:30.809 I/ReactNativeJS(15222): '[AUTH_INPUT_PROBE]', '{"event":"EMAIL_CHANGE","timestamp":"2026-08-17T05:26:30.808Z","show_login":true,"focus_field":"EMAIL","email_length":1,"password_length":0,"next_length":9}'
08-17 14:26:31.345 I/ReactNativeJS(15222): '[AUTH_INPUT_PROBE]', '{"event":"EMAIL_CHANGE","timestamp":"2026-08-17T05:26:31.344Z","show_login":true,"focus_field":"EMAIL","email_length":9,"password_length":0,"next_length":10}'
08-17 14:26:31.348 I/ReactNativeJS(15222): '[AUTH_INPUT_PROBE]', '{"event":"EMAIL_CHANGE","timestamp":"2026-08-17T05:26:31.346Z","show_login":true,"focus_field":"EMAIL","email_length":9,"password_length":0,"next_length":11}'
08-17 14:26:31.351 I/ReactNativeJS(15222): '[AUTH_INPUT_PROBE]', '{"event":"EMAIL_CHANGE","timestamp":"2026-08-17T05:26:31.349Z","show_login":true,"focus_field":"EMAIL","email_length":9,"password_length":0,"next_length":12}'
08-17 14:26:31.353 I/ReactNativeJS(15222): '[AUTH_INPUT_PROBE]', '{"event":"EMAIL_CHANGE","timestamp":"2026-08-17T05:26:31.352Z","show_login":true,"focus_field":"EMAIL","email_length":9,"password_length":0,"next_length":13}'
08-17 14:26:31.356 I/ReactNativeJS(15222): '[AUTH_INPUT_PROBE]', '{"event":"EMAIL_CHANGE","timestamp":"2026-08-17T05:26:31.354Z","show_login":true,"focus_field":"EMAIL","email_length":9,"password_length":0,"next_length":14}'
08-17 14:26:31.359 I/ReactNativeJS(15222): '[AUTH_INPUT_PROBE]', '{"event":"EMAIL_CHANGE","timestamp":"2026-08-17T05:26:31.357Z","show_login":true,"focus_field":"EMAIL","email_length":9,"password_length":0,"next_length":15}'
08-17 14:26:31.361 I/ReactNativeJS(15222): '[AUTH_INPUT_PROBE]', '{"event":"EMAIL_CHANGE","timestamp":"2026-08-17T05:26:31.360Z","show_login":true,"focus_field":"EMAIL","email_length":9,"password_length":0,"next_length":16}'
08-17 14:26:31.364 I/ReactNativeJS(15222): '[AUTH_INPUT_PROBE]', '{"event":"EMAIL_CHANGE","timestamp":"2026-08-17T05:26:31.362Z","show_login":true,"focus_field":"EMAIL","email_length":9,"password_length":0,"next_length":17}'
08-17 14:26:35.028 I/ReactNativeJS(15222): '[AUTH_INPUT_PROBE]', '{"event":"EMAIL_BLUR","timestamp":"2026-08-17T05:26:35.026Z","show_login":true,"focus_field":"EMAIL","email_length":17,"password_length":0}'
08-17 14:26:35.033 I/ReactNativeJS(15222): '[AUTH_INPUT_PROBE]', '{"event":"PASSWORD_FOCUS","timestamp":"2026-08-17T05:26:35.031Z","show_login":true,"focus_field":"EMAIL","email_length":17,"password_length":0}'
08-17 14:26:46.145 I/ReactNativeJS(15222): '[AUTH_INPUT_PROBE]', '{"event":"PASSWORD_CHANGE","timestamp":"2026-08-17T05:26:46.143Z","show_login":true,"focus_field":"PASSWORD","email_length":17,"password_length":0,"next_length":1}'
08-17 14:26:46.639 I/ReactNativeJS(15222): '[AUTH_INPUT_PROBE]', '{"event":"PASSWORD_CHANGE","timestamp":"2026-08-17T05:26:46.638Z","show_login":true,"focus_field":"PASSWORD","email_length":17,"password_length":1,"next_length":2}'
08-17 14:26:46.641 I/ReactNativeJS(15222): '[AUTH_INPUT_PROBE]', '{"event":"PASSWORD_CHANGE","timestamp":"2026-08-17T05:26:46.640Z","show_login":true,"focus_field":"PASSWORD","email_length":17,"password_length":1,"next_length":3}'
08-17 14:26:46.644 I/ReactNativeJS(15222): '[AUTH_INPUT_PROBE]', '{"event":"PASSWORD_CHANGE","timestamp":"2026-08-17T05:26:46.642Z","show_login":true,"focus_field":"PASSWORD","email_length":17,"password_length":1,"next_length":4}'
08-17 14:26:46.647 I/ReactNativeJS(15222): '[AUTH_INPUT_PROBE]', '{"event":"PASSWORD_CHANGE","timestamp":"2026-08-17T05:26:46.645Z","show_login":true,"focus_field":"PASSWORD","email_length":17,"password_length":1,"next_length":5}'
08-17 14:26:46.649 I/ReactNativeJS(15222): '[AUTH_INPUT_PROBE]', '{"event":"PASSWORD_CHANGE","timestamp":"2026-08-17T05:26:46.648Z","show_login":true,"focus_field":"PASSWORD","email_length":17,"password_length":1,"next_length":6}'
08-17 14:26:46.652 I/ReactNativeJS(15222): '[AUTH_INPUT_PROBE]', '{"event":"PASSWORD_CHANGE","timestamp":"2026-08-17T05:26:46.650Z","show_login":true,"focus_field":"PASSWORD","email_length":17,"password_length":1,"next_length":7}'
08-17 14:26:47.187 I/ReactNativeJS(15222): '[AUTH_INPUT_PROBE]', '{"event":"PASSWORD_CHANGE","timestamp":"2026-08-17T05:26:47.185Z","show_login":true,"focus_field":"PASSWORD","email_length":17,"password_length":7,"next_length":8}'
08-17 14:26:47.189 I/ReactNativeJS(15222): '[AUTH_INPUT_PROBE]', '{"event":"PASSWORD_CHANGE","timestamp":"2026-08-17T05:26:47.188Z","show_login":true,"focus_field":"PASSWORD","email_length":17,"password_length":7,"next_length":9}'
08-17 14:26:47.192 I/ReactNativeJS(15222): '[AUTH_INPUT_PROBE]', '{"event":"PASSWORD_CHANGE","timestamp":"2026-08-17T05:26:47.190Z","show_login":true,"focus_field":"PASSWORD","email_length":17,"password_length":7,"next_length":10}'
08-17 14:26:47.194 I/ReactNativeJS(15222): '[AUTH_INPUT_PROBE]', '{"event":"PASSWORD_CHANGE","timestamp":"2026-08-17T05:26:47.193Z","show_login":true,"focus_field":"PASSWORD","email_length":17,"password_length":7,"next_length":11}'
08-17 14:26:47.197 I/ReactNativeJS(15222): '[AUTH_INPUT_PROBE]', '{"event":"PASSWORD_CHANGE","timestamp":"2026-08-17T05:26:47.195Z","show_login":true,"focus_field":"PASSWORD","email_length":17,"password_length":7,"next_length":12}'
08-17 14:26:47.200 I/ReactNativeJS(15222): '[AUTH_INPUT_PROBE]', '{"event":"PASSWORD_CHANGE","timestamp":"2026-08-17T05:26:47.198Z","show_login":true,"focus_field":"PASSWORD","email_length":17,"password_length":7,"next_length":13}'
08-17 14:26:48.191 I/ReactNativeJS(15222): '[WORLDLINGCO_TUNING]', '{"event":"remote_loaded","updated_at":"2026-08-14T06:06:31Z","version":6}'
08-17 14:26:52.296 I/ReactNativeJS(15222): '[AUTH_INPUT_PROBE]', '{"event":"PASSWORD_CHANGE","timestamp":"2026-08-17T05:26:52.293Z","show_login":true,"focus_field":"PASSWORD","email_length":17,"password_length":13,"next_length":14}'
08-17 14:26:56.150 I/ReactNativeJS(15222): '[AUTH_INPUT_PROBE]', '{"event":"PASSWORD_CHANGE","timestamp":"2026-08-17T05:26:56.148Z","show_login":true,"focus_field":"PASSWORD","email_length":17,"password_length":14,"next_length":15}'
08-17 14:27:00.068 I/ReactNativeJS(15222): '[AUTH_INPUT_PROBE]', '{"event":"PASSWORD_CHANGE","timestamp":"2026-08-17T05:27:00.066Z","show_login":true,"focus_field":"PASSWORD","email_length":17,"password_length":15,"next_length":16}'
08-17 14:27:04.674 I/ReactNativeJS(15222): '[WORLDLINGCO_TUNING]', '{"event":"remote_loaded","updated_at":"2026-08-14T06:06:31Z","version":6}'
08-17 14:27:12.212 I/ReactNativeJS(15222): '[UI_PRESS_PROBE]', '{"event":"LOGIN_SUBMIT_PRESS","timestamp":"2026-08-17T05:27:12.210Z","token_ready":false,"user_ready":false,"show_login":true,"show_voip_tester":false,"selected_call_mode":"pstn_assist","email_filled":true,"password_filled":true}'
08-17 14:27:12.232 I/ReactNativeJS(15222): '[AUTH_FLOW]', '{"event":"LOGIN_API_REQUEST","endpoint":"https://metanova1004.com/api/auth/login","email":"119cash@naver.com"}'
08-17 14:27:13.043 I/ReactNativeJS(15222): '[AUTH_FLOW]', '{"event":"LOGIN_API_FAIL","endpoint":"https://metanova1004.com/api/auth/login","email":"119cash@naver.com","status":401}'
08-17 14:27:13.054 I/ReactNativeJS(15222): '[UI_PRESS_PROBE]', '{"event":"LOGIN_SUBMIT_FAIL","timestamp":"2026-08-17T05:27:13.052Z","token_ready":false,"user_ready":false,"show_login":true,"show_voip_tester":false,"selected_call_mode":"pstn_assist","error":"이메일 또는 비밀번호가 올바르지 않습니다"}'
08-17 14:27:16.661 I/ReactNativeJS(15222): '[WORLDLINGCO_TUNING]', '{"event":"remote_loaded","updated_at":"2026-08-14T06:06:31Z","version":6}'
08-17 14:27:21.067 I/ReactNativeJS(15222): '[WORLDLINGCO_TUNING]', '{"event":"remote_loaded","updated_at":"2026-08-14T06:06:31Z","version":6}'
08-17 14:27:25.563 I/ReactNativeJS(15222): '[WORLDLINGCO_TUNING]', '{"event":"remote_loaded","updated_at":"2026-08-14T06:06:31Z","version":6}'
