--------- beginning of main
08-17 15:16:40.972 W/ReactNativeJS(13377): Require cycle: src/features/navigation/sectionRegistry.ts -> src/features/i18n/featureUiCatalog.ts -> src/features/i18n/uiI18n.ts -> src/features/i18n/uiStringCatalog.ts -> src/features/navigation/sectionRegistry.ts
08-17 15:16:40.972 W/ReactNativeJS(13377): 
08-17 15:16:40.972 W/ReactNativeJS(13377): Require cycles are allowed, but can result in uninitialized values. Consider refactoring to remove the need for a cycle.
08-17 15:16:42.365 I/ReactNativeJS(13377): '[VoIP] WebRTC module loaded', { module: 'react-native-webrtc',
08-17 15:16:42.365 I/ReactNativeJS(13377):   hasPeerConnection: true,
08-17 15:16:42.365 I/ReactNativeJS(13377):   hasMediaDevices: true }
08-17 15:16:43.176 W/ReactNativeJS(13377): This method is deprecated (as well as all React Native Firebase namespaced API) and will be removed in the next major release as part of move to match Firebase Web modular SDK API. Please see migration guide for more details: https://rnfirebase.io/migrating-to-v22 Please use `getApps()` instead.
08-17 15:16:43.198 W/ReactNativeJS(13377): This method is deprecated (as well as all React Native Firebase namespaced API) and will be removed in the next major release as part of move to match Firebase Web modular SDK API. Please see migration guide for more details: https://rnfirebase.io/migrating-to-v22 Please use `initializeApp()` instead.
08-17 15:16:43.213 W/ReactNativeJS(13377): This method is deprecated (as well as all React Native Firebase namespaced API) and will be removed in the next major release as part of move to match Firebase Web modular SDK API. Please see migration guide for more details: https://rnfirebase.io/migrating-to-v22 Please use `getApps()` instead.
08-17 15:16:43.225 W/ReactNativeJS(13377): This method is deprecated (as well as all React Native Firebase namespaced API) and will be removed in the next major release as part of move to match Firebase Web modular SDK API. Please see migration guide for more details: https://rnfirebase.io/migrating-to-v22 Please use `getApp()` instead.
08-17 15:16:43.392 I/ReactNativeJS(13377): Running "main" with {"rootTag":1,"initialProps":{},"fabric":true}
08-17 15:16:48.563 I/ReactNativeJS(13377): '[UI_PRESS_PROBE]', '{"event":"NETWORK_TRANSPORT_CHANGED","timestamp":"2026-08-17T06:16:48.561Z","token_ready":false,"user_ready":false,"show_login":false,"show_voip_tester":false,"selected_call_mode":"pstn_assist","transport":"unknown","cellular_generation":null,"label":"알 수 없음","is_connected":false,"is_internet_reachable":null,"carrier":null,"ssid":null,"is_accurate_voip_test_ready":false,"previous_label":null}'
08-17 15:16:48.672 I/ReactNativeJS(13377): '[WORLDLINGCO_API] base_url', 'https://metanova1004.com'
08-17 15:16:48.806 I/ReactNativeJS(13377): [VoIPToneService] AudioContext not available (React Native environment)
08-17 15:16:49.031 I/ReactNativeJS(13377): '[UI_PRESS_PROBE]', '{"event":"SORISAE_FAB_VISIBLE_EVAL","timestamp":"2026-08-17T06:16:49.028Z","token_ready":false,"user_ready":false,"show_login":false,"show_voip_tester":false,"selected_call_mode":"pstn_assist","visible":false,"platform":"android","sorisae_fab_setting":true,"pending_incoming_voip":false,"voip_call_active":false,"sorisae_window_open":false}'
08-17 15:16:49.083 I/ReactNativeJS(13377): '[FACE_CONVERSATION]', '{"event":"silero_probe","supported":false}'
08-17 15:16:50.130 I/ReactNativeJS(13377): '[WORLDLINGCO_TUNING]', '{"event":"remote_loaded","updated_at":"2026-08-14T06:06:31Z","version":6}'
08-17 15:17:09.782 I/ReactNativeJS(13377): '[UI_PRESS_PROBE]', '{"event":"LOGIN_BUTTON_PRESS","timestamp":"2026-08-17T06:17:09.779Z","token_ready":false,"user_ready":false,"show_login":false,"show_voip_tester":false,"selected_call_mode":"pstn_assist","source":"header_account_row"}'
08-17 15:17:17.961 I/ReactNativeJS(13377): '[AUTH_INPUT_PROBE]', '{"event":"EMAIL_FOCUS","timestamp":"2026-08-17T06:17:17.958Z","show_login":true,"focus_field":"NONE","email_length":0,"password_length":0}'
08-17 15:17:29.078 I/ReactNativeJS(13377): '[AUTH_INPUT_PROBE]', '{"event":"EMAIL_CHANGE","timestamp":"2026-08-17T06:17:29.076Z","show_login":true,"focus_field":"EMAIL","email_length":0,"password_length":0,"next_length":1}'
08-17 15:17:29.570 I/ReactNativeJS(13377): '[AUTH_INPUT_PROBE]', '{"event":"EMAIL_CHANGE","timestamp":"2026-08-17T06:17:29.568Z","show_login":true,"focus_field":"EMAIL","email_length":1,"password_length":0,"next_length":2}'
08-17 15:17:29.572 I/ReactNativeJS(13377): '[AUTH_INPUT_PROBE]', '{"event":"EMAIL_CHANGE","timestamp":"2026-08-17T06:17:29.571Z","show_login":true,"focus_field":"EMAIL","email_length":1,"password_length":0,"next_length":3}'
08-17 15:17:29.575 I/ReactNativeJS(13377): '[AUTH_INPUT_PROBE]', '{"event":"EMAIL_CHANGE","timestamp":"2026-08-17T06:17:29.573Z","show_login":true,"focus_field":"EMAIL","email_length":1,"password_length":0,"next_length":4}'
08-17 15:17:29.577 I/ReactNativeJS(13377): '[AUTH_INPUT_PROBE]', '{"event":"EMAIL_CHANGE","timestamp":"2026-08-17T06:17:29.576Z","show_login":true,"focus_field":"EMAIL","email_length":1,"password_length":0,"next_length":5}'
08-17 15:17:29.580 I/ReactNativeJS(13377): '[AUTH_INPUT_PROBE]', '{"event":"EMAIL_CHANGE","timestamp":"2026-08-17T06:17:29.578Z","show_login":true,"focus_field":"EMAIL","email_length":1,"password_length":0,"next_length":6}'
08-17 15:17:29.583 I/ReactNativeJS(13377): '[AUTH_INPUT_PROBE]', '{"event":"EMAIL_CHANGE","timestamp":"2026-08-17T06:17:29.581Z","show_login":true,"focus_field":"EMAIL","email_length":1,"password_length":0,"next_length":7}'
08-17 15:17:29.585 I/ReactNativeJS(13377): '[AUTH_INPUT_PROBE]', '{"event":"EMAIL_CHANGE","timestamp":"2026-08-17T06:17:29.584Z","show_login":true,"focus_field":"EMAIL","email_length":1,"password_length":0,"next_length":8}'
08-17 15:17:29.588 I/ReactNativeJS(13377): '[AUTH_INPUT_PROBE]', '{"event":"EMAIL_CHANGE","timestamp":"2026-08-17T06:17:29.586Z","show_login":true,"focus_field":"EMAIL","email_length":1,"password_length":0,"next_length":9}'
08-17 15:17:29.590 I/ReactNativeJS(13377): '[AUTH_INPUT_PROBE]', '{"event":"EMAIL_CHANGE","timestamp":"2026-08-17T06:17:29.589Z","show_login":true,"focus_field":"EMAIL","email_length":1,"password_length":0,"next_length":10}'
08-17 15:17:30.101 I/ReactNativeJS(13377): '[AUTH_INPUT_PROBE]', '{"event":"EMAIL_CHANGE","timestamp":"2026-08-17T06:17:30.099Z","show_login":true,"focus_field":"EMAIL","email_length":10,"password_length":0,"next_length":11}'
08-17 15:17:30.103 I/ReactNativeJS(13377): '[AUTH_INPUT_PROBE]', '{"event":"EMAIL_CHANGE","timestamp":"2026-08-17T06:17:30.102Z","show_login":true,"focus_field":"EMAIL","email_length":10,"password_length":0,"next_length":12}'
08-17 15:17:30.105 I/ReactNativeJS(13377): '[AUTH_INPUT_PROBE]', '{"event":"EMAIL_CHANGE","timestamp":"2026-08-17T06:17:30.104Z","show_login":true,"focus_field":"EMAIL","email_length":10,"password_length":0,"next_length":13}'
08-17 15:17:30.108 I/ReactNativeJS(13377): '[AUTH_INPUT_PROBE]', '{"event":"EMAIL_CHANGE","timestamp":"2026-08-17T06:17:30.107Z","show_login":true,"focus_field":"EMAIL","email_length":10,"password_length":0,"next_length":14}'
08-17 15:17:30.111 I/ReactNativeJS(13377): '[AUTH_INPUT_PROBE]', '{"event":"EMAIL_CHANGE","timestamp":"2026-08-17T06:17:30.110Z","show_login":true,"focus_field":"EMAIL","email_length":10,"password_length":0,"next_length":15}'
08-17 15:17:30.114 I/ReactNativeJS(13377): '[AUTH_INPUT_PROBE]', '{"event":"EMAIL_CHANGE","timestamp":"2026-08-17T06:17:30.112Z","show_login":true,"focus_field":"EMAIL","email_length":10,"password_length":0,"next_length":16}'
08-17 15:17:30.118 I/ReactNativeJS(13377): '[AUTH_INPUT_PROBE]', '{"event":"EMAIL_CHANGE","timestamp":"2026-08-17T06:17:30.117Z","show_login":true,"focus_field":"EMAIL","email_length":10,"password_length":0,"next_length":17}'
08-17 15:17:30.121 I/ReactNativeJS(13377): '[AUTH_INPUT_PROBE]', '{"event":"EMAIL_CHANGE","timestamp":"2026-08-17T06:17:30.119Z","show_login":true,"focus_field":"EMAIL","email_length":10,"password_length":0,"next_length":18}'
08-17 15:17:30.123 I/ReactNativeJS(13377): '[AUTH_INPUT_PROBE]', '{"event":"EMAIL_CHANGE","timestamp":"2026-08-17T06:17:30.122Z","show_login":true,"focus_field":"EMAIL","email_length":10,"password_length":0,"next_length":19}'
08-17 15:17:30.126 I/ReactNativeJS(13377): '[AUTH_INPUT_PROBE]', '{"event":"EMAIL_CHANGE","timestamp":"2026-08-17T06:17:30.124Z","show_login":true,"focus_field":"EMAIL","email_length":10,"password_length":0,"next_length":20}'
08-17 15:17:30.128 I/ReactNativeJS(13377): '[AUTH_INPUT_PROBE]', '{"event":"EMAIL_CHANGE","timestamp":"2026-08-17T06:17:30.127Z","show_login":true,"focus_field":"EMAIL","email_length":10,"password_length":0,"next_length":21}'
08-17 15:17:30.638 I/ReactNativeJS(13377): '[AUTH_INPUT_PROBE]', '{"event":"EMAIL_CHANGE","timestamp":"2026-08-17T06:17:30.636Z","show_login":true,"focus_field":"EMAIL","email_length":21,"password_length":0,"next_length":22}'
08-17 15:17:30.641 I/ReactNativeJS(13377): '[AUTH_INPUT_PROBE]', '{"event":"EMAIL_CHANGE","timestamp":"2026-08-17T06:17:30.640Z","show_login":true,"focus_field":"EMAIL","email_length":21,"password_length":0,"next_length":23}'
08-17 15:17:30.644 I/ReactNativeJS(13377): '[AUTH_INPUT_PROBE]', '{"event":"EMAIL_CHANGE","timestamp":"2026-08-17T06:17:30.642Z","show_login":true,"focus_field":"EMAIL","email_length":21,"password_length":0,"next_length":24}'
08-17 15:17:30.649 I/ReactNativeJS(13377): '[AUTH_INPUT_PROBE]', '{"event":"EMAIL_CHANGE","timestamp":"2026-08-17T06:17:30.645Z","show_login":true,"focus_field":"EMAIL","email_length":21,"password_length":0,"next_length":25}'
08-17 15:17:30.651 I/ReactNativeJS(13377): '[AUTH_INPUT_PROBE]', '{"event":"EMAIL_CHANGE","timestamp":"2026-08-17T06:17:30.650Z","show_login":true,"focus_field":"EMAIL","email_length":21,"password_length":0,"next_length":26}'
08-17 15:17:30.654 I/ReactNativeJS(13377): '[AUTH_INPUT_PROBE]', '{"event":"EMAIL_CHANGE","timestamp":"2026-08-17T06:17:30.652Z","show_login":true,"focus_field":"EMAIL","email_length":21,"password_length":0,"next_length":27}'
08-17 15:17:30.656 I/ReactNativeJS(13377): '[AUTH_INPUT_PROBE]', '{"event":"EMAIL_CHANGE","timestamp":"2026-08-17T06:17:30.655Z","show_login":true,"focus_field":"EMAIL","email_length":21,"password_length":0,"next_length":28}'
08-17 15:17:30.659 I/ReactNativeJS(13377): '[AUTH_INPUT_PROBE]', '{"event":"EMAIL_CHANGE","timestamp":"2026-08-17T06:17:30.657Z","show_login":true,"focus_field":"EMAIL","email_length":21,"password_length":0,"next_length":29}'
08-17 15:17:30.661 I/ReactNativeJS(13377): '[AUTH_INPUT_PROBE]', '{"event":"EMAIL_CHANGE","timestamp":"2026-08-17T06:17:30.660Z","show_login":true,"focus_field":"EMAIL","email_length":21,"password_length":0,"next_length":30}'
08-17 15:17:30.664 I/ReactNativeJS(13377): '[AUTH_INPUT_PROBE]', '{"event":"EMAIL_CHANGE","timestamp":"2026-08-17T06:17:30.662Z","show_login":true,"focus_field":"EMAIL","email_length":21,"password_length":0,"next_length":31}'
08-17 15:17:31.211 I/ReactNativeJS(13377): '[AUTH_INPUT_PROBE]', '{"event":"EMAIL_CHANGE","timestamp":"2026-08-17T06:17:31.210Z","show_login":true,"focus_field":"EMAIL","email_length":31,"password_length":0,"next_length":32}'
08-17 15:17:31.214 I/ReactNativeJS(13377): '[AUTH_INPUT_PROBE]', '{"event":"EMAIL_CHANGE","timestamp":"2026-08-17T06:17:31.212Z","show_login":true,"focus_field":"EMAIL","email_length":31,"password_length":0,"next_length":33}'
08-17 15:17:31.216 I/ReactNativeJS(13377): '[AUTH_INPUT_PROBE]', '{"event":"EMAIL_CHANGE","timestamp":"2026-08-17T06:17:31.215Z","show_login":true,"focus_field":"EMAIL","email_length":31,"password_length":0,"next_length":34}'
08-17 15:17:31.219 I/ReactNativeJS(13377): '[AUTH_INPUT_PROBE]', '{"event":"EMAIL_CHANGE","timestamp":"2026-08-17T06:17:31.217Z","show_login":true,"focus_field":"EMAIL","email_length":31,"password_length":0,"next_length":35}'
08-17 15:17:31.221 I/ReactNativeJS(13377): '[AUTH_INPUT_PROBE]', '{"event":"EMAIL_CHANGE","timestamp":"2026-08-17T06:17:31.220Z","show_login":true,"focus_field":"EMAIL","email_length":31,"password_length":0,"next_length":36}'
08-17 15:17:31.224 I/ReactNativeJS(13377): '[AUTH_INPUT_PROBE]', '{"event":"EMAIL_CHANGE","timestamp":"2026-08-17T06:17:31.223Z","show_login":true,"focus_field":"EMAIL","email_length":31,"password_length":0,"next_length":37}'
08-17 15:17:31.227 I/ReactNativeJS(13377): '[AUTH_INPUT_PROBE]', '{"event":"EMAIL_CHANGE","timestamp":"2026-08-17T06:17:31.225Z","show_login":true,"focus_field":"EMAIL","email_length":31,"password_length":0,"next_length":38}'
08-17 15:17:31.229 I/ReactNativeJS(13377): '[AUTH_INPUT_PROBE]', '{"event":"EMAIL_CHANGE","timestamp":"2026-08-17T06:17:31.228Z","show_login":true,"focus_field":"EMAIL","email_length":31,"password_length":0,"next_length":39}'
08-17 15:17:31.232 I/ReactNativeJS(13377): '[AUTH_INPUT_PROBE]', '{"event":"EMAIL_CHANGE","timestamp":"2026-08-17T06:17:31.231Z","show_login":true,"focus_field":"EMAIL","email_length":31,"password_length":0,"next_length":40}'
08-17 15:17:31.235 I/ReactNativeJS(13377): '[AUTH_INPUT_PROBE]', '{"event":"EMAIL_CHANGE","timestamp":"2026-08-17T06:17:31.233Z","show_login":true,"focus_field":"EMAIL","email_length":31,"password_length":0,"next_length":41}'
08-17 15:17:31.698 I/ReactNativeJS(13377): '[AUTH_INPUT_PROBE]', '{"event":"EMAIL_CHANGE","timestamp":"2026-08-17T06:17:31.697Z","show_login":true,"focus_field":"EMAIL","email_length":41,"password_length":0,"next_length":42}'
08-17 15:17:31.701 I/ReactNativeJS(13377): '[AUTH_INPUT_PROBE]', '{"event":"EMAIL_CHANGE","timestamp":"2026-08-17T06:17:31.699Z","show_login":true,"focus_field":"EMAIL","email_length":41,"password_length":0,"next_length":43}'
08-17 15:17:31.703 I/ReactNativeJS(13377): '[AUTH_INPUT_PROBE]', '{"event":"EMAIL_CHANGE","timestamp":"2026-08-17T06:17:31.702Z","show_login":true,"focus_field":"EMAIL","email_length":41,"password_length":0,"next_length":44}'
08-17 15:17:35.168 I/ReactNativeJS(13377): '[AUTH_INPUT_PROBE]', '{"event":"EMAIL_BLUR","timestamp":"2026-08-17T06:17:35.166Z","show_login":true,"focus_field":"EMAIL","email_length":44,"password_length":0}'
08-17 15:17:35.171 I/ReactNativeJS(13377): '[AUTH_INPUT_PROBE]', '{"event":"PASSWORD_FOCUS","timestamp":"2026-08-17T06:17:35.169Z","show_login":true,"focus_field":"EMAIL","email_length":44,"password_length":0}'
08-17 15:17:46.245 I/ReactNativeJS(13377): '[AUTH_INPUT_PROBE]', '{"event":"PASSWORD_CHANGE","timestamp":"2026-08-17T06:17:46.243Z","show_login":true,"focus_field":"PASSWORD","email_length":44,"password_length":0,"next_length":1}'
08-17 15:17:46.843 I/ReactNativeJS(13377): '[AUTH_INPUT_PROBE]', '{"event":"PASSWORD_CHANGE","timestamp":"2026-08-17T06:17:46.842Z","show_login":true,"focus_field":"PASSWORD","email_length":44,"password_length":1,"next_length":2}'
08-17 15:17:46.848 I/ReactNativeJS(13377): '[AUTH_INPUT_PROBE]', '{"event":"PASSWORD_CHANGE","timestamp":"2026-08-17T06:17:46.845Z","show_login":true,"focus_field":"PASSWORD","email_length":44,"password_length":1,"next_length":3}'
08-17 15:17:46.851 I/ReactNativeJS(13377): '[AUTH_INPUT_PROBE]', '{"event":"PASSWORD_CHANGE","timestamp":"2026-08-17T06:17:46.849Z","show_login":true,"focus_field":"PASSWORD","email_length":44,"password_length":1,"next_length":4}'
08-17 15:17:46.854 I/ReactNativeJS(13377): '[AUTH_INPUT_PROBE]', '{"event":"PASSWORD_CHANGE","timestamp":"2026-08-17T06:17:46.852Z","show_login":true,"focus_field":"PASSWORD","email_length":44,"password_length":1,"next_length":5}'
08-17 15:17:46.857 I/ReactNativeJS(13377): '[AUTH_INPUT_PROBE]', '{"event":"PASSWORD_CHANGE","timestamp":"2026-08-17T06:17:46.855Z","show_login":true,"focus_field":"PASSWORD","email_length":44,"password_length":1,"next_length":6}'
08-17 15:17:46.860 I/ReactNativeJS(13377): '[AUTH_INPUT_PROBE]', '{"event":"PASSWORD_CHANGE","timestamp":"2026-08-17T06:17:46.858Z","show_login":true,"focus_field":"PASSWORD","email_length":44,"password_length":1,"next_length":7}'
08-17 15:17:46.863 I/ReactNativeJS(13377): '[AUTH_INPUT_PROBE]', '{"event":"PASSWORD_CHANGE","timestamp":"2026-08-17T06:17:46.861Z","show_login":true,"focus_field":"PASSWORD","email_length":44,"password_length":1,"next_length":8}'
08-17 15:17:46.867 I/ReactNativeJS(13377): '[AUTH_INPUT_PROBE]', '{"event":"PASSWORD_CHANGE","timestamp":"2026-08-17T06:17:46.865Z","show_login":true,"focus_field":"PASSWORD","email_length":44,"password_length":1,"next_length":9}'
08-17 15:17:46.870 I/ReactNativeJS(13377): '[AUTH_INPUT_PROBE]', '{"event":"PASSWORD_CHANGE","timestamp":"2026-08-17T06:17:46.868Z","show_login":true,"focus_field":"PASSWORD","email_length":44,"password_length":1,"next_length":10}'
08-17 15:17:47.512 I/ReactNativeJS(13377): '[AUTH_INPUT_PROBE]', '{"event":"PASSWORD_CHANGE","timestamp":"2026-08-17T06:17:47.510Z","show_login":true,"focus_field":"PASSWORD","email_length":44,"password_length":10,"next_length":11}'
08-17 15:17:47.515 I/ReactNativeJS(13377): '[AUTH_INPUT_PROBE]', '{"event":"PASSWORD_CHANGE","timestamp":"2026-08-17T06:17:47.513Z","show_login":true,"focus_field":"PASSWORD","email_length":44,"password_length":10,"next_length":12}'
08-17 15:17:47.518 I/ReactNativeJS(13377): '[AUTH_INPUT_PROBE]', '{"event":"PASSWORD_CHANGE","timestamp":"2026-08-17T06:17:47.516Z","show_login":true,"focus_field":"PASSWORD","email_length":44,"password_length":10,"next_length":13}'
08-17 15:17:47.521 I/ReactNativeJS(13377): '[AUTH_INPUT_PROBE]', '{"event":"PASSWORD_CHANGE","timestamp":"2026-08-17T06:17:47.519Z","show_login":true,"focus_field":"PASSWORD","email_length":44,"password_length":10,"next_length":14}'
08-17 15:17:47.524 I/ReactNativeJS(13377): '[AUTH_INPUT_PROBE]', '{"event":"PASSWORD_CHANGE","timestamp":"2026-08-17T06:17:47.522Z","show_login":true,"focus_field":"PASSWORD","email_length":44,"password_length":10,"next_length":15}'
08-17 15:17:47.526 I/ReactNativeJS(13377): '[AUTH_INPUT_PROBE]', '{"event":"PASSWORD_CHANGE","timestamp":"2026-08-17T06:17:47.525Z","show_login":true,"focus_field":"PASSWORD","email_length":44,"password_length":10,"next_length":16}'
08-17 15:17:47.530 I/ReactNativeJS(13377): '[AUTH_INPUT_PROBE]', '{"event":"PASSWORD_CHANGE","timestamp":"2026-08-17T06:17:47.528Z","show_login":true,"focus_field":"PASSWORD","email_length":44,"password_length":10,"next_length":17}'
08-17 15:17:47.534 I/ReactNativeJS(13377): '[AUTH_INPUT_PROBE]', '{"event":"PASSWORD_CHANGE","timestamp":"2026-08-17T06:17:47.532Z","show_login":true,"focus_field":"PASSWORD","email_length":44,"password_length":10,"next_length":18}'
08-17 15:17:47.537 I/ReactNativeJS(13377): '[AUTH_INPUT_PROBE]', '{"event":"PASSWORD_CHANGE","timestamp":"2026-08-17T06:17:47.535Z","show_login":true,"focus_field":"PASSWORD","email_length":44,"password_length":10,"next_length":19}'
08-17 15:17:47.540 I/ReactNativeJS(13377): '[AUTH_INPUT_PROBE]', '{"event":"PASSWORD_CHANGE","timestamp":"2026-08-17T06:17:47.538Z","show_login":true,"focus_field":"PASSWORD","email_length":44,"password_length":10,"next_length":20}'
08-17 15:17:47.543 I/ReactNativeJS(13377): '[AUTH_INPUT_PROBE]', '{"event":"PASSWORD_CHANGE","timestamp":"2026-08-17T06:17:47.541Z","show_login":true,"focus_field":"PASSWORD","email_length":44,"password_length":10,"next_length":21}'
08-17 15:17:47.546 I/ReactNativeJS(13377): '[AUTH_INPUT_PROBE]', '{"event":"PASSWORD_CHANGE","timestamp":"2026-08-17T06:17:47.544Z","show_login":true,"focus_field":"PASSWORD","email_length":44,"password_length":10,"next_length":22}'
08-17 15:17:47.549 I/ReactNativeJS(13377): '[AUTH_INPUT_PROBE]', '{"event":"PASSWORD_CHANGE","timestamp":"2026-08-17T06:17:47.547Z","show_login":true,"focus_field":"PASSWORD","email_length":44,"password_length":10,"next_length":23}'
08-17 15:17:47.552 I/ReactNativeJS(13377): '[AUTH_INPUT_PROBE]', '{"event":"PASSWORD_CHANGE","timestamp":"2026-08-17T06:17:47.550Z","show_login":true,"focus_field":"PASSWORD","email_length":44,"password_length":10,"next_length":24}'
08-17 15:17:47.609 I/ReactNativeJS(13377): '[AUTH_INPUT_PROBE]', '{"event":"PASSWORD_CHANGE","timestamp":"2026-08-17T06:17:47.606Z","show_login":true,"focus_field":"PASSWORD","email_length":44,"password_length":10,"next_length":25}'
08-17 15:17:48.265 I/ReactNativeJS(13377): '[AUTH_INPUT_PROBE]', '{"event":"PASSWORD_CHANGE","timestamp":"2026-08-17T06:17:48.263Z","show_login":true,"focus_field":"PASSWORD","email_length":44,"password_length":25,"next_length":26}'
08-17 15:17:48.962 I/ReactNativeJS(13377): '[WORLDLINGCO_TUNING]', '{"event":"remote_loaded","updated_at":"2026-08-14T06:06:31Z","version":6}'
08-17 15:17:49.655 I/ReactNativeJS(13377): '[WORLDLINGCO_TUNING]', '{"event":"remote_loaded","updated_at":"2026-08-14T06:06:31Z","version":6}'
08-17 15:17:50.706 I/ReactNativeJS(13377): '[WORLDLINGCO_TUNING]', '{"event":"remote_loaded","updated_at":"2026-08-14T06:06:31Z","version":6}'
08-17 15:17:54.665 I/ReactNativeJS(13377): '[AUTH_INPUT_PROBE]', '{"event":"PASSWORD_CHANGE","timestamp":"2026-08-17T06:17:54.663Z","show_login":true,"focus_field":"PASSWORD","email_length":44,"password_length":26,"next_length":27}'
08-17 15:17:58.583 I/ReactNativeJS(13377): '[AUTH_INPUT_PROBE]', '{"event":"PASSWORD_CHANGE","timestamp":"2026-08-17T06:17:58.580Z","show_login":true,"focus_field":"PASSWORD","email_length":44,"password_length":27,"next_length":28}'
08-17 15:18:02.427 I/ReactNativeJS(13377): '[AUTH_INPUT_PROBE]', '{"event":"PASSWORD_CHANGE","timestamp":"2026-08-17T06:18:02.424Z","show_login":true,"focus_field":"PASSWORD","email_length":44,"password_length":28,"next_length":29}'
08-17 15:18:07.067 I/ReactNativeJS(13377): '[WORLDLINGCO_TUNING]', '{"event":"remote_loaded","updated_at":"2026-08-14T06:06:31Z","version":6}'
08-17 15:18:08.079 I/ReactNativeJS(13377): '[WORLDLINGCO_TUNING]', '{"event":"remote_loaded","updated_at":"2026-08-14T06:06:31Z","version":6}'
08-17 15:18:09.168 I/ReactNativeJS(13377): '[WORLDLINGCO_TUNING]', '{"event":"remote_loaded","updated_at":"2026-08-14T06:06:31Z","version":6}'
08-17 15:18:25.005 I/ReactNativeJS(13377): '[WORLDLINGCO_TUNING]', '{"event":"remote_loaded","updated_at":"2026-08-14T06:06:31Z","version":6}'
08-17 15:18:25.693 I/ReactNativeJS(13377): '[WORLDLINGCO_TUNING]', '{"event":"remote_loaded","updated_at":"2026-08-14T06:06:31Z","version":6}'
08-17 15:18:26.804 I/ReactNativeJS(13377): '[WORLDLINGCO_TUNING]', '{"event":"remote_loaded","updated_at":"2026-08-14T06:06:31Z","version":6}'
08-17 15:18:42.629 I/ReactNativeJS(13377): '[WORLDLINGCO_TUNING]', '{"event":"remote_loaded","updated_at":"2026-08-14T06:06:31Z","version":6}'
08-17 15:18:43.711 I/ReactNativeJS(13377): '[WORLDLINGCO_TUNING]', '{"event":"remote_loaded","updated_at":"2026-08-14T06:06:31Z","version":6}'
08-17 15:18:44.712 I/ReactNativeJS(13377): '[WORLDLINGCO_TUNING]', '{"event":"remote_loaded","updated_at":"2026-08-14T06:06:31Z","version":6}'
08-17 15:18:56.890 I/ReactNativeJS(13377): '[WORLDLINGCO_TUNING]', '{"event":"remote_loaded","updated_at":"2026-08-14T06:06:31Z","version":6}'
08-17 15:18:57.918 I/ReactNativeJS(13377): '[WORLDLINGCO_TUNING]', '{"event":"remote_loaded","updated_at":"2026-08-14T06:06:31Z","version":6}'
08-17 15:18:58.970 I/ReactNativeJS(13377): '[WORLDLINGCO_TUNING]', '{"event":"remote_loaded","updated_at":"2026-08-14T06:06:31Z","version":6}'
08-17 15:19:11.201 I/ReactNativeJS(13377): '[WORLDLINGCO_TUNING]', '{"event":"remote_loaded","updated_at":"2026-08-14T06:06:31Z","version":6}'
08-17 15:19:12.278 I/ReactNativeJS(13377): '[WORLDLINGCO_TUNING]', '{"event":"remote_loaded","updated_at":"2026-08-14T06:06:31Z","version":6}'
08-17 15:19:13.333 I/ReactNativeJS(13377): '[WORLDLINGCO_TUNING]', '{"event":"remote_loaded","updated_at":"2026-08-14T06:06:31Z","version":6}'
08-17 15:19:25.559 I/ReactNativeJS(13377): '[WORLDLINGCO_TUNING]', '{"event":"remote_loaded","updated_at":"2026-08-14T06:06:31Z","version":6}'
08-17 15:19:26.433 I/ReactNativeJS(13377): '[WORLDLINGCO_TUNING]', '{"event":"remote_loaded","updated_at":"2026-08-14T06:06:31Z","version":6}'
08-17 15:19:27.279 I/ReactNativeJS(13377): '[WORLDLINGCO_TUNING]', '{"event":"remote_loaded","updated_at":"2026-08-14T06:06:31Z","version":6}'
08-17 15:19:31.993 I/ReactNativeJS(13377): '[WORLDLINGCO_TUNING]', '{"event":"remote_loaded","updated_at":"2026-08-14T06:06:31Z","version":6}'
08-17 15:19:32.824 I/ReactNativeJS(13377): '[WORLDLINGCO_TUNING]', '{"event":"remote_loaded","updated_at":"2026-08-14T06:06:31Z","version":6}'
08-17 15:19:33.653 I/ReactNativeJS(13377): '[WORLDLINGCO_TUNING]', '{"event":"remote_loaded","updated_at":"2026-08-14T06:06:31Z","version":6}'
