--------- beginning of main
08-17 15:29:41.658 W/ReactNativeJS(24785): Require cycle: src/features/navigation/sectionRegistry.ts -> src/features/i18n/featureUiCatalog.ts -> src/features/i18n/uiI18n.ts -> src/features/i18n/uiStringCatalog.ts -> src/features/navigation/sectionRegistry.ts
08-17 15:29:41.658 W/ReactNativeJS(24785): 
08-17 15:29:41.658 W/ReactNativeJS(24785): Require cycles are allowed, but can result in uninitialized values. Consider refactoring to remove the need for a cycle.
08-17 15:29:43.040 I/ReactNativeJS(24785): '[VoIP] WebRTC module loaded', { module: 'react-native-webrtc',
08-17 15:29:43.040 I/ReactNativeJS(24785):   hasPeerConnection: true,
08-17 15:29:43.040 I/ReactNativeJS(24785):   hasMediaDevices: true }
08-17 15:29:43.830 W/ReactNativeJS(24785): This method is deprecated (as well as all React Native Firebase namespaced API) and will be removed in the next major release as part of move to match Firebase Web modular SDK API. Please see migration guide for more details: https://rnfirebase.io/migrating-to-v22 Please use `getApps()` instead.
08-17 15:29:43.850 W/ReactNativeJS(24785): This method is deprecated (as well as all React Native Firebase namespaced API) and will be removed in the next major release as part of move to match Firebase Web modular SDK API. Please see migration guide for more details: https://rnfirebase.io/migrating-to-v22 Please use `initializeApp()` instead.
08-17 15:29:43.862 W/ReactNativeJS(24785): This method is deprecated (as well as all React Native Firebase namespaced API) and will be removed in the next major release as part of move to match Firebase Web modular SDK API. Please see migration guide for more details: https://rnfirebase.io/migrating-to-v22 Please use `getApps()` instead.
08-17 15:29:43.874 W/ReactNativeJS(24785): This method is deprecated (as well as all React Native Firebase namespaced API) and will be removed in the next major release as part of move to match Firebase Web modular SDK API. Please see migration guide for more details: https://rnfirebase.io/migrating-to-v22 Please use `getApp()` instead.
08-17 15:29:44.044 I/ReactNativeJS(24785): Running "main" with {"rootTag":1,"initialProps":{},"fabric":true}
08-17 15:29:49.301 I/ReactNativeJS(24785): '[UI_PRESS_PROBE]', '{"event":"NETWORK_TRANSPORT_CHANGED","timestamp":"2026-08-17T06:29:49.299Z","token_ready":false,"user_ready":false,"show_login":false,"show_voip_tester":false,"selected_call_mode":"pstn_assist","transport":"unknown","cellular_generation":null,"label":"알 수 없음","is_connected":false,"is_internet_reachable":null,"carrier":null,"ssid":null,"is_accurate_voip_test_ready":false,"previous_label":null}'
08-17 15:29:49.416 I/ReactNativeJS(24785): '[WORLDLINGCO_API] base_url', 'https://metanova1004.com'
08-17 15:29:49.544 I/ReactNativeJS(24785): [VoIPToneService] AudioContext not available (React Native environment)
08-17 15:29:49.760 I/ReactNativeJS(24785): '[UI_PRESS_PROBE]', '{"event":"SORISAE_FAB_VISIBLE_EVAL","timestamp":"2026-08-17T06:29:49.757Z","token_ready":false,"user_ready":false,"show_login":false,"show_voip_tester":false,"selected_call_mode":"pstn_assist","visible":false,"platform":"android","sorisae_fab_setting":true,"pending_incoming_voip":false,"voip_call_active":false,"sorisae_window_open":false}'
08-17 15:29:49.812 I/ReactNativeJS(24785): '[FACE_CONVERSATION]', '{"event":"silero_probe","supported":false}'
08-17 15:29:50.892 I/ReactNativeJS(24785): '[WORLDLINGCO_TUNING]', '{"event":"remote_loaded","updated_at":"2026-08-14T06:06:31Z","version":6}'
08-17 15:30:10.471 I/ReactNativeJS(24785): '[UI_PRESS_PROBE]', '{"event":"LOGIN_BUTTON_PRESS","timestamp":"2026-08-17T06:30:10.469Z","token_ready":false,"user_ready":false,"show_login":false,"show_voip_tester":false,"selected_call_mode":"pstn_assist","source":"header_account_row"}'
08-17 15:30:18.657 I/ReactNativeJS(24785): '[AUTH_INPUT_PROBE]', '{"event":"EMAIL_FOCUS","timestamp":"2026-08-17T06:30:18.654Z","show_login":true,"focus_field":"NONE","email_length":0,"password_length":0}'
08-17 15:30:29.586 I/ReactNativeJS(24785): '[AUTH_INPUT_PROBE]', '{"event":"EMAIL_CHANGE","timestamp":"2026-08-17T06:30:29.584Z","show_login":true,"focus_field":"EMAIL","email_length":0,"password_length":0,"next_length":1}'
08-17 15:30:30.033 I/ReactNativeJS(24785): '[AUTH_INPUT_PROBE]', '{"event":"EMAIL_CHANGE","timestamp":"2026-08-17T06:30:30.031Z","show_login":true,"focus_field":"EMAIL","email_length":1,"password_length":0,"next_length":2}'
08-17 15:30:30.035 I/ReactNativeJS(24785): '[AUTH_INPUT_PROBE]', '{"event":"EMAIL_CHANGE","timestamp":"2026-08-17T06:30:30.034Z","show_login":true,"focus_field":"EMAIL","email_length":1,"password_length":0,"next_length":3}'
08-17 15:30:30.038 I/ReactNativeJS(24785): '[AUTH_INPUT_PROBE]', '{"event":"EMAIL_CHANGE","timestamp":"2026-08-17T06:30:30.036Z","show_login":true,"focus_field":"EMAIL","email_length":1,"password_length":0,"next_length":4}'
08-17 15:30:30.040 I/ReactNativeJS(24785): '[AUTH_INPUT_PROBE]', '{"event":"EMAIL_CHANGE","timestamp":"2026-08-17T06:30:30.039Z","show_login":true,"focus_field":"EMAIL","email_length":1,"password_length":0,"next_length":5}'
08-17 15:30:30.043 I/ReactNativeJS(24785): '[AUTH_INPUT_PROBE]', '{"event":"EMAIL_CHANGE","timestamp":"2026-08-17T06:30:30.041Z","show_login":true,"focus_field":"EMAIL","email_length":1,"password_length":0,"next_length":6}'
08-17 15:30:30.045 I/ReactNativeJS(24785): '[AUTH_INPUT_PROBE]', '{"event":"EMAIL_CHANGE","timestamp":"2026-08-17T06:30:30.044Z","show_login":true,"focus_field":"EMAIL","email_length":1,"password_length":0,"next_length":7}'
08-17 15:30:30.048 I/ReactNativeJS(24785): '[AUTH_INPUT_PROBE]', '{"event":"EMAIL_CHANGE","timestamp":"2026-08-17T06:30:30.046Z","show_login":true,"focus_field":"EMAIL","email_length":1,"password_length":0,"next_length":8}'
08-17 15:30:30.050 I/ReactNativeJS(24785): '[AUTH_INPUT_PROBE]', '{"event":"EMAIL_CHANGE","timestamp":"2026-08-17T06:30:30.049Z","show_login":true,"focus_field":"EMAIL","email_length":1,"password_length":0,"next_length":9}'
08-17 15:30:30.101 I/ReactNativeJS(24785): '[AUTH_INPUT_PROBE]', '{"event":"EMAIL_CHANGE","timestamp":"2026-08-17T06:30:30.099Z","show_login":true,"focus_field":"EMAIL","email_length":1,"password_length":0,"next_length":10}'
08-17 15:30:30.552 I/ReactNativeJS(24785): '[AUTH_INPUT_PROBE]', '{"event":"EMAIL_CHANGE","timestamp":"2026-08-17T06:30:30.551Z","show_login":true,"focus_field":"EMAIL","email_length":10,"password_length":0,"next_length":11}'
08-17 15:30:30.563 I/ReactNativeJS(24785): '[AUTH_INPUT_PROBE]', '{"event":"EMAIL_CHANGE","timestamp":"2026-08-17T06:30:30.562Z","show_login":true,"focus_field":"EMAIL","email_length":10,"password_length":0,"next_length":12}'
08-17 15:30:30.565 I/ReactNativeJS(24785): '[AUTH_INPUT_PROBE]', '{"event":"EMAIL_CHANGE","timestamp":"2026-08-17T06:30:30.564Z","show_login":true,"focus_field":"EMAIL","email_length":10,"password_length":0,"next_length":13}'
08-17 15:30:30.568 I/ReactNativeJS(24785): '[AUTH_INPUT_PROBE]', '{"event":"EMAIL_CHANGE","timestamp":"2026-08-17T06:30:30.567Z","show_login":true,"focus_field":"EMAIL","email_length":10,"password_length":0,"next_length":14}'
08-17 15:30:30.571 I/ReactNativeJS(24785): '[AUTH_INPUT_PROBE]', '{"event":"EMAIL_CHANGE","timestamp":"2026-08-17T06:30:30.569Z","show_login":true,"focus_field":"EMAIL","email_length":10,"password_length":0,"next_length":15}'
08-17 15:30:30.573 I/ReactNativeJS(24785): '[AUTH_INPUT_PROBE]', '{"event":"EMAIL_CHANGE","timestamp":"2026-08-17T06:30:30.572Z","show_login":true,"focus_field":"EMAIL","email_length":10,"password_length":0,"next_length":16}'
08-17 15:30:30.576 I/ReactNativeJS(24785): '[AUTH_INPUT_PROBE]', '{"event":"EMAIL_CHANGE","timestamp":"2026-08-17T06:30:30.575Z","show_login":true,"focus_field":"EMAIL","email_length":10,"password_length":0,"next_length":17}'
08-17 15:30:30.579 I/ReactNativeJS(24785): '[AUTH_INPUT_PROBE]', '{"event":"EMAIL_CHANGE","timestamp":"2026-08-17T06:30:30.577Z","show_login":true,"focus_field":"EMAIL","email_length":10,"password_length":0,"next_length":18}'
08-17 15:30:30.582 I/ReactNativeJS(24785): '[AUTH_INPUT_PROBE]', '{"event":"EMAIL_CHANGE","timestamp":"2026-08-17T06:30:30.581Z","show_login":true,"focus_field":"EMAIL","email_length":10,"password_length":0,"next_length":19}'
08-17 15:30:30.585 I/ReactNativeJS(24785): '[AUTH_INPUT_PROBE]', '{"event":"EMAIL_CHANGE","timestamp":"2026-08-17T06:30:30.584Z","show_login":true,"focus_field":"EMAIL","email_length":10,"password_length":0,"next_length":20}'
08-17 15:30:31.024 I/ReactNativeJS(24785): '[AUTH_INPUT_PROBE]', '{"event":"EMAIL_CHANGE","timestamp":"2026-08-17T06:30:31.022Z","show_login":true,"focus_field":"EMAIL","email_length":20,"password_length":0,"next_length":21}'
08-17 15:30:31.026 I/ReactNativeJS(24785): '[AUTH_INPUT_PROBE]', '{"event":"EMAIL_CHANGE","timestamp":"2026-08-17T06:30:31.025Z","show_login":true,"focus_field":"EMAIL","email_length":20,"password_length":0,"next_length":22}'
08-17 15:30:31.029 I/ReactNativeJS(24785): '[AUTH_INPUT_PROBE]', '{"event":"EMAIL_CHANGE","timestamp":"2026-08-17T06:30:31.027Z","show_login":true,"focus_field":"EMAIL","email_length":20,"password_length":0,"next_length":23}'
08-17 15:30:31.031 I/ReactNativeJS(24785): '[AUTH_INPUT_PROBE]', '{"event":"EMAIL_CHANGE","timestamp":"2026-08-17T06:30:31.030Z","show_login":true,"focus_field":"EMAIL","email_length":20,"password_length":0,"next_length":24}'
08-17 15:30:31.034 I/ReactNativeJS(24785): '[AUTH_INPUT_PROBE]', '{"event":"EMAIL_CHANGE","timestamp":"2026-08-17T06:30:31.032Z","show_login":true,"focus_field":"EMAIL","email_length":20,"password_length":0,"next_length":25}'
08-17 15:30:31.037 I/ReactNativeJS(24785): '[AUTH_INPUT_PROBE]', '{"event":"EMAIL_CHANGE","timestamp":"2026-08-17T06:30:31.035Z","show_login":true,"focus_field":"EMAIL","email_length":20,"password_length":0,"next_length":26}'
08-17 15:30:31.039 I/ReactNativeJS(24785): '[AUTH_INPUT_PROBE]', '{"event":"EMAIL_CHANGE","timestamp":"2026-08-17T06:30:31.038Z","show_login":true,"focus_field":"EMAIL","email_length":20,"password_length":0,"next_length":27}'
08-17 15:30:31.043 I/ReactNativeJS(24785): '[AUTH_INPUT_PROBE]', '{"event":"EMAIL_CHANGE","timestamp":"2026-08-17T06:30:31.040Z","show_login":true,"focus_field":"EMAIL","email_length":20,"password_length":0,"next_length":28}'
08-17 15:30:31.497 I/ReactNativeJS(24785): '[AUTH_INPUT_PROBE]', '{"event":"EMAIL_CHANGE","timestamp":"2026-08-17T06:30:31.496Z","show_login":true,"focus_field":"EMAIL","email_length":28,"password_length":0,"next_length":29}'
08-17 15:30:31.500 I/ReactNativeJS(24785): '[AUTH_INPUT_PROBE]', '{"event":"EMAIL_CHANGE","timestamp":"2026-08-17T06:30:31.498Z","show_login":true,"focus_field":"EMAIL","email_length":28,"password_length":0,"next_length":30}'
08-17 15:30:31.504 I/ReactNativeJS(24785): '[AUTH_INPUT_PROBE]', '{"event":"EMAIL_CHANGE","timestamp":"2026-08-17T06:30:31.502Z","show_login":true,"focus_field":"EMAIL","email_length":28,"password_length":0,"next_length":31}'
08-17 15:30:31.506 I/ReactNativeJS(24785): '[AUTH_INPUT_PROBE]', '{"event":"EMAIL_CHANGE","timestamp":"2026-08-17T06:30:31.505Z","show_login":true,"focus_field":"EMAIL","email_length":28,"password_length":0,"next_length":32}'
08-17 15:30:31.509 I/ReactNativeJS(24785): '[AUTH_INPUT_PROBE]', '{"event":"EMAIL_CHANGE","timestamp":"2026-08-17T06:30:31.508Z","show_login":true,"focus_field":"EMAIL","email_length":28,"password_length":0,"next_length":33}'
08-17 15:30:31.513 I/ReactNativeJS(24785): '[AUTH_INPUT_PROBE]', '{"event":"EMAIL_CHANGE","timestamp":"2026-08-17T06:30:31.512Z","show_login":true,"focus_field":"EMAIL","email_length":28,"password_length":0,"next_length":34}'
08-17 15:30:31.516 I/ReactNativeJS(24785): '[AUTH_INPUT_PROBE]', '{"event":"EMAIL_CHANGE","timestamp":"2026-08-17T06:30:31.514Z","show_login":true,"focus_field":"EMAIL","email_length":28,"password_length":0,"next_length":35}'
08-17 15:30:31.519 I/ReactNativeJS(24785): '[AUTH_INPUT_PROBE]', '{"event":"EMAIL_CHANGE","timestamp":"2026-08-17T06:30:31.517Z","show_login":true,"focus_field":"EMAIL","email_length":28,"password_length":0,"next_length":36}'
08-17 15:30:31.522 I/ReactNativeJS(24785): '[AUTH_INPUT_PROBE]', '{"event":"EMAIL_CHANGE","timestamp":"2026-08-17T06:30:31.520Z","show_login":true,"focus_field":"EMAIL","email_length":28,"password_length":0,"next_length":37}'
08-17 15:30:32.023 I/ReactNativeJS(24785): '[AUTH_INPUT_PROBE]', '{"event":"EMAIL_CHANGE","timestamp":"2026-08-17T06:30:32.022Z","show_login":true,"focus_field":"EMAIL","email_length":37,"password_length":0,"next_length":38}'
08-17 15:30:32.026 I/ReactNativeJS(24785): '[AUTH_INPUT_PROBE]', '{"event":"EMAIL_CHANGE","timestamp":"2026-08-17T06:30:32.024Z","show_login":true,"focus_field":"EMAIL","email_length":37,"password_length":0,"next_length":39}'
08-17 15:30:32.028 I/ReactNativeJS(24785): '[AUTH_INPUT_PROBE]', '{"event":"EMAIL_CHANGE","timestamp":"2026-08-17T06:30:32.027Z","show_login":true,"focus_field":"EMAIL","email_length":37,"password_length":0,"next_length":40}'
08-17 15:30:32.031 I/ReactNativeJS(24785): '[AUTH_INPUT_PROBE]', '{"event":"EMAIL_CHANGE","timestamp":"2026-08-17T06:30:32.030Z","show_login":true,"focus_field":"EMAIL","email_length":37,"password_length":0,"next_length":41}'
08-17 15:30:32.034 I/ReactNativeJS(24785): '[AUTH_INPUT_PROBE]', '{"event":"EMAIL_CHANGE","timestamp":"2026-08-17T06:30:32.032Z","show_login":true,"focus_field":"EMAIL","email_length":37,"password_length":0,"next_length":42}'
08-17 15:30:32.036 I/ReactNativeJS(24785): '[AUTH_INPUT_PROBE]', '{"event":"EMAIL_CHANGE","timestamp":"2026-08-17T06:30:32.035Z","show_login":true,"focus_field":"EMAIL","email_length":37,"password_length":0,"next_length":43}'
08-17 15:30:32.039 I/ReactNativeJS(24785): '[AUTH_INPUT_PROBE]', '{"event":"EMAIL_CHANGE","timestamp":"2026-08-17T06:30:32.037Z","show_login":true,"focus_field":"EMAIL","email_length":37,"password_length":0,"next_length":44}'
08-17 15:30:35.626 I/ReactNativeJS(24785): '[AUTH_INPUT_PROBE]', '{"event":"EMAIL_BLUR","timestamp":"2026-08-17T06:30:35.622Z","show_login":true,"focus_field":"EMAIL","email_length":44,"password_length":0}'
08-17 15:30:35.630 I/ReactNativeJS(24785): '[AUTH_INPUT_PROBE]', '{"event":"PASSWORD_FOCUS","timestamp":"2026-08-17T06:30:35.629Z","show_login":true,"focus_field":"EMAIL","email_length":44,"password_length":0}'
08-17 15:30:46.931 I/ReactNativeJS(24785): '[AUTH_INPUT_PROBE]', '{"event":"PASSWORD_CHANGE","timestamp":"2026-08-17T06:30:46.929Z","show_login":true,"focus_field":"PASSWORD","email_length":44,"password_length":0,"next_length":1}'
08-17 15:30:47.444 I/ReactNativeJS(24785): '[AUTH_INPUT_PROBE]', '{"event":"PASSWORD_CHANGE","timestamp":"2026-08-17T06:30:47.442Z","show_login":true,"focus_field":"PASSWORD","email_length":44,"password_length":1,"next_length":2}'
08-17 15:30:47.448 I/ReactNativeJS(24785): '[AUTH_INPUT_PROBE]', '{"event":"PASSWORD_CHANGE","timestamp":"2026-08-17T06:30:47.445Z","show_login":true,"focus_field":"PASSWORD","email_length":44,"password_length":1,"next_length":3}'
08-17 15:30:47.451 I/ReactNativeJS(24785): '[AUTH_INPUT_PROBE]', '{"event":"PASSWORD_CHANGE","timestamp":"2026-08-17T06:30:47.449Z","show_login":true,"focus_field":"PASSWORD","email_length":44,"password_length":1,"next_length":4}'
08-17 15:30:47.454 I/ReactNativeJS(24785): '[AUTH_INPUT_PROBE]', '{"event":"PASSWORD_CHANGE","timestamp":"2026-08-17T06:30:47.452Z","show_login":true,"focus_field":"PASSWORD","email_length":44,"password_length":1,"next_length":5}'
08-17 15:30:47.457 I/ReactNativeJS(24785): '[AUTH_INPUT_PROBE]', '{"event":"PASSWORD_CHANGE","timestamp":"2026-08-17T06:30:47.455Z","show_login":true,"focus_field":"PASSWORD","email_length":44,"password_length":1,"next_length":6}'
08-17 15:30:47.459 I/ReactNativeJS(24785): '[AUTH_INPUT_PROBE]', '{"event":"PASSWORD_CHANGE","timestamp":"2026-08-17T06:30:47.458Z","show_login":true,"focus_field":"PASSWORD","email_length":44,"password_length":1,"next_length":7}'
08-17 15:30:47.462 I/ReactNativeJS(24785): '[AUTH_INPUT_PROBE]', '{"event":"PASSWORD_CHANGE","timestamp":"2026-08-17T06:30:47.461Z","show_login":true,"focus_field":"PASSWORD","email_length":44,"password_length":1,"next_length":8}'
08-17 15:30:48.098 I/ReactNativeJS(24785): '[AUTH_INPUT_PROBE]', '{"event":"PASSWORD_CHANGE","timestamp":"2026-08-17T06:30:48.097Z","show_login":true,"focus_field":"PASSWORD","email_length":44,"password_length":8,"next_length":9}'
08-17 15:30:48.101 I/ReactNativeJS(24785): '[AUTH_INPUT_PROBE]', '{"event":"PASSWORD_CHANGE","timestamp":"2026-08-17T06:30:48.100Z","show_login":true,"focus_field":"PASSWORD","email_length":44,"password_length":8,"next_length":10}'
08-17 15:30:48.104 I/ReactNativeJS(24785): '[AUTH_INPUT_PROBE]', '{"event":"PASSWORD_CHANGE","timestamp":"2026-08-17T06:30:48.102Z","show_login":true,"focus_field":"PASSWORD","email_length":44,"password_length":8,"next_length":11}'
08-17 15:30:48.107 I/ReactNativeJS(24785): '[AUTH_INPUT_PROBE]', '{"event":"PASSWORD_CHANGE","timestamp":"2026-08-17T06:30:48.105Z","show_login":true,"focus_field":"PASSWORD","email_length":44,"password_length":8,"next_length":12}'
08-17 15:30:48.110 I/ReactNativeJS(24785): '[AUTH_INPUT_PROBE]', '{"event":"PASSWORD_CHANGE","timestamp":"2026-08-17T06:30:48.108Z","show_login":true,"focus_field":"PASSWORD","email_length":44,"password_length":8,"next_length":13}'
08-17 15:30:48.114 I/ReactNativeJS(24785): '[AUTH_INPUT_PROBE]', '{"event":"PASSWORD_CHANGE","timestamp":"2026-08-17T06:30:48.113Z","show_login":true,"focus_field":"PASSWORD","email_length":44,"password_length":8,"next_length":14}'
08-17 15:30:48.117 I/ReactNativeJS(24785): '[AUTH_INPUT_PROBE]', '{"event":"PASSWORD_CHANGE","timestamp":"2026-08-17T06:30:48.116Z","show_login":true,"focus_field":"PASSWORD","email_length":44,"password_length":8,"next_length":15}'
08-17 15:30:48.120 I/ReactNativeJS(24785): '[AUTH_INPUT_PROBE]', '{"event":"PASSWORD_CHANGE","timestamp":"2026-08-17T06:30:48.118Z","show_login":true,"focus_field":"PASSWORD","email_length":44,"password_length":8,"next_length":16}'
08-17 15:30:48.123 I/ReactNativeJS(24785): '[AUTH_INPUT_PROBE]', '{"event":"PASSWORD_CHANGE","timestamp":"2026-08-17T06:30:48.121Z","show_login":true,"focus_field":"PASSWORD","email_length":44,"password_length":8,"next_length":17}'
08-17 15:30:48.126 I/ReactNativeJS(24785): '[AUTH_INPUT_PROBE]', '{"event":"PASSWORD_CHANGE","timestamp":"2026-08-17T06:30:48.124Z","show_login":true,"focus_field":"PASSWORD","email_length":44,"password_length":8,"next_length":18}'
08-17 15:30:48.129 I/ReactNativeJS(24785): '[AUTH_INPUT_PROBE]', '{"event":"PASSWORD_CHANGE","timestamp":"2026-08-17T06:30:48.127Z","show_login":true,"focus_field":"PASSWORD","email_length":44,"password_length":8,"next_length":19}'
08-17 15:30:48.132 I/ReactNativeJS(24785): '[AUTH_INPUT_PROBE]', '{"event":"PASSWORD_CHANGE","timestamp":"2026-08-17T06:30:48.130Z","show_login":true,"focus_field":"PASSWORD","email_length":44,"password_length":8,"next_length":20}'
08-17 15:30:48.135 I/ReactNativeJS(24785): '[AUTH_INPUT_PROBE]', '{"event":"PASSWORD_CHANGE","timestamp":"2026-08-17T06:30:48.133Z","show_login":true,"focus_field":"PASSWORD","email_length":44,"password_length":8,"next_length":21}'
08-17 15:30:48.195 I/ReactNativeJS(24785): '[AUTH_INPUT_PROBE]', '{"event":"PASSWORD_CHANGE","timestamp":"2026-08-17T06:30:48.193Z","show_login":true,"focus_field":"PASSWORD","email_length":44,"password_length":8,"next_length":22}'
08-17 15:30:48.653 I/ReactNativeJS(24785): '[AUTH_INPUT_PROBE]', '{"event":"PASSWORD_CHANGE","timestamp":"2026-08-17T06:30:48.651Z","show_login":true,"focus_field":"PASSWORD","email_length":44,"password_length":22,"next_length":23}'
08-17 15:30:48.655 I/ReactNativeJS(24785): '[AUTH_INPUT_PROBE]', '{"event":"PASSWORD_CHANGE","timestamp":"2026-08-17T06:30:48.654Z","show_login":true,"focus_field":"PASSWORD","email_length":44,"password_length":22,"next_length":24}'
08-17 15:30:48.657 I/ReactNativeJS(24785): '[AUTH_INPUT_PROBE]', '{"event":"PASSWORD_CHANGE","timestamp":"2026-08-17T06:30:48.656Z","show_login":true,"focus_field":"PASSWORD","email_length":44,"password_length":22,"next_length":25}'
08-17 15:30:48.660 I/ReactNativeJS(24785): '[AUTH_INPUT_PROBE]', '{"event":"PASSWORD_CHANGE","timestamp":"2026-08-17T06:30:48.658Z","show_login":true,"focus_field":"PASSWORD","email_length":44,"password_length":22,"next_length":26}'
08-17 15:30:49.429 I/ReactNativeJS(24785): '[AUTH_INPUT_PROBE]', '{"event":"PASSWORD_BLUR","timestamp":"2026-08-17T06:30:49.428Z","show_login":true,"focus_field":"PASSWORD","email_length":44,"password_length":26}'
08-17 15:30:50.186 I/ReactNativeJS(24785): '[WORLDLINGCO_TUNING]', '{"event":"remote_loaded","updated_at":"2026-08-14T06:06:31Z","version":6}'
08-17 15:30:51.138 I/ReactNativeJS(24785): '[WORLDLINGCO_TUNING]', '{"event":"remote_loaded","updated_at":"2026-08-14T06:06:31Z","version":6}'
08-17 15:30:52.330 I/ReactNativeJS(24785): '[WORLDLINGCO_TUNING]', '{"event":"remote_loaded","updated_at":"2026-08-14T06:06:31Z","version":6}'
08-17 15:31:02.941 I/ReactNativeJS(24785): '[UI_PRESS_PROBE]', '{"event":"LOGIN_SUBMIT_PRESS","timestamp":"2026-08-17T06:31:02.937Z","token_ready":false,"user_ready":false,"show_login":true,"show_voip_tester":false,"selected_call_mode":"pstn_assist","email_filled":true,"password_filled":true}'
08-17 15:31:02.956 I/ReactNativeJS(24785): '[AUTH_FLOW]', '{"event":"LOGIN_API_REQUEST","endpoint":"https://metanova1004.com/api/auth/login","email":"autologin_1786948215_613@worldlinco-demo.com"}'
08-17 15:31:03.794 I/ReactNativeJS(24785): '[AUTH_FLOW]', '{"event":"LOGIN_API_FAIL","endpoint":"https://metanova1004.com/api/auth/login","email":"autologin_1786948215_613@worldlinco-demo.com","status":409}'
08-17 15:31:03.804 I/ReactNativeJS(24785): '[UI_PRESS_PROBE]', '{"event":"LOGIN_SUBMIT_FAIL","timestamp":"2026-08-17T06:31:03.802Z","token_ready":false,"user_ready":false,"show_login":true,"show_voip_tester":false,"selected_call_mode":"pstn_assist","error":"이미 다른 기기 또는 세션에서 로그인 상태가 남아 있습니다. 현재 사용 중인 기기가 없다면 계정 복구(본인확인) 후 세션 해제 뒤 다시 시도해 주세요."}'
08-17 15:31:07.364 I/ReactNativeJS(24785): '[WORLDLINGCO_TUNING]', '{"event":"remote_loaded","updated_at":"2026-08-14T06:06:31Z","version":6}'
08-17 15:31:08.358 I/ReactNativeJS(24785): '[WORLDLINGCO_TUNING]', '{"event":"remote_loaded","updated_at":"2026-08-14T06:06:31Z","version":6}'
08-17 15:31:09.273 I/ReactNativeJS(24785): '[WORLDLINGCO_TUNING]', '{"event":"remote_loaded","updated_at":"2026-08-14T06:06:31Z","version":6}'
08-17 15:31:13.687 I/ReactNativeJS(24785): '[WORLDLINGCO_TUNING]', '{"event":"remote_loaded","updated_at":"2026-08-14T06:06:31Z","version":6}'
08-17 15:31:14.543 I/ReactNativeJS(24785): '[WORLDLINGCO_TUNING]', '{"event":"remote_loaded","updated_at":"2026-08-14T06:06:31Z","version":6}'
08-17 15:31:15.363 I/ReactNativeJS(24785): '[WORLDLINGCO_TUNING]', '{"event":"remote_loaded","updated_at":"2026-08-14T06:06:31Z","version":6}'
