--------- beginning of main
08-17 12:52:12.971 W/ReactNativeJS(22059): Require cycle: src/features/navigation/sectionRegistry.ts -> src/features/i18n/featureUiCatalog.ts -> src/features/i18n/uiI18n.ts -> src/features/i18n/uiStringCatalog.ts -> src/features/navigation/sectionRegistry.ts
08-17 12:52:12.971 W/ReactNativeJS(22059): 
08-17 12:52:12.971 W/ReactNativeJS(22059): Require cycles are allowed, but can result in uninitialized values. Consider refactoring to remove the need for a cycle.
08-17 12:52:14.372 I/ReactNativeJS(22059): '[VoIP] WebRTC module loaded', { module: 'react-native-webrtc',
08-17 12:52:14.372 I/ReactNativeJS(22059):   hasPeerConnection: true,
08-17 12:52:14.372 I/ReactNativeJS(22059):   hasMediaDevices: true }
08-17 12:52:15.128 W/ReactNativeJS(22059): This method is deprecated (as well as all React Native Firebase namespaced API) and will be removed in the next major release as part of move to match Firebase Web modular SDK API. Please see migration guide for more details: https://rnfirebase.io/migrating-to-v22 Please use `getApps()` instead.
08-17 12:52:15.150 W/ReactNativeJS(22059): This method is deprecated (as well as all React Native Firebase namespaced API) and will be removed in the next major release as part of move to match Firebase Web modular SDK API. Please see migration guide for more details: https://rnfirebase.io/migrating-to-v22 Please use `initializeApp()` instead.
08-17 12:52:15.164 W/ReactNativeJS(22059): This method is deprecated (as well as all React Native Firebase namespaced API) and will be removed in the next major release as part of move to match Firebase Web modular SDK API. Please see migration guide for more details: https://rnfirebase.io/migrating-to-v22 Please use `getApps()` instead.
08-17 12:52:15.177 W/ReactNativeJS(22059): This method is deprecated (as well as all React Native Firebase namespaced API) and will be removed in the next major release as part of move to match Firebase Web modular SDK API. Please see migration guide for more details: https://rnfirebase.io/migrating-to-v22 Please use `getApp()` instead.
08-17 12:52:15.359 I/ReactNativeJS(22059): Running "main" with {"rootTag":1,"initialProps":{},"fabric":true}
08-17 12:52:20.649 I/ReactNativeJS(22059): '[UI_PRESS_PROBE]', '{"event":"NETWORK_TRANSPORT_CHANGED","timestamp":"2026-08-17T03:52:20.646Z","token_ready":false,"user_ready":false,"show_login":false,"show_voip_tester":false,"selected_call_mode":"pstn_assist","transport":"unknown","cellular_generation":null,"label":"알 수 없음","is_connected":false,"is_internet_reachable":null,"carrier":null,"ssid":null,"is_accurate_voip_test_ready":false,"previous_label":null}'
08-17 12:52:20.758 I/ReactNativeJS(22059): '[WORLDLINGCO_API] base_url', 'https://metanova1004.com'
08-17 12:52:20.895 I/ReactNativeJS(22059): [VoIPToneService] AudioContext not available (React Native environment)
08-17 12:52:21.119 I/ReactNativeJS(22059): '[UI_PRESS_PROBE]', '{"event":"SORISAE_FAB_VISIBLE_EVAL","timestamp":"2026-08-17T03:52:21.115Z","token_ready":false,"user_ready":false,"show_login":false,"show_voip_tester":false,"selected_call_mode":"pstn_assist","visible":false,"platform":"android","sorisae_fab_setting":true,"pending_incoming_voip":false,"voip_call_active":false,"sorisae_window_open":false}'
08-17 12:52:21.170 I/ReactNativeJS(22059): '[FACE_CONVERSATION]', '{"event":"silero_probe","supported":false}'
08-17 12:52:22.200 I/ReactNativeJS(22059): '[WORLDLINGCO_TUNING]', '{"event":"remote_loaded","updated_at":"2026-08-14T06:06:31Z","version":6}'
08-17 12:52:37.293 I/ReactNativeJS(22059): '[UI_PRESS_PROBE]', '{"event":"LOGIN_BUTTON_PRESS","timestamp":"2026-08-17T03:52:37.291Z","token_ready":false,"user_ready":false,"show_login":false,"show_voip_tester":false,"selected_call_mode":"pstn_assist","source":"header_account_row"}'
08-17 12:52:44.877 I/ReactNativeJS(22059): '[AUTH_INPUT_PROBE]', '{"event":"EMAIL_FOCUS","timestamp":"2026-08-17T03:52:44.875Z","show_login":true,"focus_field":"NONE","email_length":0,"password_length":0}'
08-17 12:52:55.961 I/ReactNativeJS(22059): '[AUTH_INPUT_PROBE]', '{"event":"EMAIL_CHANGE","timestamp":"2026-08-17T03:52:55.960Z","show_login":true,"focus_field":"EMAIL","email_length":0,"password_length":0,"next_length":1}'
08-17 12:52:56.457 I/ReactNativeJS(22059): '[AUTH_INPUT_PROBE]', '{"event":"EMAIL_CHANGE","timestamp":"2026-08-17T03:52:56.455Z","show_login":true,"focus_field":"EMAIL","email_length":1,"password_length":0,"next_length":2}'
08-17 12:52:56.461 I/ReactNativeJS(22059): '[AUTH_INPUT_PROBE]', '{"event":"EMAIL_CHANGE","timestamp":"2026-08-17T03:52:56.458Z","show_login":true,"focus_field":"EMAIL","email_length":1,"password_length":0,"next_length":3}'
08-17 12:52:56.465 I/ReactNativeJS(22059): '[AUTH_INPUT_PROBE]', '{"event":"EMAIL_CHANGE","timestamp":"2026-08-17T03:52:56.462Z","show_login":true,"focus_field":"EMAIL","email_length":1,"password_length":0,"next_length":4}'
08-17 12:52:56.468 I/ReactNativeJS(22059): '[AUTH_INPUT_PROBE]', '{"event":"EMAIL_CHANGE","timestamp":"2026-08-17T03:52:56.466Z","show_login":true,"focus_field":"EMAIL","email_length":1,"password_length":0,"next_length":5}'
08-17 12:52:56.471 I/ReactNativeJS(22059): '[AUTH_INPUT_PROBE]', '{"event":"EMAIL_CHANGE","timestamp":"2026-08-17T03:52:56.469Z","show_login":true,"focus_field":"EMAIL","email_length":1,"password_length":0,"next_length":6}'
08-17 12:52:56.473 I/ReactNativeJS(22059): '[AUTH_INPUT_PROBE]', '{"event":"EMAIL_CHANGE","timestamp":"2026-08-17T03:52:56.472Z","show_login":true,"focus_field":"EMAIL","email_length":1,"password_length":0,"next_length":7}'
08-17 12:52:56.476 I/ReactNativeJS(22059): '[AUTH_INPUT_PROBE]', '{"event":"EMAIL_CHANGE","timestamp":"2026-08-17T03:52:56.474Z","show_login":true,"focus_field":"EMAIL","email_length":1,"password_length":0,"next_length":8}'
08-17 12:52:56.478 I/ReactNativeJS(22059): '[AUTH_INPUT_PROBE]', '{"event":"EMAIL_CHANGE","timestamp":"2026-08-17T03:52:56.477Z","show_login":true,"focus_field":"EMAIL","email_length":1,"password_length":0,"next_length":9}'
08-17 12:52:56.481 I/ReactNativeJS(22059): '[AUTH_INPUT_PROBE]', '{"event":"EMAIL_CHANGE","timestamp":"2026-08-17T03:52:56.480Z","show_login":true,"focus_field":"EMAIL","email_length":1,"password_length":0,"next_length":10}'
08-17 12:52:56.970 I/ReactNativeJS(22059): '[AUTH_INPUT_PROBE]', '{"event":"EMAIL_CHANGE","timestamp":"2026-08-17T03:52:56.969Z","show_login":true,"focus_field":"EMAIL","email_length":10,"password_length":0,"next_length":11}'
08-17 12:52:56.973 I/ReactNativeJS(22059): '[AUTH_INPUT_PROBE]', '{"event":"EMAIL_CHANGE","timestamp":"2026-08-17T03:52:56.971Z","show_login":true,"focus_field":"EMAIL","email_length":10,"password_length":0,"next_length":12}'
08-17 12:52:56.975 I/ReactNativeJS(22059): '[AUTH_INPUT_PROBE]', '{"event":"EMAIL_CHANGE","timestamp":"2026-08-17T03:52:56.974Z","show_login":true,"focus_field":"EMAIL","email_length":10,"password_length":0,"next_length":13}'
08-17 12:52:56.977 I/ReactNativeJS(22059): '[AUTH_INPUT_PROBE]', '{"event":"EMAIL_CHANGE","timestamp":"2026-08-17T03:52:56.976Z","show_login":true,"focus_field":"EMAIL","email_length":10,"password_length":0,"next_length":14}'
08-17 12:52:56.980 I/ReactNativeJS(22059): '[AUTH_INPUT_PROBE]', '{"event":"EMAIL_CHANGE","timestamp":"2026-08-17T03:52:56.978Z","show_login":true,"focus_field":"EMAIL","email_length":10,"password_length":0,"next_length":15}'
08-17 12:52:56.982 I/ReactNativeJS(22059): '[AUTH_INPUT_PROBE]', '{"event":"EMAIL_CHANGE","timestamp":"2026-08-17T03:52:56.981Z","show_login":true,"focus_field":"EMAIL","email_length":10,"password_length":0,"next_length":16}'
08-17 12:52:56.985 I/ReactNativeJS(22059): '[AUTH_INPUT_PROBE]', '{"event":"EMAIL_CHANGE","timestamp":"2026-08-17T03:52:56.983Z","show_login":true,"focus_field":"EMAIL","email_length":10,"password_length":0,"next_length":17}'
08-17 12:53:00.550 I/ReactNativeJS(22059): '[AUTH_INPUT_PROBE]', '{"event":"EMAIL_BLUR","timestamp":"2026-08-17T03:53:00.549Z","show_login":true,"focus_field":"EMAIL","email_length":17,"password_length":0}'
08-17 12:53:00.554 I/ReactNativeJS(22059): '[AUTH_INPUT_PROBE]', '{"event":"PASSWORD_FOCUS","timestamp":"2026-08-17T03:53:00.552Z","show_login":true,"focus_field":"EMAIL","email_length":17,"password_length":0}'
08-17 12:53:11.737 I/ReactNativeJS(22059): '[AUTH_INPUT_PROBE]', '{"event":"PASSWORD_CHANGE","timestamp":"2026-08-17T03:53:11.735Z","show_login":true,"focus_field":"PASSWORD","email_length":17,"password_length":0,"next_length":1}'
08-17 12:53:12.268 I/ReactNativeJS(22059): '[AUTH_INPUT_PROBE]', '{"event":"PASSWORD_CHANGE","timestamp":"2026-08-17T03:53:12.266Z","show_login":true,"focus_field":"PASSWORD","email_length":17,"password_length":1,"next_length":2}'
08-17 12:53:12.272 I/ReactNativeJS(22059): '[AUTH_INPUT_PROBE]', '{"event":"PASSWORD_CHANGE","timestamp":"2026-08-17T03:53:12.270Z","show_login":true,"focus_field":"PASSWORD","email_length":17,"password_length":1,"next_length":3}'
08-17 12:53:12.275 I/ReactNativeJS(22059): '[AUTH_INPUT_PROBE]', '{"event":"PASSWORD_CHANGE","timestamp":"2026-08-17T03:53:12.273Z","show_login":true,"focus_field":"PASSWORD","email_length":17,"password_length":1,"next_length":4}'
08-17 12:53:12.278 I/ReactNativeJS(22059): '[AUTH_INPUT_PROBE]', '{"event":"PASSWORD_CHANGE","timestamp":"2026-08-17T03:53:12.276Z","show_login":true,"focus_field":"PASSWORD","email_length":17,"password_length":1,"next_length":5}'
08-17 12:53:12.281 I/ReactNativeJS(22059): '[AUTH_INPUT_PROBE]', '{"event":"PASSWORD_CHANGE","timestamp":"2026-08-17T03:53:12.279Z","show_login":true,"focus_field":"PASSWORD","email_length":17,"password_length":1,"next_length":6}'
08-17 12:53:12.283 I/ReactNativeJS(22059): '[AUTH_INPUT_PROBE]', '{"event":"PASSWORD_CHANGE","timestamp":"2026-08-17T03:53:12.282Z","show_login":true,"focus_field":"PASSWORD","email_length":17,"password_length":1,"next_length":7}'
08-17 12:53:12.287 I/ReactNativeJS(22059): '[AUTH_INPUT_PROBE]', '{"event":"PASSWORD_CHANGE","timestamp":"2026-08-17T03:53:12.285Z","show_login":true,"focus_field":"PASSWORD","email_length":17,"password_length":1,"next_length":8}'
08-17 12:53:12.832 I/ReactNativeJS(22059): '[AUTH_INPUT_PROBE]', '{"event":"PASSWORD_CHANGE","timestamp":"2026-08-17T03:53:12.830Z","show_login":true,"focus_field":"PASSWORD","email_length":17,"password_length":8,"next_length":9}'
08-17 12:53:12.834 I/ReactNativeJS(22059): '[AUTH_INPUT_PROBE]', '{"event":"PASSWORD_CHANGE","timestamp":"2026-08-17T03:53:12.833Z","show_login":true,"focus_field":"PASSWORD","email_length":17,"password_length":8,"next_length":10}'
08-17 12:53:12.837 I/ReactNativeJS(22059): '[AUTH_INPUT_PROBE]', '{"event":"PASSWORD_CHANGE","timestamp":"2026-08-17T03:53:12.835Z","show_login":true,"focus_field":"PASSWORD","email_length":17,"password_length":8,"next_length":11}'
08-17 12:53:12.839 I/ReactNativeJS(22059): '[AUTH_INPUT_PROBE]', '{"event":"PASSWORD_CHANGE","timestamp":"2026-08-17T03:53:12.838Z","show_login":true,"focus_field":"PASSWORD","email_length":17,"password_length":8,"next_length":12}'
08-17 12:53:12.842 I/ReactNativeJS(22059): '[AUTH_INPUT_PROBE]', '{"event":"PASSWORD_CHANGE","timestamp":"2026-08-17T03:53:12.840Z","show_login":true,"focus_field":"PASSWORD","email_length":17,"password_length":8,"next_length":13}'
08-17 12:53:13.638 I/ReactNativeJS(22059): '[WORLDLINGCO_TUNING]', '{"event":"remote_loaded","updated_at":"2026-08-14T06:06:31Z","version":6}'
08-17 12:53:21.758 I/ReactNativeJS(22059): '[WORLDLINGCO_TUNING]', '{"event":"remote_loaded","updated_at":"2026-08-14T06:06:31Z","version":6}'
08-17 12:53:29.877 I/ReactNativeJS(22059): '[WORLDLINGCO_TUNING]', '{"event":"remote_loaded","updated_at":"2026-08-14T06:06:31Z","version":6}'
08-17 12:53:37.996 I/ReactNativeJS(22059): '[WORLDLINGCO_TUNING]', '{"event":"remote_loaded","updated_at":"2026-08-14T06:06:31Z","version":6}'
08-17 12:53:46.041 I/ReactNativeJS(22059): '[WORLDLINGCO_TUNING]', '{"event":"remote_loaded","updated_at":"2026-08-14T06:06:31Z","version":6}'
08-17 12:53:50.346 I/ReactNativeJS(22059): '[WORLDLINGCO_TUNING]', '{"event":"remote_loaded","updated_at":"2026-08-14T06:06:31Z","version":6}'
08-17 12:53:54.713 I/ReactNativeJS(22059): '[WORLDLINGCO_TUNING]', '{"event":"remote_loaded","updated_at":"2026-08-14T06:06:31Z","version":6}'
