--------- beginning of main
08-17 15:36:49.106 W/ReactNativeJS(30272): Require cycle: src/features/navigation/sectionRegistry.ts -> src/features/i18n/featureUiCatalog.ts -> src/features/i18n/uiI18n.ts -> src/features/i18n/uiStringCatalog.ts -> src/features/navigation/sectionRegistry.ts
08-17 15:36:49.106 W/ReactNativeJS(30272): 
08-17 15:36:49.106 W/ReactNativeJS(30272): Require cycles are allowed, but can result in uninitialized values. Consider refactoring to remove the need for a cycle.
08-17 15:36:50.554 I/ReactNativeJS(30272): '[VoIP] WebRTC module loaded', { module: 'react-native-webrtc',
08-17 15:36:50.554 I/ReactNativeJS(30272):   hasPeerConnection: true,
08-17 15:36:50.554 I/ReactNativeJS(30272):   hasMediaDevices: true }
08-17 15:36:51.321 W/ReactNativeJS(30272): This method is deprecated (as well as all React Native Firebase namespaced API) and will be removed in the next major release as part of move to match Firebase Web modular SDK API. Please see migration guide for more details: https://rnfirebase.io/migrating-to-v22 Please use `getApps()` instead.
08-17 15:36:51.343 W/ReactNativeJS(30272): This method is deprecated (as well as all React Native Firebase namespaced API) and will be removed in the next major release as part of move to match Firebase Web modular SDK API. Please see migration guide for more details: https://rnfirebase.io/migrating-to-v22 Please use `initializeApp()` instead.
08-17 15:36:51.357 W/ReactNativeJS(30272): This method is deprecated (as well as all React Native Firebase namespaced API) and will be removed in the next major release as part of move to match Firebase Web modular SDK API. Please see migration guide for more details: https://rnfirebase.io/migrating-to-v22 Please use `getApps()` instead.
08-17 15:36:51.370 W/ReactNativeJS(30272): This method is deprecated (as well as all React Native Firebase namespaced API) and will be removed in the next major release as part of move to match Firebase Web modular SDK API. Please see migration guide for more details: https://rnfirebase.io/migrating-to-v22 Please use `getApp()` instead.
08-17 15:36:51.534 I/ReactNativeJS(30272): Running "main" with {"rootTag":1,"initialProps":{},"fabric":true}
08-17 15:36:56.690 I/ReactNativeJS(30272): '[UI_PRESS_PROBE]', '{"event":"NETWORK_TRANSPORT_CHANGED","timestamp":"2026-08-17T06:36:56.688Z","token_ready":false,"user_ready":false,"show_login":false,"show_voip_tester":false,"selected_call_mode":"pstn_assist","transport":"unknown","cellular_generation":null,"label":"알 수 없음","is_connected":false,"is_internet_reachable":null,"carrier":null,"ssid":null,"is_accurate_voip_test_ready":false,"previous_label":null}'
08-17 15:36:56.807 I/ReactNativeJS(30272): '[WORLDLINGCO_API] base_url', 'https://metanova1004.com'
08-17 15:36:56.935 I/ReactNativeJS(30272): [VoIPToneService] AudioContext not available (React Native environment)
08-17 15:36:57.149 I/ReactNativeJS(30272): '[UI_PRESS_PROBE]', '{"event":"SORISAE_FAB_VISIBLE_EVAL","timestamp":"2026-08-17T06:36:57.146Z","token_ready":false,"user_ready":false,"show_login":false,"show_voip_tester":false,"selected_call_mode":"pstn_assist","visible":false,"platform":"android","sorisae_fab_setting":true,"pending_incoming_voip":false,"voip_call_active":false,"sorisae_window_open":false}'
08-17 15:36:57.200 I/ReactNativeJS(30272): '[FACE_CONVERSATION]', '{"event":"silero_probe","supported":false}'
08-17 15:36:57.423 I/ReactNativeJS(30272): '[AUTH_FLOW]', '{"event":"AUTH_STORAGE_RESTORE_FOUND","user_id":23,"user_email":"autologin_1786948438_756@worldlinco-demo.com"}'
08-17 15:36:58.274 I/ReactNativeJS(30272): '[AUTH_FLOW]', '{"event":"AUTH_STORAGE_RESTORE_APPLIED","user_id":23,"user_email":"autologin_1786948438_756@worldlinco-demo.com"}'
08-17 15:36:58.288 I/ReactNativeJS(30272): '[WORLDLINGCO_TUNING]', '{"event":"remote_loaded","updated_at":"2026-08-14T06:06:31Z","version":6}'
08-17 15:36:59.636 W/ReactNativeJS(30272): This method is deprecated (as well as all React Native Firebase namespaced API) and will be removed in the next major release as part of move to match Firebase Web modular SDK API. Please see migration guide for more details: https://rnfirebase.io/migrating-to-v22 Please use `getApps()` instead.
08-17 15:36:59.643 W/ReactNativeJS(30272): This method is deprecated (as well as all React Native Firebase namespaced API) and will be removed in the next major release as part of move to match Firebase Web modular SDK API. Please see migration guide for more details: https://rnfirebase.io/migrating-to-v22 Please use `getApps()` instead.
08-17 15:36:59.657 W/ReactNativeJS(30272): This method is deprecated (as well as all React Native Firebase namespaced API) and will be removed in the next major release as part of move to match Firebase Web modular SDK API. Please see migration guide for more details: https://rnfirebase.io/migrating-to-v22 Please use `getApps()` instead.
08-17 15:36:59.694 W/ReactNativeJS(30272): This method is deprecated (as well as all React Native Firebase namespaced API) and will be removed in the next major release as part of move to match Firebase Web modular SDK API. Please see migration guide for more details: https://rnfirebase.io/migrating-to-v22 Please use `getApps()` instead.
08-17 15:36:59.761 I/ReactNativeJS(30272): '[VoIPPendingIncoming]', '{"event":"REQUEST_START","source":"pending_call_initial","token_summary":"len:208:eyJhbG...Jc6u0Y","user_id":23,"has_pending_call":false,"has_active_call":false}'
08-17 15:36:59.782 I/ReactNativeJS(30272): '[UI_PRESS_PROBE]', '{"event":"VOIP_PRESENCE_CONNECT_ATTEMPT","timestamp":"2026-08-17T06:36:59.780Z","token_ready":true,"user_ready":true,"show_login":false,"show_voip_tester":false,"selected_call_mode":"pstn_assist","voice_id":"nado-000023","token_summary":"len:208:eyJhbG...Jc6u0Y","reason":"effect_start","api_base":"https://metanova1004.com"}'
08-17 15:36:59.822 I/ReactNativeJS(30272): '[UI_PRESS_PROBE]', '{"event":"SORISAE_FAB_VISIBLE_EVAL","timestamp":"2026-08-17T06:36:59.819Z","token_ready":true,"user_ready":true,"show_login":false,"show_voip_tester":false,"selected_call_mode":"pstn_assist","visible":true,"platform":"android","sorisae_fab_setting":true,"pending_incoming_voip":false,"voip_call_active":false,"sorisae_window_open":false}'
08-17 15:36:59.894 W/ReactNativeJS(30272): This method is deprecated (as well as all React Native Firebase namespaced API) and will be removed in the next major release as part of move to match Firebase Web modular SDK API. Please see migration guide for more details: https://rnfirebase.io/migrating-to-v22 Please use `getApp()` instead.
08-17 15:36:59.906 W/ReactNativeJS(30272): This method is deprecated (as well as all React Native Firebase namespaced API) and will be removed in the next major release as part of move to match Firebase Web modular SDK API. Please see migration guide for more details: https://rnfirebase.io/migrating-to-v22 Please use `getApp()` instead.
08-17 15:36:59.912 W/ReactNativeJS(30272): This method is deprecated (as well as all React Native Firebase namespaced API) and will be removed in the next major release as part of move to match Firebase Web modular SDK API. Please see migration guide for more details: https://rnfirebase.io/migrating-to-v22 Please use `getApp()` instead.
08-17 15:36:59.915 W/ReactNativeJS(30272): This method is deprecated (as well as all React Native Firebase namespaced API) and will be removed in the next major release as part of move to match Firebase Web modular SDK API. Please see migration guide for more details: https://rnfirebase.io/migrating-to-v22 Please use `getApp()` instead.
08-17 15:36:59.923 I/ReactNativeJS(30272): '[UI_PRESS_PROBE]', '{"event":"VOIP_NOTIFICATION_PERMISSION_STATUS","timestamp":"2026-08-17T06:36:59.921Z","token_ready":true,"user_ready":true,"show_login":false,"show_voip_tester":false,"selected_call_mode":"pstn_assist","notifications_enabled":true}'
08-17 15:37:00.001 I/ReactNativeJS(30272): '[UI_PRESS_PROBE]', '{"event":"VOIP_PRESENCE_CONNECTED","timestamp":"2026-08-17T06:36:59.999Z","token_ready":true,"user_ready":true,"show_login":false,"show_voip_tester":false,"selected_call_mode":"pstn_assist","voice_id":"nado-000023","token_summary":"len:208:eyJhbG...Jc6u0Y","reason":"effect_start"}'
08-17 15:37:00.629 W/ReactNativeJS(30272): This method is deprecated (as well as all React Native Firebase namespaced API) and will be removed in the next major release as part of move to match Firebase Web modular SDK API. Please see migration guide for more details: https://rnfirebase.io/migrating-to-v22 Please use `getApp()` instead.
08-17 15:37:00.650 I/ReactNativeJS(30272): '[VoIPPendingIncoming]', '{"event":"REQUEST_RESULT","source":"pending_call_initial","token_summary":"len:208:eyJhbG...Jc6u0Y","user_id":23,"status":200,"ok":true}'
08-17 15:37:00.682 I/ReactNativeJS(30272): '[MISSED_CALL]', '{"event":"fetch","count":0}'
08-17 15:37:00.768 I/ReactNativeJS(30272): '[UI_PRESS_PROBE]', '{"event":"NETWORK_TRANSPORT_CHANGED","timestamp":"2026-08-17T06:37:00.764Z","token_ready":true,"user_ready":true,"show_login":false,"show_voip_tester":false,"selected_call_mode":"pstn_assist","transport":"wifi","cellular_generation":null,"label":"WiFi","is_connected":true,"is_internet_reachable":true,"carrier":null,"ssid":null,"is_accurate_voip_test_ready":false,"previous_label":"알 수 없음"}'
08-17 15:37:01.322 W/ReactNativeJS(30272): This method is deprecated (as well as all React Native Firebase namespaced API) and will be removed in the next major release as part of move to match Firebase Web modular SDK API. Please see migration guide for more details: https://rnfirebase.io/migrating-to-v22 Please use `getApp()` instead.
08-17 15:37:01.417 I/ReactNativeJS(30272): '[UI_PRESS_PROBE]', '{"event":"VOIP_FCM_TOPIC_READY","timestamp":"2026-08-17T06:37:01.416Z","token_ready":true,"user_ready":true,"show_login":false,"show_voip_tester":false,"selected_call_mode":"pstn_assist","topic":"worldlingo_voip_nado_000023","push_token_present":true}'
08-17 15:37:25.816 I/ReactNativeJS(30272): '[VoIPPendingIncoming]', '{"event":"REQUEST_START","source":"pending_call_active","token_summary":"len:208:eyJhbG...Jc6u0Y","user_id":23,"has_pending_call":false,"has_active_call":false}'
08-17 15:37:25.966 I/ReactNativeJS(30272): '[WORLDLINGCO_TUNING]', '{"event":"remote_loaded","updated_at":"2026-08-14T06:06:31Z","version":6}'
08-17 15:37:25.990 I/ReactNativeJS(30272): '[MISSED_CALL]', '{"event":"fetch","count":0}'
08-17 15:37:26.004 I/ReactNativeJS(30272): '[VoIPPendingIncoming]', '{"event":"REQUEST_RESULT","source":"pending_call_active","token_summary":"len:208:eyJhbG...Jc6u0Y","user_id":23,"status":200,"ok":true}'
08-17 15:37:26.057 W/ReactNativeJS(30272): This method is deprecated (as well as all React Native Firebase namespaced API) and will be removed in the next major release as part of move to match Firebase Web modular SDK API. Please see migration guide for more details: https://rnfirebase.io/migrating-to-v22 Please use `getApps()` instead.
08-17 15:37:26.122 I/ReactNativeJS(30272): '[VoIPPendingIncoming]', '{"event":"REQUEST_START","source":"pending_call_poll","token_summary":"len:208:eyJhbG...Jc6u0Y","user_id":23,"has_pending_call":false,"has_active_call":false}'
08-17 15:37:26.221 I/ReactNativeJS(30272): '[VoIPPendingIncoming]', '{"event":"REQUEST_RESULT","source":"pending_call_poll","token_summary":"len:208:eyJhbG...Jc6u0Y","user_id":23,"status":200,"ok":true}'
