
removed 7 packages, changed 2 packages, and audited 24 packages in 2s

5 packages are looking for funding
  run `npm fund` for details

# npm audit report

next  9.5.6-canary.0 - 10.0.7 || 14.3.0-canary.0 - 16.3.0-preview.7
Severity: high
Next.js: Middleware / Proxy bypass in App Router applications using Turbopack and single locale - https://github.com/advisories/GHSA-6gpp-xcg3-4w24
Next.js: Denial of Service in App Router using Server Actions - https://github.com/advisories/GHSA-m99w-x7hq-7vfj
Next.js: Server-Side Request Forgery in Server Actions on custom servers - https://github.com/advisories/GHSA-89xv-2m56-2m9x
Next.js: Cache confusion of response bodies for requests with bodies - https://github.com/advisories/GHSA-68g3-v927-f742
Next.js: Cache confusion of response bodies for requests with bodies containing invalid UTF-8 byte sequences - https://github.com/advisories/GHSA-4633-3j49-mh5q
Next.js: Unbounded Server Action payload in Edge runtime - https://github.com/advisories/GHSA-4c39-4ccg-62r3
Next.js: Server-Side Request Forgery in rewrites via attacker-controlled destination hostname - https://github.com/advisories/GHSA-p9j2-gv94-2wf4
Next.js: Denial of Service in the Image Optimization API using SVGs - https://github.com/advisories/GHSA-q8wf-6r8g-63ch
Next.js: Unauthenticated disclosure of internal Server Function endpoints - https://github.com/advisories/GHSA-955p-x3mx-jcvp
Depends on vulnerable versions of sharp
fix available via `npm audit fix --force`
Will install next@16.3.1, which is outside the stated dependency range
node_modules/next

sharp  <0.35.0
Severity: high
sharp inherited vulnerabilities in libvips: CVE-2026-33327, CVE-2026-33328, CVE-2026-35590, CVE-2026-35591 - https://github.com/advisories/GHSA-f88m-g3jw-g9cj
fix available via `npm audit fix --force`
Will install next@16.3.1, which is outside the stated dependency range
node_modules/sharp

2 high severity vulnerabilities

To address all issues, run:
  npm audit fix --force
