
removed 15 packages, and audited 71 packages in 877ms

14 packages are looking for funding
  run `npm fund` for details

# npm audit report

body-parser  <=1.20.5 || 2.0.0-beta.1 - 2.0.2
Severity: moderate
body-parser vulnerable to denial of service when invalid limit value silently disables size enforcement - https://github.com/advisories/GHSA-v422-hmwv-36x6
Depends on vulnerable versions of qs
fix available via `npm audit fix --force`
Will install express@4.22.2, which is outside the stated dependency range
node_modules/body-parser
  express  4.0.0-rc1 - 4.22.1 || 5.0.0-alpha.1 - 5.0.1
  Depends on vulnerable versions of body-parser
  Depends on vulnerable versions of path-to-regexp
  Depends on vulnerable versions of qs
  node_modules/express

path-to-regexp  <=0.1.12
Severity: high
path-to-regexp contains a ReDoS - https://github.com/advisories/GHSA-rhx6-c78j-4q9w
path-to-regexp vulnerable to Regular Expression Denial of Service via multiple route parameters - https://github.com/advisories/GHSA-37ch-88jc-xwx2
fix available via `npm audit fix --force`
Will install express@4.22.2, which is outside the stated dependency range
node_modules/path-to-regexp

qs  <=6.15.1
Severity: moderate
qs's arrayLimit bypass in comma parsing allows denial of service - https://github.com/advisories/GHSA-w7fw-mjwx-w883
qs's arrayLimit bypass in its bracket notation allows DoS via memory exhaustion - https://github.com/advisories/GHSA-6rw7-vpxm-498p
qs has a remotely triggerable DoS: qs.stringify crashes with TypeError on null/undefined entries in comma-format arrays when encodeValuesOnly is set - https://github.com/advisories/GHSA-q8mj-m7cp-5q26
fix available via `npm audit fix --force`
Will install express@4.22.2, which is outside the stated dependency range
node_modules/qs

4 vulnerabilities (2 moderate, 2 high)

To address all issues, run:
  npm audit fix --force
