npm warn ERESOLVE overriding peer dependency
npm warn While resolving: @expo/cli@56.1.24
npm warn Found: peer react@"*" from the root project
npm warn
npm warn Could not resolve dependency:
npm warn peer react@"*" from the root project
npm warn ERESOLVE overriding peer dependency
npm warn While resolving: @expo/cli@56.1.24
npm warn Found: peer react-native@"*" from the root project
npm warn
npm warn Could not resolve dependency:
npm warn peer react-native@"*" from the root project
npm warn ERESOLVE overriding peer dependency
npm warn While resolving: @expo/dom-webview@56.0.6
npm warn Found: peer react@"*" from the root project
npm warn
npm warn Could not resolve dependency:
npm warn peer react@"*" from the root project
npm warn ERESOLVE overriding peer dependency
npm warn While resolving: @expo/dom-webview@56.0.6
npm warn Found: peer react-native@"*" from the root project
npm warn
npm warn Could not resolve dependency:
npm warn peer react-native@"*" from the root project
npm warn ERESOLVE overriding peer dependency
npm warn While resolving: @expo/log-box@56.0.14
npm warn Found: peer react@"*" from the root project
npm warn
npm warn Could not resolve dependency:
npm warn peer react@"*" from the root project
npm warn ERESOLVE overriding peer dependency
npm warn While resolving: @expo/log-box@56.0.14
npm warn Found: peer react-native@"*" from the root project
npm warn
npm warn Could not resolve dependency:
npm warn peer react-native@"*" from the root project
npm warn ERESOLVE overriding peer dependency
npm warn While resolving: @expo/metro-config@56.0.18
npm warn Found: peer react@"*" from the root project
npm warn
npm warn Could not resolve dependency:
npm warn peer react@"*" from the root project
npm warn ERESOLVE overriding peer dependency
npm warn While resolving: @expo/metro-config@56.0.18
npm warn Found: peer react-native@"*" from the root project
npm warn
npm warn Could not resolve dependency:
npm warn peer react-native@"*" from the root project
npm warn ERESOLVE overriding peer dependency
npm warn While resolving: babel-preset-expo@56.0.19
npm warn Found: peer react@"*" from the root project
npm warn
npm warn Could not resolve dependency:
npm warn peer react@"*" from the root project
npm warn ERESOLVE overriding peer dependency
npm warn While resolving: babel-preset-expo@56.0.19
npm warn Found: peer react-native@"*" from the root project
npm warn
npm warn Could not resolve dependency:
npm warn peer react-native@"*" from the root project
npm warn ERESOLVE overriding peer dependency
npm warn While resolving: expo-asset@56.0.23
npm warn Found: peer react@"*" from the root project
npm warn
npm warn Could not resolve dependency:
npm warn peer react@"*" from the root project
npm warn ERESOLVE overriding peer dependency
npm warn While resolving: expo-asset@56.0.23
npm warn Found: peer react-native@"*" from the root project
npm warn
npm warn Could not resolve dependency:
npm warn peer react-native@"*" from the root project
npm warn ERESOLVE overriding peer dependency
npm warn While resolving: expo-constants@56.0.24
npm warn Found: peer react@"*" from the root project
npm warn
npm warn Could not resolve dependency:
npm warn peer react@"*" from the root project
npm warn ERESOLVE overriding peer dependency
npm warn While resolving: expo-constants@56.0.24
npm warn Found: peer react-native@"*" from the root project
npm warn
npm warn Could not resolve dependency:
npm warn peer react-native@"*" from the root project
npm warn ERESOLVE overriding peer dependency
npm warn While resolving: expo-file-system@56.0.10
npm warn Found: peer react@"*" from the root project
npm warn
npm warn Could not resolve dependency:
npm warn peer react@"*" from the root project
npm warn ERESOLVE overriding peer dependency
npm warn While resolving: expo-file-system@56.0.10
npm warn Found: peer react-native@"*" from the root project
npm warn
npm warn Could not resolve dependency:
npm warn peer react-native@"*" from the root project
npm warn ERESOLVE overriding peer dependency
npm warn While resolving: expo-font@56.0.7
npm warn Found: peer react@"*" from the root project
npm warn
npm warn Could not resolve dependency:
npm warn peer react@"*" from the root project
npm warn ERESOLVE overriding peer dependency
npm warn While resolving: expo-font@56.0.7
npm warn Found: peer react-native@"*" from the root project
npm warn
npm warn Could not resolve dependency:
npm warn peer react-native@"*" from the root project
npm warn ERESOLVE overriding peer dependency
npm warn While resolving: expo-keep-awake@56.0.3
npm warn Found: peer react@"*" from the root project
npm warn
npm warn Could not resolve dependency:
npm warn peer react@"*" from the root project
npm warn ERESOLVE overriding peer dependency
npm warn While resolving: expo-keep-awake@56.0.3
npm warn Found: peer react-native@"*" from the root project
npm warn
npm warn Could not resolve dependency:
npm warn peer react-native@"*" from the root project
npm warn ERESOLVE overriding peer dependency
npm warn While resolving: @expo/router-server@56.0.18
npm warn Found: peer react@"*" from the root project
npm warn
npm warn Could not resolve dependency:
npm warn peer react@"*" from the root project
npm warn ERESOLVE overriding peer dependency
npm warn While resolving: @expo/router-server@56.0.18
npm warn Found: peer react-native@"*" from the root project
npm warn
npm warn Could not resolve dependency:
npm warn peer react-native@"*" from the root project

added 5 packages, removed 9 packages, changed 68 packages, and audited 877 packages in 17s

69 packages are looking for funding
  run `npm fund` for details

# npm audit report

brace-expansion  <=1.1.17
Severity: high
brace-expansion: DoS via exponential-time expansion of consecutive non-expanding {} groups - https://github.com/advisories/GHSA-3jxr-9vmj-r5cp
brace-expansion: DoS via unbounded expansion length causing an out-of-memory process crash - https://github.com/advisories/GHSA-mh99-v99m-4gvg
brace-expansion: DoS via unbounded intermediate arrays, bypassing the CVE-2026-14257 mitigation - https://github.com/advisories/GHSA-rgw5-rvv9-x895
fix available via `npm audit fix`
node_modules/brace-expansion

image-size  *
Severity: high
image-size: ICNS parser allows denial of service through an infinite loop - https://github.com/advisories/GHSA-w3rx-r6r6-pgpr
image-size: JXL and HEIF parsers allow denial of service through infinite loops - https://github.com/advisories/GHSA-5p2g-fcmc-qvqq
fix available via `npm audit fix --force`
Will install expo@53.0.27, which is a breaking change
node_modules/image-size
  metro  >=0.22.1
  Depends on vulnerable versions of image-size
  Depends on vulnerable versions of metro-config
  Depends on vulnerable versions of metro-transform-worker
  node_modules/@expo/metro/node_modules/metro
  node_modules/metro
    @expo/metro  *
    Depends on vulnerable versions of metro
    Depends on vulnerable versions of metro-config
    Depends on vulnerable versions of metro-transform-worker
    node_modules/@expo/metro
      @expo/cli  >=0.25.0-canary-20250612-338ef55
      Depends on vulnerable versions of @expo/metro
      Depends on vulnerable versions of @expo/metro-config
      node_modules/expo/node_modules/@expo/cli
      @expo/metro-config  >=0.21.0-canary-20250630-547cd82
      Depends on vulnerable versions of @expo/metro
      node_modules/expo/node_modules/@expo/metro-config
        expo  52.0.0-canary-20240625-2333e70 - 52.0.0-canary-20241018-f71b3e0 || >=54.0.0-canary-20250611-f0afe80
        Depends on vulnerable versions of @expo/cli
        Depends on vulnerable versions of @expo/metro
        Depends on vulnerable versions of @expo/metro-config
        node_modules/expo
    @react-native/community-cli-plugin  *
    Depends on vulnerable versions of metro
    Depends on vulnerable versions of metro-config
    node_modules/@react-native/community-cli-plugin
      react-native  >=0.73.0-nightly-20230506-1af868c52
      Depends on vulnerable versions of @react-native/community-cli-plugin
      node_modules/react-native
    metro-config  *
    Depends on vulnerable versions of metro
    node_modules/@expo/metro/node_modules/metro-config
    node_modules/metro-config
    metro-transform-worker  >=0.60.0
    Depends on vulnerable versions of metro
    node_modules/@expo/metro/node_modules/metro-transform-worker
    node_modules/metro-transform-worker

11 high severity vulnerabilities

To address issues that do not require attention, run:
  npm audit fix

To address all issues (including breaking changes), run:
  npm audit fix --force
