[GPU split install with Python 3.11]
Date: 2026-08-18T06:56:55.0956499+09:00

CMD: .\.venv-gpu311\Scripts\python.exe -m pip install -U pip setuptools wheel
Requirement already satisfied: pip in c:\users\work\source\repos\parkcheolhong\codeai\.venv-gpu311\lib\site-packages (24.0)
Collecting pip
  Using cached pip-26.2.1-py3-none-any.whl.metadata (4.6 kB)
Requirement already satisfied: setuptools in c:\users\work\source\repos\parkcheolhong\codeai\.venv-gpu311\lib\site-packages (65.5.0)
Collecting setuptools
  Using cached setuptools-84.0.0-py3-none-any.whl.metadata (6.6 kB)
Collecting wheel
  Using cached wheel-0.48.0-py3-none-any.whl.metadata (2.3 kB)
Collecting packaging>=24.0 (from wheel)
  Using cached packaging-26.3-py3-none-any.whl.metadata (3.5 kB)
Using cached pip-26.2.1-py3-none-any.whl (1.8 MB)
Using cached setuptools-84.0.0-py3-none-any.whl (818 kB)
Using cached wheel-0.48.0-py3-none-any.whl (33 kB)
Using cached packaging-26.3-py3-none-any.whl (129 kB)
Installing collected packages: setuptools, pip, packaging, wheel
  Attempting uninstall: setuptools
    Found existing installation: setuptools 65.5.0
    Uninstalling setuptools-65.5.0:
      Successfully uninstalled setuptools-65.5.0
  Attempting uninstall: pip
    Found existing installation: pip 24.0
    Uninstalling pip-24.0:
      Successfully uninstalled pip-24.0
Successfully installed packaging-26.3 pip-26.2.1 setuptools-84.0.0 wheel-0.48.0
RESULT: SUCCESS

CMD: .\.venv-gpu311\Scripts\python.exe -m pip install torch==2.4.1
Collecting torch==2.4.1
  Downloading torch-2.4.1-cp311-cp311-win_amd64.whl.metadata (27 kB)
Collecting filelock (from torch==2.4.1)
  Using cached filelock-3.32.3-py3-none-any.whl.metadata (2.0 kB)
Collecting typing-extensions>=4.8.0 (from torch==2.4.1)
  Using cached typing_extensions-4.16.0-py3-none-any.whl.metadata (3.3 kB)
Collecting sympy (from torch==2.4.1)
  Using cached sympy-1.14.0-py3-none-any.whl.metadata (12 kB)
Collecting networkx (from torch==2.4.1)
  Using cached networkx-3.6.1-py3-none-any.whl.metadata (6.8 kB)
Collecting jinja2 (from torch==2.4.1)
  Using cached jinja2-3.1.6-py3-none-any.whl.metadata (2.9 kB)
Collecting fsspec (from torch==2.4.1)
  Using cached fsspec-2026.7.0-py3-none-any.whl.metadata (10 kB)
Collecting MarkupSafe>=2.0 (from jinja2->torch==2.4.1)
  Downloading markupsafe-3.0.3-cp311-cp311-win_amd64.whl.metadata (2.8 kB)
Collecting mpmath<1.4,>=1.1.0 (from sympy->torch==2.4.1)
  Using cached mpmath-1.3.0-py3-none-any.whl.metadata (8.6 kB)
Downloading torch-2.4.1-cp311-cp311-win_amd64.whl (199.4 MB)
   ---------------------------------------- 199.4/199.4 MB 15.3 MB/s  0:00:13
Using cached typing_extensions-4.16.0-py3-none-any.whl (45 kB)
Using cached filelock-3.32.3-py3-none-any.whl (98 kB)
Using cached fsspec-2026.7.0-py3-none-any.whl (206 kB)
Using cached jinja2-3.1.6-py3-none-any.whl (134 kB)
Downloading markupsafe-3.0.3-cp311-cp311-win_amd64.whl (15 kB)
Using cached networkx-3.6.1-py3-none-any.whl (2.1 MB)
Using cached sympy-1.14.0-py3-none-any.whl (6.3 MB)
Using cached mpmath-1.3.0-py3-none-any.whl (536 kB)
Installing collected packages: mpmath, typing-extensions, sympy, networkx, MarkupSafe, fsspec, filelock, jinja2, torch

Successfully installed MarkupSafe-3.0.3 filelock-3.32.3 fsspec-2026.7.0 jinja2-3.1.6 mpmath-1.3.0 networkx-3.6.1 sympy-1.14.0 torch-2.4.1 typing-extensions-4.16.0
RESULT: SUCCESS

CMD: .\.venv-gpu311\Scripts\python.exe -m pip install bitsandbytes==0.50.1
Collecting bitsandbytes==0.50.1
  Using cached bitsandbytes-0.50.1-py3-none-win_amd64.whl.metadata (11 kB)
Requirement already satisfied: torch<3,>=2.4 in .\.venv-gpu311\Lib\site-packages (from bitsandbytes==0.50.1) (2.4.1)
Collecting numpy>=1.17 (from bitsandbytes==0.50.1)
  Using cached numpy-2.4.6-cp311-cp311-win_amd64.whl.metadata (6.6 kB)
Requirement already satisfied: packaging>=20.9 in .\.venv-gpu311\Lib\site-packages (from bitsandbytes==0.50.1) (26.3)
Requirement already satisfied: filelock in .\.venv-gpu311\Lib\site-packages (from torch<3,>=2.4->bitsandbytes==0.50.1) (3.32.3)
Requirement already satisfied: typing-extensions>=4.8.0 in .\.venv-gpu311\Lib\site-packages (from torch<3,>=2.4->bitsandbytes==0.50.1) (4.16.0)
Requirement already satisfied: sympy in .\.venv-gpu311\Lib\site-packages (from torch<3,>=2.4->bitsandbytes==0.50.1) (1.14.0)
Requirement already satisfied: networkx in .\.venv-gpu311\Lib\site-packages (from torch<3,>=2.4->bitsandbytes==0.50.1) (3.6.1)
Requirement already satisfied: jinja2 in .\.venv-gpu311\Lib\site-packages (from torch<3,>=2.4->bitsandbytes==0.50.1) (3.1.6)
Requirement already satisfied: fsspec in .\.venv-gpu311\Lib\site-packages (from torch<3,>=2.4->bitsandbytes==0.50.1) (2026.7.0)
Requirement already satisfied: MarkupSafe>=2.0 in .\.venv-gpu311\Lib\site-packages (from jinja2->torch<3,>=2.4->bitsandbytes==0.50.1) (3.0.3)
Requirement already satisfied: mpmath<1.4,>=1.1.0 in .\.venv-gpu311\Lib\site-packages (from sympy->torch<3,>=2.4->bitsandbytes==0.50.1) (1.3.0)
Downloading bitsandbytes-0.50.1-py3-none-win_amd64.whl (38.0 MB)
   ---------------------------------------- 38.0/38.0 MB 43.1 MB/s  0:00:00
Using cached numpy-2.4.6-cp311-cp311-win_amd64.whl (12.6 MB)
Installing collected packages: numpy, bitsandbytes

Successfully installed bitsandbytes-0.50.1 numpy-2.4.6
RESULT: SUCCESS

CMD: .\.venv-gpu311\Scripts\python.exe -m pip install xformers==0.0.35
Collecting xformers==0.0.35
  Using cached xformers-0.0.35-py39-none-win_amd64.whl.metadata (1.0 kB)
Collecting torch>=2.10 (from xformers==0.0.35)
  Downloading torch-2.13.0-cp311-cp311-win_amd64.whl.metadata (39 kB)
Requirement already satisfied: numpy in .\.venv-gpu311\Lib\site-packages (from xformers==0.0.35) (2.4.6)
Requirement already satisfied: filelock in .\.venv-gpu311\Lib\site-packages (from torch>=2.10->xformers==0.0.35) (3.32.3)
Requirement already satisfied: typing-extensions>=4.10.0 in .\.venv-gpu311\Lib\site-packages (from torch>=2.10->xformers==0.0.35) (4.16.0)
Requirement already satisfied: setuptools>=77.0.3 in .\.venv-gpu311\Lib\site-packages (from torch>=2.10->xformers==0.0.35) (84.0.0)
Requirement already satisfied: sympy>=1.13.3 in .\.venv-gpu311\Lib\site-packages (from torch>=2.10->xformers==0.0.35) (1.14.0)
Requirement already satisfied: networkx>=2.5.1 in .\.venv-gpu311\Lib\site-packages (from torch>=2.10->xformers==0.0.35) (3.6.1)
Requirement already satisfied: jinja2 in .\.venv-gpu311\Lib\site-packages (from torch>=2.10->xformers==0.0.35) (3.1.6)
Requirement already satisfied: fsspec>=0.8.5 in .\.venv-gpu311\Lib\site-packages (from torch>=2.10->xformers==0.0.35) (2026.7.0)
Requirement already satisfied: mpmath<1.4,>=1.1.0 in .\.venv-gpu311\Lib\site-packages (from sympy>=1.13.3->torch>=2.10->xformers==0.0.35) (1.3.0)
Requirement already satisfied: MarkupSafe>=2.0 in .\.venv-gpu311\Lib\site-packages (from jinja2->torch>=2.10->xformers==0.0.35) (3.0.3)
Using cached xformers-0.0.35-py39-none-win_amd64.whl (2.6 MB)
Downloading torch-2.13.0-cp311-cp311-win_amd64.whl (122.0 MB)
   ---------------------------------------- 122.0/122.0 MB 61.8 MB/s  0:00:01
Installing collected packages: torch, xformers
  Attempting uninstall: torch
    Found existing installation: torch 2.4.1
    Uninstalling torch-2.4.1:
      Successfully uninstalled torch-2.4.1

Successfully installed torch-2.13.0 xformers-0.0.35
RESULT: SUCCESS

CMD: .\.venv-gpu311\Scripts\python.exe -m pip install autoawq==0.2.9
Collecting autoawq==0.2.9
  Downloading autoawq-0.2.9.tar.gz (74 kB)
  Installing build dependencies: started
  Installing build dependencies: finished with status 'done'
  Getting requirements to build wheel: started
  Getting requirements to build wheel: finished with status 'done'
  Preparing metadata (pyproject.toml): started
  Preparing metadata (pyproject.toml): finished with status 'done'
Requirement already satisfied: torch in .\.venv-gpu311\Lib\site-packages (from autoawq==0.2.9) (2.13.0)
INFO: pip is looking at multiple versions of autoawq to determine which version is compatible with other requirements. This could take a while.
RESULT: SUCCESS

CMD: .\.venv-gpu311\Scripts\python.exe -m pip install auto-gptq==0.7.1
Collecting auto-gptq==0.7.1
  Downloading auto_gptq-0.7.1-cp311-cp311-win_amd64.whl.metadata (18 kB)
Collecting accelerate>=0.26.0 (from auto-gptq==0.7.1)
  Using cached accelerate-1.14.0-py3-none-any.whl.metadata (19 kB)
Collecting datasets (from auto-gptq==0.7.1)
  Downloading datasets-5.0.1-py3-none-any.whl.metadata (23 kB)
Collecting sentencepiece (from auto-gptq==0.7.1)
  Downloading sentencepiece-0.2.2-cp311-cp311-win_amd64.whl.metadata (34 kB)
Requirement already satisfied: numpy in .\.venv-gpu311\Lib\site-packages (from auto-gptq==0.7.1) (2.4.6)
Collecting rouge (from auto-gptq==0.7.1)
  Downloading rouge-1.0.1-py3-none-any.whl.metadata (4.1 kB)
Collecting gekko (from auto-gptq==0.7.1)
  Downloading gekko-1.3.2-py3-none-any.whl.metadata (3.2 kB)
Requirement already satisfied: torch>=1.13.0 in .\.venv-gpu311\Lib\site-packages (from auto-gptq==0.7.1) (2.13.0)
Collecting safetensors (from auto-gptq==0.7.1)
  Downloading safetensors-0.8.0-cp310-abi3-win_amd64.whl.metadata (4.2 kB)
Collecting transformers>=4.31.0 (from auto-gptq==0.7.1)
  Using cached transformers-5.15.0-py3-none-any.whl.metadata (32 kB)
Collecting peft>=0.5.0 (from auto-gptq==0.7.1)
  Downloading peft-0.20.0-py3-none-any.whl.metadata (14 kB)
Collecting tqdm (from auto-gptq==0.7.1)
  Using cached tqdm-4.70.0-py3-none-any.whl.metadata (57 kB)
Requirement already satisfied: packaging>=20.0 in .\.venv-gpu311\Lib\site-packages (from accelerate>=0.26.0->auto-gptq==0.7.1) (26.3)
Collecting psutil (from accelerate>=0.26.0->auto-gptq==0.7.1)
  Using cached psutil-7.2.2-cp37-abi3-win_amd64.whl.metadata (22 kB)
Collecting pyyaml (from accelerate>=0.26.0->auto-gptq==0.7.1)
  Using cached pyyaml-6.0.3-cp311-cp311-win_amd64.whl.metadata (2.4 kB)
Collecting huggingface_hub>=0.21.0 (from accelerate>=0.26.0->auto-gptq==0.7.1)
  Using cached huggingface_hub-1.27.0-py3-none-any.whl.metadata (16 kB)
Collecting click<9.0.0,>=8.4.2 (from huggingface_hub>=0.21.0->accelerate>=0.26.0->auto-gptq==0.7.1)
  Using cached click-8.4.2-py3-none-any.whl.metadata (2.6 kB)
Requirement already satisfied: filelock>=3.10.0 in .\.venv-gpu311\Lib\site-packages (from huggingface_hub>=0.21.0->accelerate>=0.26.0->auto-gptq==0.7.1) (3.32.3)
Requirement already satisfied: fsspec>=2023.5.0 in .\.venv-gpu311\Lib\site-packages (from huggingface_hub>=0.21.0->accelerate>=0.26.0->auto-gptq==0.7.1) (2026.7.0)
Collecting hf-xet<2.0.0,>=1.5.2 (from huggingface_hub>=0.21.0->accelerate>=0.26.0->auto-gptq==0.7.1)
  Using cached hf_xet-1.6.0-cp38-abi3-win_amd64.whl.metadata (4.9 kB)
Collecting httpx<1,>=0.23.0 (from huggingface_hub>=0.21.0->accelerate>=0.26.0->auto-gptq==0.7.1)
  Using cached httpx-0.28.1-py3-none-any.whl.metadata (7.1 kB)
Requirement already satisfied: typing-extensions>=4.1.0 in .\.venv-gpu311\Lib\site-packages (from huggingface_hub>=0.21.0->accelerate>=0.26.0->auto-gptq==0.7.1) (4.16.0)
Collecting colorama (from click<9.0.0,>=8.4.2->huggingface_hub>=0.21.0->accelerate>=0.26.0->auto-gptq==0.7.1)
  Using cached colorama-0.4.6-py2.py3-none-any.whl.metadata (17 kB)
Collecting anyio (from httpx<1,>=0.23.0->huggingface_hub>=0.21.0->accelerate>=0.26.0->auto-gptq==0.7.1)
  Using cached anyio-4.14.2-py3-none-any.whl.metadata (4.6 kB)
Collecting certifi (from httpx<1,>=0.23.0->huggingface_hub>=0.21.0->accelerate>=0.26.0->auto-gptq==0.7.1)
  Using cached certifi-2026.7.22-py3-none-any.whl.metadata (2.5 kB)
Collecting httpcore==1.* (from httpx<1,>=0.23.0->huggingface_hub>=0.21.0->accelerate>=0.26.0->auto-gptq==0.7.1)
  Using cached httpcore-1.0.9-py3-none-any.whl.metadata (21 kB)
Collecting idna (from httpx<1,>=0.23.0->huggingface_hub>=0.21.0->accelerate>=0.26.0->auto-gptq==0.7.1)
  Using cached idna-3.18-py3-none-any.whl.metadata (6.1 kB)
Collecting h11>=0.16 (from httpcore==1.*->httpx<1,>=0.23.0->huggingface_hub>=0.21.0->accelerate>=0.26.0->auto-gptq==0.7.1)
  Using cached h11-0.16.0-py3-none-any.whl.metadata (8.3 kB)
Requirement already satisfied: setuptools>=77.0.3 in .\.venv-gpu311\Lib\site-packages (from torch>=1.13.0->auto-gptq==0.7.1) (84.0.0)
Requirement already satisfied: sympy>=1.13.3 in .\.venv-gpu311\Lib\site-packages (from torch>=1.13.0->auto-gptq==0.7.1) (1.14.0)
Requirement already satisfied: networkx>=2.5.1 in .\.venv-gpu311\Lib\site-packages (from torch>=1.13.0->auto-gptq==0.7.1) (3.6.1)
Requirement already satisfied: jinja2 in .\.venv-gpu311\Lib\site-packages (from torch>=1.13.0->auto-gptq==0.7.1) (3.1.6)
Requirement already satisfied: mpmath<1.4,>=1.1.0 in .\.venv-gpu311\Lib\site-packages (from sympy>=1.13.3->torch>=1.13.0->auto-gptq==0.7.1) (1.3.0)
Collecting regex>=2025.10.22 (from transformers>=4.31.0->auto-gptq==0.7.1)
  Downloading regex-2026.7.19-cp311-cp311-win_amd64.whl.metadata (41 kB)
Collecting tokenizers<=0.23.0,>=0.22.0 (from transformers>=4.31.0->auto-gptq==0.7.1)
  Using cached tokenizers-0.22.2-cp39-abi3-win_amd64.whl.metadata (7.4 kB)
Collecting typer (from transformers>=4.31.0->auto-gptq==0.7.1)
  Using cached typer-0.27.1-py3-none-any.whl.metadata (16 kB)
Collecting pyarrow>=21.0.0 (from datasets->auto-gptq==0.7.1)
  Downloading pyarrow-25.0.1-cp311-cp311-win_amd64.whl.metadata (3.0 kB)
Collecting dill<0.4.2,>=0.3.0 (from datasets->auto-gptq==0.7.1)
  Using cached dill-0.4.1-py3-none-any.whl.metadata (10 kB)
Collecting pandas (from datasets->auto-gptq==0.7.1)
  Downloading pandas-3.0.5-cp311-cp311-win_amd64.whl.metadata (19 kB)
Collecting requests>=2.32.2 (from datasets->auto-gptq==0.7.1)
  Using cached requests-2.34.2-py3-none-any.whl.metadata (4.8 kB)
Collecting xxhash (from datasets->auto-gptq==0.7.1)
  Downloading xxhash-4.0.1-cp311-cp311-win_amd64.whl.metadata (18 kB)
Collecting multiprocess<0.70.20 (from datasets->auto-gptq==0.7.1)
  Downloading multiprocess-0.70.19-py311-none-any.whl.metadata (7.5 kB)
Collecting fsspec>=2023.5.0 (from huggingface_hub>=0.21.0->accelerate>=0.26.0->auto-gptq==0.7.1)
  Downloading fsspec-2026.6.0-py3-none-any.whl.metadata (10 kB)
Collecting aiohttp!=4.0.0a0,!=4.0.0a1 (from fsspec[http]<=2026.6.0,>=2023.1.0->datasets->auto-gptq==0.7.1)
  Using cached aiohttp-3.14.3-cp311-cp311-win_amd64.whl.metadata (8.5 kB)
Collecting aiohappyeyeballs>=2.5.0 (from aiohttp!=4.0.0a0,!=4.0.0a1->fsspec[http]<=2026.6.0,>=2023.1.0->datasets->auto-gptq==0.7.1)
  Using cached aiohappyeyeballs-2.7.1-py3-none-any.whl.metadata (5.9 kB)
Collecting aiosignal>=1.4.0 (from aiohttp!=4.0.0a0,!=4.0.0a1->fsspec[http]<=2026.6.0,>=2023.1.0->datasets->auto-gptq==0.7.1)
  Using cached aiosignal-1.4.0-py3-none-any.whl.metadata (3.7 kB)
Collecting attrs>=17.3.0 (from aiohttp!=4.0.0a0,!=4.0.0a1->fsspec[http]<=2026.6.0,>=2023.1.0->datasets->auto-gptq==0.7.1)
  Using cached attrs-26.1.0-py3-none-any.whl.metadata (8.8 kB)
Collecting frozenlist>=1.1.1 (from aiohttp!=4.0.0a0,!=4.0.0a1->fsspec[http]<=2026.6.0,>=2023.1.0->datasets->auto-gptq==0.7.1)
  Using cached frozenlist-1.8.0-cp311-cp311-win_amd64.whl.metadata (21 kB)
Collecting multidict<7.0,>=4.5 (from aiohttp!=4.0.0a0,!=4.0.0a1->fsspec[http]<=2026.6.0,>=2023.1.0->datasets->auto-gptq==0.7.1)
  Using cached multidict-6.7.1-cp311-cp311-win_amd64.whl.metadata (5.5 kB)
Collecting propcache>=0.2.0 (from aiohttp!=4.0.0a0,!=4.0.0a1->fsspec[http]<=2026.6.0,>=2023.1.0->datasets->auto-gptq==0.7.1)
  Using cached propcache-0.5.2-cp311-cp311-win_amd64.whl.metadata (17 kB)
Collecting yarl<2.0,>=1.17.0 (from aiohttp!=4.0.0a0,!=4.0.0a1->fsspec[http]<=2026.6.0,>=2023.1.0->datasets->auto-gptq==0.7.1)
  Using cached yarl-1.24.5-cp311-cp311-win_amd64.whl.metadata (107 kB)
Collecting charset_normalizer<4,>=2 (from requests>=2.32.2->datasets->auto-gptq==0.7.1)
  Downloading charset_normalizer-3.5.1-cp311-cp311-win_amd64.whl.metadata (46 kB)
Collecting urllib3<3,>=1.26 (from requests>=2.32.2->datasets->auto-gptq==0.7.1)
  Using cached urllib3-2.7.0-py3-none-any.whl.metadata (6.9 kB)
Requirement already satisfied: MarkupSafe>=2.0 in .\.venv-gpu311\Lib\site-packages (from jinja2->torch>=1.13.0->auto-gptq==0.7.1) (3.0.3)
Collecting python-dateutil>=2.8.2 (from pandas->datasets->auto-gptq==0.7.1)
  Using cached python_dateutil-2.9.0.post0-py2.py3-none-any.whl.metadata (8.4 kB)
Collecting tzdata (from pandas->datasets->auto-gptq==0.7.1)
  Using cached tzdata-2026.3-py2.py3-none-any.whl.metadata (1.4 kB)
Collecting six>=1.5 (from python-dateutil>=2.8.2->pandas->datasets->auto-gptq==0.7.1)
  Using cached six-1.17.0-py2.py3-none-any.whl.metadata (1.7 kB)
Collecting shellingham>=1.3.0 (from typer->transformers>=4.31.0->auto-gptq==0.7.1)
  Using cached shellingham-1.5.4-py2.py3-none-any.whl.metadata (3.5 kB)
Collecting rich>=13.8.0 (from typer->transformers>=4.31.0->auto-gptq==0.7.1)
  Using cached rich-15.0.0-py3-none-any.whl.metadata (18 kB)
Collecting annotated-doc>=0.0.2 (from typer->transformers>=4.31.0->auto-gptq==0.7.1)
  Using cached annotated_doc-0.0.5-py3-none-any.whl.metadata (6.5 kB)
Collecting markdown-it-py>=2.2.0 (from rich>=13.8.0->typer->transformers>=4.31.0->auto-gptq==0.7.1)
  Using cached markdown_it_py-4.2.0-py3-none-any.whl.metadata (7.4 kB)
Collecting pygments<3.0.0,>=2.13.0 (from rich>=13.8.0->typer->transformers>=4.31.0->auto-gptq==0.7.1)
  Downloading pygments-2.21.0-py3-none-any.whl.metadata (2.5 kB)
Collecting mdurl~=0.1 (from markdown-it-py>=2.2.0->rich>=13.8.0->typer->transformers>=4.31.0->auto-gptq==0.7.1)
  Using cached mdurl-0.1.2-py3-none-any.whl.metadata (1.6 kB)
Downloading auto_gptq-0.7.1-cp311-cp311-win_amd64.whl (4.6 MB)
   ---------------------------------------- 4.6/4.6 MB 4.9 MB/s  0:00:00
Downloading accelerate-1.14.0-py3-none-any.whl (389 kB)
Using cached huggingface_hub-1.27.0-py3-none-any.whl (784 kB)
Using cached click-8.4.2-py3-none-any.whl (119 kB)
Using cached hf_xet-1.6.0-cp38-abi3-win_amd64.whl (4.0 MB)
Using cached httpx-0.28.1-py3-none-any.whl (73 kB)
Using cached httpcore-1.0.9-py3-none-any.whl (78 kB)
Using cached h11-0.16.0-py3-none-any.whl (37 kB)
Downloading peft-0.20.0-py3-none-any.whl (775 kB)
   ---------------------------------------- 775.8/775.8 kB 32.1 MB/s  0:00:00
Using cached pyyaml-6.0.3-cp311-cp311-win_amd64.whl (158 kB)
Downloading safetensors-0.8.0-cp310-abi3-win_amd64.whl (355 kB)
Using cached tqdm-4.70.0-py3-none-any.whl (80 kB)
Downloading transformers-5.15.0-py3-none-any.whl (11.7 MB)
   ---------------------------------------- 11.7/11.7 MB 73.6 MB/s  0:00:00
Using cached tokenizers-0.22.2-cp39-abi3-win_amd64.whl (2.7 MB)
Downloading regex-2026.7.19-cp311-cp311-win_amd64.whl (277 kB)
Using cached anyio-4.14.2-py3-none-any.whl (125 kB)
Using cached idna-3.18-py3-none-any.whl (65 kB)
Using cached certifi-2026.7.22-py3-none-any.whl (136 kB)
Using cached colorama-0.4.6-py2.py3-none-any.whl (25 kB)
Downloading datasets-5.0.1-py3-none-any.whl (559 kB)
   ---------------------------------------- 559.1/559.1 kB ?  0:00:00
Using cached dill-0.4.1-py3-none-any.whl (120 kB)
Downloading fsspec-2026.6.0-py3-none-any.whl (203 kB)
Downloading multiprocess-0.70.19-py311-none-any.whl (144 kB)
Using cached aiohttp-3.14.3-cp311-cp311-win_amd64.whl (481 kB)
Using cached multidict-6.7.1-cp311-cp311-win_amd64.whl (45 kB)
Using cached yarl-1.24.5-cp311-cp311-win_amd64.whl (97 kB)
Using cached aiohappyeyeballs-2.7.1-py3-none-any.whl (15 kB)
Using cached aiosignal-1.4.0-py3-none-any.whl (7.5 kB)
Using cached attrs-26.1.0-py3-none-any.whl (67 kB)
Using cached frozenlist-1.8.0-cp311-cp311-win_amd64.whl (44 kB)
Using cached propcache-0.5.2-cp311-cp311-win_amd64.whl (42 kB)
Downloading pyarrow-25.0.1-cp311-cp311-win_amd64.whl (27.9 MB)
   ---------------------------------------- 27.9/27.9 MB 39.3 MB/s  0:00:00
Using cached requests-2.34.2-py3-none-any.whl (73 kB)
Downloading charset_normalizer-3.5.1-cp311-cp311-win_amd64.whl (206 kB)
Using cached urllib3-2.7.0-py3-none-any.whl (131 kB)
Downloading gekko-1.3.2-py3-none-any.whl (13.2 MB)
   ---------------------------------------- 13.2/13.2 MB 22.9 MB/s  0:00:00
Downloading pandas-3.0.5-cp311-cp311-win_amd64.whl (10.0 MB)
   ---------------------------------------- 10.0/10.0 MB 38.8 MB/s  0:00:00
Using cached python_dateutil-2.9.0.post0-py2.py3-none-any.whl (229 kB)
Using cached six-1.17.0-py2.py3-none-any.whl (11 kB)
Using cached psutil-7.2.2-cp37-abi3-win_amd64.whl (137 kB)
Downloading rouge-1.0.1-py3-none-any.whl (13 kB)
Downloading sentencepiece-0.2.2-cp311-cp311-win_amd64.whl (1.2 MB)
   ---------------------------------------- 1.2/1.2 MB 65.6 MB/s  0:00:00
Using cached typer-0.27.1-py3-none-any.whl (122 kB)
Using cached annotated_doc-0.0.5-py3-none-any.whl (5.3 kB)
Using cached rich-15.0.0-py3-none-any.whl (310 kB)
Downloading pygments-2.21.0-py3-none-any.whl (1.3 MB)
   ---------------------------------------- 1.3/1.3 MB 61.8 MB/s  0:00:00
Using cached markdown_it_py-4.2.0-py3-none-any.whl (91 kB)
Using cached mdurl-0.1.2-py3-none-any.whl (10.0 kB)
Using cached shellingham-1.5.4-py2.py3-none-any.whl (9.8 kB)
Using cached tzdata-2026.3-py2.py3-none-any.whl (348 kB)
Downloading xxhash-4.0.1-cp311-cp311-win_amd64.whl (36 kB)
Installing collected packages: xxhash, urllib3, tzdata, six, shellingham, sentencepiece, safetensors, regex, pyyaml, pygments, pyarrow, psutil, propcache, multidict, mdurl, idna, hf-xet, h11, gekko, fsspec, frozenlist, dill, colorama, charset_normalizer, certifi, attrs, annotated-doc, aiohappyeyeballs, yarl, tqdm, rouge, requests, python-dateutil, multiprocess, markdown-it-py, httpcore, click, anyio, aiosignal, rich, pandas, httpx, aiohttp, typer, huggingface_hub, tokenizers, datasets, accelerate, transformers, peft, auto-gptq
  Attempting uninstall: fsspec
    Found existing installation: fsspec 2026.7.0
    Uninstalling fsspec-2026.7.0:
      Successfully uninstalled fsspec-2026.7.0

Successfully installed accelerate-1.14.0 aiohappyeyeballs-2.7.1 aiohttp-3.14.3 aiosignal-1.4.0 annotated-doc-0.0.5 anyio-4.14.2 attrs-26.1.0 auto-gptq-0.7.1 certifi-2026.7.22 charset_normalizer-3.5.1 click-8.4.2 colorama-0.4.6 datasets-5.0.1 dill-0.4.1 frozenlist-1.8.0 fsspec-2026.6.0 gekko-1.3.2 h11-0.16.0 hf-xet-1.6.0 httpcore-1.0.9 httpx-0.28.1 huggingface_hub-1.27.0 idna-3.18 markdown-it-py-4.2.0 mdurl-0.1.2 multidict-6.7.1 multiprocess-0.70.19 pandas-3.0.5 peft-0.20.0 propcache-0.5.2 psutil-7.2.2 pyarrow-25.0.1 pygments-2.21.0 python-dateutil-2.9.0.post0 pyyaml-6.0.3 regex-2026.7.19 requests-2.34.2 rich-15.0.0 rouge-1.0.1 safetensors-0.8.0 sentencepiece-0.2.2 shellingham-1.5.4 six-1.17.0 tokenizers-0.22.2 tqdm-4.70.0 transformers-5.15.0 typer-0.27.1 tzdata-2026.3 urllib3-2.7.0 xxhash-4.0.1 yarl-1.24.5
RESULT: SUCCESS

CMD: .\.venv-gpu311\Scripts\python.exe -m pip check
No broken requirements found.
RESULT: SUCCESS
