[21:35:16] D-0 device smoke -> C:\Users\WORK\source\repos\parkcheolhong\codeAI\evidence\device-d0-smoke-20260816-213516
[21:35:16] Devices: primary=R83W70QY11H secondary=172.30.1.15:5555
[21:35:16] adb devices:
R83W70QY11H
10.202.94.167:5555
172.30.1.15:5555
[21:35:17] R83W70QY11H package:     versionCode=331 minSdk=24 targetSdk=36
[21:35:17] 172.30.1.15:5555 package:     versionCode=331 minSdk=24 targetSdk=36
[21:35:17] Launch + auth wait on R83W70QY11H
[21:35:31] Tap worldlinco-inline-open-login-button at 476,451 on R83W70QY11H
[21:35:39] Tap worldlinco-auth-email-input at 422,683 on R83W70QY11H
[21:35:53] Tap worldlinco-auth-password-input at 398,831 on R83W70QY11H
[21:36:11] Tap worldlinco-auth-login-submit-button at 401,931 on R83W70QY11H
[21:36:11] UI login submit attempted on R83W70QY11H
[21:38:27] Primary auth ready: False
[21:38:34] Primary auth state: ready=False blocker=auth_not_ready restore_applied=False restore_invalid=False token_ready=False user_ready=False presence_connected=False session_present=False ui_probe_seen=False react_log_silent=False
[21:38:34] Secondary auth state: ready=False blocker=login_api_error restore_applied=False restore_invalid=False token_ready=False user_ready=False presence_connected=False session_present=False ui_probe_seen=False react_log_silent=False
[21:38:34] Open friend folder via validation deeplink (build 76 hub)
[21:38:47] Friend hub visible in UI dump: False
[21:38:47] Friend hub blocker: deeplink_opened_without_friend_folder
[21:38:47] Summary written: C:\Users\WORK\source\repos\parkcheolhong\codeAI\evidence\device-d0-smoke-20260816-213516\summary.json
