--------- beginning of main
08-17 15:11:43.691 W/ReactNativeJS( 9778): Require cycle: src/features/navigation/sectionRegistry.ts -> src/features/i18n/featureUiCatalog.ts -> src/features/i18n/uiI18n.ts -> src/features/i18n/uiStringCatalog.ts -> src/features/navigation/sectionRegistry.ts
08-17 15:11:43.691 W/ReactNativeJS( 9778): 
08-17 15:11:43.691 W/ReactNativeJS( 9778): Require cycles are allowed, but can result in uninitialized values. Consider refactoring to remove the need for a cycle.
08-17 15:11:45.114 I/ReactNativeJS( 9778): '[VoIP] WebRTC module loaded', { module: 'react-native-webrtc',
08-17 15:11:45.114 I/ReactNativeJS( 9778):   hasPeerConnection: true,
08-17 15:11:45.114 I/ReactNativeJS( 9778):   hasMediaDevices: true }
08-17 15:11:45.898 W/ReactNativeJS( 9778): This method is deprecated (as well as all React Native Firebase namespaced API) and will be removed in the next major release as part of move to match Firebase Web modular SDK API. Please see migration guide for more details: https://rnfirebase.io/migrating-to-v22 Please use `getApps()` instead.
08-17 15:11:45.918 W/ReactNativeJS( 9778): This method is deprecated (as well as all React Native Firebase namespaced API) and will be removed in the next major release as part of move to match Firebase Web modular SDK API. Please see migration guide for more details: https://rnfirebase.io/migrating-to-v22 Please use `initializeApp()` instead.
08-17 15:11:45.931 W/ReactNativeJS( 9778): This method is deprecated (as well as all React Native Firebase namespaced API) and will be removed in the next major release as part of move to match Firebase Web modular SDK API. Please see migration guide for more details: https://rnfirebase.io/migrating-to-v22 Please use `getApps()` instead.
08-17 15:11:45.944 W/ReactNativeJS( 9778): This method is deprecated (as well as all React Native Firebase namespaced API) and will be removed in the next major release as part of move to match Firebase Web modular SDK API. Please see migration guide for more details: https://rnfirebase.io/migrating-to-v22 Please use `getApp()` instead.
08-17 15:11:46.113 I/ReactNativeJS( 9778): Running "main" with {"rootTag":1,"initialProps":{},"fabric":true}
08-17 15:11:51.247 I/ReactNativeJS( 9778): '[UI_PRESS_PROBE]', '{"event":"NETWORK_TRANSPORT_CHANGED","timestamp":"2026-08-17T06:11:51.244Z","token_ready":false,"user_ready":false,"show_login":false,"show_voip_tester":false,"selected_call_mode":"pstn_assist","transport":"unknown","cellular_generation":null,"label":"알 수 없음","is_connected":false,"is_internet_reachable":null,"carrier":null,"ssid":null,"is_accurate_voip_test_ready":false,"previous_label":null}'
08-17 15:11:51.366 I/ReactNativeJS( 9778): '[WORLDLINGCO_API] base_url', 'https://metanova1004.com'
08-17 15:11:51.496 I/ReactNativeJS( 9778): [VoIPToneService] AudioContext not available (React Native environment)
08-17 15:11:51.696 I/ReactNativeJS( 9778): '[UI_PRESS_PROBE]', '{"event":"SORISAE_FAB_VISIBLE_EVAL","timestamp":"2026-08-17T06:11:51.694Z","token_ready":false,"user_ready":false,"show_login":false,"show_voip_tester":false,"selected_call_mode":"pstn_assist","visible":false,"platform":"android","sorisae_fab_setting":true,"pending_incoming_voip":false,"voip_call_active":false,"sorisae_window_open":false}'
08-17 15:11:51.745 I/ReactNativeJS( 9778): '[FACE_CONVERSATION]', '{"event":"silero_probe","supported":false}'
08-17 15:11:52.791 I/ReactNativeJS( 9778): '[WORLDLINGCO_TUNING]', '{"event":"remote_loaded","updated_at":"2026-08-14T06:06:31Z","version":6}'
08-17 15:12:12.408 I/ReactNativeJS( 9778): '[UI_PRESS_PROBE]', '{"event":"LOGIN_BUTTON_PRESS","timestamp":"2026-08-17T06:12:12.406Z","token_ready":false,"user_ready":false,"show_login":false,"show_voip_tester":false,"selected_call_mode":"pstn_assist","source":"header_account_row"}'
08-17 15:12:20.627 I/ReactNativeJS( 9778): '[AUTH_INPUT_PROBE]', '{"event":"EMAIL_FOCUS","timestamp":"2026-08-17T06:12:20.624Z","show_login":true,"focus_field":"NONE","email_length":0,"password_length":0}'
08-17 15:12:31.853 I/ReactNativeJS( 9778): '[AUTH_INPUT_PROBE]', '{"event":"EMAIL_CHANGE","timestamp":"2026-08-17T06:12:31.851Z","show_login":true,"focus_field":"EMAIL","email_length":0,"password_length":0,"next_length":1}'
08-17 15:12:32.295 I/ReactNativeJS( 9778): '[AUTH_INPUT_PROBE]', '{"event":"EMAIL_CHANGE","timestamp":"2026-08-17T06:12:32.293Z","show_login":true,"focus_field":"EMAIL","email_length":1,"password_length":0,"next_length":2}'
08-17 15:12:32.298 I/ReactNativeJS( 9778): '[AUTH_INPUT_PROBE]', '{"event":"EMAIL_CHANGE","timestamp":"2026-08-17T06:12:32.296Z","show_login":true,"focus_field":"EMAIL","email_length":1,"password_length":0,"next_length":3}'
08-17 15:12:32.301 I/ReactNativeJS( 9778): '[AUTH_INPUT_PROBE]', '{"event":"EMAIL_CHANGE","timestamp":"2026-08-17T06:12:32.299Z","show_login":true,"focus_field":"EMAIL","email_length":1,"password_length":0,"next_length":4}'
08-17 15:12:32.305 I/ReactNativeJS( 9778): '[AUTH_INPUT_PROBE]', '{"event":"EMAIL_CHANGE","timestamp":"2026-08-17T06:12:32.303Z","show_login":true,"focus_field":"EMAIL","email_length":1,"password_length":0,"next_length":5}'
08-17 15:12:32.308 I/ReactNativeJS( 9778): '[AUTH_INPUT_PROBE]', '{"event":"EMAIL_CHANGE","timestamp":"2026-08-17T06:12:32.307Z","show_login":true,"focus_field":"EMAIL","email_length":1,"password_length":0,"next_length":6}'
08-17 15:12:32.311 I/ReactNativeJS( 9778): '[AUTH_INPUT_PROBE]', '{"event":"EMAIL_CHANGE","timestamp":"2026-08-17T06:12:32.309Z","show_login":true,"focus_field":"EMAIL","email_length":1,"password_length":0,"next_length":7}'
08-17 15:12:32.314 I/ReactNativeJS( 9778): '[AUTH_INPUT_PROBE]', '{"event":"EMAIL_CHANGE","timestamp":"2026-08-17T06:12:32.312Z","show_login":true,"focus_field":"EMAIL","email_length":1,"password_length":0,"next_length":8}'
08-17 15:12:32.316 I/ReactNativeJS( 9778): '[AUTH_INPUT_PROBE]', '{"event":"EMAIL_CHANGE","timestamp":"2026-08-17T06:12:32.315Z","show_login":true,"focus_field":"EMAIL","email_length":1,"password_length":0,"next_length":9}'
08-17 15:12:32.895 I/ReactNativeJS( 9778): '[AUTH_INPUT_PROBE]', '{"event":"EMAIL_CHANGE","timestamp":"2026-08-17T06:12:32.893Z","show_login":true,"focus_field":"EMAIL","email_length":9,"password_length":0,"next_length":10}'
08-17 15:12:32.897 I/ReactNativeJS( 9778): '[AUTH_INPUT_PROBE]', '{"event":"EMAIL_CHANGE","timestamp":"2026-08-17T06:12:32.896Z","show_login":true,"focus_field":"EMAIL","email_length":9,"password_length":0,"next_length":11}'
08-17 15:12:32.900 I/ReactNativeJS( 9778): '[AUTH_INPUT_PROBE]', '{"event":"EMAIL_CHANGE","timestamp":"2026-08-17T06:12:32.898Z","show_login":true,"focus_field":"EMAIL","email_length":9,"password_length":0,"next_length":12}'
08-17 15:12:32.902 I/ReactNativeJS( 9778): '[AUTH_INPUT_PROBE]', '{"event":"EMAIL_CHANGE","timestamp":"2026-08-17T06:12:32.901Z","show_login":true,"focus_field":"EMAIL","email_length":9,"password_length":0,"next_length":13}'
08-17 15:12:32.905 I/ReactNativeJS( 9778): '[AUTH_INPUT_PROBE]', '{"event":"EMAIL_CHANGE","timestamp":"2026-08-17T06:12:32.903Z","show_login":true,"focus_field":"EMAIL","email_length":9,"password_length":0,"next_length":14}'
08-17 15:12:32.907 I/ReactNativeJS( 9778): '[AUTH_INPUT_PROBE]', '{"event":"EMAIL_CHANGE","timestamp":"2026-08-17T06:12:32.906Z","show_login":true,"focus_field":"EMAIL","email_length":9,"password_length":0,"next_length":15}'
08-17 15:12:32.910 I/ReactNativeJS( 9778): '[AUTH_INPUT_PROBE]', '{"event":"EMAIL_CHANGE","timestamp":"2026-08-17T06:12:32.908Z","show_login":true,"focus_field":"EMAIL","email_length":9,"password_length":0,"next_length":16}'
08-17 15:12:32.912 I/ReactNativeJS( 9778): '[AUTH_INPUT_PROBE]', '{"event":"EMAIL_CHANGE","timestamp":"2026-08-17T06:12:32.911Z","show_login":true,"focus_field":"EMAIL","email_length":9,"password_length":0,"next_length":17}'
08-17 15:12:32.915 I/ReactNativeJS( 9778): '[AUTH_INPUT_PROBE]', '{"event":"EMAIL_CHANGE","timestamp":"2026-08-17T06:12:32.913Z","show_login":true,"focus_field":"EMAIL","email_length":9,"password_length":0,"next_length":18}'
08-17 15:12:32.917 I/ReactNativeJS( 9778): '[AUTH_INPUT_PROBE]', '{"event":"EMAIL_CHANGE","timestamp":"2026-08-17T06:12:32.916Z","show_login":true,"focus_field":"EMAIL","email_length":9,"password_length":0,"next_length":19}'
08-17 15:12:32.920 I/ReactNativeJS( 9778): '[AUTH_INPUT_PROBE]', '{"event":"EMAIL_CHANGE","timestamp":"2026-08-17T06:12:32.918Z","show_login":true,"focus_field":"EMAIL","email_length":9,"password_length":0,"next_length":20}'
08-17 15:12:32.922 I/ReactNativeJS( 9778): '[AUTH_INPUT_PROBE]', '{"event":"EMAIL_CHANGE","timestamp":"2026-08-17T06:12:32.921Z","show_login":true,"focus_field":"EMAIL","email_length":9,"password_length":0,"next_length":21}'
08-17 15:12:32.965 I/ReactNativeJS( 9778): '[AUTH_INPUT_PROBE]', '{"event":"EMAIL_CHANGE","timestamp":"2026-08-17T06:12:32.964Z","show_login":true,"focus_field":"EMAIL","email_length":9,"password_length":0,"next_length":21}'
08-17 15:12:33.381 I/ReactNativeJS( 9778): '[AUTH_INPUT_PROBE]', '{"event":"EMAIL_CHANGE","timestamp":"2026-08-17T06:12:33.379Z","show_login":true,"focus_field":"EMAIL","email_length":21,"password_length":0,"next_length":22}'
08-17 15:12:33.384 I/ReactNativeJS( 9778): '[AUTH_INPUT_PROBE]', '{"event":"EMAIL_CHANGE","timestamp":"2026-08-17T06:12:33.382Z","show_login":true,"focus_field":"EMAIL","email_length":21,"password_length":0,"next_length":23}'
08-17 15:12:33.388 I/ReactNativeJS( 9778): '[AUTH_INPUT_PROBE]', '{"event":"EMAIL_CHANGE","timestamp":"2026-08-17T06:12:33.387Z","show_login":true,"focus_field":"EMAIL","email_length":21,"password_length":0,"next_length":24}'
08-17 15:12:33.390 I/ReactNativeJS( 9778): '[AUTH_INPUT_PROBE]', '{"event":"EMAIL_CHANGE","timestamp":"2026-08-17T06:12:33.389Z","show_login":true,"focus_field":"EMAIL","email_length":21,"password_length":0,"next_length":25}'
08-17 15:12:33.393 I/ReactNativeJS( 9778): '[AUTH_INPUT_PROBE]', '{"event":"EMAIL_CHANGE","timestamp":"2026-08-17T06:12:33.392Z","show_login":true,"focus_field":"EMAIL","email_length":21,"password_length":0,"next_length":26}'
08-17 15:12:33.396 I/ReactNativeJS( 9778): '[AUTH_INPUT_PROBE]', '{"event":"EMAIL_CHANGE","timestamp":"2026-08-17T06:12:33.394Z","show_login":true,"focus_field":"EMAIL","email_length":21,"password_length":0,"next_length":27}'
08-17 15:12:33.398 I/ReactNativeJS( 9778): '[AUTH_INPUT_PROBE]', '{"event":"EMAIL_CHANGE","timestamp":"2026-08-17T06:12:33.397Z","show_login":true,"focus_field":"EMAIL","email_length":21,"password_length":0,"next_length":28}'
08-17 15:12:33.401 I/ReactNativeJS( 9778): '[AUTH_INPUT_PROBE]', '{"event":"EMAIL_CHANGE","timestamp":"2026-08-17T06:12:33.399Z","show_login":true,"focus_field":"EMAIL","email_length":21,"password_length":0,"next_length":29}'
08-17 15:12:33.913 I/ReactNativeJS( 9778): '[AUTH_INPUT_PROBE]', '{"event":"EMAIL_CHANGE","timestamp":"2026-08-17T06:12:33.911Z","show_login":true,"focus_field":"EMAIL","email_length":29,"password_length":0,"next_length":30}'
08-17 15:12:33.915 I/ReactNativeJS( 9778): '[AUTH_INPUT_PROBE]', '{"event":"EMAIL_CHANGE","timestamp":"2026-08-17T06:12:33.914Z","show_login":true,"focus_field":"EMAIL","email_length":29,"password_length":0,"next_length":31}'
08-17 15:12:33.918 I/ReactNativeJS( 9778): '[AUTH_INPUT_PROBE]', '{"event":"EMAIL_CHANGE","timestamp":"2026-08-17T06:12:33.916Z","show_login":true,"focus_field":"EMAIL","email_length":29,"password_length":0,"next_length":32}'
08-17 15:12:33.920 I/ReactNativeJS( 9778): '[AUTH_INPUT_PROBE]', '{"event":"EMAIL_CHANGE","timestamp":"2026-08-17T06:12:33.919Z","show_login":true,"focus_field":"EMAIL","email_length":29,"password_length":0,"next_length":33}'
08-17 15:12:33.923 I/ReactNativeJS( 9778): '[AUTH_INPUT_PROBE]', '{"event":"EMAIL_CHANGE","timestamp":"2026-08-17T06:12:33.921Z","show_login":true,"focus_field":"EMAIL","email_length":29,"password_length":0,"next_length":34}'
08-17 15:12:33.925 I/ReactNativeJS( 9778): '[AUTH_INPUT_PROBE]', '{"event":"EMAIL_CHANGE","timestamp":"2026-08-17T06:12:33.924Z","show_login":true,"focus_field":"EMAIL","email_length":29,"password_length":0,"next_length":35}'
08-17 15:12:33.928 I/ReactNativeJS( 9778): '[AUTH_INPUT_PROBE]', '{"event":"EMAIL_CHANGE","timestamp":"2026-08-17T06:12:33.926Z","show_login":true,"focus_field":"EMAIL","email_length":29,"password_length":0,"next_length":36}'
08-17 15:12:33.931 I/ReactNativeJS( 9778): '[AUTH_INPUT_PROBE]', '{"event":"EMAIL_CHANGE","timestamp":"2026-08-17T06:12:33.929Z","show_login":true,"focus_field":"EMAIL","email_length":29,"password_length":0,"next_length":37}'
08-17 15:12:33.933 I/ReactNativeJS( 9778): '[AUTH_INPUT_PROBE]', '{"event":"EMAIL_CHANGE","timestamp":"2026-08-17T06:12:33.932Z","show_login":true,"focus_field":"EMAIL","email_length":29,"password_length":0,"next_length":38}'
08-17 15:12:33.936 I/ReactNativeJS( 9778): '[AUTH_INPUT_PROBE]', '{"event":"EMAIL_CHANGE","timestamp":"2026-08-17T06:12:33.934Z","show_login":true,"focus_field":"EMAIL","email_length":29,"password_length":0,"next_length":39}'
08-17 15:12:34.445 I/ReactNativeJS( 9778): '[AUTH_INPUT_PROBE]', '{"event":"EMAIL_CHANGE","timestamp":"2026-08-17T06:12:34.444Z","show_login":true,"focus_field":"EMAIL","email_length":39,"password_length":0,"next_length":40}'
08-17 15:12:34.448 I/ReactNativeJS( 9778): '[AUTH_INPUT_PROBE]', '{"event":"EMAIL_CHANGE","timestamp":"2026-08-17T06:12:34.447Z","show_login":true,"focus_field":"EMAIL","email_length":39,"password_length":0,"next_length":41}'
08-17 15:12:34.451 I/ReactNativeJS( 9778): '[AUTH_INPUT_PROBE]', '{"event":"EMAIL_CHANGE","timestamp":"2026-08-17T06:12:34.450Z","show_login":true,"focus_field":"EMAIL","email_length":39,"password_length":0,"next_length":42}'
08-17 15:12:34.454 I/ReactNativeJS( 9778): '[AUTH_INPUT_PROBE]', '{"event":"EMAIL_CHANGE","timestamp":"2026-08-17T06:12:34.452Z","show_login":true,"focus_field":"EMAIL","email_length":39,"password_length":0,"next_length":43}'
08-17 15:12:34.457 I/ReactNativeJS( 9778): '[AUTH_INPUT_PROBE]', '{"event":"EMAIL_CHANGE","timestamp":"2026-08-17T06:12:34.455Z","show_login":true,"focus_field":"EMAIL","email_length":39,"password_length":0,"next_length":44}'
08-17 15:12:38.014 I/ReactNativeJS( 9778): '[AUTH_INPUT_PROBE]', '{"event":"EMAIL_BLUR","timestamp":"2026-08-17T06:12:38.011Z","show_login":true,"focus_field":"EMAIL","email_length":44,"password_length":0}'
08-17 15:12:38.016 I/ReactNativeJS( 9778): '[AUTH_INPUT_PROBE]', '{"event":"PASSWORD_FOCUS","timestamp":"2026-08-17T06:12:38.015Z","show_login":true,"focus_field":"EMAIL","email_length":44,"password_length":0}'
08-17 15:12:49.081 I/ReactNativeJS( 9778): '[AUTH_INPUT_PROBE]', '{"event":"PASSWORD_CHANGE","timestamp":"2026-08-17T06:12:49.078Z","show_login":true,"focus_field":"PASSWORD","email_length":44,"password_length":0,"next_length":1}'
08-17 15:12:49.621 I/ReactNativeJS( 9778): '[AUTH_INPUT_PROBE]', '{"event":"PASSWORD_CHANGE","timestamp":"2026-08-17T06:12:49.619Z","show_login":true,"focus_field":"PASSWORD","email_length":44,"password_length":1,"next_length":2}'
08-17 15:12:49.624 I/ReactNativeJS( 9778): '[AUTH_INPUT_PROBE]', '{"event":"PASSWORD_CHANGE","timestamp":"2026-08-17T06:12:49.622Z","show_login":true,"focus_field":"PASSWORD","email_length":44,"password_length":1,"next_length":3}'
08-17 15:12:49.626 I/ReactNativeJS( 9778): '[AUTH_INPUT_PROBE]', '{"event":"PASSWORD_CHANGE","timestamp":"2026-08-17T06:12:49.625Z","show_login":true,"focus_field":"PASSWORD","email_length":44,"password_length":1,"next_length":4}'
08-17 15:12:49.631 I/ReactNativeJS( 9778): '[AUTH_INPUT_PROBE]', '{"event":"PASSWORD_CHANGE","timestamp":"2026-08-17T06:12:49.628Z","show_login":true,"focus_field":"PASSWORD","email_length":44,"password_length":1,"next_length":5}'
08-17 15:12:49.634 I/ReactNativeJS( 9778): '[AUTH_INPUT_PROBE]', '{"event":"PASSWORD_CHANGE","timestamp":"2026-08-17T06:12:49.633Z","show_login":true,"focus_field":"PASSWORD","email_length":44,"password_length":1,"next_length":6}'
08-17 15:12:49.638 I/ReactNativeJS( 9778): '[AUTH_INPUT_PROBE]', '{"event":"PASSWORD_CHANGE","timestamp":"2026-08-17T06:12:49.636Z","show_login":true,"focus_field":"PASSWORD","email_length":44,"password_length":1,"next_length":7}'
08-17 15:12:49.642 I/ReactNativeJS( 9778): '[AUTH_INPUT_PROBE]', '{"event":"PASSWORD_CHANGE","timestamp":"2026-08-17T06:12:49.640Z","show_login":true,"focus_field":"PASSWORD","email_length":44,"password_length":1,"next_length":8}'
08-17 15:12:50.263 I/ReactNativeJS( 9778): '[AUTH_INPUT_PROBE]', '{"event":"PASSWORD_CHANGE","timestamp":"2026-08-17T06:12:50.262Z","show_login":true,"focus_field":"PASSWORD","email_length":44,"password_length":8,"next_length":9}'
08-17 15:12:50.266 I/ReactNativeJS( 9778): '[AUTH_INPUT_PROBE]', '{"event":"PASSWORD_CHANGE","timestamp":"2026-08-17T06:12:50.264Z","show_login":true,"focus_field":"PASSWORD","email_length":44,"password_length":8,"next_length":10}'
08-17 15:12:50.268 I/ReactNativeJS( 9778): '[AUTH_INPUT_PROBE]', '{"event":"PASSWORD_CHANGE","timestamp":"2026-08-17T06:12:50.267Z","show_login":true,"focus_field":"PASSWORD","email_length":44,"password_length":8,"next_length":11}'
08-17 15:12:50.271 I/ReactNativeJS( 9778): '[AUTH_INPUT_PROBE]', '{"event":"PASSWORD_CHANGE","timestamp":"2026-08-17T06:12:50.270Z","show_login":true,"focus_field":"PASSWORD","email_length":44,"password_length":8,"next_length":12}'
08-17 15:12:50.274 I/ReactNativeJS( 9778): '[AUTH_INPUT_PROBE]', '{"event":"PASSWORD_CHANGE","timestamp":"2026-08-17T06:12:50.273Z","show_login":true,"focus_field":"PASSWORD","email_length":44,"password_length":8,"next_length":13}'
08-17 15:12:50.277 I/ReactNativeJS( 9778): '[AUTH_INPUT_PROBE]', '{"event":"PASSWORD_CHANGE","timestamp":"2026-08-17T06:12:50.276Z","show_login":true,"focus_field":"PASSWORD","email_length":44,"password_length":8,"next_length":14}'
08-17 15:12:50.280 I/ReactNativeJS( 9778): '[AUTH_INPUT_PROBE]', '{"event":"PASSWORD_CHANGE","timestamp":"2026-08-17T06:12:50.278Z","show_login":true,"focus_field":"PASSWORD","email_length":44,"password_length":8,"next_length":15}'
08-17 15:12:50.283 I/ReactNativeJS( 9778): '[AUTH_INPUT_PROBE]', '{"event":"PASSWORD_CHANGE","timestamp":"2026-08-17T06:12:50.281Z","show_login":true,"focus_field":"PASSWORD","email_length":44,"password_length":8,"next_length":16}'
08-17 15:12:50.286 I/ReactNativeJS( 9778): '[AUTH_INPUT_PROBE]', '{"event":"PASSWORD_CHANGE","timestamp":"2026-08-17T06:12:50.284Z","show_login":true,"focus_field":"PASSWORD","email_length":44,"password_length":8,"next_length":17}'
08-17 15:12:50.291 I/ReactNativeJS( 9778): '[AUTH_INPUT_PROBE]', '{"event":"PASSWORD_CHANGE","timestamp":"2026-08-17T06:12:50.289Z","show_login":true,"focus_field":"PASSWORD","email_length":44,"password_length":8,"next_length":18}'
08-17 15:12:50.294 I/ReactNativeJS( 9778): '[AUTH_INPUT_PROBE]', '{"event":"PASSWORD_CHANGE","timestamp":"2026-08-17T06:12:50.292Z","show_login":true,"focus_field":"PASSWORD","email_length":44,"password_length":8,"next_length":19}'
08-17 15:12:50.297 I/ReactNativeJS( 9778): '[AUTH_INPUT_PROBE]', '{"event":"PASSWORD_CHANGE","timestamp":"2026-08-17T06:12:50.295Z","show_login":true,"focus_field":"PASSWORD","email_length":44,"password_length":8,"next_length":20}'
08-17 15:12:50.300 I/ReactNativeJS( 9778): '[AUTH_INPUT_PROBE]', '{"event":"PASSWORD_CHANGE","timestamp":"2026-08-17T06:12:50.298Z","show_login":true,"focus_field":"PASSWORD","email_length":44,"password_length":8,"next_length":21}'
08-17 15:12:50.352 I/ReactNativeJS( 9778): '[AUTH_INPUT_PROBE]', '{"event":"PASSWORD_CHANGE","timestamp":"2026-08-17T06:12:50.349Z","show_login":true,"focus_field":"PASSWORD","email_length":44,"password_length":8,"next_length":22}'
08-17 15:12:50.803 I/ReactNativeJS( 9778): '[AUTH_INPUT_PROBE]', '{"event":"PASSWORD_CHANGE","timestamp":"2026-08-17T06:12:50.801Z","show_login":true,"focus_field":"PASSWORD","email_length":44,"password_length":22,"next_length":23}'
08-17 15:12:50.805 I/ReactNativeJS( 9778): '[AUTH_INPUT_PROBE]', '{"event":"PASSWORD_CHANGE","timestamp":"2026-08-17T06:12:50.804Z","show_login":true,"focus_field":"PASSWORD","email_length":44,"password_length":22,"next_length":24}'
08-17 15:12:50.807 I/ReactNativeJS( 9778): '[AUTH_INPUT_PROBE]', '{"event":"PASSWORD_CHANGE","timestamp":"2026-08-17T06:12:50.806Z","show_login":true,"focus_field":"PASSWORD","email_length":44,"password_length":22,"next_length":25}'
08-17 15:12:50.810 I/ReactNativeJS( 9778): '[AUTH_INPUT_PROBE]', '{"event":"PASSWORD_CHANGE","timestamp":"2026-08-17T06:12:50.808Z","show_login":true,"focus_field":"PASSWORD","email_length":44,"password_length":22,"next_length":26}'
08-17 15:12:51.510 I/ReactNativeJS( 9778): '[WORLDLINGCO_TUNING]', '{"event":"remote_loaded","updated_at":"2026-08-14T06:06:31Z","version":6}'
08-17 15:12:52.480 I/ReactNativeJS( 9778): '[WORLDLINGCO_TUNING]', '{"event":"remote_loaded","updated_at":"2026-08-14T06:06:31Z","version":6}'
08-17 15:12:53.526 I/ReactNativeJS( 9778): '[WORLDLINGCO_TUNING]', '{"event":"remote_loaded","updated_at":"2026-08-14T06:06:31Z","version":6}'
08-17 15:12:57.549 I/ReactNativeJS( 9778): '[AUTH_INPUT_PROBE]', '{"event":"PASSWORD_CHANGE","timestamp":"2026-08-17T06:12:57.544Z","show_login":true,"focus_field":"PASSWORD","email_length":44,"password_length":26,"next_length":27}'
08-17 15:13:01.365 I/ReactNativeJS( 9778): '[AUTH_INPUT_PROBE]', '{"event":"PASSWORD_CHANGE","timestamp":"2026-08-17T06:13:01.362Z","show_login":true,"focus_field":"PASSWORD","email_length":44,"password_length":27,"next_length":28}'
08-17 15:13:05.173 I/ReactNativeJS( 9778): '[AUTH_INPUT_PROBE]', '{"event":"PASSWORD_CHANGE","timestamp":"2026-08-17T06:13:05.170Z","show_login":true,"focus_field":"PASSWORD","email_length":44,"password_length":28,"next_length":29}'
08-17 15:13:09.699 I/ReactNativeJS( 9778): '[WORLDLINGCO_TUNING]', '{"event":"remote_loaded","updated_at":"2026-08-14T06:06:31Z","version":6}'
08-17 15:13:10.724 I/ReactNativeJS( 9778): '[WORLDLINGCO_TUNING]', '{"event":"remote_loaded","updated_at":"2026-08-14T06:06:31Z","version":6}'
08-17 15:13:11.767 I/ReactNativeJS( 9778): '[WORLDLINGCO_TUNING]', '{"event":"remote_loaded","updated_at":"2026-08-14T06:06:31Z","version":6}'
08-17 15:13:27.573 I/ReactNativeJS( 9778): '[WORLDLINGCO_TUNING]', '{"event":"remote_loaded","updated_at":"2026-08-14T06:06:31Z","version":6}'
08-17 15:13:28.294 I/ReactNativeJS( 9778): '[WORLDLINGCO_TUNING]', '{"event":"remote_loaded","updated_at":"2026-08-14T06:06:31Z","version":6}'
08-17 15:13:29.338 I/ReactNativeJS( 9778): '[WORLDLINGCO_TUNING]', '{"event":"remote_loaded","updated_at":"2026-08-14T06:06:31Z","version":6}'
08-17 15:13:45.029 I/ReactNativeJS( 9778): '[WORLDLINGCO_TUNING]', '{"event":"remote_loaded","updated_at":"2026-08-14T06:06:31Z","version":6}'
08-17 15:13:46.045 I/ReactNativeJS( 9778): '[WORLDLINGCO_TUNING]', '{"event":"remote_loaded","updated_at":"2026-08-14T06:06:31Z","version":6}'
08-17 15:13:47.080 I/ReactNativeJS( 9778): '[WORLDLINGCO_TUNING]', '{"event":"remote_loaded","updated_at":"2026-08-14T06:06:31Z","version":6}'
08-17 15:13:59.282 I/ReactNativeJS( 9778): '[WORLDLINGCO_TUNING]', '{"event":"remote_loaded","updated_at":"2026-08-14T06:06:31Z","version":6}'
08-17 15:14:00.291 I/ReactNativeJS( 9778): '[WORLDLINGCO_TUNING]', '{"event":"remote_loaded","updated_at":"2026-08-14T06:06:31Z","version":6}'
08-17 15:14:01.328 I/ReactNativeJS( 9778): '[WORLDLINGCO_TUNING]', '{"event":"remote_loaded","updated_at":"2026-08-14T06:06:31Z","version":6}'
08-17 15:14:13.664 I/ReactNativeJS( 9778): '[WORLDLINGCO_TUNING]', '{"event":"remote_loaded","updated_at":"2026-08-14T06:06:31Z","version":6}'
08-17 15:14:14.662 I/ReactNativeJS( 9778): '[WORLDLINGCO_TUNING]', '{"event":"remote_loaded","updated_at":"2026-08-14T06:06:31Z","version":6}'
08-17 15:14:15.745 I/ReactNativeJS( 9778): '[WORLDLINGCO_TUNING]', '{"event":"remote_loaded","updated_at":"2026-08-14T06:06:31Z","version":6}'
08-17 15:14:27.943 I/ReactNativeJS( 9778): '[WORLDLINGCO_TUNING]', '{"event":"remote_loaded","updated_at":"2026-08-14T06:06:31Z","version":6}'
08-17 15:14:28.789 I/ReactNativeJS( 9778): '[WORLDLINGCO_TUNING]', '{"event":"remote_loaded","updated_at":"2026-08-14T06:06:31Z","version":6}'
08-17 15:14:29.654 I/ReactNativeJS( 9778): '[WORLDLINGCO_TUNING]', '{"event":"remote_loaded","updated_at":"2026-08-14T06:06:31Z","version":6}'
08-17 15:14:34.339 I/ReactNativeJS( 9778): '[WORLDLINGCO_TUNING]', '{"event":"remote_loaded","updated_at":"2026-08-14T06:06:31Z","version":6}'
08-17 15:14:35.173 I/ReactNativeJS( 9778): '[WORLDLINGCO_TUNING]', '{"event":"remote_loaded","updated_at":"2026-08-14T06:06:31Z","version":6}'
08-17 15:14:36.021 I/ReactNativeJS( 9778): '[WORLDLINGCO_TUNING]', '{"event":"remote_loaded","updated_at":"2026-08-14T06:06:31Z","version":6}'
