--------- beginning of main
08-17 12:39:09.204 W/ReactNativeJS(17891): Require cycle: src/features/navigation/sectionRegistry.ts -> src/features/i18n/featureUiCatalog.ts -> src/features/i18n/uiI18n.ts -> src/features/i18n/uiStringCatalog.ts -> src/features/navigation/sectionRegistry.ts
08-17 12:39:09.204 W/ReactNativeJS(17891): 
08-17 12:39:09.204 W/ReactNativeJS(17891): Require cycles are allowed, but can result in uninitialized values. Consider refactoring to remove the need for a cycle.
08-17 12:39:10.592 I/ReactNativeJS(17891): '[VoIP] WebRTC module loaded', { module: 'react-native-webrtc',
08-17 12:39:10.592 I/ReactNativeJS(17891):   hasPeerConnection: true,
08-17 12:39:10.592 I/ReactNativeJS(17891):   hasMediaDevices: true }
08-17 12:39:11.372 W/ReactNativeJS(17891): This method is deprecated (as well as all React Native Firebase namespaced API) and will be removed in the next major release as part of move to match Firebase Web modular SDK API. Please see migration guide for more details: https://rnfirebase.io/migrating-to-v22 Please use `getApps()` instead.
08-17 12:39:11.394 W/ReactNativeJS(17891): This method is deprecated (as well as all React Native Firebase namespaced API) and will be removed in the next major release as part of move to match Firebase Web modular SDK API. Please see migration guide for more details: https://rnfirebase.io/migrating-to-v22 Please use `initializeApp()` instead.
08-17 12:39:11.407 W/ReactNativeJS(17891): This method is deprecated (as well as all React Native Firebase namespaced API) and will be removed in the next major release as part of move to match Firebase Web modular SDK API. Please see migration guide for more details: https://rnfirebase.io/migrating-to-v22 Please use `getApps()` instead.
08-17 12:39:11.419 W/ReactNativeJS(17891): This method is deprecated (as well as all React Native Firebase namespaced API) and will be removed in the next major release as part of move to match Firebase Web modular SDK API. Please see migration guide for more details: https://rnfirebase.io/migrating-to-v22 Please use `getApp()` instead.
08-17 12:39:11.604 I/ReactNativeJS(17891): Running "main" with {"rootTag":1,"initialProps":{},"fabric":true}
08-17 12:39:16.966 I/ReactNativeJS(17891): '[UI_PRESS_PROBE]', '{"event":"NETWORK_TRANSPORT_CHANGED","timestamp":"2026-08-17T03:39:16.963Z","token_ready":false,"user_ready":false,"show_login":false,"show_voip_tester":false,"selected_call_mode":"pstn_assist","transport":"unknown","cellular_generation":null,"label":"알 수 없음","is_connected":false,"is_internet_reachable":null,"carrier":null,"ssid":null,"is_accurate_voip_test_ready":false,"previous_label":null}'
08-17 12:39:17.087 I/ReactNativeJS(17891): '[WORLDLINGCO_API] base_url', 'https://metanova1004.com'
08-17 12:39:17.219 I/ReactNativeJS(17891): [VoIPToneService] AudioContext not available (React Native environment)
08-17 12:39:17.420 I/ReactNativeJS(17891): '[UI_PRESS_PROBE]', '{"event":"SORISAE_FAB_VISIBLE_EVAL","timestamp":"2026-08-17T03:39:17.417Z","token_ready":false,"user_ready":false,"show_login":false,"show_voip_tester":false,"selected_call_mode":"pstn_assist","visible":false,"platform":"android","sorisae_fab_setting":true,"pending_incoming_voip":false,"voip_call_active":false,"sorisae_window_open":false}'
08-17 12:39:17.472 I/ReactNativeJS(17891): '[FACE_CONVERSATION]', '{"event":"silero_probe","supported":false}'
08-17 12:39:18.623 I/ReactNativeJS(17891): '[WORLDLINGCO_TUNING]', '{"event":"remote_loaded","updated_at":"2026-08-14T06:06:31Z","version":6}'
08-17 12:39:33.701 I/ReactNativeJS(17891): '[UI_PRESS_PROBE]', '{"event":"LOGIN_BUTTON_PRESS","timestamp":"2026-08-17T03:39:33.698Z","token_ready":false,"user_ready":false,"show_login":false,"show_voip_tester":false,"selected_call_mode":"pstn_assist","source":"header_account_row"}'
08-17 12:39:41.221 I/ReactNativeJS(17891): '[AUTH_INPUT_PROBE]', '{"event":"EMAIL_FOCUS","timestamp":"2026-08-17T03:39:41.215Z","show_login":true,"focus_field":"NONE","email_length":0,"password_length":0}'
08-17 12:39:52.272 I/ReactNativeJS(17891): '[AUTH_INPUT_PROBE]', '{"event":"EMAIL_CHANGE","timestamp":"2026-08-17T03:39:52.269Z","show_login":true,"focus_field":"EMAIL","email_length":0,"password_length":0,"next_length":1}'
08-17 12:39:52.817 I/ReactNativeJS(17891): '[AUTH_INPUT_PROBE]', '{"event":"EMAIL_CHANGE","timestamp":"2026-08-17T03:39:52.815Z","show_login":true,"focus_field":"EMAIL","email_length":1,"password_length":0,"next_length":2}'
08-17 12:39:52.821 I/ReactNativeJS(17891): '[AUTH_INPUT_PROBE]', '{"event":"EMAIL_CHANGE","timestamp":"2026-08-17T03:39:52.818Z","show_login":true,"focus_field":"EMAIL","email_length":1,"password_length":0,"next_length":3}'
08-17 12:39:52.826 I/ReactNativeJS(17891): '[AUTH_INPUT_PROBE]', '{"event":"EMAIL_CHANGE","timestamp":"2026-08-17T03:39:52.823Z","show_login":true,"focus_field":"EMAIL","email_length":1,"password_length":0,"next_length":4}'
08-17 12:39:52.829 I/ReactNativeJS(17891): '[AUTH_INPUT_PROBE]', '{"event":"EMAIL_CHANGE","timestamp":"2026-08-17T03:39:52.827Z","show_login":true,"focus_field":"EMAIL","email_length":1,"password_length":0,"next_length":5}'
08-17 12:39:52.832 I/ReactNativeJS(17891): '[AUTH_INPUT_PROBE]', '{"event":"EMAIL_CHANGE","timestamp":"2026-08-17T03:39:52.830Z","show_login":true,"focus_field":"EMAIL","email_length":1,"password_length":0,"next_length":6}'
08-17 12:39:52.836 I/ReactNativeJS(17891): '[AUTH_INPUT_PROBE]', '{"event":"EMAIL_CHANGE","timestamp":"2026-08-17T03:39:52.833Z","show_login":true,"focus_field":"EMAIL","email_length":1,"password_length":0,"next_length":7}'
08-17 12:39:52.839 I/ReactNativeJS(17891): '[AUTH_INPUT_PROBE]', '{"event":"EMAIL_CHANGE","timestamp":"2026-08-17T03:39:52.837Z","show_login":true,"focus_field":"EMAIL","email_length":1,"password_length":0,"next_length":8}'
08-17 12:39:52.842 I/ReactNativeJS(17891): '[AUTH_INPUT_PROBE]', '{"event":"EMAIL_CHANGE","timestamp":"2026-08-17T03:39:52.840Z","show_login":true,"focus_field":"EMAIL","email_length":1,"password_length":0,"next_length":9}'
08-17 12:39:52.846 I/ReactNativeJS(17891): '[AUTH_INPUT_PROBE]', '{"event":"EMAIL_CHANGE","timestamp":"2026-08-17T03:39:52.843Z","show_login":true,"focus_field":"EMAIL","email_length":1,"password_length":0,"next_length":10}'
08-17 12:39:52.849 I/ReactNativeJS(17891): '[AUTH_INPUT_PROBE]', '{"event":"EMAIL_CHANGE","timestamp":"2026-08-17T03:39:52.847Z","show_login":true,"focus_field":"EMAIL","email_length":1,"password_length":0,"next_length":11}'
08-17 12:39:52.904 I/ReactNativeJS(17891): '[AUTH_INPUT_PROBE]', '{"event":"EMAIL_CHANGE","timestamp":"2026-08-17T03:39:52.901Z","show_login":true,"focus_field":"EMAIL","email_length":1,"password_length":0,"next_length":12}'
08-17 12:39:53.332 I/ReactNativeJS(17891): '[AUTH_INPUT_PROBE]', '{"event":"EMAIL_CHANGE","timestamp":"2026-08-17T03:39:53.330Z","show_login":true,"focus_field":"EMAIL","email_length":12,"password_length":0,"next_length":13}'
08-17 12:39:53.335 I/ReactNativeJS(17891): '[AUTH_INPUT_PROBE]', '{"event":"EMAIL_CHANGE","timestamp":"2026-08-17T03:39:53.333Z","show_login":true,"focus_field":"EMAIL","email_length":12,"password_length":0,"next_length":14}'
08-17 12:39:53.338 I/ReactNativeJS(17891): '[AUTH_INPUT_PROBE]', '{"event":"EMAIL_CHANGE","timestamp":"2026-08-17T03:39:53.336Z","show_login":true,"focus_field":"EMAIL","email_length":12,"password_length":0,"next_length":15}'
08-17 12:39:53.341 I/ReactNativeJS(17891): '[AUTH_INPUT_PROBE]', '{"event":"EMAIL_CHANGE","timestamp":"2026-08-17T03:39:53.339Z","show_login":true,"focus_field":"EMAIL","email_length":12,"password_length":0,"next_length":16}'
08-17 12:39:53.345 I/ReactNativeJS(17891): '[AUTH_INPUT_PROBE]', '{"event":"EMAIL_CHANGE","timestamp":"2026-08-17T03:39:53.342Z","show_login":true,"focus_field":"EMAIL","email_length":12,"password_length":0,"next_length":17}'
08-17 12:39:56.859 I/ReactNativeJS(17891): '[AUTH_INPUT_PROBE]', '{"event":"EMAIL_BLUR","timestamp":"2026-08-17T03:39:56.858Z","show_login":true,"focus_field":"EMAIL","email_length":17,"password_length":0}'
08-17 12:39:56.863 I/ReactNativeJS(17891): '[AUTH_INPUT_PROBE]', '{"event":"PASSWORD_FOCUS","timestamp":"2026-08-17T03:39:56.861Z","show_login":true,"focus_field":"EMAIL","email_length":17,"password_length":0}'
08-17 12:40:08.101 I/ReactNativeJS(17891): '[AUTH_INPUT_PROBE]', '{"event":"PASSWORD_CHANGE","timestamp":"2026-08-17T03:40:08.099Z","show_login":true,"focus_field":"PASSWORD","email_length":17,"password_length":0,"next_length":1}'
08-17 12:40:08.700 I/ReactNativeJS(17891): '[AUTH_INPUT_PROBE]', '{"event":"PASSWORD_CHANGE","timestamp":"2026-08-17T03:40:08.699Z","show_login":true,"focus_field":"PASSWORD","email_length":17,"password_length":1,"next_length":2}'
08-17 12:40:08.703 I/ReactNativeJS(17891): '[AUTH_INPUT_PROBE]', '{"event":"PASSWORD_CHANGE","timestamp":"2026-08-17T03:40:08.702Z","show_login":true,"focus_field":"PASSWORD","email_length":17,"password_length":1,"next_length":3}'
08-17 12:40:08.708 I/ReactNativeJS(17891): '[AUTH_INPUT_PROBE]', '{"event":"PASSWORD_CHANGE","timestamp":"2026-08-17T03:40:08.706Z","show_login":true,"focus_field":"PASSWORD","email_length":17,"password_length":1,"next_length":4}'
08-17 12:40:08.711 I/ReactNativeJS(17891): '[AUTH_INPUT_PROBE]', '{"event":"PASSWORD_CHANGE","timestamp":"2026-08-17T03:40:08.709Z","show_login":true,"focus_field":"PASSWORD","email_length":17,"password_length":1,"next_length":5}'
08-17 12:40:08.714 I/ReactNativeJS(17891): '[AUTH_INPUT_PROBE]', '{"event":"PASSWORD_CHANGE","timestamp":"2026-08-17T03:40:08.712Z","show_login":true,"focus_field":"PASSWORD","email_length":17,"password_length":1,"next_length":6}'
08-17 12:40:08.716 I/ReactNativeJS(17891): '[AUTH_INPUT_PROBE]', '{"event":"PASSWORD_CHANGE","timestamp":"2026-08-17T03:40:08.715Z","show_login":true,"focus_field":"PASSWORD","email_length":17,"password_length":1,"next_length":7}'
08-17 12:40:08.719 I/ReactNativeJS(17891): '[AUTH_INPUT_PROBE]', '{"event":"PASSWORD_CHANGE","timestamp":"2026-08-17T03:40:08.718Z","show_login":true,"focus_field":"PASSWORD","email_length":17,"password_length":1,"next_length":8}'
08-17 12:40:08.722 I/ReactNativeJS(17891): '[AUTH_INPUT_PROBE]', '{"event":"PASSWORD_CHANGE","timestamp":"2026-08-17T03:40:08.721Z","show_login":true,"focus_field":"PASSWORD","email_length":17,"password_length":1,"next_length":9}'
08-17 12:40:09.232 I/ReactNativeJS(17891): '[AUTH_INPUT_PROBE]', '{"event":"PASSWORD_CHANGE","timestamp":"2026-08-17T03:40:09.231Z","show_login":true,"focus_field":"PASSWORD","email_length":17,"password_length":9,"next_length":10}'
08-17 12:40:09.234 I/ReactNativeJS(17891): '[AUTH_INPUT_PROBE]', '{"event":"PASSWORD_CHANGE","timestamp":"2026-08-17T03:40:09.233Z","show_login":true,"focus_field":"PASSWORD","email_length":17,"password_length":9,"next_length":11}'
08-17 12:40:09.237 I/ReactNativeJS(17891): '[AUTH_INPUT_PROBE]', '{"event":"PASSWORD_CHANGE","timestamp":"2026-08-17T03:40:09.235Z","show_login":true,"focus_field":"PASSWORD","email_length":17,"password_length":9,"next_length":12}'
08-17 12:40:09.239 I/ReactNativeJS(17891): '[AUTH_INPUT_PROBE]', '{"event":"PASSWORD_CHANGE","timestamp":"2026-08-17T03:40:09.238Z","show_login":true,"focus_field":"PASSWORD","email_length":17,"password_length":9,"next_length":13}'
08-17 12:40:09.921 I/ReactNativeJS(17891): '[WORLDLINGCO_TUNING]', '{"event":"remote_loaded","updated_at":"2026-08-14T06:06:31Z","version":6}'
08-17 12:40:20.986 I/ReactNativeJS(17891): '[WORLDLINGCO_TUNING]', '{"event":"remote_loaded","updated_at":"2026-08-14T06:06:31Z","version":6}'
08-17 12:40:32.331 I/ReactNativeJS(17891): '[WORLDLINGCO_TUNING]', '{"event":"remote_loaded","updated_at":"2026-08-14T06:06:31Z","version":6}'
08-17 12:40:43.459 I/ReactNativeJS(17891): '[WORLDLINGCO_TUNING]', '{"event":"remote_loaded","updated_at":"2026-08-14T06:06:31Z","version":6}'
08-17 12:40:54.549 I/ReactNativeJS(17891): '[WORLDLINGCO_TUNING]', '{"event":"remote_loaded","updated_at":"2026-08-14T06:06:31Z","version":6}'
08-17 12:40:58.872 I/ReactNativeJS(17891): '[WORLDLINGCO_TUNING]', '{"event":"remote_loaded","updated_at":"2026-08-14T06:06:31Z","version":6}'
08-17 12:41:03.173 I/ReactNativeJS(17891): '[WORLDLINGCO_TUNING]', '{"event":"remote_loaded","updated_at":"2026-08-14T06:06:31Z","version":6}'
