--------- beginning of main
08-17 22:00:08.460 I/ReactNativeJS(27346): '[VoIP] WebRTC module loaded', { module: 'react-native-webrtc',
08-17 22:00:08.460 I/ReactNativeJS(27346):   hasPeerConnection: true,
08-17 22:00:08.460 I/ReactNativeJS(27346):   hasMediaDevices: true }
08-17 22:00:08.474 W/ReactNativeJS(27346): This method is deprecated (as well as all React Native Firebase namespaced API) and will be removed in the next major release as part of move to match Firebase Web modular SDK API. Please see migration guide for more details: https://rnfirebase.io/migrating-to-v22 Please use `getApps()` instead.
08-17 22:00:08.475 W/ReactNativeJS(27346): This method is deprecated (as well as all React Native Firebase namespaced API) and will be removed in the next major release as part of move to match Firebase Web modular SDK API. Please see migration guide for more details: https://rnfirebase.io/migrating-to-v22 Please use `initializeApp()` instead.
08-17 22:00:08.476 W/ReactNativeJS(27346): This method is deprecated (as well as all React Native Firebase namespaced API) and will be removed in the next major release as part of move to match Firebase Web modular SDK API. Please see migration guide for more details: https://rnfirebase.io/migrating-to-v22 Please use `getApps()` instead.
08-17 22:00:08.476 W/ReactNativeJS(27346): This method is deprecated (as well as all React Native Firebase namespaced API) and will be removed in the next major release as part of move to match Firebase Web modular SDK API. Please see migration guide for more details: https://rnfirebase.io/migrating-to-v22 Please use `getApp()` instead.
08-17 22:00:08.501 I/ReactNativeJS(27346): Running "main"
08-17 22:00:08.697 I/ReactNativeJS(27346): '[UI_PRESS_PROBE]', '{"event":"NETWORK_TRANSPORT_CHANGED","timestamp":"2026-08-17T13:00:08.696Z","token_ready":false,"user_ready":false,"show_login":false,"show_voip_tester":false,"selected_call_mode":"pstn_assist","transport":"unknown","cellular_generation":null,"label":"알 수 없음","is_connected":false,"is_internet_reachable":null,"carrier":null,"ssid":null,"is_accurate_voip_test_ready":false,"previous_label":null}'
08-17 22:00:08.699 I/ReactNativeJS(27346): '[WORLDLINGCO_API] base_url', 'https://metanova1004.com'
08-17 22:00:08.702 I/ReactNativeJS(27346): [VoIPToneService] AudioContext not available (React Native environment)
08-17 22:00:08.705 I/ReactNativeJS(27346): '[UI_PRESS_PROBE]', '{"event":"SORISAE_FAB_VISIBLE_EVAL","timestamp":"2026-08-17T13:00:08.705Z","token_ready":false,"user_ready":false,"show_login":false,"show_voip_tester":false,"selected_call_mode":"pstn_assist","visible":false,"platform":"android","sorisae_fab_setting":true,"pending_incoming_voip":false,"voip_call_active":false,"sorisae_window_open":false}'
08-17 22:00:08.705 I/ReactNativeJS(27346): '[FACE_CONVERSATION]', '{"event":"silero_probe","supported":false}'
08-17 22:00:09.002 I/ReactNativeJS(27346): '[WORLDLINGCO_TUNING]', '{"event":"remote_loaded","updated_at":"2026-08-14T06:06:31Z","version":6}'
08-17 22:00:12.688 I/ReactNativeJS(27346): '[WORLDLINGCO_TUNING]', '{"event":"remote_loaded","updated_at":"2026-08-14T06:06:31Z","version":6}'
08-17 22:00:14.254 I/ReactNativeJS(27346): '[WORLDLINGCO_TUNING]', '{"event":"remote_loaded","updated_at":"2026-08-14T06:06:31Z","version":6}'
08-17 22:00:15.833 I/ReactNativeJS(27346): '[WORLDLINGCO_TUNING]', '{"event":"remote_loaded","updated_at":"2026-08-14T06:06:31Z","version":6}'
08-17 22:00:32.731 I/ReactNativeJS(27346): '[WORLDLINGCO_TUNING]', '{"event":"remote_loaded","updated_at":"2026-08-14T06:06:31Z","version":6}'
08-17 22:00:33.524 I/ReactNativeJS(27346): '[WORLDLINGCO_TUNING]', '{"event":"remote_loaded","updated_at":"2026-08-14T06:06:31Z","version":6}'
08-17 22:00:34.356 I/ReactNativeJS(27346): '[WORLDLINGCO_TUNING]', '{"event":"remote_loaded","updated_at":"2026-08-14T06:06:31Z","version":6}'
08-17 22:00:59.512 I/ReactNativeJS(27346): '[UI_PRESS_PROBE]', '{"event":"LOGIN_BUTTON_PRESS","timestamp":"2026-08-17T13:00:59.511Z","token_ready":false,"user_ready":false,"show_login":false,"show_voip_tester":false,"selected_call_mode":"pstn_assist","source":"header_account_row"}'
08-17 22:01:07.282 I/ReactNativeJS(27346): '[AUTH_INPUT_PROBE]', '{"event":"EMAIL_FOCUS","timestamp":"2026-08-17T13:01:07.282Z","show_login":true,"focus_field":"NONE","email_length":0,"password_length":0}'
08-17 22:01:17.604 I/ReactNativeJS(27346): '[AUTH_INPUT_PROBE]', '{"event":"EMAIL_CHANGE","timestamp":"2026-08-17T13:01:17.603Z","show_login":true,"focus_field":"EMAIL","email_length":0,"password_length":0,"next_length":1}'
08-17 22:01:17.671 I/ReactNativeJS(27346): '[AUTH_INPUT_PROBE]', '{"event":"EMAIL_CHANGE","timestamp":"2026-08-17T13:01:17.670Z","show_login":true,"focus_field":"EMAIL","email_length":1,"password_length":0,"next_length":2}'
08-17 22:01:17.717 I/ReactNativeJS(27346): '[AUTH_INPUT_PROBE]', '{"event":"EMAIL_CHANGE","timestamp":"2026-08-17T13:01:17.717Z","show_login":true,"focus_field":"EMAIL","email_length":2,"password_length":0,"next_length":3}'
08-17 22:01:17.752 I/ReactNativeJS(27346): '[AUTH_INPUT_PROBE]', '{"event":"EMAIL_CHANGE","timestamp":"2026-08-17T13:01:17.752Z","show_login":true,"focus_field":"EMAIL","email_length":3,"password_length":0,"next_length":4}'
08-17 22:01:17.789 I/ReactNativeJS(27346): '[AUTH_INPUT_PROBE]', '{"event":"EMAIL_CHANGE","timestamp":"2026-08-17T13:01:17.789Z","show_login":true,"focus_field":"EMAIL","email_length":4,"password_length":0,"next_length":5}'
08-17 22:01:17.836 I/ReactNativeJS(27346): '[AUTH_INPUT_PROBE]', '{"event":"EMAIL_CHANGE","timestamp":"2026-08-17T13:01:17.835Z","show_login":true,"focus_field":"EMAIL","email_length":5,"password_length":0,"next_length":6}'
08-17 22:01:17.885 I/ReactNativeJS(27346): '[AUTH_INPUT_PROBE]', '{"event":"EMAIL_CHANGE","timestamp":"2026-08-17T13:01:17.885Z","show_login":true,"focus_field":"EMAIL","email_length":6,"password_length":0,"next_length":7}'
08-17 22:01:17.942 I/ReactNativeJS(27346): '[AUTH_INPUT_PROBE]', '{"event":"EMAIL_CHANGE","timestamp":"2026-08-17T13:01:17.941Z","show_login":true,"focus_field":"EMAIL","email_length":7,"password_length":0,"next_length":8}'
08-17 22:01:17.984 I/ReactNativeJS(27346): '[AUTH_INPUT_PROBE]', '{"event":"EMAIL_CHANGE","timestamp":"2026-08-17T13:01:17.984Z","show_login":true,"focus_field":"EMAIL","email_length":8,"password_length":0,"next_length":9}'
08-17 22:01:18.050 I/ReactNativeJS(27346): '[AUTH_INPUT_PROBE]', '{"event":"EMAIL_CHANGE","timestamp":"2026-08-17T13:01:18.049Z","show_login":true,"focus_field":"EMAIL","email_length":9,"password_length":0,"next_length":10}'
08-17 22:01:18.101 I/ReactNativeJS(27346): '[AUTH_INPUT_PROBE]', '{"event":"EMAIL_CHANGE","timestamp":"2026-08-17T13:01:18.101Z","show_login":true,"focus_field":"EMAIL","email_length":10,"password_length":0,"next_length":11}'
08-17 22:01:18.138 I/ReactNativeJS(27346): '[AUTH_INPUT_PROBE]', '{"event":"EMAIL_CHANGE","timestamp":"2026-08-17T13:01:18.138Z","show_login":true,"focus_field":"EMAIL","email_length":11,"password_length":0,"next_length":12}'
08-17 22:01:18.173 I/ReactNativeJS(27346): '[AUTH_INPUT_PROBE]', '{"event":"EMAIL_CHANGE","timestamp":"2026-08-17T13:01:18.172Z","show_login":true,"focus_field":"EMAIL","email_length":12,"password_length":0,"next_length":13}'
08-17 22:01:18.205 I/ReactNativeJS(27346): '[AUTH_INPUT_PROBE]', '{"event":"EMAIL_CHANGE","timestamp":"2026-08-17T13:01:18.204Z","show_login":true,"focus_field":"EMAIL","email_length":13,"password_length":0,"next_length":14}'
08-17 22:01:18.235 I/ReactNativeJS(27346): '[AUTH_INPUT_PROBE]', '{"event":"EMAIL_CHANGE","timestamp":"2026-08-17T13:01:18.235Z","show_login":true,"focus_field":"EMAIL","email_length":14,"password_length":0,"next_length":15}'
08-17 22:01:18.267 I/ReactNativeJS(27346): '[AUTH_INPUT_PROBE]', '{"event":"EMAIL_CHANGE","timestamp":"2026-08-17T13:01:18.266Z","show_login":true,"focus_field":"EMAIL","email_length":15,"password_length":0,"next_length":16}'
08-17 22:01:18.301 I/ReactNativeJS(27346): '[AUTH_INPUT_PROBE]', '{"event":"EMAIL_CHANGE","timestamp":"2026-08-17T13:01:18.300Z","show_login":true,"focus_field":"EMAIL","email_length":16,"password_length":0,"next_length":17}'
08-17 22:01:18.331 I/ReactNativeJS(27346): '[AUTH_INPUT_PROBE]', '{"event":"EMAIL_CHANGE","timestamp":"2026-08-17T13:01:18.331Z","show_login":true,"focus_field":"EMAIL","email_length":17,"password_length":0,"next_length":18}'
08-17 22:01:18.369 I/ReactNativeJS(27346): '[AUTH_INPUT_PROBE]', '{"event":"EMAIL_CHANGE","timestamp":"2026-08-17T13:01:18.368Z","show_login":true,"focus_field":"EMAIL","email_length":18,"password_length":0,"next_length":19}'
08-17 22:01:18.403 I/ReactNativeJS(27346): '[AUTH_INPUT_PROBE]', '{"event":"EMAIL_CHANGE","timestamp":"2026-08-17T13:01:18.402Z","show_login":true,"focus_field":"EMAIL","email_length":19,"password_length":0,"next_length":20}'
08-17 22:01:18.453 I/ReactNativeJS(27346): '[AUTH_INPUT_PROBE]', '{"event":"EMAIL_CHANGE","timestamp":"2026-08-17T13:01:18.452Z","show_login":true,"focus_field":"EMAIL","email_length":20,"password_length":0,"next_length":21}'
08-17 22:01:18.501 I/ReactNativeJS(27346): '[AUTH_INPUT_PROBE]', '{"event":"EMAIL_CHANGE","timestamp":"2026-08-17T13:01:18.501Z","show_login":true,"focus_field":"EMAIL","email_length":21,"password_length":0,"next_length":22}'
08-17 22:01:18.533 I/ReactNativeJS(27346): '[AUTH_INPUT_PROBE]', '{"event":"EMAIL_CHANGE","timestamp":"2026-08-17T13:01:18.533Z","show_login":true,"focus_field":"EMAIL","email_length":22,"password_length":0,"next_length":23}'
08-17 22:01:18.566 I/ReactNativeJS(27346): '[AUTH_INPUT_PROBE]', '{"event":"EMAIL_CHANGE","timestamp":"2026-08-17T13:01:18.565Z","show_login":true,"focus_field":"EMAIL","email_length":23,"password_length":0,"next_length":24}'
08-17 22:01:18.601 I/ReactNativeJS(27346): '[AUTH_INPUT_PROBE]', '{"event":"EMAIL_CHANGE","timestamp":"2026-08-17T13:01:18.601Z","show_login":true,"focus_field":"EMAIL","email_length":24,"password_length":0,"next_length":25}'
08-17 22:01:18.667 I/ReactNativeJS(27346): '[AUTH_INPUT_PROBE]', '{"event":"EMAIL_CHANGE","timestamp":"2026-08-17T13:01:18.666Z","show_login":true,"focus_field":"EMAIL","email_length":25,"password_length":0,"next_length":26}'
08-17 22:01:18.719 I/ReactNativeJS(27346): '[AUTH_INPUT_PROBE]', '{"event":"EMAIL_CHANGE","timestamp":"2026-08-17T13:01:18.718Z","show_login":true,"focus_field":"EMAIL","email_length":26,"password_length":0,"next_length":27}'
08-17 22:01:18.755 I/ReactNativeJS(27346): '[AUTH_INPUT_PROBE]', '{"event":"EMAIL_CHANGE","timestamp":"2026-08-17T13:01:18.754Z","show_login":true,"focus_field":"EMAIL","email_length":27,"password_length":0,"next_length":28}'
08-17 22:01:18.789 I/ReactNativeJS(27346): '[AUTH_INPUT_PROBE]', '{"event":"EMAIL_CHANGE","timestamp":"2026-08-17T13:01:18.788Z","show_login":true,"focus_field":"EMAIL","email_length":28,"password_length":0,"next_length":29}'
08-17 22:01:18.822 I/ReactNativeJS(27346): '[AUTH_INPUT_PROBE]', '{"event":"EMAIL_CHANGE","timestamp":"2026-08-17T13:01:18.822Z","show_login":true,"focus_field":"EMAIL","email_length":29,"password_length":0,"next_length":30}'
08-17 22:01:18.870 I/ReactNativeJS(27346): '[AUTH_INPUT_PROBE]', '{"event":"EMAIL_CHANGE","timestamp":"2026-08-17T13:01:18.869Z","show_login":true,"focus_field":"EMAIL","email_length":30,"password_length":0,"next_length":31}'
08-17 22:01:18.907 I/ReactNativeJS(27346): '[AUTH_INPUT_PROBE]', '{"event":"EMAIL_CHANGE","timestamp":"2026-08-17T13:01:18.907Z","show_login":true,"focus_field":"EMAIL","email_length":31,"password_length":0,"next_length":32}'
08-17 22:01:18.950 I/ReactNativeJS(27346): '[AUTH_INPUT_PROBE]', '{"event":"EMAIL_CHANGE","timestamp":"2026-08-17T13:01:18.949Z","show_login":true,"focus_field":"EMAIL","email_length":32,"password_length":0,"next_length":33}'
08-17 22:01:18.986 I/ReactNativeJS(27346): '[AUTH_INPUT_PROBE]', '{"event":"EMAIL_CHANGE","timestamp":"2026-08-17T13:01:18.986Z","show_login":true,"focus_field":"EMAIL","email_length":33,"password_length":0,"next_length":34}'
08-17 22:01:19.021 I/ReactNativeJS(27346): '[AUTH_INPUT_PROBE]', '{"event":"EMAIL_CHANGE","timestamp":"2026-08-17T13:01:19.021Z","show_login":true,"focus_field":"EMAIL","email_length":34,"password_length":0,"next_length":35}'
08-17 22:01:19.068 I/ReactNativeJS(27346): '[AUTH_INPUT_PROBE]', '{"event":"EMAIL_CHANGE","timestamp":"2026-08-17T13:01:19.068Z","show_login":true,"focus_field":"EMAIL","email_length":35,"password_length":0,"next_length":36}'
08-17 22:01:19.103 I/ReactNativeJS(27346): '[AUTH_INPUT_PROBE]', '{"event":"EMAIL_CHANGE","timestamp":"2026-08-17T13:01:19.102Z","show_login":true,"focus_field":"EMAIL","email_length":36,"password_length":0,"next_length":37}'
08-17 22:01:19.138 I/ReactNativeJS(27346): '[AUTH_INPUT_PROBE]', '{"event":"EMAIL_CHANGE","timestamp":"2026-08-17T13:01:19.138Z","show_login":true,"focus_field":"EMAIL","email_length":37,"password_length":0,"next_length":38}'
08-17 22:01:19.182 I/ReactNativeJS(27346): '[AUTH_INPUT_PROBE]', '{"event":"EMAIL_CHANGE","timestamp":"2026-08-17T13:01:19.182Z","show_login":true,"focus_field":"EMAIL","email_length":38,"password_length":0,"next_length":39}'
08-17 22:01:19.222 I/ReactNativeJS(27346): '[AUTH_INPUT_PROBE]', '{"event":"EMAIL_CHANGE","timestamp":"2026-08-17T13:01:19.221Z","show_login":true,"focus_field":"EMAIL","email_length":39,"password_length":0,"next_length":40}'
08-17 22:01:19.258 I/ReactNativeJS(27346): '[AUTH_INPUT_PROBE]', '{"event":"EMAIL_CHANGE","timestamp":"2026-08-17T13:01:19.258Z","show_login":true,"focus_field":"EMAIL","email_length":40,"password_length":0,"next_length":41}'
08-17 22:01:19.322 I/ReactNativeJS(27346): '[AUTH_INPUT_PROBE]', '{"event":"EMAIL_CHANGE","timestamp":"2026-08-17T13:01:19.322Z","show_login":true,"focus_field":"EMAIL","email_length":41,"password_length":0,"next_length":42}'
08-17 22:01:19.369 I/ReactNativeJS(27346): '[AUTH_INPUT_PROBE]', '{"event":"EMAIL_CHANGE","timestamp":"2026-08-17T13:01:19.368Z","show_login":true,"focus_field":"EMAIL","email_length":42,"password_length":0,"next_length":43}'
08-17 22:01:19.417 I/ReactNativeJS(27346): '[AUTH_INPUT_PROBE]', '{"event":"EMAIL_CHANGE","timestamp":"2026-08-17T13:01:19.416Z","show_login":true,"focus_field":"EMAIL","email_length":43,"password_length":0,"next_length":44}'
08-17 22:01:22.873 I/ReactNativeJS(27346): '[AUTH_INPUT_PROBE]', '{"event":"EMAIL_BLUR","timestamp":"2026-08-17T13:01:22.872Z","show_login":true,"focus_field":"EMAIL","email_length":44,"password_length":0}'
08-17 22:01:22.873 I/ReactNativeJS(27346): '[AUTH_INPUT_PROBE]', '{"event":"PASSWORD_FOCUS","timestamp":"2026-08-17T13:01:22.873Z","show_login":true,"focus_field":"EMAIL","email_length":44,"password_length":0}'
08-17 22:01:33.296 I/ReactNativeJS(27346): '[AUTH_INPUT_PROBE]', '{"event":"PASSWORD_CHANGE","timestamp":"2026-08-17T13:01:33.295Z","show_login":true,"focus_field":"PASSWORD","email_length":44,"password_length":0,"next_length":1}'
08-17 22:01:33.564 I/ReactNativeJS(27346): '[AUTH_INPUT_PROBE]', '{"event":"PASSWORD_CHANGE","timestamp":"2026-08-17T13:01:33.564Z","show_login":true,"focus_field":"PASSWORD","email_length":44,"password_length":1,"next_length":2}'
08-17 22:01:33.600 I/ReactNativeJS(27346): '[AUTH_INPUT_PROBE]', '{"event":"PASSWORD_CHANGE","timestamp":"2026-08-17T13:01:33.599Z","show_login":true,"focus_field":"PASSWORD","email_length":44,"password_length":2,"next_length":3}'
08-17 22:01:33.634 I/ReactNativeJS(27346): '[AUTH_INPUT_PROBE]', '{"event":"PASSWORD_CHANGE","timestamp":"2026-08-17T13:01:33.633Z","show_login":true,"focus_field":"PASSWORD","email_length":44,"password_length":3,"next_length":4}'
08-17 22:01:33.668 I/ReactNativeJS(27346): '[AUTH_INPUT_PROBE]', '{"event":"PASSWORD_CHANGE","timestamp":"2026-08-17T13:01:33.668Z","show_login":true,"focus_field":"PASSWORD","email_length":44,"password_length":4,"next_length":5}'
08-17 22:01:33.697 I/ReactNativeJS(27346): '[AUTH_INPUT_PROBE]', '{"event":"PASSWORD_CHANGE","timestamp":"2026-08-17T13:01:33.697Z","show_login":true,"focus_field":"PASSWORD","email_length":44,"password_length":5,"next_length":6}'
08-17 22:01:33.731 I/ReactNativeJS(27346): '[AUTH_INPUT_PROBE]', '{"event":"PASSWORD_CHANGE","timestamp":"2026-08-17T13:01:33.731Z","show_login":true,"focus_field":"PASSWORD","email_length":44,"password_length":6,"next_length":7}'
08-17 22:01:33.764 I/ReactNativeJS(27346): '[AUTH_INPUT_PROBE]', '{"event":"PASSWORD_CHANGE","timestamp":"2026-08-17T13:01:33.764Z","show_login":true,"focus_field":"PASSWORD","email_length":44,"password_length":7,"next_length":8}'
08-17 22:01:33.796 I/ReactNativeJS(27346): '[AUTH_INPUT_PROBE]', '{"event":"PASSWORD_CHANGE","timestamp":"2026-08-17T13:01:33.796Z","show_login":true,"focus_field":"PASSWORD","email_length":44,"password_length":8,"next_length":9}'
08-17 22:01:33.830 I/ReactNativeJS(27346): '[AUTH_INPUT_PROBE]', '{"event":"PASSWORD_CHANGE","timestamp":"2026-08-17T13:01:33.830Z","show_login":true,"focus_field":"PASSWORD","email_length":44,"password_length":9,"next_length":10}'
08-17 22:01:33.864 I/ReactNativeJS(27346): '[AUTH_INPUT_PROBE]', '{"event":"PASSWORD_CHANGE","timestamp":"2026-08-17T13:01:33.864Z","show_login":true,"focus_field":"PASSWORD","email_length":44,"password_length":10,"next_length":11}'
08-17 22:01:33.900 I/ReactNativeJS(27346): '[AUTH_INPUT_PROBE]', '{"event":"PASSWORD_CHANGE","timestamp":"2026-08-17T13:01:33.900Z","show_login":true,"focus_field":"PASSWORD","email_length":44,"password_length":11,"next_length":12}'
08-17 22:01:33.931 I/ReactNativeJS(27346): '[AUTH_INPUT_PROBE]', '{"event":"PASSWORD_CHANGE","timestamp":"2026-08-17T13:01:33.930Z","show_login":true,"focus_field":"PASSWORD","email_length":44,"password_length":12,"next_length":13}'
08-17 22:01:33.964 I/ReactNativeJS(27346): '[AUTH_INPUT_PROBE]', '{"event":"PASSWORD_CHANGE","timestamp":"2026-08-17T13:01:33.964Z","show_login":true,"focus_field":"PASSWORD","email_length":44,"password_length":13,"next_length":14}'
08-17 22:01:33.990 I/ReactNativeJS(27346): '[AUTH_INPUT_PROBE]', '{"event":"PASSWORD_CHANGE","timestamp":"2026-08-17T13:01:33.990Z","show_login":true,"focus_field":"PASSWORD","email_length":44,"password_length":14,"next_length":15}'
08-17 22:01:34.026 I/ReactNativeJS(27346): '[AUTH_INPUT_PROBE]', '{"event":"PASSWORD_CHANGE","timestamp":"2026-08-17T13:01:34.026Z","show_login":true,"focus_field":"PASSWORD","email_length":44,"password_length":15,"next_length":16}'
08-17 22:01:34.056 I/ReactNativeJS(27346): '[AUTH_INPUT_PROBE]', '{"event":"PASSWORD_CHANGE","timestamp":"2026-08-17T13:01:34.056Z","show_login":true,"focus_field":"PASSWORD","email_length":44,"password_length":16,"next_length":17}'
08-17 22:01:34.087 I/ReactNativeJS(27346): '[AUTH_INPUT_PROBE]', '{"event":"PASSWORD_CHANGE","timestamp":"2026-08-17T13:01:34.087Z","show_login":true,"focus_field":"PASSWORD","email_length":44,"password_length":17,"next_length":18}'
08-17 22:01:34.088 I/ReactNativeJS(27346): '[AUTH_INPUT_PROBE]', '{"event":"PASSWORD_CHANGE","timestamp":"2026-08-17T13:01:34.087Z","show_login":true,"focus_field":"PASSWORD","email_length":44,"password_length":17,"next_length":19}'
08-17 22:01:34.130 I/ReactNativeJS(27346): '[AUTH_INPUT_PROBE]', '{"event":"PASSWORD_CHANGE","timestamp":"2026-08-17T13:01:34.130Z","show_login":true,"focus_field":"PASSWORD","email_length":44,"password_length":19,"next_length":20}'
08-17 22:01:34.160 I/ReactNativeJS(27346): '[AUTH_INPUT_PROBE]', '{"event":"PASSWORD_CHANGE","timestamp":"2026-08-17T13:01:34.160Z","show_login":true,"focus_field":"PASSWORD","email_length":44,"password_length":20,"next_length":21}'
08-17 22:01:34.189 I/ReactNativeJS(27346): '[AUTH_INPUT_PROBE]', '{"event":"PASSWORD_CHANGE","timestamp":"2026-08-17T13:01:34.188Z","show_login":true,"focus_field":"PASSWORD","email_length":44,"password_length":21,"next_length":22}'
08-17 22:01:34.214 I/ReactNativeJS(27346): '[AUTH_INPUT_PROBE]', '{"event":"PASSWORD_CHANGE","timestamp":"2026-08-17T13:01:34.214Z","show_login":true,"focus_field":"PASSWORD","email_length":44,"password_length":22,"next_length":23}'
08-17 22:01:34.246 I/ReactNativeJS(27346): '[AUTH_INPUT_PROBE]', '{"event":"PASSWORD_CHANGE","timestamp":"2026-08-17T13:01:34.246Z","show_login":true,"focus_field":"PASSWORD","email_length":44,"password_length":23,"next_length":24}'
08-17 22:01:34.279 I/ReactNativeJS(27346): '[AUTH_INPUT_PROBE]', '{"event":"PASSWORD_CHANGE","timestamp":"2026-08-17T13:01:34.279Z","show_login":true,"focus_field":"PASSWORD","email_length":44,"password_length":24,"next_length":25}'
08-17 22:01:34.313 I/ReactNativeJS(27346): '[AUTH_INPUT_PROBE]', '{"event":"PASSWORD_CHANGE","timestamp":"2026-08-17T13:01:34.313Z","show_login":true,"focus_field":"PASSWORD","email_length":44,"password_length":25,"next_length":26}'
08-17 22:01:34.836 I/ReactNativeJS(27346): '[AUTH_INPUT_PROBE]', '{"event":"PASSWORD_BLUR","timestamp":"2026-08-17T13:01:34.836Z","show_login":true,"focus_field":"PASSWORD","email_length":44,"password_length":26}'
08-17 22:01:36.073 I/ReactNativeJS(27346): '[WORLDLINGCO_TUNING]', '{"event":"remote_loaded","updated_at":"2026-08-14T06:06:31Z","version":6}'
08-17 22:01:37.197 I/ReactNativeJS(27346): '[WORLDLINGCO_TUNING]', '{"event":"remote_loaded","updated_at":"2026-08-14T06:06:31Z","version":6}'
08-17 22:01:38.282 I/ReactNativeJS(27346): '[WORLDLINGCO_TUNING]', '{"event":"remote_loaded","updated_at":"2026-08-14T06:06:31Z","version":6}'
08-17 22:01:44.816 I/ReactNativeJS(27346): '[UI_PRESS_PROBE]', '{"event":"LOGIN_SUBMIT_PRESS","timestamp":"2026-08-17T13:01:44.816Z","token_ready":false,"user_ready":false,"show_login":true,"show_voip_tester":false,"selected_call_mode":"pstn_assist","email_filled":true,"password_filled":true}'
08-17 22:01:44.818 I/ReactNativeJS(27346): '[AUTH_FLOW]', '{"event":"LOGIN_API_REQUEST","endpoint":"https://metanova1004.com/api/auth/login","email":"autologin_1786971663_249@worldlinco-demo.com"}'
08-17 22:01:45.076 I/ReactNativeJS(27346): '[AUTH_FLOW]', '{"event":"LOGIN_API_FAIL","endpoint":"https://metanova1004.com/api/auth/login","email":"autologin_1786971663_249@worldlinco-demo.com","status":409}'
08-17 22:01:45.077 I/ReactNativeJS(27346): '[UI_PRESS_PROBE]', '{"event":"LOGIN_SUBMIT_FAIL","timestamp":"2026-08-17T13:01:45.077Z","token_ready":false,"user_ready":false,"show_login":true,"show_voip_tester":false,"selected_call_mode":"pstn_assist","error":"이미 다른 기기 또는 세션에서 로그인 상태가 남아 있습니다. 현재 사용 중인 기기가 없다면 계정 복구(본인확인) 후 세션 해제 뒤 다시 시도해 주세요."}'
08-17 22:01:49.779 I/ReactNativeJS(27346): '[WORLDLINGCO_TUNING]', '{"event":"remote_loaded","updated_at":"2026-08-14T06:06:31Z","version":6}'
08-17 22:01:50.969 I/ReactNativeJS(27346): '[WORLDLINGCO_TUNING]', '{"event":"remote_loaded","updated_at":"2026-08-14T06:06:31Z","version":6}'
08-17 22:01:52.027 I/ReactNativeJS(27346): '[WORLDLINGCO_TUNING]', '{"event":"remote_loaded","updated_at":"2026-08-14T06:06:31Z","version":6}'
08-17 22:01:58.517 I/ReactNativeJS(27346): '[UI_PRESS_PROBE]', '{"event":"LOGIN_SUBMIT_PRESS","timestamp":"2026-08-17T13:01:58.515Z","token_ready":false,"user_ready":false,"show_login":true,"show_voip_tester":false,"selected_call_mode":"pstn_assist","email_filled":true,"password_filled":true}'
08-17 22:01:58.518 I/ReactNativeJS(27346): '[AUTH_FLOW]', '{"event":"LOGIN_API_REQUEST","endpoint":"https://metanova1004.com/api/auth/login","email":"autologin_1786971663_249@worldlinco-demo.com"}'
08-17 22:01:58.780 I/ReactNativeJS(27346): '[AUTH_FLOW]', '{"event":"LOGIN_API_FAIL","endpoint":"https://metanova1004.com/api/auth/login","email":"autologin_1786971663_249@worldlinco-demo.com","status":409}'
08-17 22:01:58.781 I/ReactNativeJS(27346): '[UI_PRESS_PROBE]', '{"event":"LOGIN_SUBMIT_FAIL","timestamp":"2026-08-17T13:01:58.780Z","token_ready":false,"user_ready":false,"show_login":true,"show_voip_tester":false,"selected_call_mode":"pstn_assist","error":"이미 다른 기기 또는 세션에서 로그인 상태가 남아 있습니다. 현재 사용 중인 기기가 없다면 계정 복구(본인확인) 후 세션 해제 뒤 다시 시도해 주세요."}'
08-17 22:02:03.584 I/ReactNativeJS(27346): '[WORLDLINGCO_TUNING]', '{"event":"remote_loaded","updated_at":"2026-08-14T06:06:31Z","version":6}'
08-17 22:02:04.678 I/ReactNativeJS(27346): '[WORLDLINGCO_TUNING]', '{"event":"remote_loaded","updated_at":"2026-08-14T06:06:31Z","version":6}'
08-17 22:02:05.791 I/ReactNativeJS(27346): '[WORLDLINGCO_TUNING]', '{"event":"remote_loaded","updated_at":"2026-08-14T06:06:31Z","version":6}'
08-17 22:02:12.198 I/ReactNativeJS(27346): '[UI_PRESS_PROBE]', '{"event":"LOGIN_SUBMIT_PRESS","timestamp":"2026-08-17T13:02:12.198Z","token_ready":false,"user_ready":false,"show_login":true,"show_voip_tester":false,"selected_call_mode":"pstn_assist","email_filled":true,"password_filled":true}'
08-17 22:02:12.199 I/ReactNativeJS(27346): '[AUTH_FLOW]', '{"event":"LOGIN_API_REQUEST","endpoint":"https://metanova1004.com/api/auth/login","email":"autologin_1786971663_249@worldlinco-demo.com"}'
08-17 22:02:12.456 I/ReactNativeJS(27346): '[AUTH_FLOW]', '{"event":"LOGIN_API_FAIL","endpoint":"https://metanova1004.com/api/auth/login","email":"autologin_1786971663_249@worldlinco-demo.com","status":409}'
08-17 22:02:12.457 I/ReactNativeJS(27346): '[UI_PRESS_PROBE]', '{"event":"LOGIN_SUBMIT_FAIL","timestamp":"2026-08-17T13:02:12.457Z","token_ready":false,"user_ready":false,"show_login":true,"show_voip_tester":false,"selected_call_mode":"pstn_assist","error":"이미 다른 기기 또는 세션에서 로그인 상태가 남아 있습니다. 현재 사용 중인 기기가 없다면 계정 복구(본인확인) 후 세션 해제 뒤 다시 시도해 주세요."}'
08-17 22:02:17.242 I/ReactNativeJS(27346): '[WORLDLINGCO_TUNING]', '{"event":"remote_loaded","updated_at":"2026-08-14T06:06:31Z","version":6}'
08-17 22:02:18.291 I/ReactNativeJS(27346): '[WORLDLINGCO_TUNING]', '{"event":"remote_loaded","updated_at":"2026-08-14T06:06:31Z","version":6}'
08-17 22:02:19.417 I/ReactNativeJS(27346): '[WORLDLINGCO_TUNING]', '{"event":"remote_loaded","updated_at":"2026-08-14T06:06:31Z","version":6}'
08-17 22:02:25.953 I/ReactNativeJS(27346): '[UI_PRESS_PROBE]', '{"event":"LOGIN_SUBMIT_PRESS","timestamp":"2026-08-17T13:02:25.952Z","token_ready":false,"user_ready":false,"show_login":true,"show_voip_tester":false,"selected_call_mode":"pstn_assist","email_filled":true,"password_filled":true}'
08-17 22:02:25.955 I/ReactNativeJS(27346): '[AUTH_FLOW]', '{"event":"LOGIN_API_REQUEST","endpoint":"https://metanova1004.com/api/auth/login","email":"autologin_1786971663_249@worldlinco-demo.com"}'
08-17 22:02:26.197 I/ReactNativeJS(27346): '[AUTH_FLOW]', '{"event":"LOGIN_API_FAIL","endpoint":"https://metanova1004.com/api/auth/login","email":"autologin_1786971663_249@worldlinco-demo.com","status":409}'
08-17 22:02:26.198 I/ReactNativeJS(27346): '[UI_PRESS_PROBE]', '{"event":"LOGIN_SUBMIT_FAIL","timestamp":"2026-08-17T13:02:26.198Z","token_ready":false,"user_ready":false,"show_login":true,"show_voip_tester":false,"selected_call_mode":"pstn_assist","error":"이미 다른 기기 또는 세션에서 로그인 상태가 남아 있습니다. 현재 사용 중인 기기가 없다면 계정 복구(본인확인) 후 세션 해제 뒤 다시 시도해 주세요."}'
08-17 22:02:30.115 I/ReactNativeJS(27346): '[WORLDLINGCO_TUNING]', '{"event":"remote_loaded","updated_at":"2026-08-14T06:06:31Z","version":6}'
08-17 22:02:31.021 I/ReactNativeJS(27346): '[WORLDLINGCO_TUNING]', '{"event":"remote_loaded","updated_at":"2026-08-14T06:06:31Z","version":6}'
08-17 22:02:31.861 I/ReactNativeJS(27346): '[WORLDLINGCO_TUNING]', '{"event":"remote_loaded","updated_at":"2026-08-14T06:06:31Z","version":6}'
08-17 22:02:36.168 I/ReactNativeJS(27346): '[WORLDLINGCO_TUNING]', '{"event":"remote_loaded","updated_at":"2026-08-14T06:06:31Z","version":6}'
08-17 22:02:37.121 I/ReactNativeJS(27346): '[WORLDLINGCO_TUNING]', '{"event":"remote_loaded","updated_at":"2026-08-14T06:06:31Z","version":6}'
08-17 22:02:38.038 I/ReactNativeJS(27346): '[WORLDLINGCO_TUNING]', '{"event":"remote_loaded","updated_at":"2026-08-14T06:06:31Z","version":6}'
08-17 22:02:43.257 I/ReactNativeJS(27346): '[WORLDLINGCO_TUNING]', '{"event":"remote_loaded","updated_at":"2026-08-14T06:06:31Z","version":6}'
08-17 22:02:44.229 I/ReactNativeJS(27346): '[WORLDLINGCO_TUNING]', '{"event":"remote_loaded","updated_at":"2026-08-14T06:06:31Z","version":6}'
08-17 22:02:45.183 I/ReactNativeJS(27346): '[WORLDLINGCO_TUNING]', '{"event":"remote_loaded","updated_at":"2026-08-14T06:06:31Z","version":6}'
08-17 22:02:48.736 I/ReactNativeJS(27346): '[UI_PRESS_PROBE]', '{"event":"LOGIN_SUBMIT_PRESS","timestamp":"2026-08-17T13:02:48.735Z","token_ready":false,"user_ready":false,"show_login":true,"show_voip_tester":false,"selected_call_mode":"pstn_assist","email_filled":true,"password_filled":true}'
08-17 22:02:48.737 I/ReactNativeJS(27346): '[AUTH_FLOW]', '{"event":"LOGIN_API_REQUEST","endpoint":"https://metanova1004.com/api/auth/login","email":"autologin_1786971663_249@worldlinco-demo.com"}'
08-17 22:02:49.004 I/ReactNativeJS(27346): '[AUTH_FLOW]', '{"event":"LOGIN_API_SUCCESS","endpoint":"https://metanova1004.com/api/auth/login","email":"autologin_1786971663_249@worldlinco-demo.com","status":200}'
08-17 22:02:49.078 I/ReactNativeJS(27346): '[AUTH_FLOW]', '{"event":"LOGIN_SESSION_APPLIED","user_id":32,"user_email":"autologin_1786971663_249@worldlinco-demo.com"}'
08-17 22:02:49.080 I/ReactNativeJS(27346): '[UI_PRESS_PROBE]', '{"event":"LOGIN_SUBMIT_SUCCESS","timestamp":"2026-08-17T13:02:49.080Z","token_ready":false,"user_ready":false,"show_login":true,"show_voip_tester":false,"selected_call_mode":"pstn_assist","user_id":32,"user_email":"autologin_1786971663_249@worldlinco-demo.com"}'
08-17 22:02:49.203 W/ReactNativeJS(27346): This method is deprecated (as well as all React Native Firebase namespaced API) and will be removed in the next major release as part of move to match Firebase Web modular SDK API. Please see migration guide for more details: https://rnfirebase.io/migrating-to-v22 Please use `getApps()` instead.
08-17 22:02:49.204 W/ReactNativeJS(27346): This method is deprecated (as well as all React Native Firebase namespaced API) and will be removed in the next major release as part of move to match Firebase Web modular SDK API. Please see migration guide for more details: https://rnfirebase.io/migrating-to-v22 Please use `getApps()` instead.
08-17 22:02:49.204 W/ReactNativeJS(27346): This method is deprecated (as well as all React Native Firebase namespaced API) and will be removed in the next major release as part of move to match Firebase Web modular SDK API. Please see migration guide for more details: https://rnfirebase.io/migrating-to-v22 Please use `getApps()` instead.
08-17 22:02:49.205 W/ReactNativeJS(27346): This method is deprecated (as well as all React Native Firebase namespaced API) and will be removed in the next major release as part of move to match Firebase Web modular SDK API. Please see migration guide for more details: https://rnfirebase.io/migrating-to-v22 Please use `getApps()` instead.
08-17 22:02:49.207 I/ReactNativeJS(27346): '[VoIPPendingIncoming]', '{"event":"REQUEST_START","source":"pending_call_initial","token_summary":"len:208:eyJhbG...eAZxY8","user_id":32,"has_pending_call":false,"has_active_call":false}'
08-17 22:02:49.210 I/ReactNativeJS(27346): '[UI_PRESS_PROBE]', '{"event":"VOIP_PRESENCE_CONNECT_ATTEMPT","timestamp":"2026-08-17T13:02:49.210Z","token_ready":true,"user_ready":true,"show_login":false,"show_voip_tester":false,"selected_call_mode":"pstn_assist","voice_id":"nado-000032","token_summary":"len:208:eyJhbG...eAZxY8","reason":"effect_start","api_base":"https://metanova1004.com"}'
08-17 22:02:49.213 I/ReactNativeJS(27346): '[UI_PRESS_PROBE]', '{"event":"SORISAE_FAB_VISIBLE_EVAL","timestamp":"2026-08-17T13:02:49.213Z","token_ready":true,"user_ready":true,"show_login":false,"show_voip_tester":false,"selected_call_mode":"pstn_assist","visible":true,"platform":"android","sorisae_fab_setting":true,"pending_incoming_voip":false,"voip_call_active":false,"sorisae_window_open":false}'
08-17 22:02:49.215 W/ReactNativeJS(27346): This method is deprecated (as well as all React Native Firebase namespaced API) and will be removed in the next major release as part of move to match Firebase Web modular SDK API. Please see migration guide for more details: https://rnfirebase.io/migrating-to-v22 Please use `getApp()` instead.
08-17 22:02:49.215 W/ReactNativeJS(27346): This method is deprecated (as well as all React Native Firebase namespaced API) and will be removed in the next major release as part of move to match Firebase Web modular SDK API. Please see migration guide for more details: https://rnfirebase.io/migrating-to-v22 Please use `getApp()` instead.
08-17 22:02:49.215 W/ReactNativeJS(27346): This method is deprecated (as well as all React Native Firebase namespaced API) and will be removed in the next major release as part of move to match Firebase Web modular SDK API. Please see migration guide for more details: https://rnfirebase.io/migrating-to-v22 Please use `getApp()` instead.
08-17 22:02:49.217 W/ReactNativeJS(27346): This method is deprecated (as well as all React Native Firebase namespaced API) and will be removed in the next major release as part of move to match Firebase Web modular SDK API. Please see migration guide for more details: https://rnfirebase.io/migrating-to-v22 Please use `getApp()` instead.
08-17 22:02:49.218 I/ReactNativeJS(27346): '[UI_PRESS_PROBE]', '{"event":"VOIP_NOTIFICATION_PERMISSION_STATUS","timestamp":"2026-08-17T13:02:49.218Z","token_ready":true,"user_ready":true,"show_login":false,"show_voip_tester":false,"selected_call_mode":"pstn_assist","notifications_enabled":true}'
08-17 22:02:49.271 I/ReactNativeJS(27346): '[UI_PRESS_PROBE]', '{"event":"NETWORK_TRANSPORT_CHANGED","timestamp":"2026-08-17T13:02:49.271Z","token_ready":true,"user_ready":true,"show_login":false,"show_voip_tester":false,"selected_call_mode":"pstn_assist","transport":"wifi","cellular_generation":null,"label":"WiFi","is_connected":true,"is_internet_reachable":true,"carrier":null,"ssid":null,"is_accurate_voip_test_ready":false,"previous_label":"알 수 없음"}'
08-17 22:02:49.308 W/ReactNativeJS(27346): This method is deprecated (as well as all React Native Firebase namespaced API) and will be removed in the next major release as part of move to match Firebase Web modular SDK API. Please see migration guide for more details: https://rnfirebase.io/migrating-to-v22 Please use `getApp()` instead.
08-17 22:02:49.315 I/ReactNativeJS(27346): '[VoIPPendingIncoming]', '{"event":"REQUEST_RESULT","source":"pending_call_initial","token_summary":"len:208:eyJhbG...eAZxY8","user_id":32,"status":200,"ok":true}'
08-17 22:02:49.319 I/ReactNativeJS(27346): '[MISSED_CALL]', '{"event":"fetch","count":0}'
08-17 22:02:49.379 I/ReactNativeJS(27346): '[UI_PRESS_PROBE]', '{"event":"VOIP_PRESENCE_CONNECTED","timestamp":"2026-08-17T13:02:49.378Z","token_ready":true,"user_ready":true,"show_login":false,"show_voip_tester":false,"selected_call_mode":"pstn_assist","voice_id":"nado-000032","token_summary":"len:208:eyJhbG...eAZxY8","reason":"effect_start"}'
08-17 22:02:49.584 I/ReactNativeJS(27346): '[VoIPPendingIncoming]', '{"event":"REQUEST_START","source":"pending_call_background","token_summary":"len:208:eyJhbG...eAZxY8","user_id":32,"has_pending_call":false,"has_active_call":false}'
08-17 22:02:49.628 I/ReactNativeJS(27346): '[VoIPPendingIncoming]', '{"event":"REQUEST_RESULT","source":"pending_call_background","token_summary":"len:208:eyJhbG...eAZxY8","user_id":32,"status":200,"ok":true}'
08-17 22:02:49.727 I/ReactNativeJS(27346): '[VoIPPendingIncoming]', '{"event":"REQUEST_START","source":"pending_call_active","token_summary":"len:208:eyJhbG...eAZxY8","user_id":32,"has_pending_call":false,"has_active_call":false}'
08-17 22:02:49.784 I/ReactNativeJS(27346): '[WORLDLINGCO_TUNING]', '{"event":"remote_loaded","updated_at":"2026-08-14T06:06:31Z","version":6}'
08-17 22:02:49.793 I/ReactNativeJS(27346): '[VoIPPendingIncoming]', '{"event":"REQUEST_RESULT","source":"pending_call_active","token_summary":"len:208:eyJhbG...eAZxY8","user_id":32,"status":200,"ok":true}'
08-17 22:02:49.812 I/ReactNativeJS(27346): '[MISSED_CALL]', '{"event":"fetch","count":0}'
08-17 22:02:50.526 I/ReactNativeJS(27346): '[VoIPPendingIncoming]', '{"event":"REQUEST_START","source":"pending_call_background","token_summary":"len:208:eyJhbG...eAZxY8","user_id":32,"has_pending_call":false,"has_active_call":false}'
08-17 22:02:50.572 I/ReactNativeJS(27346): '[VoIPPendingIncoming]', '{"event":"REQUEST_RESULT","source":"pending_call_background","token_summary":"len:208:eyJhbG...eAZxY8","user_id":32,"status":200,"ok":true}'
08-17 22:02:50.587 I/ReactNativeJS(27346): '[VoIPPendingIncoming]', '{"event":"REQUEST_START","source":"pending_call_background","token_summary":"len:208:eyJhbG...eAZxY8","user_id":32,"has_pending_call":false,"has_active_call":false}'
08-17 22:02:50.592 I/ReactNativeJS(27346): '[WORLDLINGCO_TUNING]', '{"event":"remote_loaded","updated_at":"2026-08-14T06:06:31Z","version":6}'
08-17 22:02:50.592 I/ReactNativeJS(27346): '[MISSED_CALL]', '{"event":"fetch","count":0}'
08-17 22:02:50.622 I/ReactNativeJS(27346): '[VoIPPendingIncoming]', '{"event":"REQUEST_RESULT","source":"pending_call_background","token_summary":"len:208:eyJhbG...eAZxY8","user_id":32,"status":200,"ok":true}'
08-17 22:02:50.633 W/ReactNativeJS(27346): This method is deprecated (as well as all React Native Firebase namespaced API) and will be removed in the next major release as part of move to match Firebase Web modular SDK API. Please see migration guide for more details: https://rnfirebase.io/migrating-to-v22 Please use `getApp()` instead.
08-17 22:02:50.662 I/ReactNativeJS(27346): '[UI_PRESS_PROBE]', '{"event":"VOIP_FCM_TOPIC_READY","timestamp":"2026-08-17T13:02:50.662Z","token_ready":true,"user_ready":true,"show_login":false,"show_voip_tester":false,"selected_call_mode":"pstn_assist","topic":"worldlingo_voip_nado_000032","push_token_present":true}'
08-17 22:02:51.495 I/ReactNativeJS(27346): '[VoIPPendingIncoming]', '{"event":"REQUEST_START","source":"pending_call_active","token_summary":"len:208:eyJhbG...eAZxY8","user_id":32,"has_pending_call":false,"has_active_call":false}'
08-17 22:02:51.574 I/ReactNativeJS(27346): '[WORLDLINGCO_TUNING]', '{"event":"remote_loaded","updated_at":"2026-08-14T06:06:31Z","version":6}'
08-17 22:02:51.591 I/ReactNativeJS(27346): '[VoIPPendingIncoming]', '{"event":"REQUEST_RESULT","source":"pending_call_active","token_summary":"len:208:eyJhbG...eAZxY8","user_id":32,"status":200,"ok":true}'
08-17 22:02:51.593 I/ReactNativeJS(27346): '[MISSED_CALL]', '{"event":"fetch","count":0}'
08-17 22:02:51.711 W/ReactNativeJS(27346): This method is deprecated (as well as all React Native Firebase namespaced API) and will be removed in the next major release as part of move to match Firebase Web modular SDK API. Please see migration guide for more details: https://rnfirebase.io/migrating-to-v22 Please use `getApps()` instead.
08-17 22:02:51.739 I/ReactNativeJS(27346): '[VoIPPendingIncoming]', '{"event":"REQUEST_START","source":"pending_call_poll","token_summary":"len:208:eyJhbG...eAZxY8","user_id":32,"has_pending_call":false,"has_active_call":false}'
08-17 22:02:51.775 I/ReactNativeJS(27346): '[VoIPPendingIncoming]', '{"event":"REQUEST_RESULT","source":"pending_call_poll","token_summary":"len:208:eyJhbG...eAZxY8","user_id":32,"status":200,"ok":true}'
08-17 22:02:56.906 I/ReactNativeJS(27346): '[VoIPPendingIncoming]', '{"event":"REQUEST_START","source":"pending_call_active","token_summary":"len:208:eyJhbG...eAZxY8","user_id":32,"has_pending_call":false,"has_active_call":false}'
08-17 22:02:56.935 W/ReactNativeJS(27346): This method is deprecated (as well as all React Native Firebase namespaced API) and will be removed in the next major release as part of move to match Firebase Web modular SDK API. Please see migration guide for more details: https://rnfirebase.io/migrating-to-v22 Please use `getApps()` instead.
08-17 22:02:56.935 W/ReactNativeJS(27346): This method is deprecated (as well as all React Native Firebase namespaced API) and will be removed in the next major release as part of move to match Firebase Web modular SDK API. Please see migration guide for more details: https://rnfirebase.io/migrating-to-v22 Please use `getApp()` instead.
08-17 22:02:56.935 W/ReactNativeJS(27346): This method is deprecated (as well as all React Native Firebase namespaced API) and will be removed in the next major release as part of move to match Firebase Web modular SDK API. Please see migration guide for more details: https://rnfirebase.io/migrating-to-v22 Please use `getApp()` instead.
08-17 22:02:57.001 I/ReactNativeJS(27346): '[VoIPPendingIncoming]', '{"event":"REQUEST_RESULT","source":"pending_call_active","token_summary":"len:208:eyJhbG...eAZxY8","user_id":32,"status":200,"ok":true}'
08-17 22:02:57.017 I/ReactNativeJS(27346): '[MISSED_CALL]', '{"event":"fetch","count":0}'
08-17 22:02:57.045 I/ReactNativeJS(27346): '[WORLDLINGCO_TUNING]', '{"event":"remote_loaded","updated_at":"2026-08-14T06:06:31Z","version":6}'
08-17 22:02:57.053 I/ReactNativeJS(27346): '[VoIPPendingIncoming]', '{"event":"REQUEST_START","source":"pending_call_background","token_summary":"len:208:eyJhbG...eAZxY8","user_id":32,"has_pending_call":false,"has_active_call":false}'
08-17 22:02:57.088 I/ReactNativeJS(27346): '[VoIPPendingIncoming]', '{"event":"REQUEST_RESULT","source":"pending_call_background","token_summary":"len:208:eyJhbG...eAZxY8","user_id":32,"status":200,"ok":true}'
08-17 22:02:58.511 I/ReactNativeJS(27346): '[VoIPPendingIncoming]', '{"event":"REQUEST_START","source":"pending_call_active","token_summary":"len:208:eyJhbG...eAZxY8","user_id":32,"has_pending_call":false,"has_active_call":false}'
08-17 22:02:58.552 I/ReactNativeJS(27346): '[WORLDLINGCO_TUNING]', '{"event":"remote_loaded","updated_at":"2026-08-14T06:06:31Z","version":6}'
08-17 22:02:58.559 I/ReactNativeJS(27346): '[VoIPPendingIncoming]', '{"event":"REQUEST_RESULT","source":"pending_call_active","token_summary":"len:208:eyJhbG...eAZxY8","user_id":32,"status":200,"ok":true}'
08-17 22:02:58.572 I/ReactNativeJS(27346): '[MISSED_CALL]', '{"event":"fetch","count":0}'
08-17 22:02:59.418 I/ReactNativeJS(27346): '[VoIPPendingIncoming]', '{"event":"REQUEST_START","source":"pending_call_poll","token_summary":"len:208:eyJhbG...eAZxY8","user_id":32,"has_pending_call":false,"has_active_call":false}'
08-17 22:02:59.444 I/ReactNativeJS(27346): '[VoIPPendingIncoming]', '{"event":"REQUEST_RESULT","source":"pending_call_poll","token_summary":"len:208:eyJhbG...eAZxY8","user_id":32,"status":200,"ok":true}'
08-17 22:03:01.932 I/ReactNativeJS(27346): '[VoIPPendingIncoming]', '{"event":"REQUEST_START","source":"pending_call_poll","token_summary":"len:208:eyJhbG...eAZxY8","user_id":32,"has_pending_call":false,"has_active_call":false}'
08-17 22:03:01.964 I/ReactNativeJS(27346): '[VoIPPendingIncoming]', '{"event":"REQUEST_RESULT","source":"pending_call_poll","token_summary":"len:208:eyJhbG...eAZxY8","user_id":32,"status":200,"ok":true}'
08-17 22:03:04.445 I/ReactNativeJS(27346): '[VoIPPendingIncoming]', '{"event":"REQUEST_START","source":"pending_call_poll","token_summary":"len:208:eyJhbG...eAZxY8","user_id":32,"has_pending_call":false,"has_active_call":false}'
08-17 22:03:04.477 I/ReactNativeJS(27346): '[VoIPPendingIncoming]', '{"event":"REQUEST_RESULT","source":"pending_call_poll","token_summary":"len:208:eyJhbG...eAZxY8","user_id":32,"status":200,"ok":true}'
08-17 22:03:05.229 I/ReactNativeJS(27346): '[UI_PRESS_PROBE]', '{"event":"SECTION_RAIL_PRESS","timestamp":"2026-08-17T13:03:05.228Z","token_ready":true,"user_ready":true,"show_login":false,"show_voip_tester":false,"selected_call_mode":"pstn_assist","key":"tourism-promo","previous_section":"home","next_section":"tourism-promo"}'
08-17 22:03:06.960 I/ReactNativeJS(27346): '[VoIPPendingIncoming]', '{"event":"REQUEST_START","source":"pending_call_poll","token_summary":"len:208:eyJhbG...eAZxY8","user_id":32,"has_pending_call":false,"has_active_call":false}'
08-17 22:03:06.985 I/ReactNativeJS(27346): '[VoIPPendingIncoming]', '{"event":"REQUEST_RESULT","source":"pending_call_poll","token_summary":"len:208:eyJhbG...eAZxY8","user_id":32,"status":200,"ok":true}'
08-17 22:03:07.876 I/ReactNativeJS(27346): '[UI_PRESS_PROBE]', '{"event":"SECTION_RAIL_PRESS","timestamp":"2026-08-17T13:03:07.875Z","token_ready":true,"user_ready":true,"show_login":false,"show_voip_tester":false,"selected_call_mode":"pstn_assist","key":"voip","previous_section":"tourism-promo","next_section":"voip"}'
08-17 22:03:07.978 W/ReactNativeJS(27346): This method is deprecated (as well as all React Native Firebase namespaced API) and will be removed in the next major release as part of move to match Firebase Web modular SDK API. Please see migration guide for more details: https://rnfirebase.io/migrating-to-v22 Please use `getApps()` instead.
08-17 22:03:07.979 W/ReactNativeJS(27346): This method is deprecated (as well as all React Native Firebase namespaced API) and will be removed in the next major release as part of move to match Firebase Web modular SDK API. Please see migration guide for more details: https://rnfirebase.io/migrating-to-v22 Please use `getApps()` instead.
08-17 22:03:07.979 W/ReactNativeJS(27346): This method is deprecated (as well as all React Native Firebase namespaced API) and will be removed in the next major release as part of move to match Firebase Web modular SDK API. Please see migration guide for more details: https://rnfirebase.io/migrating-to-v22 Please use `getApps()` instead.
08-17 22:03:07.980 W/ReactNativeJS(27346): This method is deprecated (as well as all React Native Firebase namespaced API) and will be removed in the next major release as part of move to match Firebase Web modular SDK API. Please see migration guide for more details: https://rnfirebase.io/migrating-to-v22 Please use `getApps()` instead.
08-17 22:03:07.982 I/ReactNativeJS(27346): '[VoIPPendingIncoming]', '{"event":"REQUEST_START","source":"pending_call_initial","token_summary":"len:208:eyJhbG...eAZxY8","user_id":32,"has_pending_call":false,"has_active_call":false}'
08-17 22:03:07.985 I/ReactNativeJS(27346): '[UI_PRESS_PROBE]', '{"event":"VOIP_PRESENCE_CONNECT_ATTEMPT","timestamp":"2026-08-17T13:03:07.985Z","token_ready":true,"user_ready":true,"show_login":false,"show_voip_tester":true,"selected_call_mode":"pstn_assist","voice_id":"nado-000032","token_summary":"len:208:eyJhbG...eAZxY8","reason":"effect_start","api_base":"https://metanova1004.com"}'
08-17 22:03:07.989 W/ReactNativeJS(27346): This method is deprecated (as well as all React Native Firebase namespaced API) and will be removed in the next major release as part of move to match Firebase Web modular SDK API. Please see migration guide for more details: https://rnfirebase.io/migrating-to-v22 Please use `getApp()` instead.
08-17 22:03:07.989 W/ReactNativeJS(27346): This method is deprecated (as well as all React Native Firebase namespaced API) and will be removed in the next major release as part of move to match Firebase Web modular SDK API. Please see migration guide for more details: https://rnfirebase.io/migrating-to-v22 Please use `getApp()` instead.
08-17 22:03:07.989 W/ReactNativeJS(27346): This method is deprecated (as well as all React Native Firebase namespaced API) and will be removed in the next major release as part of move to match Firebase Web modular SDK API. Please see migration guide for more details: https://rnfirebase.io/migrating-to-v22 Please use `getApp()` instead.
08-17 22:03:07.991 W/ReactNativeJS(27346): This method is deprecated (as well as all React Native Firebase namespaced API) and will be removed in the next major release as part of move to match Firebase Web modular SDK API. Please see migration guide for more details: https://rnfirebase.io/migrating-to-v22 Please use `getApp()` instead.
08-17 22:03:07.992 I/ReactNativeJS(27346): '[UI_PRESS_PROBE]', '{"event":"VOIP_NOTIFICATION_PERMISSION_STATUS","timestamp":"2026-08-17T13:03:07.991Z","token_ready":true,"user_ready":true,"show_login":false,"show_voip_tester":true,"selected_call_mode":"pstn_assist","notifications_enabled":true}'
08-17 22:03:08.058 W/ReactNativeJS(27346): This method is deprecated (as well as all React Native Firebase namespaced API) and will be removed in the next major release as part of move to match Firebase Web modular SDK API. Please see migration guide for more details: https://rnfirebase.io/migrating-to-v22 Please use `getApp()` instead.
08-17 22:03:08.061 I/ReactNativeJS(27346): '[VoIPPendingIncoming]', '{"event":"REQUEST_RESULT","source":"pending_call_initial","token_summary":"len:208:eyJhbG...eAZxY8","user_id":32,"status":200,"ok":true}'
08-17 22:03:08.083 I/ReactNativeJS(27346): '[UI_PRESS_PROBE]', '{"event":"VOIP_PRESENCE_CONNECTED","timestamp":"2026-08-17T13:03:08.083Z","token_ready":true,"user_ready":true,"show_login":false,"show_voip_tester":true,"selected_call_mode":"pstn_assist","voice_id":"nado-000032","token_summary":"len:208:eyJhbG...eAZxY8","reason":"effect_start"}'
08-17 22:03:08.215 I/ReactNativeJS(27346): '[VoIPPendingIncoming]', '{"event":"REQUEST_START","source":"pending_call_background","token_summary":"len:208:eyJhbG...eAZxY8","user_id":32,"has_pending_call":false,"has_active_call":false}'
08-17 22:03:08.266 I/ReactNativeJS(27346): '[VoIPPendingIncoming]', '{"event":"REQUEST_RESULT","source":"pending_call_background","token_summary":"len:208:eyJhbG...eAZxY8","user_id":32,"status":200,"ok":true}'
08-17 22:03:08.653 W/ReactNativeJS(27346): This method is deprecated (as well as all React Native Firebase namespaced API) and will be removed in the next major release as part of move to match Firebase Web modular SDK API. Please see migration guide for more details: https://rnfirebase.io/migrating-to-v22 Please use `getApp()` instead.
08-17 22:03:08.700 I/ReactNativeJS(27346): '[UI_PRESS_PROBE]', '{"event":"VOIP_FCM_TOPIC_READY","timestamp":"2026-08-17T13:03:08.700Z","token_ready":true,"user_ready":true,"show_login":false,"show_voip_tester":true,"selected_call_mode":"pstn_assist","topic":"worldlingo_voip_nado_000032","push_token_present":true}'
08-17 22:03:10.006 I/ReactNativeJS(27346): '[VoIPPendingIncoming]', '{"event":"REQUEST_START","source":"pending_call_active","token_summary":"len:208:eyJhbG...eAZxY8","user_id":32,"has_pending_call":false,"has_active_call":false}'
08-17 22:03:10.011 I/ReactNativeJS(27346): '[DEVICE_CONTACTS]', '{"event":"permission","status":"granted","granted":true}'
08-17 22:03:10.088 I/ReactNativeJS(27346): '[MISSED_CALL]', '{"event":"fetch","count":0}'
08-17 22:03:10.088 I/ReactNativeJS(27346): '[WORLDLINGCO_TUNING]', '{"event":"remote_loaded","updated_at":"2026-08-14T06:06:31Z","version":6}'
08-17 22:03:10.099 I/ReactNativeJS(27346): '[VoIPPendingIncoming]', '{"event":"REQUEST_RESULT","source":"pending_call_active","token_summary":"len:208:eyJhbG...eAZxY8","user_id":32,"status":200,"ok":true}'
08-17 22:03:10.490 I/ReactNativeJS(27346): '[VoIPPendingIncoming]', '{"event":"REQUEST_START","source":"pending_call_poll","token_summary":"len:208:eyJhbG...eAZxY8","user_id":32,"has_pending_call":false,"has_active_call":false}'
08-17 22:03:10.518 I/ReactNativeJS(27346): '[VoIPPendingIncoming]', '{"event":"REQUEST_RESULT","source":"pending_call_poll","token_summary":"len:208:eyJhbG...eAZxY8","user_id":32,"status":200,"ok":true}'
08-17 22:03:10.784 I/ReactNativeJS(27346): '[DEVICE_CONTACTS]', '{"event":"fetched","raw_count":1251}'
08-17 22:03:11.881 I/ReactNativeJS(27346): '[DEVICE_CONTACTS]', '{"event":"mapped","usable_count":1138}'
08-17 22:03:13.002 I/ReactNativeJS(27346): '[VoIPPendingIncoming]', '{"event":"REQUEST_START","source":"pending_call_poll","token_summary":"len:208:eyJhbG...eAZxY8","user_id":32,"has_pending_call":false,"has_active_call":false}'
08-17 22:03:13.038 I/ReactNativeJS(27346): '[VoIPPendingIncoming]', '{"event":"REQUEST_RESULT","source":"pending_call_poll","token_summary":"len:208:eyJhbG...eAZxY8","user_id":32,"status":200,"ok":true}'
08-17 22:03:15.515 I/ReactNativeJS(27346): '[VoIPPendingIncoming]', '{"event":"REQUEST_START","source":"pending_call_poll","token_summary":"len:208:eyJhbG...eAZxY8","user_id":32,"has_pending_call":false,"has_active_call":false}'
08-17 22:03:15.549 I/ReactNativeJS(27346): '[VoIPPendingIncoming]', '{"event":"REQUEST_RESULT","source":"pending_call_poll","token_summary":"len:208:eyJhbG...eAZxY8","user_id":32,"status":200,"ok":true}'
08-17 22:03:18.028 I/ReactNativeJS(27346): '[VoIPPendingIncoming]', '{"event":"REQUEST_START","source":"pending_call_poll","token_summary":"len:208:eyJhbG...eAZxY8","user_id":32,"has_pending_call":false,"has_active_call":false}'
08-17 22:03:18.059 I/ReactNativeJS(27346): '[VoIPPendingIncoming]', '{"event":"REQUEST_RESULT","source":"pending_call_poll","token_summary":"len:208:eyJhbG...eAZxY8","user_id":32,"status":200,"ok":true}'
08-17 22:03:20.543 I/ReactNativeJS(27346): '[VoIPPendingIncoming]', '{"event":"REQUEST_START","source":"pending_call_poll","token_summary":"len:208:eyJhbG...eAZxY8","user_id":32,"has_pending_call":false,"has_active_call":false}'
08-17 22:03:20.578 I/ReactNativeJS(27346): '[VoIPPendingIncoming]', '{"event":"REQUEST_RESULT","source":"pending_call_poll","token_summary":"len:208:eyJhbG...eAZxY8","user_id":32,"status":200,"ok":true}'
