--------- beginning of main
08-17 12:55:11.023 W/ReactNativeJS(24521): Require cycle: src/features/navigation/sectionRegistry.ts -> src/features/i18n/featureUiCatalog.ts -> src/features/i18n/uiI18n.ts -> src/features/i18n/uiStringCatalog.ts -> src/features/navigation/sectionRegistry.ts
08-17 12:55:11.023 W/ReactNativeJS(24521): 
08-17 12:55:11.023 W/ReactNativeJS(24521): Require cycles are allowed, but can result in uninitialized values. Consider refactoring to remove the need for a cycle.
08-17 12:55:12.403 I/ReactNativeJS(24521): '[VoIP] WebRTC module loaded', { module: 'react-native-webrtc',
08-17 12:55:12.403 I/ReactNativeJS(24521):   hasPeerConnection: true,
08-17 12:55:12.403 I/ReactNativeJS(24521):   hasMediaDevices: true }
08-17 12:55:13.184 W/ReactNativeJS(24521): This method is deprecated (as well as all React Native Firebase namespaced API) and will be removed in the next major release as part of move to match Firebase Web modular SDK API. Please see migration guide for more details: https://rnfirebase.io/migrating-to-v22 Please use `getApps()` instead.
08-17 12:55:13.205 W/ReactNativeJS(24521): This method is deprecated (as well as all React Native Firebase namespaced API) and will be removed in the next major release as part of move to match Firebase Web modular SDK API. Please see migration guide for more details: https://rnfirebase.io/migrating-to-v22 Please use `initializeApp()` instead.
08-17 12:55:13.219 W/ReactNativeJS(24521): This method is deprecated (as well as all React Native Firebase namespaced API) and will be removed in the next major release as part of move to match Firebase Web modular SDK API. Please see migration guide for more details: https://rnfirebase.io/migrating-to-v22 Please use `getApps()` instead.
08-17 12:55:13.232 W/ReactNativeJS(24521): This method is deprecated (as well as all React Native Firebase namespaced API) and will be removed in the next major release as part of move to match Firebase Web modular SDK API. Please see migration guide for more details: https://rnfirebase.io/migrating-to-v22 Please use `getApp()` instead.
08-17 12:55:13.400 I/ReactNativeJS(24521): Running "main" with {"rootTag":1,"initialProps":{},"fabric":true}
08-17 12:55:18.786 I/ReactNativeJS(24521): '[UI_PRESS_PROBE]', '{"event":"NETWORK_TRANSPORT_CHANGED","timestamp":"2026-08-17T03:55:18.783Z","token_ready":false,"user_ready":false,"show_login":false,"show_voip_tester":false,"selected_call_mode":"pstn_assist","transport":"unknown","cellular_generation":null,"label":"알 수 없음","is_connected":false,"is_internet_reachable":null,"carrier":null,"ssid":null,"is_accurate_voip_test_ready":false,"previous_label":null}'
08-17 12:55:18.889 I/ReactNativeJS(24521): '[WORLDLINGCO_API] base_url', 'https://metanova1004.com'
08-17 12:55:19.024 I/ReactNativeJS(24521): [VoIPToneService] AudioContext not available (React Native environment)
08-17 12:55:19.245 I/ReactNativeJS(24521): '[UI_PRESS_PROBE]', '{"event":"SORISAE_FAB_VISIBLE_EVAL","timestamp":"2026-08-17T03:55:19.241Z","token_ready":false,"user_ready":false,"show_login":false,"show_voip_tester":false,"selected_call_mode":"pstn_assist","visible":false,"platform":"android","sorisae_fab_setting":true,"pending_incoming_voip":false,"voip_call_active":false,"sorisae_window_open":false}'
08-17 12:55:19.298 I/ReactNativeJS(24521): '[FACE_CONVERSATION]', '{"event":"silero_probe","supported":false}'
08-17 12:55:20.417 I/ReactNativeJS(24521): '[WORLDLINGCO_TUNING]', '{"event":"remote_loaded","updated_at":"2026-08-14T06:06:31Z","version":6}'
08-17 12:55:35.357 I/ReactNativeJS(24521): '[UI_PRESS_PROBE]', '{"event":"LOGIN_BUTTON_PRESS","timestamp":"2026-08-17T03:55:35.355Z","token_ready":false,"user_ready":false,"show_login":false,"show_voip_tester":false,"selected_call_mode":"pstn_assist","source":"header_account_row"}'
08-17 12:55:42.878 I/ReactNativeJS(24521): '[AUTH_INPUT_PROBE]', '{"event":"EMAIL_FOCUS","timestamp":"2026-08-17T03:55:42.876Z","show_login":true,"focus_field":"NONE","email_length":0,"password_length":0}'
08-17 12:55:53.987 I/ReactNativeJS(24521): '[AUTH_INPUT_PROBE]', '{"event":"EMAIL_CHANGE","timestamp":"2026-08-17T03:55:53.985Z","show_login":true,"focus_field":"EMAIL","email_length":0,"password_length":0,"next_length":1}'
08-17 12:55:54.530 I/ReactNativeJS(24521): '[AUTH_INPUT_PROBE]', '{"event":"EMAIL_CHANGE","timestamp":"2026-08-17T03:55:54.529Z","show_login":true,"focus_field":"EMAIL","email_length":1,"password_length":0,"next_length":2}'
08-17 12:55:54.533 I/ReactNativeJS(24521): '[AUTH_INPUT_PROBE]', '{"event":"EMAIL_CHANGE","timestamp":"2026-08-17T03:55:54.532Z","show_login":true,"focus_field":"EMAIL","email_length":1,"password_length":0,"next_length":3}'
08-17 12:55:54.536 I/ReactNativeJS(24521): '[AUTH_INPUT_PROBE]', '{"event":"EMAIL_CHANGE","timestamp":"2026-08-17T03:55:54.534Z","show_login":true,"focus_field":"EMAIL","email_length":1,"password_length":0,"next_length":4}'
08-17 12:55:54.540 I/ReactNativeJS(24521): '[AUTH_INPUT_PROBE]', '{"event":"EMAIL_CHANGE","timestamp":"2026-08-17T03:55:54.538Z","show_login":true,"focus_field":"EMAIL","email_length":1,"password_length":0,"next_length":5}'
08-17 12:55:54.544 I/ReactNativeJS(24521): '[AUTH_INPUT_PROBE]', '{"event":"EMAIL_CHANGE","timestamp":"2026-08-17T03:55:54.542Z","show_login":true,"focus_field":"EMAIL","email_length":1,"password_length":0,"next_length":6}'
08-17 12:55:54.546 I/ReactNativeJS(24521): '[AUTH_INPUT_PROBE]', '{"event":"EMAIL_CHANGE","timestamp":"2026-08-17T03:55:54.545Z","show_login":true,"focus_field":"EMAIL","email_length":1,"password_length":0,"next_length":7}'
08-17 12:55:54.549 I/ReactNativeJS(24521): '[AUTH_INPUT_PROBE]', '{"event":"EMAIL_CHANGE","timestamp":"2026-08-17T03:55:54.547Z","show_login":true,"focus_field":"EMAIL","email_length":1,"password_length":0,"next_length":8}'
08-17 12:55:54.552 I/ReactNativeJS(24521): '[AUTH_INPUT_PROBE]', '{"event":"EMAIL_CHANGE","timestamp":"2026-08-17T03:55:54.550Z","show_login":true,"focus_field":"EMAIL","email_length":1,"password_length":0,"next_length":9}'
08-17 12:55:54.554 I/ReactNativeJS(24521): '[AUTH_INPUT_PROBE]', '{"event":"EMAIL_CHANGE","timestamp":"2026-08-17T03:55:54.553Z","show_login":true,"focus_field":"EMAIL","email_length":1,"password_length":0,"next_length":10}'
08-17 12:55:54.557 I/ReactNativeJS(24521): '[AUTH_INPUT_PROBE]', '{"event":"EMAIL_CHANGE","timestamp":"2026-08-17T03:55:54.555Z","show_login":true,"focus_field":"EMAIL","email_length":1,"password_length":0,"next_length":11}'
08-17 12:55:55.079 I/ReactNativeJS(24521): '[AUTH_INPUT_PROBE]', '{"event":"EMAIL_CHANGE","timestamp":"2026-08-17T03:55:55.078Z","show_login":true,"focus_field":"EMAIL","email_length":11,"password_length":0,"next_length":12}'
08-17 12:55:55.081 I/ReactNativeJS(24521): '[AUTH_INPUT_PROBE]', '{"event":"EMAIL_CHANGE","timestamp":"2026-08-17T03:55:55.080Z","show_login":true,"focus_field":"EMAIL","email_length":11,"password_length":0,"next_length":13}'
08-17 12:55:55.084 I/ReactNativeJS(24521): '[AUTH_INPUT_PROBE]', '{"event":"EMAIL_CHANGE","timestamp":"2026-08-17T03:55:55.082Z","show_login":true,"focus_field":"EMAIL","email_length":11,"password_length":0,"next_length":14}'
08-17 12:55:55.086 I/ReactNativeJS(24521): '[AUTH_INPUT_PROBE]', '{"event":"EMAIL_CHANGE","timestamp":"2026-08-17T03:55:55.085Z","show_login":true,"focus_field":"EMAIL","email_length":11,"password_length":0,"next_length":15}'
08-17 12:55:55.089 I/ReactNativeJS(24521): '[AUTH_INPUT_PROBE]', '{"event":"EMAIL_CHANGE","timestamp":"2026-08-17T03:55:55.087Z","show_login":true,"focus_field":"EMAIL","email_length":11,"password_length":0,"next_length":16}'
08-17 12:55:55.091 I/ReactNativeJS(24521): '[AUTH_INPUT_PROBE]', '{"event":"EMAIL_CHANGE","timestamp":"2026-08-17T03:55:55.090Z","show_login":true,"focus_field":"EMAIL","email_length":11,"password_length":0,"next_length":17}'
08-17 12:55:58.595 I/ReactNativeJS(24521): '[AUTH_INPUT_PROBE]', '{"event":"EMAIL_BLUR","timestamp":"2026-08-17T03:55:58.594Z","show_login":true,"focus_field":"EMAIL","email_length":17,"password_length":0}'
08-17 12:55:58.599 I/ReactNativeJS(24521): '[AUTH_INPUT_PROBE]', '{"event":"PASSWORD_FOCUS","timestamp":"2026-08-17T03:55:58.597Z","show_login":true,"focus_field":"EMAIL","email_length":17,"password_length":0}'
08-17 12:56:09.853 I/ReactNativeJS(24521): '[AUTH_INPUT_PROBE]', '{"event":"PASSWORD_CHANGE","timestamp":"2026-08-17T03:56:09.852Z","show_login":true,"focus_field":"PASSWORD","email_length":17,"password_length":0,"next_length":1}'
08-17 12:56:10.346 I/ReactNativeJS(24521): '[AUTH_INPUT_PROBE]', '{"event":"PASSWORD_CHANGE","timestamp":"2026-08-17T03:56:10.345Z","show_login":true,"focus_field":"PASSWORD","email_length":17,"password_length":1,"next_length":2}'
08-17 12:56:10.349 I/ReactNativeJS(24521): '[AUTH_INPUT_PROBE]', '{"event":"PASSWORD_CHANGE","timestamp":"2026-08-17T03:56:10.347Z","show_login":true,"focus_field":"PASSWORD","email_length":17,"password_length":1,"next_length":3}'
08-17 12:56:10.352 I/ReactNativeJS(24521): '[AUTH_INPUT_PROBE]', '{"event":"PASSWORD_CHANGE","timestamp":"2026-08-17T03:56:10.350Z","show_login":true,"focus_field":"PASSWORD","email_length":17,"password_length":1,"next_length":4}'
08-17 12:56:10.356 I/ReactNativeJS(24521): '[AUTH_INPUT_PROBE]', '{"event":"PASSWORD_CHANGE","timestamp":"2026-08-17T03:56:10.353Z","show_login":true,"focus_field":"PASSWORD","email_length":17,"password_length":1,"next_length":5}'
08-17 12:56:10.360 I/ReactNativeJS(24521): '[AUTH_INPUT_PROBE]', '{"event":"PASSWORD_CHANGE","timestamp":"2026-08-17T03:56:10.358Z","show_login":true,"focus_field":"PASSWORD","email_length":17,"password_length":1,"next_length":6}'
08-17 12:56:10.362 I/ReactNativeJS(24521): '[AUTH_INPUT_PROBE]', '{"event":"PASSWORD_CHANGE","timestamp":"2026-08-17T03:56:10.360Z","show_login":true,"focus_field":"PASSWORD","email_length":17,"password_length":1,"next_length":7}'
08-17 12:56:10.365 I/ReactNativeJS(24521): '[AUTH_INPUT_PROBE]', '{"event":"PASSWORD_CHANGE","timestamp":"2026-08-17T03:56:10.363Z","show_login":true,"focus_field":"PASSWORD","email_length":17,"password_length":1,"next_length":8}'
08-17 12:56:10.907 I/ReactNativeJS(24521): '[AUTH_INPUT_PROBE]', '{"event":"PASSWORD_CHANGE","timestamp":"2026-08-17T03:56:10.906Z","show_login":true,"focus_field":"PASSWORD","email_length":17,"password_length":8,"next_length":8}'
08-17 12:56:10.909 I/ReactNativeJS(24521): '[AUTH_INPUT_PROBE]', '{"event":"PASSWORD_CHANGE","timestamp":"2026-08-17T03:56:10.908Z","show_login":true,"focus_field":"PASSWORD","email_length":17,"password_length":8,"next_length":9}'
08-17 12:56:10.912 I/ReactNativeJS(24521): '[AUTH_INPUT_PROBE]', '{"event":"PASSWORD_CHANGE","timestamp":"2026-08-17T03:56:10.910Z","show_login":true,"focus_field":"PASSWORD","email_length":17,"password_length":8,"next_length":10}'
08-17 12:56:10.914 I/ReactNativeJS(24521): '[AUTH_INPUT_PROBE]', '{"event":"PASSWORD_CHANGE","timestamp":"2026-08-17T03:56:10.913Z","show_login":true,"focus_field":"PASSWORD","email_length":17,"password_length":8,"next_length":11}'
08-17 12:56:10.917 I/ReactNativeJS(24521): '[AUTH_INPUT_PROBE]', '{"event":"PASSWORD_CHANGE","timestamp":"2026-08-17T03:56:10.915Z","show_login":true,"focus_field":"PASSWORD","email_length":17,"password_length":8,"next_length":12}'
08-17 12:56:10.919 I/ReactNativeJS(24521): '[AUTH_INPUT_PROBE]', '{"event":"PASSWORD_CHANGE","timestamp":"2026-08-17T03:56:10.918Z","show_login":true,"focus_field":"PASSWORD","email_length":17,"password_length":8,"next_length":13}'
08-17 12:56:11.698 I/ReactNativeJS(24521): '[WORLDLINGCO_TUNING]', '{"event":"remote_loaded","updated_at":"2026-08-14T06:06:31Z","version":6}'
08-17 12:56:19.952 I/ReactNativeJS(24521): '[WORLDLINGCO_TUNING]', '{"event":"remote_loaded","updated_at":"2026-08-14T06:06:31Z","version":6}'
08-17 12:56:28.089 I/ReactNativeJS(24521): '[WORLDLINGCO_TUNING]', '{"event":"remote_loaded","updated_at":"2026-08-14T06:06:31Z","version":6}'
08-17 12:56:36.193 I/ReactNativeJS(24521): '[WORLDLINGCO_TUNING]', '{"event":"remote_loaded","updated_at":"2026-08-14T06:06:31Z","version":6}'
08-17 12:56:44.449 I/ReactNativeJS(24521): '[WORLDLINGCO_TUNING]', '{"event":"remote_loaded","updated_at":"2026-08-14T06:06:31Z","version":6}'
08-17 12:56:48.777 I/ReactNativeJS(24521): '[WORLDLINGCO_TUNING]', '{"event":"remote_loaded","updated_at":"2026-08-14T06:06:31Z","version":6}'
08-17 12:56:53.156 I/ReactNativeJS(24521): '[WORLDLINGCO_TUNING]', '{"event":"remote_loaded","updated_at":"2026-08-14T06:06:31Z","version":6}'
