--------- beginning of main
08-17 12:35:58.624 W/ReactNativeJS(15280): Require cycle: src/features/navigation/sectionRegistry.ts -> src/features/i18n/featureUiCatalog.ts -> src/features/i18n/uiI18n.ts -> src/features/i18n/uiStringCatalog.ts -> src/features/navigation/sectionRegistry.ts
08-17 12:35:58.624 W/ReactNativeJS(15280): 
08-17 12:35:58.624 W/ReactNativeJS(15280): Require cycles are allowed, but can result in uninitialized values. Consider refactoring to remove the need for a cycle.
08-17 12:36:00.055 I/ReactNativeJS(15280): '[VoIP] WebRTC module loaded', { module: 'react-native-webrtc',
08-17 12:36:00.055 I/ReactNativeJS(15280):   hasPeerConnection: true,
08-17 12:36:00.055 I/ReactNativeJS(15280):   hasMediaDevices: true }
08-17 12:36:00.825 W/ReactNativeJS(15280): This method is deprecated (as well as all React Native Firebase namespaced API) and will be removed in the next major release as part of move to match Firebase Web modular SDK API. Please see migration guide for more details: https://rnfirebase.io/migrating-to-v22 Please use `getApps()` instead.
08-17 12:36:00.847 W/ReactNativeJS(15280): This method is deprecated (as well as all React Native Firebase namespaced API) and will be removed in the next major release as part of move to match Firebase Web modular SDK API. Please see migration guide for more details: https://rnfirebase.io/migrating-to-v22 Please use `initializeApp()` instead.
08-17 12:36:00.861 W/ReactNativeJS(15280): This method is deprecated (as well as all React Native Firebase namespaced API) and will be removed in the next major release as part of move to match Firebase Web modular SDK API. Please see migration guide for more details: https://rnfirebase.io/migrating-to-v22 Please use `getApps()` instead.
08-17 12:36:00.873 W/ReactNativeJS(15280): This method is deprecated (as well as all React Native Firebase namespaced API) and will be removed in the next major release as part of move to match Firebase Web modular SDK API. Please see migration guide for more details: https://rnfirebase.io/migrating-to-v22 Please use `getApp()` instead.
08-17 12:36:01.048 I/ReactNativeJS(15280): Running "main" with {"rootTag":1,"initialProps":{},"fabric":true}
08-17 12:36:06.383 I/ReactNativeJS(15280): '[UI_PRESS_PROBE]', '{"event":"NETWORK_TRANSPORT_CHANGED","timestamp":"2026-08-17T03:36:06.380Z","token_ready":false,"user_ready":false,"show_login":false,"show_voip_tester":false,"selected_call_mode":"pstn_assist","transport":"unknown","cellular_generation":null,"label":"알 수 없음","is_connected":false,"is_internet_reachable":null,"carrier":null,"ssid":null,"is_accurate_voip_test_ready":false,"previous_label":null}'
08-17 12:36:06.497 I/ReactNativeJS(15280): '[WORLDLINGCO_API] base_url', 'https://metanova1004.com'
08-17 12:36:06.627 I/ReactNativeJS(15280): [VoIPToneService] AudioContext not available (React Native environment)
08-17 12:36:06.831 I/ReactNativeJS(15280): '[UI_PRESS_PROBE]', '{"event":"SORISAE_FAB_VISIBLE_EVAL","timestamp":"2026-08-17T03:36:06.828Z","token_ready":false,"user_ready":false,"show_login":false,"show_voip_tester":false,"selected_call_mode":"pstn_assist","visible":false,"platform":"android","sorisae_fab_setting":true,"pending_incoming_voip":false,"voip_call_active":false,"sorisae_window_open":false}'
08-17 12:36:06.880 I/ReactNativeJS(15280): '[FACE_CONVERSATION]', '{"event":"silero_probe","supported":false}'
08-17 12:36:07.940 I/ReactNativeJS(15280): '[WORLDLINGCO_TUNING]', '{"event":"remote_loaded","updated_at":"2026-08-14T06:06:31Z","version":6}'
08-17 12:36:23.121 I/ReactNativeJS(15280): '[UI_PRESS_PROBE]', '{"event":"LOGIN_BUTTON_PRESS","timestamp":"2026-08-17T03:36:23.118Z","token_ready":false,"user_ready":false,"show_login":false,"show_voip_tester":false,"selected_call_mode":"pstn_assist","source":"header_account_row"}'
08-17 12:36:30.633 I/ReactNativeJS(15280): '[AUTH_INPUT_PROBE]', '{"event":"EMAIL_FOCUS","timestamp":"2026-08-17T03:36:30.631Z","show_login":true,"focus_field":"NONE","email_length":0,"password_length":0}'
08-17 12:36:41.673 I/ReactNativeJS(15280): '[AUTH_INPUT_PROBE]', '{"event":"EMAIL_CHANGE","timestamp":"2026-08-17T03:36:41.671Z","show_login":true,"focus_field":"EMAIL","email_length":0,"password_length":0,"next_length":1}'
08-17 12:36:42.119 I/ReactNativeJS(15280): '[AUTH_INPUT_PROBE]', '{"event":"EMAIL_CHANGE","timestamp":"2026-08-17T03:36:42.118Z","show_login":true,"focus_field":"EMAIL","email_length":1,"password_length":0,"next_length":2}'
08-17 12:36:42.122 I/ReactNativeJS(15280): '[AUTH_INPUT_PROBE]', '{"event":"EMAIL_CHANGE","timestamp":"2026-08-17T03:36:42.121Z","show_login":true,"focus_field":"EMAIL","email_length":1,"password_length":0,"next_length":3}'
08-17 12:36:42.125 I/ReactNativeJS(15280): '[AUTH_INPUT_PROBE]', '{"event":"EMAIL_CHANGE","timestamp":"2026-08-17T03:36:42.123Z","show_login":true,"focus_field":"EMAIL","email_length":1,"password_length":0,"next_length":4}'
08-17 12:36:42.129 I/ReactNativeJS(15280): '[AUTH_INPUT_PROBE]', '{"event":"EMAIL_CHANGE","timestamp":"2026-08-17T03:36:42.126Z","show_login":true,"focus_field":"EMAIL","email_length":1,"password_length":0,"next_length":5}'
08-17 12:36:42.132 I/ReactNativeJS(15280): '[AUTH_INPUT_PROBE]', '{"event":"EMAIL_CHANGE","timestamp":"2026-08-17T03:36:42.130Z","show_login":true,"focus_field":"EMAIL","email_length":1,"password_length":0,"next_length":6}'
08-17 12:36:42.135 I/ReactNativeJS(15280): '[AUTH_INPUT_PROBE]', '{"event":"EMAIL_CHANGE","timestamp":"2026-08-17T03:36:42.133Z","show_login":true,"focus_field":"EMAIL","email_length":1,"password_length":0,"next_length":7}'
08-17 12:36:42.137 I/ReactNativeJS(15280): '[AUTH_INPUT_PROBE]', '{"event":"EMAIL_CHANGE","timestamp":"2026-08-17T03:36:42.136Z","show_login":true,"focus_field":"EMAIL","email_length":1,"password_length":0,"next_length":8}'
08-17 12:36:42.140 I/ReactNativeJS(15280): '[AUTH_INPUT_PROBE]', '{"event":"EMAIL_CHANGE","timestamp":"2026-08-17T03:36:42.138Z","show_login":true,"focus_field":"EMAIL","email_length":1,"password_length":0,"next_length":9}'
08-17 12:36:42.633 I/ReactNativeJS(15280): '[AUTH_INPUT_PROBE]', '{"event":"EMAIL_CHANGE","timestamp":"2026-08-17T03:36:42.623Z","show_login":true,"focus_field":"EMAIL","email_length":9,"password_length":0,"next_length":10}'
08-17 12:36:42.636 I/ReactNativeJS(15280): '[AUTH_INPUT_PROBE]', '{"event":"EMAIL_CHANGE","timestamp":"2026-08-17T03:36:42.634Z","show_login":true,"focus_field":"EMAIL","email_length":9,"password_length":0,"next_length":11}'
08-17 12:36:42.639 I/ReactNativeJS(15280): '[AUTH_INPUT_PROBE]', '{"event":"EMAIL_CHANGE","timestamp":"2026-08-17T03:36:42.637Z","show_login":true,"focus_field":"EMAIL","email_length":9,"password_length":0,"next_length":12}'
08-17 12:36:42.641 I/ReactNativeJS(15280): '[AUTH_INPUT_PROBE]', '{"event":"EMAIL_CHANGE","timestamp":"2026-08-17T03:36:42.640Z","show_login":true,"focus_field":"EMAIL","email_length":9,"password_length":0,"next_length":13}'
08-17 12:36:42.644 I/ReactNativeJS(15280): '[AUTH_INPUT_PROBE]', '{"event":"EMAIL_CHANGE","timestamp":"2026-08-17T03:36:42.642Z","show_login":true,"focus_field":"EMAIL","email_length":9,"password_length":0,"next_length":14}'
08-17 12:36:42.646 I/ReactNativeJS(15280): '[AUTH_INPUT_PROBE]', '{"event":"EMAIL_CHANGE","timestamp":"2026-08-17T03:36:42.645Z","show_login":true,"focus_field":"EMAIL","email_length":9,"password_length":0,"next_length":15}'
08-17 12:36:42.649 I/ReactNativeJS(15280): '[AUTH_INPUT_PROBE]', '{"event":"EMAIL_CHANGE","timestamp":"2026-08-17T03:36:42.647Z","show_login":true,"focus_field":"EMAIL","email_length":9,"password_length":0,"next_length":16}'
08-17 12:36:42.651 I/ReactNativeJS(15280): '[AUTH_INPUT_PROBE]', '{"event":"EMAIL_CHANGE","timestamp":"2026-08-17T03:36:42.650Z","show_login":true,"focus_field":"EMAIL","email_length":9,"password_length":0,"next_length":17}'
08-17 12:36:46.219 I/ReactNativeJS(15280): '[AUTH_INPUT_PROBE]', '{"event":"EMAIL_BLUR","timestamp":"2026-08-17T03:36:46.217Z","show_login":true,"focus_field":"EMAIL","email_length":17,"password_length":0}'
08-17 12:36:46.224 I/ReactNativeJS(15280): '[AUTH_INPUT_PROBE]', '{"event":"PASSWORD_FOCUS","timestamp":"2026-08-17T03:36:46.221Z","show_login":true,"focus_field":"EMAIL","email_length":17,"password_length":0}'
08-17 12:36:57.387 I/ReactNativeJS(15280): '[AUTH_INPUT_PROBE]', '{"event":"PASSWORD_CHANGE","timestamp":"2026-08-17T03:36:57.386Z","show_login":true,"focus_field":"PASSWORD","email_length":17,"password_length":0,"next_length":1}'
08-17 12:36:57.883 I/ReactNativeJS(15280): '[AUTH_INPUT_PROBE]', '{"event":"PASSWORD_CHANGE","timestamp":"2026-08-17T03:36:57.882Z","show_login":true,"focus_field":"PASSWORD","email_length":17,"password_length":1,"next_length":2}'
08-17 12:36:57.886 I/ReactNativeJS(15280): '[AUTH_INPUT_PROBE]', '{"event":"PASSWORD_CHANGE","timestamp":"2026-08-17T03:36:57.884Z","show_login":true,"focus_field":"PASSWORD","email_length":17,"password_length":1,"next_length":3}'
08-17 12:36:57.889 I/ReactNativeJS(15280): '[AUTH_INPUT_PROBE]', '{"event":"PASSWORD_CHANGE","timestamp":"2026-08-17T03:36:57.887Z","show_login":true,"focus_field":"PASSWORD","email_length":17,"password_length":1,"next_length":4}'
08-17 12:36:57.893 I/ReactNativeJS(15280): '[AUTH_INPUT_PROBE]', '{"event":"PASSWORD_CHANGE","timestamp":"2026-08-17T03:36:57.892Z","show_login":true,"focus_field":"PASSWORD","email_length":17,"password_length":1,"next_length":5}'
08-17 12:36:57.896 I/ReactNativeJS(15280): '[AUTH_INPUT_PROBE]', '{"event":"PASSWORD_CHANGE","timestamp":"2026-08-17T03:36:57.894Z","show_login":true,"focus_field":"PASSWORD","email_length":17,"password_length":1,"next_length":6}'
08-17 12:36:57.898 I/ReactNativeJS(15280): '[AUTH_INPUT_PROBE]', '{"event":"PASSWORD_CHANGE","timestamp":"2026-08-17T03:36:57.897Z","show_login":true,"focus_field":"PASSWORD","email_length":17,"password_length":1,"next_length":7}'
08-17 12:36:57.901 I/ReactNativeJS(15280): '[AUTH_INPUT_PROBE]', '{"event":"PASSWORD_CHANGE","timestamp":"2026-08-17T03:36:57.900Z","show_login":true,"focus_field":"PASSWORD","email_length":17,"password_length":1,"next_length":8}'
08-17 12:36:58.448 I/ReactNativeJS(15280): '[AUTH_INPUT_PROBE]', '{"event":"PASSWORD_CHANGE","timestamp":"2026-08-17T03:36:58.447Z","show_login":true,"focus_field":"PASSWORD","email_length":17,"password_length":8,"next_length":9}'
08-17 12:36:58.450 I/ReactNativeJS(15280): '[AUTH_INPUT_PROBE]', '{"event":"PASSWORD_CHANGE","timestamp":"2026-08-17T03:36:58.449Z","show_login":true,"focus_field":"PASSWORD","email_length":17,"password_length":8,"next_length":10}'
08-17 12:36:58.453 I/ReactNativeJS(15280): '[AUTH_INPUT_PROBE]', '{"event":"PASSWORD_CHANGE","timestamp":"2026-08-17T03:36:58.452Z","show_login":true,"focus_field":"PASSWORD","email_length":17,"password_length":8,"next_length":11}'
08-17 12:36:58.455 I/ReactNativeJS(15280): '[AUTH_INPUT_PROBE]', '{"event":"PASSWORD_CHANGE","timestamp":"2026-08-17T03:36:58.454Z","show_login":true,"focus_field":"PASSWORD","email_length":17,"password_length":8,"next_length":12}'
08-17 12:36:58.458 I/ReactNativeJS(15280): '[AUTH_INPUT_PROBE]', '{"event":"PASSWORD_CHANGE","timestamp":"2026-08-17T03:36:58.456Z","show_login":true,"focus_field":"PASSWORD","email_length":17,"password_length":8,"next_length":13}'
08-17 12:36:59.189 I/ReactNativeJS(15280): '[WORLDLINGCO_TUNING]', '{"event":"remote_loaded","updated_at":"2026-08-14T06:06:31Z","version":6}'
08-17 12:37:10.294 I/ReactNativeJS(15280): '[WORLDLINGCO_TUNING]', '{"event":"remote_loaded","updated_at":"2026-08-14T06:06:31Z","version":6}'
08-17 12:37:21.488 I/ReactNativeJS(15280): '[WORLDLINGCO_TUNING]', '{"event":"remote_loaded","updated_at":"2026-08-14T06:06:31Z","version":6}'
08-17 12:37:32.706 I/ReactNativeJS(15280): '[WORLDLINGCO_TUNING]', '{"event":"remote_loaded","updated_at":"2026-08-14T06:06:31Z","version":6}'
08-17 12:37:43.814 I/ReactNativeJS(15280): '[WORLDLINGCO_TUNING]', '{"event":"remote_loaded","updated_at":"2026-08-14T06:06:31Z","version":6}'
08-17 12:37:48.109 I/ReactNativeJS(15280): '[WORLDLINGCO_TUNING]', '{"event":"remote_loaded","updated_at":"2026-08-14T06:06:31Z","version":6}'
08-17 12:37:52.494 I/ReactNativeJS(15280): '[WORLDLINGCO_TUNING]', '{"event":"remote_loaded","updated_at":"2026-08-14T06:06:31Z","version":6}'
