--------- beginning of main
08-17 15:00:44.055 W/ReactNativeJS( 2000): Require cycle: src/features/navigation/sectionRegistry.ts -> src/features/i18n/featureUiCatalog.ts -> src/features/i18n/uiI18n.ts -> src/features/i18n/uiStringCatalog.ts -> src/features/navigation/sectionRegistry.ts
08-17 15:00:44.055 W/ReactNativeJS( 2000): 
08-17 15:00:44.055 W/ReactNativeJS( 2000): Require cycles are allowed, but can result in uninitialized values. Consider refactoring to remove the need for a cycle.
08-17 15:00:45.433 I/ReactNativeJS( 2000): '[VoIP] WebRTC module loaded', { module: 'react-native-webrtc',
08-17 15:00:45.433 I/ReactNativeJS( 2000):   hasPeerConnection: true,
08-17 15:00:45.433 I/ReactNativeJS( 2000):   hasMediaDevices: true }
08-17 15:00:46.173 W/ReactNativeJS( 2000): This method is deprecated (as well as all React Native Firebase namespaced API) and will be removed in the next major release as part of move to match Firebase Web modular SDK API. Please see migration guide for more details: https://rnfirebase.io/migrating-to-v22 Please use `getApps()` instead.
08-17 15:00:46.193 W/ReactNativeJS( 2000): This method is deprecated (as well as all React Native Firebase namespaced API) and will be removed in the next major release as part of move to match Firebase Web modular SDK API. Please see migration guide for more details: https://rnfirebase.io/migrating-to-v22 Please use `initializeApp()` instead.
08-17 15:00:46.206 W/ReactNativeJS( 2000): This method is deprecated (as well as all React Native Firebase namespaced API) and will be removed in the next major release as part of move to match Firebase Web modular SDK API. Please see migration guide for more details: https://rnfirebase.io/migrating-to-v22 Please use `getApps()` instead.
08-17 15:00:46.217 W/ReactNativeJS( 2000): This method is deprecated (as well as all React Native Firebase namespaced API) and will be removed in the next major release as part of move to match Firebase Web modular SDK API. Please see migration guide for more details: https://rnfirebase.io/migrating-to-v22 Please use `getApp()` instead.
08-17 15:00:46.407 I/ReactNativeJS( 2000): Running "main" with {"rootTag":1,"initialProps":{},"fabric":true}
08-17 15:00:51.580 I/ReactNativeJS( 2000): '[UI_PRESS_PROBE]', '{"event":"NETWORK_TRANSPORT_CHANGED","timestamp":"2026-08-17T06:00:51.578Z","token_ready":false,"user_ready":false,"show_login":false,"show_voip_tester":false,"selected_call_mode":"pstn_assist","transport":"unknown","cellular_generation":null,"label":"알 수 없음","is_connected":false,"is_internet_reachable":null,"carrier":null,"ssid":null,"is_accurate_voip_test_ready":false,"previous_label":null}'
08-17 15:00:51.695 I/ReactNativeJS( 2000): '[WORLDLINGCO_API] base_url', 'https://metanova1004.com'
08-17 15:00:51.830 I/ReactNativeJS( 2000): [VoIPToneService] AudioContext not available (React Native environment)
08-17 15:00:52.048 I/ReactNativeJS( 2000): '[UI_PRESS_PROBE]', '{"event":"SORISAE_FAB_VISIBLE_EVAL","timestamp":"2026-08-17T06:00:52.045Z","token_ready":false,"user_ready":false,"show_login":false,"show_voip_tester":false,"selected_call_mode":"pstn_assist","visible":false,"platform":"android","sorisae_fab_setting":true,"pending_incoming_voip":false,"voip_call_active":false,"sorisae_window_open":false}'
08-17 15:00:52.100 I/ReactNativeJS( 2000): '[FACE_CONVERSATION]', '{"event":"silero_probe","supported":false}'
08-17 15:00:53.226 I/ReactNativeJS( 2000): '[WORLDLINGCO_TUNING]', '{"event":"remote_loaded","updated_at":"2026-08-14T06:06:31Z","version":6}'
08-17 15:01:12.859 I/ReactNativeJS( 2000): '[UI_PRESS_PROBE]', '{"event":"LOGIN_BUTTON_PRESS","timestamp":"2026-08-17T06:01:12.856Z","token_ready":false,"user_ready":false,"show_login":false,"show_voip_tester":false,"selected_call_mode":"pstn_assist","source":"header_account_row"}'
08-17 15:01:17.886 I/ReactNativeJS( 2000): '[WORLDLINGCO_TUNING]', '{"event":"remote_loaded","updated_at":"2026-08-14T06:06:31Z","version":6}'
08-17 15:01:19.129 I/ReactNativeJS( 2000): '[WORLDLINGCO_TUNING]', '{"event":"remote_loaded","updated_at":"2026-08-14T06:06:31Z","version":6}'
08-17 15:01:20.511 I/ReactNativeJS( 2000): '[WORLDLINGCO_TUNING]', '{"event":"remote_loaded","updated_at":"2026-08-14T06:06:31Z","version":6}'
08-17 15:01:21.778 I/ReactNativeJS( 2000): '[WORLDLINGCO_TUNING]', '{"event":"remote_loaded","updated_at":"2026-08-14T06:06:31Z","version":6}'
08-17 15:01:22.687 I/ReactNativeJS( 2000): '[WORLDLINGCO_TUNING]', '{"event":"remote_loaded","updated_at":"2026-08-14T06:06:31Z","version":6}'
08-17 15:01:23.658 I/ReactNativeJS( 2000): '[WORLDLINGCO_TUNING]', '{"event":"remote_loaded","updated_at":"2026-08-14T06:06:31Z","version":6}'
08-17 15:01:31.119 I/ReactNativeJS( 2000): '[AUTH_FLOW]', '{"event":"DEMO_SESSION_START","target_section":"chat"}'
08-17 15:01:31.686 I/ReactNativeJS( 2000): '[AUTH_FLOW]', '{"event":"DEMO_SESSION_FAIL","target_section":"chat","error":"value is not a valid email address: The part after the @-sign is not valid. It should have a period."}'
08-17 15:01:32.144 I/ReactNativeJS( 2000): '[WORLDLINGCO_TUNING]', '{"event":"remote_loaded","updated_at":"2026-08-14T06:06:31Z","version":6}'
08-17 15:01:32.902 I/ReactNativeJS( 2000): '[WORLDLINGCO_TUNING]', '{"event":"remote_loaded","updated_at":"2026-08-14T06:06:31Z","version":6}'
08-17 15:01:33.711 I/ReactNativeJS( 2000): '[WORLDLINGCO_TUNING]', '{"event":"remote_loaded","updated_at":"2026-08-14T06:06:31Z","version":6}'
