--------- beginning of main
08-17 21:54:31.588 I/ReactNativeJS(23913): '[VoIP] WebRTC module loaded', { module: 'react-native-webrtc',
08-17 21:54:31.588 I/ReactNativeJS(23913):   hasPeerConnection: true,
08-17 21:54:31.588 I/ReactNativeJS(23913):   hasMediaDevices: true }
08-17 21:54:31.603 W/ReactNativeJS(23913): This method is deprecated (as well as all React Native Firebase namespaced API) and will be removed in the next major release as part of move to match Firebase Web modular SDK API. Please see migration guide for more details: https://rnfirebase.io/migrating-to-v22 Please use `getApps()` instead.
08-17 21:54:31.605 W/ReactNativeJS(23913): This method is deprecated (as well as all React Native Firebase namespaced API) and will be removed in the next major release as part of move to match Firebase Web modular SDK API. Please see migration guide for more details: https://rnfirebase.io/migrating-to-v22 Please use `initializeApp()` instead.
08-17 21:54:31.607 W/ReactNativeJS(23913): This method is deprecated (as well as all React Native Firebase namespaced API) and will be removed in the next major release as part of move to match Firebase Web modular SDK API. Please see migration guide for more details: https://rnfirebase.io/migrating-to-v22 Please use `getApps()` instead.
08-17 21:54:31.607 W/ReactNativeJS(23913): This method is deprecated (as well as all React Native Firebase namespaced API) and will be removed in the next major release as part of move to match Firebase Web modular SDK API. Please see migration guide for more details: https://rnfirebase.io/migrating-to-v22 Please use `getApp()` instead.
08-17 21:54:31.636 I/ReactNativeJS(23913): Running "main"
08-17 21:54:31.823 I/ReactNativeJS(23913): '[UI_PRESS_PROBE]', '{"event":"NETWORK_TRANSPORT_CHANGED","timestamp":"2026-08-17T12:54:31.823Z","token_ready":false,"user_ready":false,"show_login":false,"show_voip_tester":false,"selected_call_mode":"pstn_assist","transport":"unknown","cellular_generation":null,"label":"알 수 없음","is_connected":false,"is_internet_reachable":null,"carrier":null,"ssid":null,"is_accurate_voip_test_ready":false,"previous_label":null}'
08-17 21:54:31.826 I/ReactNativeJS(23913): '[WORLDLINGCO_API] base_url', 'https://metanova1004.com'
08-17 21:54:31.831 I/ReactNativeJS(23913): [VoIPToneService] AudioContext not available (React Native environment)
08-17 21:54:31.833 I/ReactNativeJS(23913): '[UI_PRESS_PROBE]', '{"event":"SORISAE_FAB_VISIBLE_EVAL","timestamp":"2026-08-17T12:54:31.833Z","token_ready":false,"user_ready":false,"show_login":false,"show_voip_tester":false,"selected_call_mode":"pstn_assist","visible":false,"platform":"android","sorisae_fab_setting":true,"pending_incoming_voip":false,"voip_call_active":false,"sorisae_window_open":false}'
08-17 21:54:31.834 I/ReactNativeJS(23913): '[FACE_CONVERSATION]', '{"event":"silero_probe","supported":false}'
08-17 21:54:32.110 I/ReactNativeJS(23913): '[WORLDLINGCO_TUNING]', '{"event":"remote_loaded","updated_at":"2026-08-14T06:06:31Z","version":6}'
08-17 21:54:35.606 I/ReactNativeJS(23913): '[WORLDLINGCO_TUNING]', '{"event":"remote_loaded","updated_at":"2026-08-14T06:06:31Z","version":6}'
08-17 21:54:37.209 I/ReactNativeJS(23913): '[WORLDLINGCO_TUNING]', '{"event":"remote_loaded","updated_at":"2026-08-14T06:06:31Z","version":6}'
08-17 21:54:38.772 I/ReactNativeJS(23913): '[WORLDLINGCO_TUNING]', '{"event":"remote_loaded","updated_at":"2026-08-14T06:06:31Z","version":6}'
08-17 21:54:55.603 I/ReactNativeJS(23913): '[WORLDLINGCO_TUNING]', '{"event":"remote_loaded","updated_at":"2026-08-14T06:06:31Z","version":6}'
08-17 21:54:56.502 I/ReactNativeJS(23913): '[WORLDLINGCO_TUNING]', '{"event":"remote_loaded","updated_at":"2026-08-14T06:06:31Z","version":6}'
08-17 21:54:56.581 I/ReactNativeJS(23913): '[UI_PRESS_PROBE]', '{"event":"LOGIN_BUTTON_PRESS","timestamp":"2026-08-17T12:54:56.581Z","token_ready":false,"user_ready":false,"show_login":false,"show_voip_tester":false,"selected_call_mode":"pstn_assist","source":"header_account_row"}'
08-17 21:54:57.352 I/ReactNativeJS(23913): '[WORLDLINGCO_TUNING]', '{"event":"remote_loaded","updated_at":"2026-08-14T06:06:31Z","version":6}'
08-17 21:54:58.177 I/ReactNativeJS(23913): '[AUTH_INPUT_PROBE]', '{"event":"EMAIL_FOCUS","timestamp":"2026-08-17T12:54:58.177Z","show_login":true,"focus_field":"NONE","email_length":0,"password_length":0}'
08-17 21:54:59.912 I/ReactNativeJS(23913): '[AUTH_INPUT_PROBE]', '{"event":"EMAIL_CHANGE","timestamp":"2026-08-17T12:54:59.912Z","show_login":true,"focus_field":"EMAIL","email_length":0,"password_length":0,"next_length":1}'
08-17 21:55:00.169 I/ReactNativeJS(23913): '[AUTH_INPUT_PROBE]', '{"event":"EMAIL_CHANGE","timestamp":"2026-08-17T12:55:00.169Z","show_login":true,"focus_field":"EMAIL","email_length":1,"password_length":0,"next_length":2}'
08-17 21:55:01.366 I/ReactNativeJS(23913): '[AUTH_INPUT_PROBE]', '{"event":"EMAIL_CHANGE","timestamp":"2026-08-17T12:55:01.366Z","show_login":true,"focus_field":"EMAIL","email_length":2,"password_length":0,"next_length":0}'
08-17 21:55:01.414 I/ReactNativeJS(23913): '[AUTH_INPUT_PROBE]', '{"event":"EMAIL_CHANGE","timestamp":"2026-08-17T12:55:01.413Z","show_login":true,"focus_field":"EMAIL","email_length":0,"password_length":0,"next_length":17}'
08-17 21:55:02.070 I/ReactNativeJS(23913): '[AUTH_INPUT_PROBE]', '{"event":"EMAIL_BLUR","timestamp":"2026-08-17T12:55:02.069Z","show_login":true,"focus_field":"EMAIL","email_length":17,"password_length":0}'
08-17 21:55:02.071 I/ReactNativeJS(23913): '[AUTH_INPUT_PROBE]', '{"event":"PASSWORD_FOCUS","timestamp":"2026-08-17T12:55:02.071Z","show_login":true,"focus_field":"EMAIL","email_length":17,"password_length":0}'
08-17 21:55:04.374 I/ReactNativeJS(23913): '[AUTH_INPUT_PROBE]', '{"event":"PASSWORD_CHANGE","timestamp":"2026-08-17T12:55:04.373Z","show_login":true,"focus_field":"PASSWORD","email_length":17,"password_length":0,"next_length":1}'
08-17 21:55:05.146 I/ReactNativeJS(23913): '[AUTH_INPUT_PROBE]', '{"event":"PASSWORD_CHANGE","timestamp":"2026-08-17T12:55:05.146Z","show_login":true,"focus_field":"PASSWORD","email_length":17,"password_length":1,"next_length":2}'
08-17 21:55:05.813 I/ReactNativeJS(23913): '[AUTH_INPUT_PROBE]', '{"event":"PASSWORD_CHANGE","timestamp":"2026-08-17T12:55:05.813Z","show_login":true,"focus_field":"PASSWORD","email_length":17,"password_length":2,"next_length":3}'
08-17 21:55:06.464 I/ReactNativeJS(23913): '[AUTH_INPUT_PROBE]', '{"event":"PASSWORD_CHANGE","timestamp":"2026-08-17T12:55:06.464Z","show_login":true,"focus_field":"PASSWORD","email_length":17,"password_length":3,"next_length":4}'
08-17 21:55:06.845 I/ReactNativeJS(23913): '[AUTH_INPUT_PROBE]', '{"event":"PASSWORD_CHANGE","timestamp":"2026-08-17T12:55:06.844Z","show_login":true,"focus_field":"PASSWORD","email_length":17,"password_length":4,"next_length":5}'
08-17 21:55:07.759 I/ReactNativeJS(23913): '[AUTH_INPUT_PROBE]', '{"event":"PASSWORD_CHANGE","timestamp":"2026-08-17T12:55:07.759Z","show_login":true,"focus_field":"PASSWORD","email_length":17,"password_length":5,"next_length":6}'
08-17 21:55:08.408 I/ReactNativeJS(23913): '[AUTH_INPUT_PROBE]', '{"event":"PASSWORD_CHANGE","timestamp":"2026-08-17T12:55:08.408Z","show_login":true,"focus_field":"PASSWORD","email_length":17,"password_length":6,"next_length":7}'
08-17 21:55:08.841 I/ReactNativeJS(23913): '[AUTH_INPUT_PROBE]', '{"event":"PASSWORD_CHANGE","timestamp":"2026-08-17T12:55:08.841Z","show_login":true,"focus_field":"PASSWORD","email_length":17,"password_length":7,"next_length":8}'
08-17 21:55:09.523 I/ReactNativeJS(23913): '[AUTH_INPUT_PROBE]', '{"event":"PASSWORD_CHANGE","timestamp":"2026-08-17T12:55:09.523Z","show_login":true,"focus_field":"PASSWORD","email_length":17,"password_length":8,"next_length":9}'
08-17 21:55:12.285 I/ReactNativeJS(23913): '[AUTH_INPUT_PROBE]', '{"event":"PASSWORD_CHANGE","timestamp":"2026-08-17T12:55:12.285Z","show_login":true,"focus_field":"PASSWORD","email_length":17,"password_length":9,"next_length":10}'
08-17 21:55:12.622 I/ReactNativeJS(23913): '[AUTH_INPUT_PROBE]', '{"event":"PASSWORD_CHANGE","timestamp":"2026-08-17T12:55:12.622Z","show_login":true,"focus_field":"PASSWORD","email_length":17,"password_length":10,"next_length":11}'
08-17 21:55:13.806 I/ReactNativeJS(23913): '[AUTH_INPUT_PROBE]', '{"event":"PASSWORD_CHANGE","timestamp":"2026-08-17T12:55:13.805Z","show_login":true,"focus_field":"PASSWORD","email_length":17,"password_length":11,"next_length":12}'
08-17 21:55:16.195 I/ReactNativeJS(23913): '[AUTH_INPUT_PROBE]', '{"event":"PASSWORD_BLUR","timestamp":"2026-08-17T12:55:16.195Z","show_login":true,"focus_field":"PASSWORD","email_length":17,"password_length":12}'
08-17 21:55:18.575 I/ReactNativeJS(23913): '[UI_PRESS_PROBE]', '{"event":"LOGIN_SUBMIT_PRESS","timestamp":"2026-08-17T12:55:18.575Z","token_ready":false,"user_ready":false,"show_login":true,"show_voip_tester":false,"selected_call_mode":"pstn_assist","email_filled":true,"password_filled":true}'
08-17 21:55:18.576 I/ReactNativeJS(23913): '[AUTH_FLOW]', '{"event":"LOGIN_API_REQUEST","endpoint":"https://metanova1004.com/api/auth/login","email":"119cash@naver.com"}'
08-17 21:55:18.813 I/ReactNativeJS(23913): '[AUTH_FLOW]', '{"event":"LOGIN_API_FAIL","endpoint":"https://metanova1004.com/api/auth/login","email":"119cash@naver.com","status":409}'
08-17 21:55:18.813 I/ReactNativeJS(23913): '[UI_PRESS_PROBE]', '{"event":"LOGIN_SUBMIT_FAIL","timestamp":"2026-08-17T12:55:18.813Z","token_ready":false,"user_ready":false,"show_login":true,"show_voip_tester":false,"selected_call_mode":"pstn_assist","error":"이미 다른 기기 또는 세션에서 로그인 상태가 남아 있습니다. 현재 사용 중인 기기가 없다면 계정 복구(본인확인) 후 세션 해제 뒤 다시 시도해 주세요."}'
08-17 21:56:06.972 W/ReactNativeJS(23913): This method is deprecated (as well as all React Native Firebase namespaced API) and will be removed in the next major release as part of move to match Firebase Web modular SDK API. Please see migration guide for more details: https://rnfirebase.io/migrating-to-v22 Please use `getApp()` instead.
08-17 21:56:09.529 I/ReactNativeJS(23913): '[UI_PRESS_PROBE]', '{"event":"LOGIN_SUBMIT_PRESS","timestamp":"2026-08-17T12:56:09.529Z","token_ready":false,"user_ready":false,"show_login":true,"show_voip_tester":false,"selected_call_mode":"pstn_assist","email_filled":true,"password_filled":true}'
08-17 21:56:09.529 I/ReactNativeJS(23913): '[AUTH_FLOW]', '{"event":"LOGIN_API_REQUEST","endpoint":"https://metanova1004.com/api/auth/login","email":"119cash@naver.com"}'
08-17 21:56:09.728 I/ReactNativeJS(23913): '[AUTH_FLOW]', '{"event":"LOGIN_API_FAIL","endpoint":"https://metanova1004.com/api/auth/login","email":"119cash@naver.com","status":409}'
08-17 21:56:09.729 I/ReactNativeJS(23913): '[UI_PRESS_PROBE]', '{"event":"LOGIN_SUBMIT_FAIL","timestamp":"2026-08-17T12:56:09.728Z","token_ready":false,"user_ready":false,"show_login":true,"show_voip_tester":false,"selected_call_mode":"pstn_assist","error":"이미 다른 기기 또는 세션에서 로그인 상태가 남아 있습니다. 현재 사용 중인 기기가 없다면 계정 복구(본인확인) 후 세션 해제 뒤 다시 시도해 주세요."}'
08-17 21:56:13.264 I/ReactNativeJS(23913): '[AUTH_INPUT_PROBE]', '{"event":"EMAIL_FOCUS","timestamp":"2026-08-17T12:56:13.263Z","show_login":true,"focus_field":"NONE","email_length":17,"password_length":12}'
08-17 21:56:13.962 I/ReactNativeJS(23913): '[AUTH_INPUT_PROBE]', '{"event":"EMAIL_CHANGE","timestamp":"2026-08-17T12:56:13.961Z","show_login":true,"focus_field":"EMAIL","email_length":17,"password_length":12,"next_length":16}'
08-17 21:56:14.110 I/ReactNativeJS(23913): '[AUTH_INPUT_PROBE]', '{"event":"EMAIL_CHANGE","timestamp":"2026-08-17T12:56:14.110Z","show_login":true,"focus_field":"EMAIL","email_length":16,"password_length":12,"next_length":15}'
08-17 21:56:14.277 I/ReactNativeJS(23913): '[AUTH_INPUT_PROBE]', '{"event":"EMAIL_CHANGE","timestamp":"2026-08-17T12:56:14.277Z","show_login":true,"focus_field":"EMAIL","email_length":15,"password_length":12,"next_length":14}'
08-17 21:56:14.449 I/ReactNativeJS(23913): '[AUTH_INPUT_PROBE]', '{"event":"EMAIL_CHANGE","timestamp":"2026-08-17T12:56:14.449Z","show_login":true,"focus_field":"EMAIL","email_length":14,"password_length":12,"next_length":13}'
08-17 21:56:14.634 I/ReactNativeJS(23913): '[AUTH_INPUT_PROBE]', '{"event":"EMAIL_CHANGE","timestamp":"2026-08-17T12:56:14.634Z","show_login":true,"focus_field":"EMAIL","email_length":13,"password_length":12,"next_length":12}'
08-17 21:56:14.811 I/ReactNativeJS(23913): '[AUTH_INPUT_PROBE]', '{"event":"EMAIL_CHANGE","timestamp":"2026-08-17T12:56:14.810Z","show_login":true,"focus_field":"EMAIL","email_length":12,"password_length":12,"next_length":11}'
08-17 21:56:14.874 I/ReactNativeJS(23913): '[AUTH_INPUT_PROBE]', '{"event":"EMAIL_BLUR","timestamp":"2026-08-17T12:56:14.873Z","show_login":true,"focus_field":"EMAIL","email_length":11,"password_length":12}'
08-17 21:56:26.084 I/ReactNativeJS(23913): '[AUTH_INPUT_PROBE]', '{"event":"EMAIL_FOCUS","timestamp":"2026-08-17T12:56:26.083Z","show_login":true,"focus_field":"NONE","email_length":11,"password_length":12}'
08-17 21:56:28.761 I/ReactNativeJS(23913): '[AUTH_INPUT_PROBE]', '{"event":"EMAIL_CHANGE","timestamp":"2026-08-17T12:56:28.761Z","show_login":true,"focus_field":"EMAIL","email_length":11,"password_length":12,"next_length":12}'
08-17 21:56:29.366 I/ReactNativeJS(23913): '[AUTH_INPUT_PROBE]', '{"event":"EMAIL_CHANGE","timestamp":"2026-08-17T12:56:29.366Z","show_login":true,"focus_field":"EMAIL","email_length":12,"password_length":12,"next_length":11}'
08-17 21:56:29.493 I/ReactNativeJS(23913): '[AUTH_INPUT_PROBE]', '{"event":"EMAIL_CHANGE","timestamp":"2026-08-17T12:56:29.492Z","show_login":true,"focus_field":"EMAIL","email_length":11,"password_length":12,"next_length":10}'
08-17 21:56:29.635 I/ReactNativeJS(23913): '[AUTH_INPUT_PROBE]', '{"event":"EMAIL_CHANGE","timestamp":"2026-08-17T12:56:29.635Z","show_login":true,"focus_field":"EMAIL","email_length":10,"password_length":12,"next_length":9}'
08-17 21:56:29.769 I/ReactNativeJS(23913): '[AUTH_INPUT_PROBE]', '{"event":"EMAIL_CHANGE","timestamp":"2026-08-17T12:56:29.769Z","show_login":true,"focus_field":"EMAIL","email_length":9,"password_length":12,"next_length":8}'
08-17 21:56:29.909 I/ReactNativeJS(23913): '[AUTH_INPUT_PROBE]', '{"event":"EMAIL_CHANGE","timestamp":"2026-08-17T12:56:29.909Z","show_login":true,"focus_field":"EMAIL","email_length":8,"password_length":12,"next_length":7}'
08-17 21:56:30.044 I/ReactNativeJS(23913): '[AUTH_INPUT_PROBE]', '{"event":"EMAIL_CHANGE","timestamp":"2026-08-17T12:56:30.044Z","show_login":true,"focus_field":"EMAIL","email_length":7,"password_length":12,"next_length":6}'
08-17 21:56:30.182 I/ReactNativeJS(23913): '[AUTH_INPUT_PROBE]', '{"event":"EMAIL_CHANGE","timestamp":"2026-08-17T12:56:30.181Z","show_login":true,"focus_field":"EMAIL","email_length":6,"password_length":12,"next_length":5}'
08-17 21:56:30.320 I/ReactNativeJS(23913): '[AUTH_INPUT_PROBE]', '{"event":"EMAIL_CHANGE","timestamp":"2026-08-17T12:56:30.320Z","show_login":true,"focus_field":"EMAIL","email_length":5,"password_length":12,"next_length":4}'
08-17 21:56:30.458 I/ReactNativeJS(23913): '[AUTH_INPUT_PROBE]', '{"event":"EMAIL_CHANGE","timestamp":"2026-08-17T12:56:30.458Z","show_login":true,"focus_field":"EMAIL","email_length":4,"password_length":12,"next_length":3}'
08-17 21:56:30.595 I/ReactNativeJS(23913): '[AUTH_INPUT_PROBE]', '{"event":"EMAIL_CHANGE","timestamp":"2026-08-17T12:56:30.595Z","show_login":true,"focus_field":"EMAIL","email_length":3,"password_length":12,"next_length":2}'
08-17 21:56:30.741 I/ReactNativeJS(23913): '[AUTH_INPUT_PROBE]', '{"event":"EMAIL_CHANGE","timestamp":"2026-08-17T12:56:30.741Z","show_login":true,"focus_field":"EMAIL","email_length":2,"password_length":12,"next_length":1}'
08-17 21:56:30.884 I/ReactNativeJS(23913): '[AUTH_INPUT_PROBE]', '{"event":"EMAIL_CHANGE","timestamp":"2026-08-17T12:56:30.884Z","show_login":true,"focus_field":"EMAIL","email_length":1,"password_length":12,"next_length":0}'
08-17 21:56:33.161 I/ReactNativeJS(23913): '[AUTH_INPUT_PROBE]', '{"event":"EMAIL_BLUR","timestamp":"2026-08-17T12:56:33.160Z","show_login":true,"focus_field":"EMAIL","email_length":0,"password_length":12}'
08-17 21:56:33.161 I/ReactNativeJS(23913): '[AUTH_INPUT_PROBE]', '{"event":"PASSWORD_FOCUS","timestamp":"2026-08-17T12:56:33.161Z","show_login":true,"focus_field":"EMAIL","email_length":0,"password_length":12}'
08-17 21:56:33.212 I/ReactNativeJS(23913): '[AUTH_INPUT_PROBE]', '{"event":"PASSWORD_CHANGE","timestamp":"2026-08-17T12:56:33.212Z","show_login":true,"focus_field":"PASSWORD","email_length":0,"password_length":12,"next_length":11}'
08-17 21:56:34.004 I/ReactNativeJS(23913): '[AUTH_INPUT_PROBE]', '{"event":"PASSWORD_CHANGE","timestamp":"2026-08-17T12:56:34.004Z","show_login":true,"focus_field":"PASSWORD","email_length":0,"password_length":11,"next_length":10}'
08-17 21:56:34.172 I/ReactNativeJS(23913): '[AUTH_INPUT_PROBE]', '{"event":"PASSWORD_CHANGE","timestamp":"2026-08-17T12:56:34.172Z","show_login":true,"focus_field":"PASSWORD","email_length":0,"password_length":10,"next_length":9}'
08-17 21:56:34.318 I/ReactNativeJS(23913): '[AUTH_INPUT_PROBE]', '{"event":"PASSWORD_CHANGE","timestamp":"2026-08-17T12:56:34.318Z","show_login":true,"focus_field":"PASSWORD","email_length":0,"password_length":9,"next_length":8}'
08-17 21:56:34.476 I/ReactNativeJS(23913): '[AUTH_INPUT_PROBE]', '{"event":"PASSWORD_CHANGE","timestamp":"2026-08-17T12:56:34.476Z","show_login":true,"focus_field":"PASSWORD","email_length":0,"password_length":8,"next_length":7}'
08-17 21:56:34.620 I/ReactNativeJS(23913): '[AUTH_INPUT_PROBE]', '{"event":"PASSWORD_CHANGE","timestamp":"2026-08-17T12:56:34.620Z","show_login":true,"focus_field":"PASSWORD","email_length":0,"password_length":7,"next_length":6}'
08-17 21:56:34.776 I/ReactNativeJS(23913): '[AUTH_INPUT_PROBE]', '{"event":"PASSWORD_CHANGE","timestamp":"2026-08-17T12:56:34.776Z","show_login":true,"focus_field":"PASSWORD","email_length":0,"password_length":6,"next_length":5}'
08-17 21:56:34.941 I/ReactNativeJS(23913): '[AUTH_INPUT_PROBE]', '{"event":"PASSWORD_CHANGE","timestamp":"2026-08-17T12:56:34.941Z","show_login":true,"focus_field":"PASSWORD","email_length":0,"password_length":5,"next_length":4}'
08-17 21:56:35.122 I/ReactNativeJS(23913): '[AUTH_INPUT_PROBE]', '{"event":"PASSWORD_CHANGE","timestamp":"2026-08-17T12:56:35.122Z","show_login":true,"focus_field":"PASSWORD","email_length":0,"password_length":4,"next_length":3}'
08-17 21:56:35.184 I/ReactNativeJS(23913): '[AUTH_INPUT_PROBE]', '{"event":"PASSWORD_CHANGE","timestamp":"2026-08-17T12:56:35.184Z","show_login":true,"focus_field":"PASSWORD","email_length":0,"password_length":3,"next_length":2}'
08-17 21:56:35.299 I/ReactNativeJS(23913): '[AUTH_INPUT_PROBE]', '{"event":"PASSWORD_CHANGE","timestamp":"2026-08-17T12:56:35.299Z","show_login":true,"focus_field":"PASSWORD","email_length":0,"password_length":2,"next_length":1}'
08-17 21:56:35.469 I/ReactNativeJS(23913): '[AUTH_INPUT_PROBE]', '{"event":"PASSWORD_CHANGE","timestamp":"2026-08-17T12:56:35.468Z","show_login":true,"focus_field":"PASSWORD","email_length":0,"password_length":1,"next_length":0}'
08-17 21:56:38.365 I/ReactNativeJS(23913): '[AUTH_INPUT_PROBE]', '{"event":"PASSWORD_BLUR","timestamp":"2026-08-17T12:56:38.365Z","show_login":true,"focus_field":"PASSWORD","email_length":0,"password_length":0}'
08-17 21:56:38.366 I/ReactNativeJS(23913): '[AUTH_INPUT_PROBE]', '{"event":"EMAIL_FOCUS","timestamp":"2026-08-17T12:56:38.366Z","show_login":true,"focus_field":"PASSWORD","email_length":0,"password_length":0}'
08-17 21:56:40.328 I/ReactNativeJS(23913): '[AUTH_INPUT_PROBE]', '{"event":"EMAIL_CHANGE","timestamp":"2026-08-17T12:56:40.328Z","show_login":true,"focus_field":"EMAIL","email_length":0,"password_length":0,"next_length":1}'
08-17 21:56:40.384 I/ReactNativeJS(23913): '[AUTH_INPUT_PROBE]', '{"event":"EMAIL_CHANGE","timestamp":"2026-08-17T12:56:40.383Z","show_login":true,"focus_field":"EMAIL","email_length":1,"password_length":0,"next_length":2}'
08-17 21:56:40.442 I/ReactNativeJS(23913): '[AUTH_INPUT_PROBE]', '{"event":"EMAIL_CHANGE","timestamp":"2026-08-17T12:56:40.442Z","show_login":true,"focus_field":"EMAIL","email_length":2,"password_length":0,"next_length":3}'
08-17 21:56:40.485 I/ReactNativeJS(23913): '[AUTH_INPUT_PROBE]', '{"event":"EMAIL_CHANGE","timestamp":"2026-08-17T12:56:40.485Z","show_login":true,"focus_field":"EMAIL","email_length":3,"password_length":0,"next_length":4}'
08-17 21:56:40.519 I/ReactNativeJS(23913): '[AUTH_INPUT_PROBE]', '{"event":"EMAIL_CHANGE","timestamp":"2026-08-17T12:56:40.519Z","show_login":true,"focus_field":"EMAIL","email_length":4,"password_length":0,"next_length":5}'
08-17 21:56:40.551 I/ReactNativeJS(23913): '[AUTH_INPUT_PROBE]', '{"event":"EMAIL_CHANGE","timestamp":"2026-08-17T12:56:40.551Z","show_login":true,"focus_field":"EMAIL","email_length":5,"password_length":0,"next_length":6}'
08-17 21:56:40.552 I/ReactNativeJS(23913): '[AUTH_INPUT_PROBE]', '{"event":"EMAIL_CHANGE","timestamp":"2026-08-17T12:56:40.552Z","show_login":true,"focus_field":"EMAIL","email_length":5,"password_length":0,"next_length":7}'
08-17 21:56:40.587 I/ReactNativeJS(23913): '[AUTH_INPUT_PROBE]', '{"event":"EMAIL_CHANGE","timestamp":"2026-08-17T12:56:40.587Z","show_login":true,"focus_field":"EMAIL","email_length":7,"password_length":0,"next_length":8}'
08-17 21:56:40.624 I/ReactNativeJS(23913): '[AUTH_INPUT_PROBE]', '{"event":"EMAIL_CHANGE","timestamp":"2026-08-17T12:56:40.624Z","show_login":true,"focus_field":"EMAIL","email_length":8,"password_length":0,"next_length":9}'
08-17 21:56:40.672 I/ReactNativeJS(23913): '[AUTH_INPUT_PROBE]', '{"event":"EMAIL_CHANGE","timestamp":"2026-08-17T12:56:40.671Z","show_login":true,"focus_field":"EMAIL","email_length":9,"password_length":0,"next_length":10}'
08-17 21:56:40.707 I/ReactNativeJS(23913): '[AUTH_INPUT_PROBE]', '{"event":"EMAIL_CHANGE","timestamp":"2026-08-17T12:56:40.707Z","show_login":true,"focus_field":"EMAIL","email_length":10,"password_length":0,"next_length":11}'
08-17 21:56:40.744 I/ReactNativeJS(23913): '[AUTH_INPUT_PROBE]', '{"event":"EMAIL_CHANGE","timestamp":"2026-08-17T12:56:40.743Z","show_login":true,"focus_field":"EMAIL","email_length":11,"password_length":0,"next_length":12}'
08-17 21:56:40.783 I/ReactNativeJS(23913): '[AUTH_INPUT_PROBE]', '{"event":"EMAIL_CHANGE","timestamp":"2026-08-17T12:56:40.782Z","show_login":true,"focus_field":"EMAIL","email_length":12,"password_length":0,"next_length":13}'
08-17 21:56:40.784 I/ReactNativeJS(23913): '[AUTH_INPUT_PROBE]', '{"event":"EMAIL_CHANGE","timestamp":"2026-08-17T12:56:40.783Z","show_login":true,"focus_field":"EMAIL","email_length":12,"password_length":0,"next_length":14}'
08-17 21:56:40.819 I/ReactNativeJS(23913): '[AUTH_INPUT_PROBE]', '{"event":"EMAIL_CHANGE","timestamp":"2026-08-17T12:56:40.819Z","show_login":true,"focus_field":"EMAIL","email_length":14,"password_length":0,"next_length":15}'
08-17 21:56:40.855 I/ReactNativeJS(23913): '[AUTH_INPUT_PROBE]', '{"event":"EMAIL_CHANGE","timestamp":"2026-08-17T12:56:40.855Z","show_login":true,"focus_field":"EMAIL","email_length":15,"password_length":0,"next_length":16}'
08-17 21:56:40.856 I/ReactNativeJS(23913): '[AUTH_INPUT_PROBE]', '{"event":"EMAIL_CHANGE","timestamp":"2026-08-17T12:56:40.856Z","show_login":true,"focus_field":"EMAIL","email_length":15,"password_length":0,"next_length":17}'
08-17 21:56:40.886 I/ReactNativeJS(23913): '[AUTH_INPUT_PROBE]', '{"event":"EMAIL_CHANGE","timestamp":"2026-08-17T12:56:40.886Z","show_login":true,"focus_field":"EMAIL","email_length":17,"password_length":0,"next_length":18}'
08-17 21:56:40.919 I/ReactNativeJS(23913): '[AUTH_INPUT_PROBE]', '{"event":"EMAIL_CHANGE","timestamp":"2026-08-17T12:56:40.918Z","show_login":true,"focus_field":"EMAIL","email_length":18,"password_length":0,"next_length":19}'
08-17 21:56:40.953 I/ReactNativeJS(23913): '[AUTH_INPUT_PROBE]', '{"event":"EMAIL_CHANGE","timestamp":"2026-08-17T12:56:40.953Z","show_login":true,"focus_field":"EMAIL","email_length":19,"password_length":0,"next_length":20}'
08-17 21:56:40.986 I/ReactNativeJS(23913): '[AUTH_INPUT_PROBE]', '{"event":"EMAIL_CHANGE","timestamp":"2026-08-17T12:56:40.986Z","show_login":true,"focus_field":"EMAIL","email_length":20,"password_length":0,"next_length":21}'
08-17 21:56:40.986 I/ReactNativeJS(23913): '[AUTH_INPUT_PROBE]', '{"event":"EMAIL_CHANGE","timestamp":"2026-08-17T12:56:40.986Z","show_login":true,"focus_field":"EMAIL","email_length":20,"password_length":0,"next_length":22}'
08-17 21:56:41.027 I/ReactNativeJS(23913): '[AUTH_INPUT_PROBE]', '{"event":"EMAIL_CHANGE","timestamp":"2026-08-17T12:56:41.027Z","show_login":true,"focus_field":"EMAIL","email_length":22,"password_length":0,"next_length":23}'
08-17 21:56:41.059 I/ReactNativeJS(23913): '[AUTH_INPUT_PROBE]', '{"event":"EMAIL_CHANGE","timestamp":"2026-08-17T12:56:41.059Z","show_login":true,"focus_field":"EMAIL","email_length":23,"password_length":0,"next_length":24}'
08-17 21:56:41.060 I/ReactNativeJS(23913): '[AUTH_INPUT_PROBE]', '{"event":"EMAIL_CHANGE","timestamp":"2026-08-17T12:56:41.060Z","show_login":true,"focus_field":"EMAIL","email_length":23,"password_length":0,"next_length":25}'
08-17 21:56:41.090 I/ReactNativeJS(23913): '[AUTH_INPUT_PROBE]', '{"event":"EMAIL_CHANGE","timestamp":"2026-08-17T12:56:41.090Z","show_login":true,"focus_field":"EMAIL","email_length":25,"password_length":0,"next_length":26}'
08-17 21:56:42.744 I/ReactNativeJS(23913): '[WORLDLINGCO_TUNING]', '{"event":"remote_loaded","updated_at":"2026-08-14T06:06:31Z","version":6}'
08-17 21:56:43.801 I/ReactNativeJS(23913): '[WORLDLINGCO_TUNING]', '{"event":"remote_loaded","updated_at":"2026-08-14T06:06:31Z","version":6}'
08-17 21:56:44.870 I/ReactNativeJS(23913): '[WORLDLINGCO_TUNING]', '{"event":"remote_loaded","updated_at":"2026-08-14T06:06:31Z","version":6}'
08-17 21:56:59.449 I/ReactNativeJS(23913): '[WORLDLINGCO_TUNING]', '{"event":"remote_loaded","updated_at":"2026-08-14T06:06:31Z","version":6}'
08-17 21:57:00.342 I/ReactNativeJS(23913): '[WORLDLINGCO_TUNING]', '{"event":"remote_loaded","updated_at":"2026-08-14T06:06:31Z","version":6}'
08-17 21:57:01.216 I/ReactNativeJS(23913): '[WORLDLINGCO_TUNING]', '{"event":"remote_loaded","updated_at":"2026-08-14T06:06:31Z","version":6}'
08-17 21:57:07.429 I/ReactNativeJS(23913): '[UI_PRESS_PROBE]', '{"event":"LOGIN_SUBMIT_PRESS","timestamp":"2026-08-17T12:57:07.429Z","token_ready":false,"user_ready":false,"show_login":true,"show_voip_tester":false,"selected_call_mode":"pstn_assist","email_filled":true,"password_filled":false}'
08-17 21:57:12.526 I/ReactNativeJS(23913): '[WORLDLINGCO_TUNING]', '{"event":"remote_loaded","updated_at":"2026-08-14T06:06:31Z","version":6}'
08-17 21:57:13.594 I/ReactNativeJS(23913): '[WORLDLINGCO_TUNING]', '{"event":"remote_loaded","updated_at":"2026-08-14T06:06:31Z","version":6}'
08-17 21:57:14.670 I/ReactNativeJS(23913): '[WORLDLINGCO_TUNING]', '{"event":"remote_loaded","updated_at":"2026-08-14T06:06:31Z","version":6}'
08-17 21:57:21.128 I/ReactNativeJS(23913): '[UI_PRESS_PROBE]', '{"event":"LOGIN_SUBMIT_PRESS","timestamp":"2026-08-17T12:57:21.127Z","token_ready":false,"user_ready":false,"show_login":true,"show_voip_tester":false,"selected_call_mode":"pstn_assist","email_filled":true,"password_filled":false}'
08-17 21:57:26.233 I/ReactNativeJS(23913): '[WORLDLINGCO_TUNING]', '{"event":"remote_loaded","updated_at":"2026-08-14T06:06:31Z","version":6}'
08-17 21:57:27.357 I/ReactNativeJS(23913): '[WORLDLINGCO_TUNING]', '{"event":"remote_loaded","updated_at":"2026-08-14T06:06:31Z","version":6}'
08-17 21:57:28.428 I/ReactNativeJS(23913): '[WORLDLINGCO_TUNING]', '{"event":"remote_loaded","updated_at":"2026-08-14T06:06:31Z","version":6}'
08-17 21:57:34.925 I/ReactNativeJS(23913): '[UI_PRESS_PROBE]', '{"event":"LOGIN_SUBMIT_PRESS","timestamp":"2026-08-17T12:57:34.924Z","token_ready":false,"user_ready":false,"show_login":true,"show_voip_tester":false,"selected_call_mode":"pstn_assist","email_filled":true,"password_filled":false}'
08-17 21:57:40.004 I/ReactNativeJS(23913): '[WORLDLINGCO_TUNING]', '{"event":"remote_loaded","updated_at":"2026-08-14T06:06:31Z","version":6}'
08-17 21:57:41.068 I/ReactNativeJS(23913): '[WORLDLINGCO_TUNING]', '{"event":"remote_loaded","updated_at":"2026-08-14T06:06:31Z","version":6}'
08-17 21:57:42.180 I/ReactNativeJS(23913): '[WORLDLINGCO_TUNING]', '{"event":"remote_loaded","updated_at":"2026-08-14T06:06:31Z","version":6}'
08-17 21:57:48.565 I/ReactNativeJS(23913): '[UI_PRESS_PROBE]', '{"event":"LOGIN_SUBMIT_PRESS","timestamp":"2026-08-17T12:57:48.564Z","token_ready":false,"user_ready":false,"show_login":true,"show_voip_tester":false,"selected_call_mode":"pstn_assist","email_filled":true,"password_filled":false}'
08-17 21:57:52.857 I/ReactNativeJS(23913): '[WORLDLINGCO_TUNING]', '{"event":"remote_loaded","updated_at":"2026-08-14T06:06:31Z","version":6}'
08-17 21:57:53.718 I/ReactNativeJS(23913): '[WORLDLINGCO_TUNING]', '{"event":"remote_loaded","updated_at":"2026-08-14T06:06:31Z","version":6}'
08-17 21:57:54.599 I/ReactNativeJS(23913): '[WORLDLINGCO_TUNING]', '{"event":"remote_loaded","updated_at":"2026-08-14T06:06:31Z","version":6}'
08-17 21:57:58.791 I/ReactNativeJS(23913): '[WORLDLINGCO_TUNING]', '{"event":"remote_loaded","updated_at":"2026-08-14T06:06:31Z","version":6}'
08-17 21:57:59.784 I/ReactNativeJS(23913): '[WORLDLINGCO_TUNING]', '{"event":"remote_loaded","updated_at":"2026-08-14T06:06:31Z","version":6}'
08-17 21:58:00.641 I/ReactNativeJS(23913): '[WORLDLINGCO_TUNING]', '{"event":"remote_loaded","updated_at":"2026-08-14T06:06:31Z","version":6}'
08-17 21:58:06.545 I/ReactNativeJS(23913): '[WORLDLINGCO_TUNING]', '{"event":"remote_loaded","updated_at":"2026-08-14T06:06:31Z","version":6}'
08-17 21:58:07.555 I/ReactNativeJS(23913): '[WORLDLINGCO_TUNING]', '{"event":"remote_loaded","updated_at":"2026-08-14T06:06:31Z","version":6}'
08-17 21:58:08.550 I/ReactNativeJS(23913): '[WORLDLINGCO_TUNING]', '{"event":"remote_loaded","updated_at":"2026-08-14T06:06:31Z","version":6}'
08-17 21:58:12.032 I/ReactNativeJS(23913): '[UI_PRESS_PROBE]', '{"event":"LOGIN_SUBMIT_PRESS","timestamp":"2026-08-17T12:58:12.030Z","token_ready":false,"user_ready":false,"show_login":true,"show_voip_tester":false,"selected_call_mode":"pstn_assist","email_filled":true,"password_filled":false}'
08-17 21:58:13.021 I/ReactNativeJS(23913): '[WORLDLINGCO_TUNING]', '{"event":"remote_loaded","updated_at":"2026-08-14T06:06:31Z","version":6}'
08-17 21:58:13.901 I/ReactNativeJS(23913): '[WORLDLINGCO_TUNING]', '{"event":"remote_loaded","updated_at":"2026-08-14T06:06:31Z","version":6}'
08-17 21:58:14.695 I/ReactNativeJS(23913): '[WORLDLINGCO_TUNING]', '{"event":"remote_loaded","updated_at":"2026-08-14T06:06:31Z","version":6}'
08-17 21:58:18.920 I/ReactNativeJS(23913): '[WORLDLINGCO_TUNING]', '{"event":"remote_loaded","updated_at":"2026-08-14T06:06:31Z","version":6}'
08-17 21:58:19.757 I/ReactNativeJS(23913): '[WORLDLINGCO_TUNING]', '{"event":"remote_loaded","updated_at":"2026-08-14T06:06:31Z","version":6}'
08-17 21:58:20.610 I/ReactNativeJS(23913): '[WORLDLINGCO_TUNING]', '{"event":"remote_loaded","updated_at":"2026-08-14T06:06:31Z","version":6}'
